============================================================
  Generated by:           Genus(TM) Synthesis Solution 23.10-p004_1
  Generated on:           Oct 08 2026  10:15:18 pm
  Module:                 fir_serial_parallel
  Operating conditions:   PVT_0P9V_125C 
  Interconnect mode:      global
  Area mode:              physical library
============================================================


Path 1: MET (3 ps) Setup Check with Pin out_sr_reg[2][15]/CK->D
          Group: clock
     Startpoint: (R) cnt_reg[0]/CK
          Clock: (R) clock
       Endpoint: (R) out_sr_reg[2][15]/D
          Clock: (R) clock

                     Capture       Launch     
        Clock Edge:+    1000            0     
       Src Latency:+       0            0     
       Net Latency:+       0 (I)        0 (I) 
           Arrival:=    1000            0     
                                              
             Setup:-     110                  
     Required Time:=     890                  
      Launch Clock:-       0                  
         Data Path:-     887                  
             Slack:=       3                  

#-----------------------------------------------------------------------------------------------
#    Timing Point     Flags   Arc   Edge     Cell      Fanout Load Trans Delay Arrival Instance 
#                                                             (fF)  (ps)  (ps)   (ps)  Location 
#-----------------------------------------------------------------------------------------------
  cnt_reg[0]/CK       -       -     R     (arrival)        55    -     0     0       0    (-,-) 
  cnt_reg[0]/Q        -       CK->Q R     DFFHQX1LVT        5 10.4   154   188     188    (-,-) 
  g1873__4733/Y       -       A->Y  F     NAND2X1LVT        1  4.1   167   167     354    (-,-) 
  g1852/Y             -       A->Y  F     BUFX12LVT        29 58.8   102   152     506    (-,-) 
  g1853/Y             -       A->Y  R     CLKINVX12LVT     21 40.0    72    67     573    (-,-) 
  g1803__2883/Y       -       S0->Y F     MX2X1             1  3.3   101   205     778    (-,-) 
  g1787__6783/Y       -       B->Y  R     NOR2X1LVT         1  3.1   115   109     887    (-,-) 
  out_sr_reg[2][15]/D -       -     R     DFFRX1LVT         1    -     -     0     887    (-,-) 
#-----------------------------------------------------------------------------------------------



Path 2: MET (3 ps) Setup Check with Pin out_sr_reg[2][14]/CK->D
          Group: clock
     Startpoint: (R) cnt_reg[0]/CK
          Clock: (R) clock
       Endpoint: (R) out_sr_reg[2][14]/D
          Clock: (R) clock

                     Capture       Launch     
        Clock Edge:+    1000            0     
       Src Latency:+       0            0     
       Net Latency:+       0 (I)        0 (I) 
           Arrival:=    1000            0     
                                              
             Setup:-     110                  
     Required Time:=     890                  
      Launch Clock:-       0                  
         Data Path:-     887                  
             Slack:=       3                  

#-----------------------------------------------------------------------------------------------
#    Timing Point     Flags   Arc   Edge     Cell      Fanout Load Trans Delay Arrival Instance 
#                                                             (fF)  (ps)  (ps)   (ps)  Location 
#-----------------------------------------------------------------------------------------------
  cnt_reg[0]/CK       -       -     R     (arrival)        55    -     0     0       0    (-,-) 
  cnt_reg[0]/Q        -       CK->Q R     DFFHQX1LVT        5 10.4   154   188     188    (-,-) 
  g1873__4733/Y       -       A->Y  F     NAND2X1LVT        1  4.1   167   167     354    (-,-) 
  g1852/Y             -       A->Y  F     BUFX12LVT        29 58.8   102   152     506    (-,-) 
  g1853/Y             -       A->Y  R     CLKINVX12LVT     21 40.0    72    67     573    (-,-) 
  g1802__9945/Y       -       S0->Y F     MX2X1             1  3.3   101   205     778    (-,-) 
  g1786__5526/Y       -       B->Y  R     NOR2X1LVT         1  3.1   115   109     887    (-,-) 
  out_sr_reg[2][14]/D -       -     R     DFFRX1LVT         1    -     -     0     887    (-,-) 
#-----------------------------------------------------------------------------------------------



Path 3: MET (3 ps) Setup Check with Pin out_sr_reg[2][13]/CK->D
          Group: clock
     Startpoint: (R) cnt_reg[0]/CK
          Clock: (R) clock
       Endpoint: (R) out_sr_reg[2][13]/D
          Clock: (R) clock

                     Capture       Launch     
        Clock Edge:+    1000            0     
       Src Latency:+       0            0     
       Net Latency:+       0 (I)        0 (I) 
           Arrival:=    1000            0     
                                              
             Setup:-     110                  
     Required Time:=     890                  
      Launch Clock:-       0                  
         Data Path:-     887                  
             Slack:=       3                  

#-----------------------------------------------------------------------------------------------
#    Timing Point     Flags   Arc   Edge     Cell      Fanout Load Trans Delay Arrival Instance 
#                                                             (fF)  (ps)  (ps)   (ps)  Location 
#-----------------------------------------------------------------------------------------------
  cnt_reg[0]/CK       -       -     R     (arrival)        55    -     0     0       0    (-,-) 
  cnt_reg[0]/Q        -       CK->Q R     DFFHQX1LVT        5 10.4   154   188     188    (-,-) 
  g1873__4733/Y       -       A->Y  F     NAND2X1LVT        1  4.1   167   167     354    (-,-) 
  g1852/Y             -       A->Y  F     BUFX12LVT        29 58.8   102   152     506    (-,-) 
  g1853/Y             -       A->Y  R     CLKINVX12LVT     21 40.0    72    67     573    (-,-) 
  g1805__1666/Y       -       S0->Y F     MX2X1             1  3.3   101   205     778    (-,-) 
  g1789__1617/Y       -       B->Y  R     NOR2X1LVT         1  3.1   115   109     887    (-,-) 
  out_sr_reg[2][13]/D -       -     R     DFFRX1LVT         1    -     -     0     887    (-,-) 
#-----------------------------------------------------------------------------------------------



Path 4: MET (3 ps) Setup Check with Pin out_sr_reg[2][12]/CK->D
          Group: clock
     Startpoint: (R) cnt_reg[0]/CK
          Clock: (R) clock
       Endpoint: (R) out_sr_reg[2][12]/D
          Clock: (R) clock

                     Capture       Launch     
        Clock Edge:+    1000            0     
       Src Latency:+       0            0     
       Net Latency:+       0 (I)        0 (I) 
           Arrival:=    1000            0     
                                              
             Setup:-     110                  
     Required Time:=     890                  
      Launch Clock:-       0                  
         Data Path:-     887                  
             Slack:=       3                  

#-----------------------------------------------------------------------------------------------
#    Timing Point     Flags   Arc   Edge     Cell      Fanout Load Trans Delay Arrival Instance 
#                                                             (fF)  (ps)  (ps)   (ps)  Location 
#-----------------------------------------------------------------------------------------------
  cnt_reg[0]/CK       -       -     R     (arrival)        55    -     0     0       0    (-,-) 
  cnt_reg[0]/Q        -       CK->Q R     DFFHQX1LVT        5 10.4   154   188     188    (-,-) 
  g1873__4733/Y       -       A->Y  F     NAND2X1LVT        1  4.1   167   167     354    (-,-) 
  g1852/Y             -       A->Y  F     BUFX12LVT        29 58.8   102   152     506    (-,-) 
  g1853/Y             -       A->Y  R     CLKINVX12LVT     21 40.0    72    67     573    (-,-) 
  g1816__3680/Y       -       S0->Y F     MX2X1             1  3.3   101   205     778    (-,-) 
  g1800__6161/Y       -       B->Y  R     NOR2X1LVT         1  3.1   115   109     887    (-,-) 
  out_sr_reg[2][12]/D -       -     R     DFFRX1LVT         1    -     -     0     887    (-,-) 
#-----------------------------------------------------------------------------------------------



Path 5: MET (3 ps) Setup Check with Pin out_sr_reg[2][11]/CK->D
          Group: clock
     Startpoint: (R) cnt_reg[0]/CK
          Clock: (R) clock
       Endpoint: (R) out_sr_reg[2][11]/D
          Clock: (R) clock

                     Capture       Launch     
        Clock Edge:+    1000            0     
       Src Latency:+       0            0     
       Net Latency:+       0 (I)        0 (I) 
           Arrival:=    1000            0     
                                              
             Setup:-     110                  
     Required Time:=     890                  
      Launch Clock:-       0                  
         Data Path:-     887                  
             Slack:=       3                  

#-----------------------------------------------------------------------------------------------
#    Timing Point     Flags   Arc   Edge     Cell      Fanout Load Trans Delay Arrival Instance 
#                                                             (fF)  (ps)  (ps)   (ps)  Location 
#-----------------------------------------------------------------------------------------------
  cnt_reg[0]/CK       -       -     R     (arrival)        55    -     0     0       0    (-,-) 
  cnt_reg[0]/Q        -       CK->Q R     DFFHQX1LVT        5 10.4   154   188     188    (-,-) 
  g1873__4733/Y       -       A->Y  F     NAND2X1LVT        1  4.1   167   167     354    (-,-) 
  g1852/Y             -       A->Y  F     BUFX12LVT        29 58.8   102   152     506    (-,-) 
  g1853/Y             -       A->Y  R     CLKINVX12LVT     21 40.0    72    67     573    (-,-) 
  g1815__6783/Y       -       S0->Y F     MX2X1             1  3.3   101   205     778    (-,-) 
  g1799__4733/Y       -       B->Y  R     NOR2X1LVT         1  3.1   115   109     887    (-,-) 
  out_sr_reg[2][11]/D -       -     R     DFFRX1LVT         1    -     -     0     887    (-,-) 
#-----------------------------------------------------------------------------------------------



Path 6: MET (3 ps) Setup Check with Pin out_sr_reg[2][10]/CK->D
          Group: clock
     Startpoint: (R) cnt_reg[0]/CK
          Clock: (R) clock
       Endpoint: (R) out_sr_reg[2][10]/D
          Clock: (R) clock

                     Capture       Launch     
        Clock Edge:+    1000            0     
       Src Latency:+       0            0     
       Net Latency:+       0 (I)        0 (I) 
           Arrival:=    1000            0     
                                              
             Setup:-     110                  
     Required Time:=     890                  
      Launch Clock:-       0                  
         Data Path:-     887                  
             Slack:=       3                  

#-----------------------------------------------------------------------------------------------
#    Timing Point     Flags   Arc   Edge     Cell      Fanout Load Trans Delay Arrival Instance 
#                                                             (fF)  (ps)  (ps)   (ps)  Location 
#-----------------------------------------------------------------------------------------------
  cnt_reg[0]/CK       -       -     R     (arrival)        55    -     0     0       0    (-,-) 
  cnt_reg[0]/Q        -       CK->Q R     DFFHQX1LVT        5 10.4   154   188     188    (-,-) 
  g1873__4733/Y       -       A->Y  F     NAND2X1LVT        1  4.1   167   167     354    (-,-) 
  g1852/Y             -       A->Y  F     BUFX12LVT        29 58.8   102   152     506    (-,-) 
  g1853/Y             -       A->Y  R     CLKINVX12LVT     21 40.0    72    67     573    (-,-) 
  g1814__5526/Y       -       S0->Y F     MX2X1             1  3.3   101   205     778    (-,-) 
  g1798__7482/Y       -       B->Y  R     NOR2X1LVT         1  3.1   115   109     887    (-,-) 
  out_sr_reg[2][10]/D -       -     R     DFFRX1LVT         1    -     -     0     887    (-,-) 
#-----------------------------------------------------------------------------------------------



Path 7: MET (3 ps) Setup Check with Pin out_sr_reg[2][9]/CK->D
          Group: clock
     Startpoint: (R) cnt_reg[0]/CK
          Clock: (R) clock
       Endpoint: (R) out_sr_reg[2][9]/D
          Clock: (R) clock

                     Capture       Launch     
        Clock Edge:+    1000            0     
       Src Latency:+       0            0     
       Net Latency:+       0 (I)        0 (I) 
           Arrival:=    1000            0     
                                              
             Setup:-     110                  
     Required Time:=     890                  
      Launch Clock:-       0                  
         Data Path:-     887                  
             Slack:=       3                  

#----------------------------------------------------------------------------------------------
#   Timing Point     Flags   Arc   Edge     Cell      Fanout Load Trans Delay Arrival Instance 
#                                                            (fF)  (ps)  (ps)   (ps)  Location 
#----------------------------------------------------------------------------------------------
  cnt_reg[0]/CK      -       -     R     (arrival)        55    -     0     0       0    (-,-) 
  cnt_reg[0]/Q       -       CK->Q R     DFFHQX1LVT        5 10.4   154   188     188    (-,-) 
  g1873__4733/Y      -       A->Y  F     NAND2X1LVT        1  4.1   167   167     354    (-,-) 
  g1852/Y            -       A->Y  F     BUFX12LVT        29 58.8   102   152     506    (-,-) 
  g1853/Y            -       A->Y  R     CLKINVX12LVT     21 40.0    72    67     573    (-,-) 
  g1809__2398/Y      -       S0->Y F     MX2X1             1  3.3   101   205     778    (-,-) 
  g1793__8246/Y      -       B->Y  R     NOR2X1LVT         1  3.1   115   109     887    (-,-) 
  out_sr_reg[2][9]/D -       -     R     DFFRX1LVT         1    -     -     0     887    (-,-) 
#----------------------------------------------------------------------------------------------



Path 8: MET (3 ps) Setup Check with Pin out_sr_reg[2][8]/CK->D
          Group: clock
     Startpoint: (R) cnt_reg[0]/CK
          Clock: (R) clock
       Endpoint: (R) out_sr_reg[2][8]/D
          Clock: (R) clock

                     Capture       Launch     
        Clock Edge:+    1000            0     
       Src Latency:+       0            0     
       Net Latency:+       0 (I)        0 (I) 
           Arrival:=    1000            0     
                                              
             Setup:-     110                  
     Required Time:=     890                  
      Launch Clock:-       0                  
         Data Path:-     887                  
             Slack:=       3                  

#----------------------------------------------------------------------------------------------
#   Timing Point     Flags   Arc   Edge     Cell      Fanout Load Trans Delay Arrival Instance 
#                                                            (fF)  (ps)  (ps)   (ps)  Location 
#----------------------------------------------------------------------------------------------
  cnt_reg[0]/CK      -       -     R     (arrival)        55    -     0     0       0    (-,-) 
  cnt_reg[0]/Q       -       CK->Q R     DFFHQX1LVT        5 10.4   154   188     188    (-,-) 
  g1873__4733/Y      -       A->Y  F     NAND2X1LVT        1  4.1   167   167     354    (-,-) 
  g1852/Y            -       A->Y  F     BUFX12LVT        29 58.8   102   152     506    (-,-) 
  g1853/Y            -       A->Y  R     CLKINVX12LVT     21 40.0    72    67     573    (-,-) 
  g1812__4319/Y      -       S0->Y F     MX2X1             1  3.3   101   205     778    (-,-) 
  g1796__1881/Y      -       B->Y  R     NOR2X1LVT         1  3.1   115   109     887    (-,-) 
  out_sr_reg[2][8]/D -       -     R     DFFRX1LVT         1    -     -     0     887    (-,-) 
#----------------------------------------------------------------------------------------------



Path 9: MET (6 ps) Setup Check with Pin out_sr_reg[1][15]/CK->D
          Group: clock
     Startpoint: (R) cnt_reg[0]/CK
          Clock: (R) clock
       Endpoint: (R) out_sr_reg[1][15]/D
          Clock: (R) clock

                     Capture       Launch     
        Clock Edge:+    1000            0     
       Src Latency:+       0            0     
       Net Latency:+       0 (I)        0 (I) 
           Arrival:=    1000            0     
                                              
             Setup:-     106                  
     Required Time:=     894                  
      Launch Clock:-       0                  
         Data Path:-     888                  
             Slack:=       6                  

#-----------------------------------------------------------------------------------------------
#    Timing Point     Flags   Arc   Edge     Cell      Fanout Load Trans Delay Arrival Instance 
#                                                             (fF)  (ps)  (ps)   (ps)  Location 
#-----------------------------------------------------------------------------------------------
  cnt_reg[0]/CK       -       -     R     (arrival)        55    -     0     0       0    (-,-) 
  cnt_reg[0]/Q        -       CK->Q R     DFFHQX1LVT        5 10.4   154   188     188    (-,-) 
  g1873__4733/Y       -       A->Y  F     NAND2X1LVT        1  4.1   167   167     354    (-,-) 
  g1852/Y             -       A->Y  F     BUFX12LVT        29 58.8   102   152     506    (-,-) 
  g1853/Y             -       A->Y  R     CLKINVX12LVT     21 40.0    72    67     573    (-,-) 
  g1761__1666/Y       -       S0->Y F     MX2X1             1  3.3   100   205     778    (-,-) 
  g1745__1617/Y       -       B->Y  R     NOR2X1LVT         1  3.2   118   110     888    (-,-) 
  out_sr_reg[1][15]/D -       -     R     DFFHQX1LVT        1    -     -     0     888    (-,-) 
#-----------------------------------------------------------------------------------------------



Path 10: MET (6 ps) Setup Check with Pin out_sr_reg[1][14]/CK->D
          Group: clock
     Startpoint: (R) cnt_reg[0]/CK
          Clock: (R) clock
       Endpoint: (R) out_sr_reg[1][14]/D
          Clock: (R) clock

                     Capture       Launch     
        Clock Edge:+    1000            0     
       Src Latency:+       0            0     
       Net Latency:+       0 (I)        0 (I) 
           Arrival:=    1000            0     
                                              
             Setup:-     106                  
     Required Time:=     894                  
      Launch Clock:-       0                  
         Data Path:-     888                  
             Slack:=       6                  

#-----------------------------------------------------------------------------------------------
#    Timing Point     Flags   Arc   Edge     Cell      Fanout Load Trans Delay Arrival Instance 
#                                                             (fF)  (ps)  (ps)   (ps)  Location 
#-----------------------------------------------------------------------------------------------
  cnt_reg[0]/CK       -       -     R     (arrival)        55    -     0     0       0    (-,-) 
  cnt_reg[0]/Q        -       CK->Q R     DFFHQX1LVT        5 10.4   154   188     188    (-,-) 
  g1873__4733/Y       -       A->Y  F     NAND2X1LVT        1  4.1   167   167     354    (-,-) 
  g1852/Y             -       A->Y  F     BUFX12LVT        29 58.8   102   152     506    (-,-) 
  g1853/Y             -       A->Y  R     CLKINVX12LVT     21 40.0    72    67     573    (-,-) 
  g1764__5477/Y       -       S0->Y F     MX2X1             1  3.3   100   205     778    (-,-) 
  g1748__5122/Y       -       B->Y  R     NOR2X1LVT         1  3.2   118   110     888    (-,-) 
  out_sr_reg[1][14]/D -       -     R     DFFHQX1LVT        1    -     -     0     888    (-,-) 
#-----------------------------------------------------------------------------------------------



Path 11: MET (6 ps) Setup Check with Pin out_sr_reg[1][13]/CK->D
          Group: clock
     Startpoint: (R) cnt_reg[0]/CK
          Clock: (R) clock
       Endpoint: (R) out_sr_reg[1][13]/D
          Clock: (R) clock

                     Capture       Launch     
        Clock Edge:+    1000            0     
       Src Latency:+       0            0     
       Net Latency:+       0 (I)        0 (I) 
           Arrival:=    1000            0     
                                              
             Setup:-     106                  
     Required Time:=     894                  
      Launch Clock:-       0                  
         Data Path:-     888                  
             Slack:=       6                  

#-----------------------------------------------------------------------------------------------
#    Timing Point     Flags   Arc   Edge     Cell      Fanout Load Trans Delay Arrival Instance 
#                                                             (fF)  (ps)  (ps)   (ps)  Location 
#-----------------------------------------------------------------------------------------------
  cnt_reg[0]/CK       -       -     R     (arrival)        55    -     0     0       0    (-,-) 
  cnt_reg[0]/Q        -       CK->Q R     DFFHQX1LVT        5 10.4   154   188     188    (-,-) 
  g1873__4733/Y       -       A->Y  F     NAND2X1LVT        1  4.1   167   167     354    (-,-) 
  g1852/Y             -       A->Y  F     BUFX12LVT        29 58.8   102   152     506    (-,-) 
  g1853/Y             -       A->Y  R     CLKINVX12LVT     21 40.0    72    67     573    (-,-) 
  g1763__6417/Y       -       S0->Y F     MX2X1             1  3.3   100   205     778    (-,-) 
  g1747__1705/Y       -       B->Y  R     NOR2X1LVT         1  3.2   118   110     888    (-,-) 
  out_sr_reg[1][13]/D -       -     R     DFFHQX1LVT        1    -     -     0     888    (-,-) 
#-----------------------------------------------------------------------------------------------



Path 12: MET (6 ps) Setup Check with Pin out_sr_reg[1][12]/CK->D
          Group: clock
     Startpoint: (R) cnt_reg[0]/CK
          Clock: (R) clock
       Endpoint: (R) out_sr_reg[1][12]/D
          Clock: (R) clock

                     Capture       Launch     
        Clock Edge:+    1000            0     
       Src Latency:+       0            0     
       Net Latency:+       0 (I)        0 (I) 
           Arrival:=    1000            0     
                                              
             Setup:-     106                  
     Required Time:=     894                  
      Launch Clock:-       0                  
         Data Path:-     888                  
             Slack:=       6                  

#-----------------------------------------------------------------------------------------------
#    Timing Point     Flags   Arc   Edge     Cell      Fanout Load Trans Delay Arrival Instance 
#                                                             (fF)  (ps)  (ps)   (ps)  Location 
#-----------------------------------------------------------------------------------------------
  cnt_reg[0]/CK       -       -     R     (arrival)        55    -     0     0       0    (-,-) 
  cnt_reg[0]/Q        -       CK->Q R     DFFHQX1LVT        5 10.4   154   188     188    (-,-) 
  g1873__4733/Y       -       A->Y  F     NAND2X1LVT        1  4.1   167   167     354    (-,-) 
  g1852/Y             -       A->Y  F     BUFX12LVT        29 58.8   102   152     506    (-,-) 
  g1853/Y             -       A->Y  R     CLKINVX12LVT     21 40.0    72    67     573    (-,-) 
  g1762__7410/Y       -       S0->Y F     MX2X1             1  3.3   100   205     778    (-,-) 
  g1746__2802/Y       -       B->Y  R     NOR2X1LVT         1  3.2   118   110     888    (-,-) 
  out_sr_reg[1][12]/D -       -     R     DFFHQX1LVT        1    -     -     0     888    (-,-) 
#-----------------------------------------------------------------------------------------------



Path 13: MET (6 ps) Setup Check with Pin out_sr_reg[1][11]/CK->D
          Group: clock
     Startpoint: (R) cnt_reg[0]/CK
          Clock: (R) clock
       Endpoint: (R) out_sr_reg[1][11]/D
          Clock: (R) clock

                     Capture       Launch     
        Clock Edge:+    1000            0     
       Src Latency:+       0            0     
       Net Latency:+       0 (I)        0 (I) 
           Arrival:=    1000            0     
                                              
             Setup:-     106                  
     Required Time:=     894                  
      Launch Clock:-       0                  
         Data Path:-     888                  
             Slack:=       6                  

#-----------------------------------------------------------------------------------------------
#    Timing Point     Flags   Arc   Edge     Cell      Fanout Load Trans Delay Arrival Instance 
#                                                             (fF)  (ps)  (ps)   (ps)  Location 
#-----------------------------------------------------------------------------------------------
  cnt_reg[0]/CK       -       -     R     (arrival)        55    -     0     0       0    (-,-) 
  cnt_reg[0]/Q        -       CK->Q R     DFFHQX1LVT        5 10.4   154   188     188    (-,-) 
  g1873__4733/Y       -       A->Y  F     NAND2X1LVT        1  4.1   167   167     354    (-,-) 
  g1852/Y             -       A->Y  F     BUFX12LVT        29 58.8   102   152     506    (-,-) 
  g1853/Y             -       A->Y  R     CLKINVX12LVT     21 40.0    72    67     573    (-,-) 
  g1765__2398/Y       -       S0->Y F     MX2X1             1  3.3   100   205     778    (-,-) 
  g1749__8246/Y       -       B->Y  R     NOR2X1LVT         1  3.2   118   110     888    (-,-) 
  out_sr_reg[1][11]/D -       -     R     DFFHQX1LVT        1    -     -     0     888    (-,-) 
#-----------------------------------------------------------------------------------------------



Path 14: MET (6 ps) Setup Check with Pin out_sr_reg[1][10]/CK->D
          Group: clock
     Startpoint: (R) cnt_reg[0]/CK
          Clock: (R) clock
       Endpoint: (R) out_sr_reg[1][10]/D
          Clock: (R) clock

                     Capture       Launch     
        Clock Edge:+    1000            0     
       Src Latency:+       0            0     
       Net Latency:+       0 (I)        0 (I) 
           Arrival:=    1000            0     
                                              
             Setup:-     106                  
     Required Time:=     894                  
      Launch Clock:-       0                  
         Data Path:-     888                  
             Slack:=       6                  

#-----------------------------------------------------------------------------------------------
#    Timing Point     Flags   Arc   Edge     Cell      Fanout Load Trans Delay Arrival Instance 
#                                                             (fF)  (ps)  (ps)   (ps)  Location 
#-----------------------------------------------------------------------------------------------
  cnt_reg[0]/CK       -       -     R     (arrival)        55    -     0     0       0    (-,-) 
  cnt_reg[0]/Q        -       CK->Q R     DFFHQX1LVT        5 10.4   154   188     188    (-,-) 
  g1873__4733/Y       -       A->Y  F     NAND2X1LVT        1  4.1   167   167     354    (-,-) 
  g1852/Y             -       A->Y  F     BUFX12LVT        29 58.8   102   152     506    (-,-) 
  g1853/Y             -       A->Y  R     CLKINVX12LVT     21 40.0    72    67     573    (-,-) 
  g1760__2346/Y       -       S0->Y F     MX2X1             1  3.3   100   205     778    (-,-) 
  g1744__3680/Y       -       B->Y  R     NOR2X1LVT         1  3.2   118   110     888    (-,-) 
  out_sr_reg[1][10]/D -       -     R     DFFHQX1LVT        1    -     -     0     888    (-,-) 
#-----------------------------------------------------------------------------------------------



Path 15: MET (6 ps) Setup Check with Pin out_sr_reg[1][9]/CK->D
          Group: clock
     Startpoint: (R) cnt_reg[0]/CK
          Clock: (R) clock
       Endpoint: (R) out_sr_reg[1][9]/D
          Clock: (R) clock

                     Capture       Launch     
        Clock Edge:+    1000            0     
       Src Latency:+       0            0     
       Net Latency:+       0 (I)        0 (I) 
           Arrival:=    1000            0     
                                              
             Setup:-     106                  
     Required Time:=     894                  
      Launch Clock:-       0                  
         Data Path:-     888                  
             Slack:=       6                  

#----------------------------------------------------------------------------------------------
#   Timing Point     Flags   Arc   Edge     Cell      Fanout Load Trans Delay Arrival Instance 
#                                                            (fF)  (ps)  (ps)   (ps)  Location 
#----------------------------------------------------------------------------------------------
  cnt_reg[0]/CK      -       -     R     (arrival)        55    -     0     0       0    (-,-) 
  cnt_reg[0]/Q       -       CK->Q R     DFFHQX1LVT        5 10.4   154   188     188    (-,-) 
  g1873__4733/Y      -       A->Y  F     NAND2X1LVT        1  4.1   167   167     354    (-,-) 
  g1852/Y            -       A->Y  F     BUFX12LVT        29 58.8   102   152     506    (-,-) 
  g1853/Y            -       A->Y  R     CLKINVX12LVT     21 40.0    72    67     573    (-,-) 
  g1759__2883/Y      -       S0->Y F     MX2X1             1  3.3   100   205     778    (-,-) 
  g1743__6783/Y      -       B->Y  R     NOR2X1LVT         1  3.2   118   110     888    (-,-) 
  out_sr_reg[1][9]/D -       -     R     DFFHQX1LVT        1    -     -     0     888    (-,-) 
#----------------------------------------------------------------------------------------------



Path 16: MET (6 ps) Setup Check with Pin out_sr_reg[1][8]/CK->D
          Group: clock
     Startpoint: (R) cnt_reg[0]/CK
          Clock: (R) clock
       Endpoint: (R) out_sr_reg[1][8]/D
          Clock: (R) clock

                     Capture       Launch     
        Clock Edge:+    1000            0     
       Src Latency:+       0            0     
       Net Latency:+       0 (I)        0 (I) 
           Arrival:=    1000            0     
                                              
             Setup:-     106                  
     Required Time:=     894                  
      Launch Clock:-       0                  
         Data Path:-     888                  
             Slack:=       6                  

#----------------------------------------------------------------------------------------------
#   Timing Point     Flags   Arc   Edge     Cell      Fanout Load Trans Delay Arrival Instance 
#                                                            (fF)  (ps)  (ps)   (ps)  Location 
#----------------------------------------------------------------------------------------------
  cnt_reg[0]/CK      -       -     R     (arrival)        55    -     0     0       0    (-,-) 
  cnt_reg[0]/Q       -       CK->Q R     DFFHQX1LVT        5 10.4   154   188     188    (-,-) 
  g1873__4733/Y      -       A->Y  F     NAND2X1LVT        1  4.1   167   167     354    (-,-) 
  g1852/Y            -       A->Y  F     BUFX12LVT        29 58.8   102   152     506    (-,-) 
  g1853/Y            -       A->Y  R     CLKINVX12LVT     21 40.0    72    67     573    (-,-) 
  g1758__9945/Y      -       S0->Y F     MX2X1             1  3.3   100   205     778    (-,-) 
  g1742__5526/Y      -       B->Y  R     NOR2X1LVT         1  3.2   118   110     888    (-,-) 
  out_sr_reg[1][8]/D -       -     R     DFFHQX1LVT        1    -     -     0     888    (-,-) 
#----------------------------------------------------------------------------------------------



Path 17: MET (6 ps) Setup Check with Pin out_sr_reg[1][7]/CK->D
          Group: clock
     Startpoint: (R) cnt_reg[0]/CK
          Clock: (R) clock
       Endpoint: (R) out_sr_reg[1][7]/D
          Clock: (R) clock

                     Capture       Launch     
        Clock Edge:+    1000            0     
       Src Latency:+       0            0     
       Net Latency:+       0 (I)        0 (I) 
           Arrival:=    1000            0     
                                              
             Setup:-     106                  
     Required Time:=     894                  
      Launch Clock:-       0                  
         Data Path:-     888                  
             Slack:=       6                  

#----------------------------------------------------------------------------------------------
#   Timing Point     Flags   Arc   Edge     Cell      Fanout Load Trans Delay Arrival Instance 
#                                                            (fF)  (ps)  (ps)   (ps)  Location 
#----------------------------------------------------------------------------------------------
  cnt_reg[0]/CK      -       -     R     (arrival)        55    -     0     0       0    (-,-) 
  cnt_reg[0]/Q       -       CK->Q R     DFFHQX1LVT        5 10.4   154   188     188    (-,-) 
  g1873__4733/Y      -       A->Y  F     NAND2X1LVT        1  4.1   167   167     354    (-,-) 
  g1852/Y            -       A->Y  F     BUFX12LVT        29 58.8   102   152     506    (-,-) 
  g1853/Y            -       A->Y  R     CLKINVX12LVT     21 40.0    72    67     573    (-,-) 
  g1753__5115/Y      -       S0->Y F     MX2X1             1  3.3   100   205     778    (-,-) 
  g1737__2398/Y      -       B->Y  R     NOR2X1LVT         1  3.2   118   110     888    (-,-) 
  out_sr_reg[1][7]/D -       -     R     DFFHQX1LVT        1    -     -     0     888    (-,-) 
#----------------------------------------------------------------------------------------------



Path 18: MET (23 ps) Setup Check with Pin out_sr_reg[0][4]/CK->D
          Group: clock
     Startpoint: (R) cnt_reg[0]/CK
          Clock: (R) clock
       Endpoint: (R) out_sr_reg[0][4]/D
          Clock: (R) clock

                     Capture       Launch     
        Clock Edge:+    1000            0     
       Src Latency:+       0            0     
       Net Latency:+       0 (I)        0 (I) 
           Arrival:=    1000            0     
                                              
             Setup:-     112                  
     Required Time:=     888                  
      Launch Clock:-       0                  
         Data Path:-     865                  
             Slack:=      23                  

#--------------------------------------------------------------------------------------------
#   Timing Point     Flags   Arc   Edge    Cell     Fanout Load Trans Delay Arrival Instance 
#                                                          (fF)  (ps)  (ps)   (ps)  Location 
#--------------------------------------------------------------------------------------------
  cnt_reg[0]/CK      -       -     R     (arrival)      55    -     0     0       0    (-,-) 
  cnt_reg[0]/Q       -       CK->Q R     DFFHQX1LVT      5 10.4   154   188     188    (-,-) 
  g1873__4733/Y      -       A->Y  F     NAND2X1LVT      1  4.1   167   167     354    (-,-) 
  g1852/Y            -       A->Y  F     BUFX12LVT      29 58.8   102   152     506    (-,-) 
  g1461__7098/Y      -       S0->Y F     MXI2XLLVT       1  3.3   246   184     690    (-,-) 
  g1393__6417/Y      -       B->Y  R     NOR2X1LVT       1  3.2   134   174     865    (-,-) 
  out_sr_reg[0][4]/D -       -     R     DFFHQX1LVT      1    -     -     0     865    (-,-) 
#--------------------------------------------------------------------------------------------



Path 19: MET (23 ps) Setup Check with Pin out_sr_reg[0][3]/CK->D
          Group: clock
     Startpoint: (R) cnt_reg[0]/CK
          Clock: (R) clock
       Endpoint: (R) out_sr_reg[0][3]/D
          Clock: (R) clock

                     Capture       Launch     
        Clock Edge:+    1000            0     
       Src Latency:+       0            0     
       Net Latency:+       0 (I)        0 (I) 
           Arrival:=    1000            0     
                                              
             Setup:-     112                  
     Required Time:=     888                  
      Launch Clock:-       0                  
         Data Path:-     865                  
             Slack:=      23                  

#--------------------------------------------------------------------------------------------
#   Timing Point     Flags   Arc   Edge    Cell     Fanout Load Trans Delay Arrival Instance 
#                                                          (fF)  (ps)  (ps)   (ps)  Location 
#--------------------------------------------------------------------------------------------
  cnt_reg[0]/CK      -       -     R     (arrival)      55    -     0     0       0    (-,-) 
  cnt_reg[0]/Q       -       CK->Q R     DFFHQX1LVT      5 10.4   154   188     188    (-,-) 
  g1873__4733/Y      -       A->Y  F     NAND2X1LVT      1  4.1   167   167     354    (-,-) 
  g1852/Y            -       A->Y  F     BUFX12LVT      29 58.8   102   152     506    (-,-) 
  g1460__8246/Y      -       S0->Y F     MXI2XLLVT       1  3.3   246   184     690    (-,-) 
  g1391__1666/Y      -       B->Y  R     NOR2X1LVT       1  3.2   134   174     865    (-,-) 
  out_sr_reg[0][3]/D -       -     R     DFFHQX1LVT      1    -     -     0     865    (-,-) 
#--------------------------------------------------------------------------------------------



Path 20: MET (23 ps) Setup Check with Pin out_sr_reg[0][2]/CK->D
          Group: clock
     Startpoint: (R) cnt_reg[0]/CK
          Clock: (R) clock
       Endpoint: (R) out_sr_reg[0][2]/D
          Clock: (R) clock

                     Capture       Launch     
        Clock Edge:+    1000            0     
       Src Latency:+       0            0     
       Net Latency:+       0 (I)        0 (I) 
           Arrival:=    1000            0     
                                              
             Setup:-     112                  
     Required Time:=     888                  
      Launch Clock:-       0                  
         Data Path:-     865                  
             Slack:=      23                  

#--------------------------------------------------------------------------------------------
#   Timing Point     Flags   Arc   Edge    Cell     Fanout Load Trans Delay Arrival Instance 
#                                                          (fF)  (ps)  (ps)   (ps)  Location 
#--------------------------------------------------------------------------------------------
  cnt_reg[0]/CK      -       -     R     (arrival)      55    -     0     0       0    (-,-) 
  cnt_reg[0]/Q       -       CK->Q R     DFFHQX1LVT      5 10.4   154   188     188    (-,-) 
  g1873__4733/Y      -       A->Y  F     NAND2X1LVT      1  4.1   167   167     354    (-,-) 
  g1852/Y            -       A->Y  F     BUFX12LVT      29 58.8   102   152     506    (-,-) 
  g1459__5122/Y      -       S0->Y F     MXI2XLLVT       1  3.3   246   184     690    (-,-) 
  g1390__2346/Y      -       B->Y  R     NOR2X1LVT       1  3.2   134   174     865    (-,-) 
  out_sr_reg[0][2]/D -       -     R     DFFHQX1LVT      1    -     -     0     865    (-,-) 
#--------------------------------------------------------------------------------------------



Path 21: MET (23 ps) Setup Check with Pin out_sr_reg[0][1]/CK->D
          Group: clock
     Startpoint: (R) cnt_reg[0]/CK
          Clock: (R) clock
       Endpoint: (R) out_sr_reg[0][1]/D
          Clock: (R) clock

                     Capture       Launch     
        Clock Edge:+    1000            0     
       Src Latency:+       0            0     
       Net Latency:+       0 (I)        0 (I) 
           Arrival:=    1000            0     
                                              
             Setup:-     112                  
     Required Time:=     888                  
      Launch Clock:-       0                  
         Data Path:-     865                  
             Slack:=      23                  

#--------------------------------------------------------------------------------------------
#   Timing Point     Flags   Arc   Edge    Cell     Fanout Load Trans Delay Arrival Instance 
#                                                          (fF)  (ps)  (ps)   (ps)  Location 
#--------------------------------------------------------------------------------------------
  cnt_reg[0]/CK      -       -     R     (arrival)      55    -     0     0       0    (-,-) 
  cnt_reg[0]/Q       -       CK->Q R     DFFHQX1LVT      5 10.4   154   188     188    (-,-) 
  g1873__4733/Y      -       A->Y  F     NAND2X1LVT      1  4.1   167   167     354    (-,-) 
  g1852/Y            -       A->Y  F     BUFX12LVT      29 58.8   102   152     506    (-,-) 
  g1458__1705/Y      -       S0->Y F     MXI2XLLVT       1  3.3   246   184     690    (-,-) 
  g1389__2883/Y      -       B->Y  R     NOR2X1LVT       1  3.2   134   174     865    (-,-) 
  out_sr_reg[0][1]/D -       -     R     DFFHQX1LVT      1    -     -     0     865    (-,-) 
#--------------------------------------------------------------------------------------------



Path 22: MET (23 ps) Setup Check with Pin out_sr_reg[0][0]/CK->D
          Group: clock
     Startpoint: (R) cnt_reg[0]/CK
          Clock: (R) clock
       Endpoint: (R) out_sr_reg[0][0]/D
          Clock: (R) clock

                     Capture       Launch     
        Clock Edge:+    1000            0     
       Src Latency:+       0            0     
       Net Latency:+       0 (I)        0 (I) 
           Arrival:=    1000            0     
                                              
             Setup:-     112                  
     Required Time:=     888                  
      Launch Clock:-       0                  
         Data Path:-     865                  
             Slack:=      23                  

#--------------------------------------------------------------------------------------------
#   Timing Point     Flags   Arc   Edge    Cell     Fanout Load Trans Delay Arrival Instance 
#                                                          (fF)  (ps)  (ps)   (ps)  Location 
#--------------------------------------------------------------------------------------------
  cnt_reg[0]/CK      -       -     R     (arrival)      55    -     0     0       0    (-,-) 
  cnt_reg[0]/Q       -       CK->Q R     DFFHQX1LVT      5 10.4   154   188     188    (-,-) 
  g1873__4733/Y      -       A->Y  F     NAND2X1LVT      1  4.1   167   167     354    (-,-) 
  g1852/Y            -       A->Y  F     BUFX12LVT      29 58.8   102   152     506    (-,-) 
  g1457__2802/Y      -       S0->Y F     MXI2XLLVT       1  3.3   246   184     690    (-,-) 
  g1392__7410/Y      -       B->Y  R     NOR2X1LVT       1  3.2   134   174     865    (-,-) 
  out_sr_reg[0][0]/D -       -     R     DFFHQX1LVT      1    -     -     0     865    (-,-) 
#--------------------------------------------------------------------------------------------



Path 23: MET (23 ps) Setup Check with Pin out_sr_reg[2][5]/CK->D
          Group: clock
     Startpoint: (R) cnt_reg[0]/CK
          Clock: (R) clock
       Endpoint: (R) out_sr_reg[2][5]/D
          Clock: (R) clock

                     Capture       Launch     
        Clock Edge:+    1000            0     
       Src Latency:+       0            0     
       Net Latency:+       0 (I)        0 (I) 
           Arrival:=    1000            0     
                                              
             Setup:-     112                  
     Required Time:=     888                  
      Launch Clock:-       0                  
         Data Path:-     865                  
             Slack:=      23                  

#--------------------------------------------------------------------------------------------
#   Timing Point     Flags   Arc   Edge    Cell     Fanout Load Trans Delay Arrival Instance 
#                                                          (fF)  (ps)  (ps)   (ps)  Location 
#--------------------------------------------------------------------------------------------
  cnt_reg[0]/CK      -       -     R     (arrival)      55    -     0     0       0    (-,-) 
  cnt_reg[0]/Q       -       CK->Q R     DFFHQX1LVT      5 10.4   154   188     188    (-,-) 
  g1873__4733/Y      -       A->Y  F     NAND2X1LVT      1  4.1   167   167     354    (-,-) 
  g1852/Y            -       A->Y  F     BUFX12LVT      29 58.8   102   152     506    (-,-) 
  g1813__8428/Y      -       S0->Y F     MXI2XLLVT       1  3.3   246   184     690    (-,-) 
  g1797__5115/Y      -       B->Y  R     NOR2X1LVT       1  3.2   134   174     865    (-,-) 
  out_sr_reg[2][5]/D -       -     R     DFFHQX1LVT      1    -     -     0     865    (-,-) 
#--------------------------------------------------------------------------------------------



Path 24: MET (23 ps) Setup Check with Pin out_sr_reg[2][4]/CK->D
          Group: clock
     Startpoint: (R) cnt_reg[0]/CK
          Clock: (R) clock
       Endpoint: (R) out_sr_reg[2][4]/D
          Clock: (R) clock

                     Capture       Launch     
        Clock Edge:+    1000            0     
       Src Latency:+       0            0     
       Net Latency:+       0 (I)        0 (I) 
           Arrival:=    1000            0     
                                              
             Setup:-     112                  
     Required Time:=     888                  
      Launch Clock:-       0                  
         Data Path:-     865                  
             Slack:=      23                  

#--------------------------------------------------------------------------------------------
#   Timing Point     Flags   Arc   Edge    Cell     Fanout Load Trans Delay Arrival Instance 
#                                                          (fF)  (ps)  (ps)   (ps)  Location 
#--------------------------------------------------------------------------------------------
  cnt_reg[0]/CK      -       -     R     (arrival)      55    -     0     0       0    (-,-) 
  cnt_reg[0]/Q       -       CK->Q R     DFFHQX1LVT      5 10.4   154   188     188    (-,-) 
  g1873__4733/Y      -       A->Y  F     NAND2X1LVT      1  4.1   167   167     354    (-,-) 
  g1852/Y            -       A->Y  F     BUFX12LVT      29 58.8   102   152     506    (-,-) 
  g1808__5477/Y      -       S0->Y F     MXI2XLLVT       1  3.3   246   184     690    (-,-) 
  g1792__5122/Y      -       B->Y  R     NOR2X1LVT       1  3.2   134   174     865    (-,-) 
  out_sr_reg[2][4]/D -       -     R     DFFHQX1LVT      1    -     -     0     865    (-,-) 
#--------------------------------------------------------------------------------------------



Path 25: MET (23 ps) Setup Check with Pin out_sr_reg[2][3]/CK->D
          Group: clock
     Startpoint: (R) cnt_reg[0]/CK
          Clock: (R) clock
       Endpoint: (R) out_sr_reg[2][3]/D
          Clock: (R) clock

                     Capture       Launch     
        Clock Edge:+    1000            0     
       Src Latency:+       0            0     
       Net Latency:+       0 (I)        0 (I) 
           Arrival:=    1000            0     
                                              
             Setup:-     112                  
     Required Time:=     888                  
      Launch Clock:-       0                  
         Data Path:-     865                  
             Slack:=      23                  

#--------------------------------------------------------------------------------------------
#   Timing Point     Flags   Arc   Edge    Cell     Fanout Load Trans Delay Arrival Instance 
#                                                          (fF)  (ps)  (ps)   (ps)  Location 
#--------------------------------------------------------------------------------------------
  cnt_reg[0]/CK      -       -     R     (arrival)      55    -     0     0       0    (-,-) 
  cnt_reg[0]/Q       -       CK->Q R     DFFHQX1LVT      5 10.4   154   188     188    (-,-) 
  g1873__4733/Y      -       A->Y  F     NAND2X1LVT      1  4.1   167   167     354    (-,-) 
  g1852/Y            -       A->Y  F     BUFX12LVT      29 58.8   102   152     506    (-,-) 
  g1807__6417/Y      -       S0->Y F     MXI2XLLVT       1  3.3   246   184     690    (-,-) 
  g1791__1705/Y      -       B->Y  R     NOR2X1LVT       1  3.2   134   174     865    (-,-) 
  out_sr_reg[2][3]/D -       -     R     DFFHQX1LVT      1    -     -     0     865    (-,-) 
#--------------------------------------------------------------------------------------------



Path 26: MET (23 ps) Setup Check with Pin out_sr_reg[2][2]/CK->D
          Group: clock
     Startpoint: (R) cnt_reg[0]/CK
          Clock: (R) clock
       Endpoint: (R) out_sr_reg[2][2]/D
          Clock: (R) clock

                     Capture       Launch     
        Clock Edge:+    1000            0     
       Src Latency:+       0            0     
       Net Latency:+       0 (I)        0 (I) 
           Arrival:=    1000            0     
                                              
             Setup:-     112                  
     Required Time:=     888                  
      Launch Clock:-       0                  
         Data Path:-     865                  
             Slack:=      23                  

#--------------------------------------------------------------------------------------------
#   Timing Point     Flags   Arc   Edge    Cell     Fanout Load Trans Delay Arrival Instance 
#                                                          (fF)  (ps)  (ps)   (ps)  Location 
#--------------------------------------------------------------------------------------------
  cnt_reg[0]/CK      -       -     R     (arrival)      55    -     0     0       0    (-,-) 
  cnt_reg[0]/Q       -       CK->Q R     DFFHQX1LVT      5 10.4   154   188     188    (-,-) 
  g1873__4733/Y      -       A->Y  F     NAND2X1LVT      1  4.1   167   167     354    (-,-) 
  g1852/Y            -       A->Y  F     BUFX12LVT      29 58.8   102   152     506    (-,-) 
  g1806__7410/Y      -       S0->Y F     MXI2XLLVT       1  3.3   246   184     690    (-,-) 
  g1790__2802/Y      -       B->Y  R     NOR2X1LVT       1  3.2   134   174     865    (-,-) 
  out_sr_reg[2][2]/D -       -     R     DFFHQX1LVT      1    -     -     0     865    (-,-) 
#--------------------------------------------------------------------------------------------



Path 27: MET (23 ps) Setup Check with Pin out_sr_reg[2][1]/CK->D
          Group: clock
     Startpoint: (R) cnt_reg[0]/CK
          Clock: (R) clock
       Endpoint: (R) out_sr_reg[2][1]/D
          Clock: (R) clock

                     Capture       Launch     
        Clock Edge:+    1000            0     
       Src Latency:+       0            0     
       Net Latency:+       0 (I)        0 (I) 
           Arrival:=    1000            0     
                                              
             Setup:-     112                  
     Required Time:=     888                  
      Launch Clock:-       0                  
         Data Path:-     865                  
             Slack:=      23                  

#--------------------------------------------------------------------------------------------
#   Timing Point     Flags   Arc   Edge    Cell     Fanout Load Trans Delay Arrival Instance 
#                                                          (fF)  (ps)  (ps)   (ps)  Location 
#--------------------------------------------------------------------------------------------
  cnt_reg[0]/CK      -       -     R     (arrival)      55    -     0     0       0    (-,-) 
  cnt_reg[0]/Q       -       CK->Q R     DFFHQX1LVT      5 10.4   154   188     188    (-,-) 
  g1873__4733/Y      -       A->Y  F     NAND2X1LVT      1  4.1   167   167     354    (-,-) 
  g1852/Y            -       A->Y  F     BUFX12LVT      29 58.8   102   152     506    (-,-) 
  g1801__9315/Y      -       S0->Y F     MXI2XLLVT       1  3.3   246   184     690    (-,-) 
  g1785__8428/Y      -       B->Y  R     NOR2X1LVT       1  3.2   134   174     865    (-,-) 
  out_sr_reg[2][1]/D -       -     R     DFFHQX1LVT      1    -     -     0     865    (-,-) 
#--------------------------------------------------------------------------------------------



Path 28: MET (23 ps) Setup Check with Pin out_sr_reg[2][0]/CK->D
          Group: clock
     Startpoint: (R) cnt_reg[0]/CK
          Clock: (R) clock
       Endpoint: (R) out_sr_reg[2][0]/D
          Clock: (R) clock

                     Capture       Launch     
        Clock Edge:+    1000            0     
       Src Latency:+       0            0     
       Net Latency:+       0 (I)        0 (I) 
           Arrival:=    1000            0     
                                              
             Setup:-     112                  
     Required Time:=     888                  
      Launch Clock:-       0                  
         Data Path:-     865                  
             Slack:=      23                  

#--------------------------------------------------------------------------------------------
#   Timing Point     Flags   Arc   Edge    Cell     Fanout Load Trans Delay Arrival Instance 
#                                                          (fF)  (ps)  (ps)   (ps)  Location 
#--------------------------------------------------------------------------------------------
  cnt_reg[0]/CK      -       -     R     (arrival)      55    -     0     0       0    (-,-) 
  cnt_reg[0]/Q       -       CK->Q R     DFFHQX1LVT      5 10.4   154   188     188    (-,-) 
  g1873__4733/Y      -       A->Y  F     NAND2X1LVT      1  4.1   167   167     354    (-,-) 
  g1852/Y            -       A->Y  F     BUFX12LVT      29 58.8   102   152     506    (-,-) 
  g1804__2346/Y      -       S0->Y F     MXI2XLLVT       1  3.3   246   184     690    (-,-) 
  g1788__3680/Y      -       B->Y  R     NOR2X1LVT       1  3.2   134   174     865    (-,-) 
  out_sr_reg[2][0]/D -       -     R     DFFHQX1LVT      1    -     -     0     865    (-,-) 
#--------------------------------------------------------------------------------------------



Path 29: MET (23 ps) Setup Check with Pin out_sr_reg[1][5]/CK->D
          Group: clock
     Startpoint: (R) cnt_reg[0]/CK
          Clock: (R) clock
       Endpoint: (R) out_sr_reg[1][5]/D
          Clock: (R) clock

                     Capture       Launch     
        Clock Edge:+    1000            0     
       Src Latency:+       0            0     
       Net Latency:+       0 (I)        0 (I) 
           Arrival:=    1000            0     
                                              
             Setup:-     112                  
     Required Time:=     888                  
      Launch Clock:-       0                  
         Data Path:-     865                  
             Slack:=      23                  

#--------------------------------------------------------------------------------------------
#   Timing Point     Flags   Arc   Edge    Cell     Fanout Load Trans Delay Arrival Instance 
#                                                          (fF)  (ps)  (ps)   (ps)  Location 
#--------------------------------------------------------------------------------------------
  cnt_reg[0]/CK      -       -     R     (arrival)      55    -     0     0       0    (-,-) 
  cnt_reg[0]/Q       -       CK->Q R     DFFHQX1LVT      5 10.4   154   188     188    (-,-) 
  g1873__4733/Y      -       A->Y  F     NAND2X1LVT      1  4.1   167   167     354    (-,-) 
  g1852/Y            -       A->Y  F     BUFX12LVT      29 58.8   102   152     506    (-,-) 
  g1755__4733/Y      -       S0->Y F     MXI2XLLVT       1  3.3   246   184     690    (-,-) 
  g1739__6260/Y      -       B->Y  R     NOR2X1LVT       1  3.2   134   174     865    (-,-) 
  out_sr_reg[1][5]/D -       -     R     DFFHQX1LVT      1    -     -     0     865    (-,-) 
#--------------------------------------------------------------------------------------------



Path 30: MET (23 ps) Setup Check with Pin out_sr_reg[1][4]/CK->D
          Group: clock
     Startpoint: (R) cnt_reg[0]/CK
          Clock: (R) clock
       Endpoint: (R) out_sr_reg[1][4]/D
          Clock: (R) clock

                     Capture       Launch     
        Clock Edge:+    1000            0     
       Src Latency:+       0            0     
       Net Latency:+       0 (I)        0 (I) 
           Arrival:=    1000            0     
                                              
             Setup:-     112                  
     Required Time:=     888                  
      Launch Clock:-       0                  
         Data Path:-     865                  
             Slack:=      23                  

#--------------------------------------------------------------------------------------------
#   Timing Point     Flags   Arc   Edge    Cell     Fanout Load Trans Delay Arrival Instance 
#                                                          (fF)  (ps)  (ps)   (ps)  Location 
#--------------------------------------------------------------------------------------------
  cnt_reg[0]/CK      -       -     R     (arrival)      55    -     0     0       0    (-,-) 
  cnt_reg[0]/Q       -       CK->Q R     DFFHQX1LVT      5 10.4   154   188     188    (-,-) 
  g1873__4733/Y      -       A->Y  F     NAND2X1LVT      1  4.1   167   167     354    (-,-) 
  g1852/Y            -       A->Y  F     BUFX12LVT      29 58.8   102   152     506    (-,-) 
  g1754__7482/Y      -       S0->Y F     MXI2XLLVT       1  3.3   246   184     690    (-,-) 
  g1738__5107/Y      -       B->Y  R     NOR2X1LVT       1  3.2   134   174     865    (-,-) 
  out_sr_reg[1][4]/D -       -     R     DFFHQX1LVT      1    -     -     0     865    (-,-) 
#--------------------------------------------------------------------------------------------



Path 31: MET (23 ps) Setup Check with Pin out_sr_reg[1][3]/CK->D
          Group: clock
     Startpoint: (R) cnt_reg[0]/CK
          Clock: (R) clock
       Endpoint: (R) out_sr_reg[1][3]/D
          Clock: (R) clock

                     Capture       Launch     
        Clock Edge:+    1000            0     
       Src Latency:+       0            0     
       Net Latency:+       0 (I)        0 (I) 
           Arrival:=    1000            0     
                                              
             Setup:-     112                  
     Required Time:=     888                  
      Launch Clock:-       0                  
         Data Path:-     865                  
             Slack:=      23                  

#--------------------------------------------------------------------------------------------
#   Timing Point     Flags   Arc   Edge    Cell     Fanout Load Trans Delay Arrival Instance 
#                                                          (fF)  (ps)  (ps)   (ps)  Location 
#--------------------------------------------------------------------------------------------
  cnt_reg[0]/CK      -       -     R     (arrival)      55    -     0     0       0    (-,-) 
  cnt_reg[0]/Q       -       CK->Q R     DFFHQX1LVT      5 10.4   154   188     188    (-,-) 
  g1873__4733/Y      -       A->Y  F     NAND2X1LVT      1  4.1   167   167     354    (-,-) 
  g1852/Y            -       A->Y  F     BUFX12LVT      29 58.8   102   152     506    (-,-) 
  g1757__9315/Y      -       S0->Y F     MXI2XLLVT       1  3.3   246   184     690    (-,-) 
  g1741__8428/Y      -       B->Y  R     NOR2X1LVT       1  3.2   134   174     865    (-,-) 
  out_sr_reg[1][3]/D -       -     R     DFFHQX1LVT      1    -     -     0     865    (-,-) 
#--------------------------------------------------------------------------------------------



Path 32: MET (23 ps) Setup Check with Pin out_sr_reg[1][2]/CK->D
          Group: clock
     Startpoint: (R) cnt_reg[0]/CK
          Clock: (R) clock
       Endpoint: (R) out_sr_reg[1][2]/D
          Clock: (R) clock

                     Capture       Launch     
        Clock Edge:+    1000            0     
       Src Latency:+       0            0     
       Net Latency:+       0 (I)        0 (I) 
           Arrival:=    1000            0     
                                              
             Setup:-     112                  
     Required Time:=     888                  
      Launch Clock:-       0                  
         Data Path:-     865                  
             Slack:=      23                  

#--------------------------------------------------------------------------------------------
#   Timing Point     Flags   Arc   Edge    Cell     Fanout Load Trans Delay Arrival Instance 
#                                                          (fF)  (ps)  (ps)   (ps)  Location 
#--------------------------------------------------------------------------------------------
  cnt_reg[0]/CK      -       -     R     (arrival)      55    -     0     0       0    (-,-) 
  cnt_reg[0]/Q       -       CK->Q R     DFFHQX1LVT      5 10.4   154   188     188    (-,-) 
  g1873__4733/Y      -       A->Y  F     NAND2X1LVT      1  4.1   167   167     354    (-,-) 
  g1852/Y            -       A->Y  F     BUFX12LVT      29 58.8   102   152     506    (-,-) 
  g1768__4319/Y      -       S0->Y F     MXI2XLLVT       1  3.3   246   184     690    (-,-) 
  g1752__1881/Y      -       B->Y  R     NOR2X1LVT       1  3.2   134   174     865    (-,-) 
  out_sr_reg[1][2]/D -       -     R     DFFHQX1LVT      1    -     -     0     865    (-,-) 
#--------------------------------------------------------------------------------------------



Path 33: MET (23 ps) Setup Check with Pin out_sr_reg[1][1]/CK->D
          Group: clock
     Startpoint: (R) cnt_reg[0]/CK
          Clock: (R) clock
       Endpoint: (R) out_sr_reg[1][1]/D
          Clock: (R) clock

                     Capture       Launch     
        Clock Edge:+    1000            0     
       Src Latency:+       0            0     
       Net Latency:+       0 (I)        0 (I) 
           Arrival:=    1000            0     
                                              
             Setup:-     112                  
     Required Time:=     888                  
      Launch Clock:-       0                  
         Data Path:-     865                  
             Slack:=      23                  

#--------------------------------------------------------------------------------------------
#   Timing Point     Flags   Arc   Edge    Cell     Fanout Load Trans Delay Arrival Instance 
#                                                          (fF)  (ps)  (ps)   (ps)  Location 
#--------------------------------------------------------------------------------------------
  cnt_reg[0]/CK      -       -     R     (arrival)      55    -     0     0       0    (-,-) 
  cnt_reg[0]/Q       -       CK->Q R     DFFHQX1LVT      5 10.4   154   188     188    (-,-) 
  g1873__4733/Y      -       A->Y  F     NAND2X1LVT      1  4.1   167   167     354    (-,-) 
  g1852/Y            -       A->Y  F     BUFX12LVT      29 58.8   102   152     506    (-,-) 
  g1767__6260/Y      -       S0->Y F     MXI2XLLVT       1  3.3   246   184     690    (-,-) 
  g1751__6131/Y      -       B->Y  R     NOR2X1LVT       1  3.2   134   174     865    (-,-) 
  out_sr_reg[1][1]/D -       -     R     DFFHQX1LVT      1    -     -     0     865    (-,-) 
#--------------------------------------------------------------------------------------------



Path 34: MET (23 ps) Setup Check with Pin out_sr_reg[1][0]/CK->D
          Group: clock
     Startpoint: (R) cnt_reg[0]/CK
          Clock: (R) clock
       Endpoint: (R) out_sr_reg[1][0]/D
          Clock: (R) clock

                     Capture       Launch     
        Clock Edge:+    1000            0     
       Src Latency:+       0            0     
       Net Latency:+       0 (I)        0 (I) 
           Arrival:=    1000            0     
                                              
             Setup:-     112                  
     Required Time:=     888                  
      Launch Clock:-       0                  
         Data Path:-     865                  
             Slack:=      23                  

#--------------------------------------------------------------------------------------------
#   Timing Point     Flags   Arc   Edge    Cell     Fanout Load Trans Delay Arrival Instance 
#                                                          (fF)  (ps)  (ps)   (ps)  Location 
#--------------------------------------------------------------------------------------------
  cnt_reg[0]/CK      -       -     R     (arrival)      55    -     0     0       0    (-,-) 
  cnt_reg[0]/Q       -       CK->Q R     DFFHQX1LVT      5 10.4   154   188     188    (-,-) 
  g1873__4733/Y      -       A->Y  F     NAND2X1LVT      1  4.1   167   167     354    (-,-) 
  g1852/Y            -       A->Y  F     BUFX12LVT      29 58.8   102   152     506    (-,-) 
  g1766__5107/Y      -       S0->Y F     MXI2XLLVT       1  3.3   246   184     690    (-,-) 
  g1750__7098/Y      -       B->Y  R     NOR2X1LVT       1  3.2   134   174     865    (-,-) 
  out_sr_reg[1][0]/D -       -     R     DFFHQX1LVT      1    -     -     0     865    (-,-) 
#--------------------------------------------------------------------------------------------



Path 35: MET (29 ps) Setup Check with Pin out_sr_reg[0][15]/CK->D
          Group: clock
     Startpoint: (R) cnt_reg[0]/CK
          Clock: (R) clock
       Endpoint: (R) out_sr_reg[0][15]/D
          Clock: (R) clock

                     Capture       Launch     
        Clock Edge:+    1000            0     
       Src Latency:+       0            0     
       Net Latency:+       0 (I)        0 (I) 
           Arrival:=    1000            0     
                                              
             Setup:-     107                  
     Required Time:=     893                  
      Launch Clock:-       0                  
         Data Path:-     864                  
             Slack:=      29                  

#---------------------------------------------------------------------------------------------
#    Timing Point     Flags   Arc   Edge    Cell     Fanout Load Trans Delay Arrival Instance 
#                                                           (fF)  (ps)  (ps)   (ps)  Location 
#---------------------------------------------------------------------------------------------
  cnt_reg[0]/CK       -       -     R     (arrival)      55    -     0     0       0    (-,-) 
  cnt_reg[0]/Q        -       CK->Q R     DFFHQX1LVT      5 10.4   154   188     188    (-,-) 
  g1873__4733/Y       -       A->Y  F     NAND2X1LVT      1  4.1   167   167     354    (-,-) 
  g1852/Y             -       A->Y  F     BUFX12LVT      29 58.8   102   152     506    (-,-) 
  g6127/Y             -       S0->Y F     MXI2XLLVT       1  3.3   246   184     690    (-,-) 
  g6126/Y             -       A->Y  R     NOR2X1LVT       1  3.2   122   174     864    (-,-) 
  out_sr_reg[0][15]/D -       -     R     DFFHQX1LVT      1    -     -     0     864    (-,-) 
#---------------------------------------------------------------------------------------------



Path 36: MET (29 ps) Setup Check with Pin out_sr_reg[0][14]/CK->D
          Group: clock
     Startpoint: (R) cnt_reg[0]/CK
          Clock: (R) clock
       Endpoint: (R) out_sr_reg[0][14]/D
          Clock: (R) clock

                     Capture       Launch     
        Clock Edge:+    1000            0     
       Src Latency:+       0            0     
       Net Latency:+       0 (I)        0 (I) 
           Arrival:=    1000            0     
                                              
             Setup:-     107                  
     Required Time:=     893                  
      Launch Clock:-       0                  
         Data Path:-     864                  
             Slack:=      29                  

#---------------------------------------------------------------------------------------------
#    Timing Point     Flags   Arc   Edge    Cell     Fanout Load Trans Delay Arrival Instance 
#                                                           (fF)  (ps)  (ps)   (ps)  Location 
#---------------------------------------------------------------------------------------------
  cnt_reg[0]/CK       -       -     R     (arrival)      55    -     0     0       0    (-,-) 
  cnt_reg[0]/Q        -       CK->Q R     DFFHQX1LVT      5 10.4   154   188     188    (-,-) 
  g1873__4733/Y       -       A->Y  F     NAND2X1LVT      1  4.1   167   167     354    (-,-) 
  g1852/Y             -       A->Y  F     BUFX12LVT      29 58.8   102   152     506    (-,-) 
  g6125/Y             -       S0->Y F     MXI2XLLVT       1  3.3   246   184     690    (-,-) 
  g6124/Y             -       A->Y  R     NOR2X1LVT       1  3.2   122   174     864    (-,-) 
  out_sr_reg[0][14]/D -       -     R     DFFHQX1LVT      1    -     -     0     864    (-,-) 
#---------------------------------------------------------------------------------------------



Path 37: MET (29 ps) Setup Check with Pin out_sr_reg[0][13]/CK->D
          Group: clock
     Startpoint: (R) cnt_reg[0]/CK
          Clock: (R) clock
       Endpoint: (R) out_sr_reg[0][13]/D
          Clock: (R) clock

                     Capture       Launch     
        Clock Edge:+    1000            0     
       Src Latency:+       0            0     
       Net Latency:+       0 (I)        0 (I) 
           Arrival:=    1000            0     
                                              
             Setup:-     107                  
     Required Time:=     893                  
      Launch Clock:-       0                  
         Data Path:-     864                  
             Slack:=      29                  

#---------------------------------------------------------------------------------------------
#    Timing Point     Flags   Arc   Edge    Cell     Fanout Load Trans Delay Arrival Instance 
#                                                           (fF)  (ps)  (ps)   (ps)  Location 
#---------------------------------------------------------------------------------------------
  cnt_reg[0]/CK       -       -     R     (arrival)      55    -     0     0       0    (-,-) 
  cnt_reg[0]/Q        -       CK->Q R     DFFHQX1LVT      5 10.4   154   188     188    (-,-) 
  g1873__4733/Y       -       A->Y  F     NAND2X1LVT      1  4.1   167   167     354    (-,-) 
  g1852/Y             -       A->Y  F     BUFX12LVT      29 58.8   102   152     506    (-,-) 
  g6123/Y             -       S0->Y F     MXI2XLLVT       1  3.3   246   184     690    (-,-) 
  g6122/Y             -       A->Y  R     NOR2X1LVT       1  3.2   122   174     864    (-,-) 
  out_sr_reg[0][13]/D -       -     R     DFFHQX1LVT      1    -     -     0     864    (-,-) 
#---------------------------------------------------------------------------------------------



Path 38: MET (29 ps) Setup Check with Pin out_sr_reg[0][12]/CK->D
          Group: clock
     Startpoint: (R) cnt_reg[0]/CK
          Clock: (R) clock
       Endpoint: (R) out_sr_reg[0][12]/D
          Clock: (R) clock

                     Capture       Launch     
        Clock Edge:+    1000            0     
       Src Latency:+       0            0     
       Net Latency:+       0 (I)        0 (I) 
           Arrival:=    1000            0     
                                              
             Setup:-     107                  
     Required Time:=     893                  
      Launch Clock:-       0                  
         Data Path:-     864                  
             Slack:=      29                  

#---------------------------------------------------------------------------------------------
#    Timing Point     Flags   Arc   Edge    Cell     Fanout Load Trans Delay Arrival Instance 
#                                                           (fF)  (ps)  (ps)   (ps)  Location 
#---------------------------------------------------------------------------------------------
  cnt_reg[0]/CK       -       -     R     (arrival)      55    -     0     0       0    (-,-) 
  cnt_reg[0]/Q        -       CK->Q R     DFFHQX1LVT      5 10.4   154   188     188    (-,-) 
  g1873__4733/Y       -       A->Y  F     NAND2X1LVT      1  4.1   167   167     354    (-,-) 
  g1852/Y             -       A->Y  F     BUFX12LVT      29 58.8   102   152     506    (-,-) 
  g6119/Y             -       S0->Y F     MXI2XLLVT       1  3.3   246   184     690    (-,-) 
  g6118/Y             -       A->Y  R     NOR2X1LVT       1  3.2   122   174     864    (-,-) 
  out_sr_reg[0][12]/D -       -     R     DFFHQX1LVT      1    -     -     0     864    (-,-) 
#---------------------------------------------------------------------------------------------



Path 39: MET (29 ps) Setup Check with Pin out_sr_reg[0][11]/CK->D
          Group: clock
     Startpoint: (R) cnt_reg[0]/CK
          Clock: (R) clock
       Endpoint: (R) out_sr_reg[0][11]/D
          Clock: (R) clock

                     Capture       Launch     
        Clock Edge:+    1000            0     
       Src Latency:+       0            0     
       Net Latency:+       0 (I)        0 (I) 
           Arrival:=    1000            0     
                                              
             Setup:-     107                  
     Required Time:=     893                  
      Launch Clock:-       0                  
         Data Path:-     864                  
             Slack:=      29                  

#---------------------------------------------------------------------------------------------
#    Timing Point     Flags   Arc   Edge    Cell     Fanout Load Trans Delay Arrival Instance 
#                                                           (fF)  (ps)  (ps)   (ps)  Location 
#---------------------------------------------------------------------------------------------
  cnt_reg[0]/CK       -       -     R     (arrival)      55    -     0     0       0    (-,-) 
  cnt_reg[0]/Q        -       CK->Q R     DFFHQX1LVT      5 10.4   154   188     188    (-,-) 
  g1873__4733/Y       -       A->Y  F     NAND2X1LVT      1  4.1   167   167     354    (-,-) 
  g1852/Y             -       A->Y  F     BUFX12LVT      29 58.8   102   152     506    (-,-) 
  g6117/Y             -       S0->Y F     MXI2XLLVT       1  3.3   246   184     690    (-,-) 
  g6116/Y             -       A->Y  R     NOR2X1LVT       1  3.2   122   174     864    (-,-) 
  out_sr_reg[0][11]/D -       -     R     DFFHQX1LVT      1    -     -     0     864    (-,-) 
#---------------------------------------------------------------------------------------------



Path 40: MET (29 ps) Setup Check with Pin out_sr_reg[0][10]/CK->D
          Group: clock
     Startpoint: (R) cnt_reg[0]/CK
          Clock: (R) clock
       Endpoint: (R) out_sr_reg[0][10]/D
          Clock: (R) clock

                     Capture       Launch     
        Clock Edge:+    1000            0     
       Src Latency:+       0            0     
       Net Latency:+       0 (I)        0 (I) 
           Arrival:=    1000            0     
                                              
             Setup:-     107                  
     Required Time:=     893                  
      Launch Clock:-       0                  
         Data Path:-     864                  
             Slack:=      29                  

#---------------------------------------------------------------------------------------------
#    Timing Point     Flags   Arc   Edge    Cell     Fanout Load Trans Delay Arrival Instance 
#                                                           (fF)  (ps)  (ps)   (ps)  Location 
#---------------------------------------------------------------------------------------------
  cnt_reg[0]/CK       -       -     R     (arrival)      55    -     0     0       0    (-,-) 
  cnt_reg[0]/Q        -       CK->Q R     DFFHQX1LVT      5 10.4   154   188     188    (-,-) 
  g1873__4733/Y       -       A->Y  F     NAND2X1LVT      1  4.1   167   167     354    (-,-) 
  g1852/Y             -       A->Y  F     BUFX12LVT      29 58.8   102   152     506    (-,-) 
  g6113/Y             -       S0->Y F     MXI2XLLVT       1  3.3   246   184     690    (-,-) 
  g6112/Y             -       A->Y  R     NOR2X1LVT       1  3.2   122   174     864    (-,-) 
  out_sr_reg[0][10]/D -       -     R     DFFHQX1LVT      1    -     -     0     864    (-,-) 
#---------------------------------------------------------------------------------------------



Path 41: MET (29 ps) Setup Check with Pin out_sr_reg[0][9]/CK->D
          Group: clock
     Startpoint: (R) cnt_reg[0]/CK
          Clock: (R) clock
       Endpoint: (R) out_sr_reg[0][9]/D
          Clock: (R) clock

                     Capture       Launch     
        Clock Edge:+    1000            0     
       Src Latency:+       0            0     
       Net Latency:+       0 (I)        0 (I) 
           Arrival:=    1000            0     
                                              
             Setup:-     107                  
     Required Time:=     893                  
      Launch Clock:-       0                  
         Data Path:-     864                  
             Slack:=      29                  

#--------------------------------------------------------------------------------------------
#   Timing Point     Flags   Arc   Edge    Cell     Fanout Load Trans Delay Arrival Instance 
#                                                          (fF)  (ps)  (ps)   (ps)  Location 
#--------------------------------------------------------------------------------------------
  cnt_reg[0]/CK      -       -     R     (arrival)      55    -     0     0       0    (-,-) 
  cnt_reg[0]/Q       -       CK->Q R     DFFHQX1LVT      5 10.4   154   188     188    (-,-) 
  g1873__4733/Y      -       A->Y  F     NAND2X1LVT      1  4.1   167   167     354    (-,-) 
  g1852/Y            -       A->Y  F     BUFX12LVT      29 58.8   102   152     506    (-,-) 
  g6115/Y            -       S0->Y F     MXI2XLLVT       1  3.3   246   184     690    (-,-) 
  g6114/Y            -       A->Y  R     NOR2X1LVT       1  3.2   122   174     864    (-,-) 
  out_sr_reg[0][9]/D -       -     R     DFFHQX1LVT      1    -     -     0     864    (-,-) 
#--------------------------------------------------------------------------------------------



Path 42: MET (29 ps) Setup Check with Pin out_sr_reg[0][8]/CK->D
          Group: clock
     Startpoint: (R) cnt_reg[0]/CK
          Clock: (R) clock
       Endpoint: (R) out_sr_reg[0][8]/D
          Clock: (R) clock

                     Capture       Launch     
        Clock Edge:+    1000            0     
       Src Latency:+       0            0     
       Net Latency:+       0 (I)        0 (I) 
           Arrival:=    1000            0     
                                              
             Setup:-     107                  
     Required Time:=     893                  
      Launch Clock:-       0                  
         Data Path:-     864                  
             Slack:=      29                  

#--------------------------------------------------------------------------------------------
#   Timing Point     Flags   Arc   Edge    Cell     Fanout Load Trans Delay Arrival Instance 
#                                                          (fF)  (ps)  (ps)   (ps)  Location 
#--------------------------------------------------------------------------------------------
  cnt_reg[0]/CK      -       -     R     (arrival)      55    -     0     0       0    (-,-) 
  cnt_reg[0]/Q       -       CK->Q R     DFFHQX1LVT      5 10.4   154   188     188    (-,-) 
  g1873__4733/Y      -       A->Y  F     NAND2X1LVT      1  4.1   167   167     354    (-,-) 
  g1852/Y            -       A->Y  F     BUFX12LVT      29 58.8   102   152     506    (-,-) 
  g6121/Y            -       S0->Y F     MXI2XLLVT       1  3.3   246   184     690    (-,-) 
  g6120/Y            -       A->Y  R     NOR2X1LVT       1  3.2   122   174     864    (-,-) 
  out_sr_reg[0][8]/D -       -     R     DFFHQX1LVT      1    -     -     0     864    (-,-) 
#--------------------------------------------------------------------------------------------



Path 43: MET (29 ps) Setup Check with Pin out_sr_reg[0][7]/CK->D
          Group: clock
     Startpoint: (R) cnt_reg[0]/CK
          Clock: (R) clock
       Endpoint: (R) out_sr_reg[0][7]/D
          Clock: (R) clock

                     Capture       Launch     
        Clock Edge:+    1000            0     
       Src Latency:+       0            0     
       Net Latency:+       0 (I)        0 (I) 
           Arrival:=    1000            0     
                                              
             Setup:-     107                  
     Required Time:=     893                  
      Launch Clock:-       0                  
         Data Path:-     864                  
             Slack:=      29                  

#--------------------------------------------------------------------------------------------
#   Timing Point     Flags   Arc   Edge    Cell     Fanout Load Trans Delay Arrival Instance 
#                                                          (fF)  (ps)  (ps)   (ps)  Location 
#--------------------------------------------------------------------------------------------
  cnt_reg[0]/CK      -       -     R     (arrival)      55    -     0     0       0    (-,-) 
  cnt_reg[0]/Q       -       CK->Q R     DFFHQX1LVT      5 10.4   154   188     188    (-,-) 
  g1873__4733/Y      -       A->Y  F     NAND2X1LVT      1  4.1   167   167     354    (-,-) 
  g1852/Y            -       A->Y  F     BUFX12LVT      29 58.8   102   152     506    (-,-) 
  g6111/Y            -       S0->Y F     MXI2XLLVT       1  3.3   246   184     690    (-,-) 
  g6110/Y            -       A->Y  R     NOR2X1LVT       1  3.2   122   174     864    (-,-) 
  out_sr_reg[0][7]/D -       -     R     DFFHQX1LVT      1    -     -     0     864    (-,-) 
#--------------------------------------------------------------------------------------------



Path 44: MET (29 ps) Setup Check with Pin out_sr_reg[0][6]/CK->D
          Group: clock
     Startpoint: (R) cnt_reg[0]/CK
          Clock: (R) clock
       Endpoint: (R) out_sr_reg[0][6]/D
          Clock: (R) clock

                     Capture       Launch     
        Clock Edge:+    1000            0     
       Src Latency:+       0            0     
       Net Latency:+       0 (I)        0 (I) 
           Arrival:=    1000            0     
                                              
             Setup:-     107                  
     Required Time:=     893                  
      Launch Clock:-       0                  
         Data Path:-     864                  
             Slack:=      29                  

#--------------------------------------------------------------------------------------------
#   Timing Point     Flags   Arc   Edge    Cell     Fanout Load Trans Delay Arrival Instance 
#                                                          (fF)  (ps)  (ps)   (ps)  Location 
#--------------------------------------------------------------------------------------------
  cnt_reg[0]/CK      -       -     R     (arrival)      55    -     0     0       0    (-,-) 
  cnt_reg[0]/Q       -       CK->Q R     DFFHQX1LVT      5 10.4   154   188     188    (-,-) 
  g1873__4733/Y      -       A->Y  F     NAND2X1LVT      1  4.1   167   167     354    (-,-) 
  g1852/Y            -       A->Y  F     BUFX12LVT      29 58.8   102   152     506    (-,-) 
  g6109/Y            -       S0->Y F     MXI2XLLVT       1  3.3   246   184     690    (-,-) 
  g6108/Y            -       A->Y  R     NOR2X1LVT       1  3.2   122   174     864    (-,-) 
  out_sr_reg[0][6]/D -       -     R     DFFHQX1LVT      1    -     -     0     864    (-,-) 
#--------------------------------------------------------------------------------------------



Path 45: MET (29 ps) Setup Check with Pin out_sr_reg[0][5]/CK->D
          Group: clock
     Startpoint: (R) cnt_reg[0]/CK
          Clock: (R) clock
       Endpoint: (R) out_sr_reg[0][5]/D
          Clock: (R) clock

                     Capture       Launch     
        Clock Edge:+    1000            0     
       Src Latency:+       0            0     
       Net Latency:+       0 (I)        0 (I) 
           Arrival:=    1000            0     
                                              
             Setup:-     107                  
     Required Time:=     893                  
      Launch Clock:-       0                  
         Data Path:-     864                  
             Slack:=      29                  

#--------------------------------------------------------------------------------------------
#   Timing Point     Flags   Arc   Edge    Cell     Fanout Load Trans Delay Arrival Instance 
#                                                          (fF)  (ps)  (ps)   (ps)  Location 
#--------------------------------------------------------------------------------------------
  cnt_reg[0]/CK      -       -     R     (arrival)      55    -     0     0       0    (-,-) 
  cnt_reg[0]/Q       -       CK->Q R     DFFHQX1LVT      5 10.4   154   188     188    (-,-) 
  g1873__4733/Y      -       A->Y  F     NAND2X1LVT      1  4.1   167   167     354    (-,-) 
  g1852/Y            -       A->Y  F     BUFX12LVT      29 58.8   102   152     506    (-,-) 
  g3/Y               -       S0->Y F     MXI2XLLVT       1  3.3   246   184     690    (-,-) 
  g2/Y               -       A->Y  R     NOR2X1LVT       1  3.2   122   174     864    (-,-) 
  out_sr_reg[0][5]/D -       -     R     DFFHQX1LVT      1    -     -     0     864    (-,-) 
#--------------------------------------------------------------------------------------------



Path 46: MET (92 ps) Setup Check with Pin out_sr_reg[2][7]/CK->D
          Group: clock
     Startpoint: (R) cnt_reg[0]/CK
          Clock: (R) clock
       Endpoint: (R) out_sr_reg[2][7]/D
          Clock: (R) clock

                     Capture       Launch     
        Clock Edge:+    1000            0     
       Src Latency:+       0            0     
       Net Latency:+       0 (I)        0 (I) 
           Arrival:=    1000            0     
                                              
             Setup:-     109                  
     Required Time:=     891                  
      Launch Clock:-       0                  
         Data Path:-     800                  
             Slack:=      92                  

#----------------------------------------------------------------------------------------------
#   Timing Point     Flags   Arc   Edge     Cell      Fanout Load Trans Delay Arrival Instance 
#                                                            (fF)  (ps)  (ps)   (ps)  Location 
#----------------------------------------------------------------------------------------------
  cnt_reg[0]/CK      -       -     R     (arrival)        55    -     0     0       0    (-,-) 
  cnt_reg[0]/Q       -       CK->Q R     DFFHQX1LVT        5 10.4   154   188     188    (-,-) 
  g1873__4733/Y      -       A->Y  F     NAND2X1LVT        1  4.1   167   167     354    (-,-) 
  g1852/Y            -       A->Y  F     BUFX12LVT        29 58.8   102   152     506    (-,-) 
  g1853/Y            -       A->Y  R     CLKINVX12LVT     21 40.0    72    67     573    (-,-) 
  g1811__6260/Y      -       S0->Y F     MX2X1LVT          1  3.3    64   134     707    (-,-) 
  g1795__6131/Y      -       B->Y  R     NOR2X1LVT         1  3.1   110    92     800    (-,-) 
  out_sr_reg[2][7]/D -       -     R     DFFRX1LVT         1    -     -     0     800    (-,-) 
#----------------------------------------------------------------------------------------------



Path 47: MET (92 ps) Setup Check with Pin out_sr_reg[2][6]/CK->D
          Group: clock
     Startpoint: (R) cnt_reg[0]/CK
          Clock: (R) clock
       Endpoint: (R) out_sr_reg[2][6]/D
          Clock: (R) clock

                     Capture       Launch     
        Clock Edge:+    1000            0     
       Src Latency:+       0            0     
       Net Latency:+       0 (I)        0 (I) 
           Arrival:=    1000            0     
                                              
             Setup:-     109                  
     Required Time:=     891                  
      Launch Clock:-       0                  
         Data Path:-     800                  
             Slack:=      92                  

#----------------------------------------------------------------------------------------------
#   Timing Point     Flags   Arc   Edge     Cell      Fanout Load Trans Delay Arrival Instance 
#                                                            (fF)  (ps)  (ps)   (ps)  Location 
#----------------------------------------------------------------------------------------------
  cnt_reg[0]/CK      -       -     R     (arrival)        55    -     0     0       0    (-,-) 
  cnt_reg[0]/Q       -       CK->Q R     DFFHQX1LVT        5 10.4   154   188     188    (-,-) 
  g1873__4733/Y      -       A->Y  F     NAND2X1LVT        1  4.1   167   167     354    (-,-) 
  g1852/Y            -       A->Y  F     BUFX12LVT        29 58.8   102   152     506    (-,-) 
  g1853/Y            -       A->Y  R     CLKINVX12LVT     21 40.0    72    67     573    (-,-) 
  g1810__5107/Y      -       S0->Y F     MX2X1LVT          1  3.3    64   134     707    (-,-) 
  g1794__7098/Y      -       B->Y  R     NOR2X1LVT         1  3.1   110    92     800    (-,-) 
  out_sr_reg[2][6]/D -       -     R     DFFRX1LVT         1    -     -     0     800    (-,-) 
#----------------------------------------------------------------------------------------------



Path 48: MET (95 ps) Setup Check with Pin out_sr_reg[1][6]/CK->D
          Group: clock
     Startpoint: (R) cnt_reg[0]/CK
          Clock: (R) clock
       Endpoint: (R) out_sr_reg[1][6]/D
          Clock: (R) clock

                     Capture       Launch     
        Clock Edge:+    1000            0     
       Src Latency:+       0            0     
       Net Latency:+       0 (I)        0 (I) 
           Arrival:=    1000            0     
                                              
             Setup:-     104                  
     Required Time:=     896                  
      Launch Clock:-       0                  
         Data Path:-     801                  
             Slack:=      95                  

#----------------------------------------------------------------------------------------------
#   Timing Point     Flags   Arc   Edge     Cell      Fanout Load Trans Delay Arrival Instance 
#                                                            (fF)  (ps)  (ps)   (ps)  Location 
#----------------------------------------------------------------------------------------------
  cnt_reg[0]/CK      -       -     R     (arrival)        55    -     0     0       0    (-,-) 
  cnt_reg[0]/Q       -       CK->Q R     DFFHQX1LVT        5 10.4   154   188     188    (-,-) 
  g1873__4733/Y      -       A->Y  F     NAND2X1LVT        1  4.1   167   167     354    (-,-) 
  g1852/Y            -       A->Y  F     BUFX12LVT        29 58.8   102   152     506    (-,-) 
  g1853/Y            -       A->Y  R     CLKINVX12LVT     21 40.0    72    67     573    (-,-) 
  g1756__6161/Y      -       S0->Y F     MX2X1LVT          1  3.3    64   134     707    (-,-) 
  g1740__4319/Y      -       B->Y  R     NOR2X1LVT         1  3.2   113    94     801    (-,-) 
  out_sr_reg[1][6]/D -       -     R     DFFHQX1LVT        1    -     -     0     801    (-,-) 
#----------------------------------------------------------------------------------------------



Path 49: MET (97 ps) Setup Check with Pin xs_reg[10][5]/CK->D
          Group: clock
     Startpoint: (F) i_reset
          Clock: (R) clock
       Endpoint: (R) xs_reg[10][5]/D
          Clock: (R) clock

                     Capture       Launch     
        Clock Edge:+    1000            0     
        Drv Adjust:+       0            0     
       Src Latency:+       0            0     
       Net Latency:+       0 (I)        0 (I) 
           Arrival:=    1000            0     
                                              
             Setup:-     282                  
     Required Time:=     718                  
      Launch Clock:-       0                  
       Input Delay:-     500                  
         Data Path:-     121                  
             Slack:=      97                  

Exceptions/Constraints:
  input_delay             500             fir_serial_parallel._line_2_8_1 

#-----------------------------------------------------------------------------------------
#  Timing Point   Flags   Arc   Edge   Cell     Fanout  Load Trans Delay Arrival Instance 
#                                                       (fF)  (ps)  (ps)   (ps)  Location 
#-----------------------------------------------------------------------------------------
  i_reset         -       -     F     (arrival)    133 245.2     0     0     500    (-,-) 
  g1593/Y         -       A->Y  R     INVX3LVT      26  43.8   210   121     621    (-,-) 
  xs_reg[10][5]/D -       -     R     DFFTRXL       26     -     -     0     621    (-,-) 
#-----------------------------------------------------------------------------------------



Path 50: MET (97 ps) Setup Check with Pin xs_reg[10][4]/CK->D
          Group: clock
     Startpoint: (F) i_reset
          Clock: (R) clock
       Endpoint: (R) xs_reg[10][4]/D
          Clock: (R) clock

                     Capture       Launch     
        Clock Edge:+    1000            0     
        Drv Adjust:+       0            0     
       Src Latency:+       0            0     
       Net Latency:+       0 (I)        0 (I) 
           Arrival:=    1000            0     
                                              
             Setup:-     282                  
     Required Time:=     718                  
      Launch Clock:-       0                  
       Input Delay:-     500                  
         Data Path:-     121                  
             Slack:=      97                  

Exceptions/Constraints:
  input_delay             500             fir_serial_parallel._line_2_8_1 

#-----------------------------------------------------------------------------------------
#  Timing Point   Flags   Arc   Edge   Cell     Fanout  Load Trans Delay Arrival Instance 
#                                                       (fF)  (ps)  (ps)   (ps)  Location 
#-----------------------------------------------------------------------------------------
  i_reset         -       -     F     (arrival)    133 245.2     0     0     500    (-,-) 
  g1593/Y         -       A->Y  R     INVX3LVT      26  43.8   210   121     621    (-,-) 
  xs_reg[10][4]/D -       -     R     DFFTRXL       26     -     -     0     621    (-,-) 
#-----------------------------------------------------------------------------------------

