============================================================
  Generated by:           Genus(TM) Synthesis Solution 23.10-p004_1
  Generated on:           Oct 08 2026  10:14:34 pm
  Module:                 fir_serial_parallel
  Operating conditions:   PVT_0P9V_125C 
  Interconnect mode:      global
  Area mode:              physical library
============================================================


Path 1: MET (302 ps) Clock Gating Setup Check at cgic pin RC_CG_HIER_INST4/RC_CGIC_INST/E
          Group: cg_enable_group_clock
     Startpoint: (R) i_reset
          Clock: (R) clock
       Endpoint: (R) RC_CG_HIER_INST4/RC_CGIC_INST/E
          Clock: (R) clock

                     Capture       Launch     
        Clock Edge:+    1000            0     
        Drv Adjust:+       0            0     
       Src Latency:+       0            0     
       Net Latency:+       0 (I)        0 (I) 
           Arrival:=    1000            0     
                                              
  Gate Check Setup:-     146                  
     Required Time:=     854                  
      Launch Clock:-       0                  
       Input Delay:-     500                  
         Data Path:-      52                  
             Slack:=     302                  

Exceptions/Constraints:
  input_delay             500             fir_serial_parallel._line_2_8_1 

#------------------------------------------------------------------------------------------------------------------
#          Timing Point           Flags    Arc    Edge       Cell         Fanout Load Trans Delay Arrival Instance 
#                                                                                (fF)  (ps)  (ps)   (ps)  Location 
#------------------------------------------------------------------------------------------------------------------
  i_reset                         (u)     -       R     (arrival)            158  3.5     0     0     500    (-,-) 
  g637/z                          (u)     in_1->z R     unmapped_complex2      2  4.8     0    52     552    (-,-) 
  RC_CG_HIER_INST4/RC_CGIC_INST/E -       -       R     TLATNTSCAX2HVT         2    -     -     0     552    (-,-) 
#------------------------------------------------------------------------------------------------------------------

(u) : Net has unmapped pin(s).



Path 2: MET (302 ps) Clock Gating Setup Check at cgic pin RC_CG_HIER_INST3/RC_CGIC_INST/E
          Group: cg_enable_group_clock
     Startpoint: (R) i_reset
          Clock: (R) clock
       Endpoint: (R) RC_CG_HIER_INST3/RC_CGIC_INST/E
          Clock: (R) clock

                     Capture       Launch     
        Clock Edge:+    1000            0     
        Drv Adjust:+       0            0     
       Src Latency:+       0            0     
       Net Latency:+       0 (I)        0 (I) 
           Arrival:=    1000            0     
                                              
  Gate Check Setup:-     146                  
     Required Time:=     854                  
      Launch Clock:-       0                  
       Input Delay:-     500                  
         Data Path:-      52                  
             Slack:=     302                  

Exceptions/Constraints:
  input_delay             500             fir_serial_parallel._line_2_8_1 

#------------------------------------------------------------------------------------------------------------------
#          Timing Point           Flags    Arc    Edge       Cell         Fanout Load Trans Delay Arrival Instance 
#                                                                                (fF)  (ps)  (ps)   (ps)  Location 
#------------------------------------------------------------------------------------------------------------------
  i_reset                         (u)     -       R     (arrival)            158  3.5     0     0     500    (-,-) 
  g637/z                          (u)     in_1->z R     unmapped_complex2      2  4.8     0    52     552    (-,-) 
  RC_CG_HIER_INST3/RC_CGIC_INST/E -       -       R     TLATNTSCAX2HVT         2    -     -     0     552    (-,-) 
#------------------------------------------------------------------------------------------------------------------

(u) : Net has unmapped pin(s).



Path 3: MET (321 ps) Clock Gating Setup Check at cgic pin RC_CG_HIER_INST2/RC_CGIC_INST/E
          Group: cg_enable_group_clock
     Startpoint: (F) i_reset
          Clock: (R) clock
       Endpoint: (R) RC_CG_HIER_INST2/RC_CGIC_INST/E
          Clock: (R) clock

                     Capture       Launch     
        Clock Edge:+    1000            0     
        Drv Adjust:+       0            0     
       Src Latency:+       0            0     
       Net Latency:+       0 (I)        0 (I) 
           Arrival:=    1000            0     
                                              
  Gate Check Setup:-     146                  
     Required Time:=     854                  
      Launch Clock:-       0                  
       Input Delay:-     500                  
         Data Path:-      33                  
             Slack:=     321                  

Exceptions/Constraints:
  input_delay             500             fir_serial_parallel._line_2_8_1 

#---------------------------------------------------------------------------------------------------------------
#          Timing Point           Flags    Arc    Edge      Cell       Fanout Load Trans Delay Arrival Instance 
#                                                                             (fF)  (ps)  (ps)   (ps)  Location 
#---------------------------------------------------------------------------------------------------------------
  i_reset                         (u)     -       F     (arrival)         158  3.5     0     0     500    (-,-) 
  g1098/z                         (u)     in_1->z R     unmapped_nor2       1  3.1     0    33     533    (-,-) 
  RC_CG_HIER_INST2/RC_CGIC_INST/E -       -       R     TLATNTSCAX2HVT      1    -     -     0     533    (-,-) 
#---------------------------------------------------------------------------------------------------------------

(u) : Net has unmapped pin(s).



Path 4: MET (321 ps) Clock Gating Setup Check at cgic pin RC_CG_HIER_INST1/RC_CGIC_INST/E
          Group: cg_enable_group_clock
     Startpoint: (F) i_reset
          Clock: (R) clock
       Endpoint: (R) RC_CG_HIER_INST1/RC_CGIC_INST/E
          Clock: (R) clock

                     Capture       Launch     
        Clock Edge:+    1000            0     
        Drv Adjust:+       0            0     
       Src Latency:+       0            0     
       Net Latency:+       0 (I)        0 (I) 
           Arrival:=    1000            0     
                                              
  Gate Check Setup:-     146                  
     Required Time:=     854                  
      Launch Clock:-       0                  
       Input Delay:-     500                  
         Data Path:-      33                  
             Slack:=     321                  

Exceptions/Constraints:
  input_delay             500             fir_serial_parallel._line_2_8_1 

#---------------------------------------------------------------------------------------------------------------
#          Timing Point           Flags    Arc    Edge      Cell       Fanout Load Trans Delay Arrival Instance 
#                                                                             (fF)  (ps)  (ps)   (ps)  Location 
#---------------------------------------------------------------------------------------------------------------
  i_reset                         (u)     -       F     (arrival)         158  3.5     0     0     500    (-,-) 
  g1099/z                         (u)     in_1->z R     unmapped_nor2       1  3.1     0    33     533    (-,-) 
  RC_CG_HIER_INST1/RC_CGIC_INST/E -       -       R     TLATNTSCAX2HVT      1    -     -     0     533    (-,-) 
#---------------------------------------------------------------------------------------------------------------

(u) : Net has unmapped pin(s).



Path 5: MET (321 ps) Clock Gating Setup Check at cgic pin RC_CG_HIER_INST0/RC_CGIC_INST/E
          Group: cg_enable_group_clock
     Startpoint: (F) i_reset
          Clock: (R) clock
       Endpoint: (R) RC_CG_HIER_INST0/RC_CGIC_INST/E
          Clock: (R) clock

                     Capture       Launch     
        Clock Edge:+    1000            0     
        Drv Adjust:+       0            0     
       Src Latency:+       0            0     
       Net Latency:+       0 (I)        0 (I) 
           Arrival:=    1000            0     
                                              
  Gate Check Setup:-     146                  
     Required Time:=     854                  
      Launch Clock:-       0                  
       Input Delay:-     500                  
         Data Path:-      33                  
             Slack:=     321                  

Exceptions/Constraints:
  input_delay             500             fir_serial_parallel._line_2_8_1 

#---------------------------------------------------------------------------------------------------------------
#          Timing Point           Flags    Arc    Edge      Cell       Fanout Load Trans Delay Arrival Instance 
#                                                                             (fF)  (ps)  (ps)   (ps)  Location 
#---------------------------------------------------------------------------------------------------------------
  i_reset                         (u)     -       F     (arrival)         158  3.5     0     0     500    (-,-) 
  g1097/z                         (u)     in_1->z R     unmapped_nor2       1  3.1     0    33     533    (-,-) 
  RC_CG_HIER_INST0/RC_CGIC_INST/E -       -       R     TLATNTSCAX2HVT      1    -     -     0     533    (-,-) 
#---------------------------------------------------------------------------------------------------------------

(u) : Net has unmapped pin(s).



Path 6: MET (322 ps) Late External Delay Assertion at pin o_data[0]
          Group: clock
     Startpoint: (R) out_sr_reg[0][0]/clk
          Clock: (R) clock
       Endpoint: (R) o_data[0]
          Clock: (R) clock

                     Capture       Launch     
        Clock Edge:+    1000            0     
       Src Latency:+       0            0     
       Net Latency:+       0 (I)        0 (I) 
           Arrival:=    1000            0     
                                              
      Output Delay:-     500                  
     Required Time:=     500                  
      Launch Clock:-       0                  
         Data Path:-     178                  
             Slack:=     322                  

Exceptions/Constraints:
  output_delay             500             fir_serial_parallel._line_3_25_1 

#----------------------------------------------------------------------------------------------------
#    Timing Point      Flags    Arc   Edge      Cell        Fanout Load Trans Delay Arrival Instance 
#                                                                  (fF)  (ps)  (ps)   (ps)  Location 
#----------------------------------------------------------------------------------------------------
  out_sr_reg[0][0]/clk -       -      R     (arrival)           55    -     0     0       0    (-,-) 
  out_sr_reg[0][0]/q   (u)     clk->q R     unmapped_d_flop      1  2.9     0   178     178    (-,-) 
  o_data[0]            -       -      R     (port)               -    -     -     0     178    (-,-) 
#----------------------------------------------------------------------------------------------------

(u) : Net has unmapped pin(s).



Path 7: MET (322 ps) Late External Delay Assertion at pin o_data[1]
          Group: clock
     Startpoint: (R) out_sr_reg[0][1]/clk
          Clock: (R) clock
       Endpoint: (R) o_data[1]
          Clock: (R) clock

                     Capture       Launch     
        Clock Edge:+    1000            0     
       Src Latency:+       0            0     
       Net Latency:+       0 (I)        0 (I) 
           Arrival:=    1000            0     
                                              
      Output Delay:-     500                  
     Required Time:=     500                  
      Launch Clock:-       0                  
         Data Path:-     178                  
             Slack:=     322                  

Exceptions/Constraints:
  output_delay             500             fir_serial_parallel._line_3_24_1 

#----------------------------------------------------------------------------------------------------
#    Timing Point      Flags    Arc   Edge      Cell        Fanout Load Trans Delay Arrival Instance 
#                                                                  (fF)  (ps)  (ps)   (ps)  Location 
#----------------------------------------------------------------------------------------------------
  out_sr_reg[0][1]/clk -       -      R     (arrival)           55    -     0     0       0    (-,-) 
  out_sr_reg[0][1]/q   (u)     clk->q R     unmapped_d_flop      1  2.9     0   178     178    (-,-) 
  o_data[1]            -       -      R     (port)               -    -     -     0     178    (-,-) 
#----------------------------------------------------------------------------------------------------

(u) : Net has unmapped pin(s).



Path 8: MET (322 ps) Late External Delay Assertion at pin o_data[2]
          Group: clock
     Startpoint: (R) out_sr_reg[0][2]/clk
          Clock: (R) clock
       Endpoint: (R) o_data[2]
          Clock: (R) clock

                     Capture       Launch     
        Clock Edge:+    1000            0     
       Src Latency:+       0            0     
       Net Latency:+       0 (I)        0 (I) 
           Arrival:=    1000            0     
                                              
      Output Delay:-     500                  
     Required Time:=     500                  
      Launch Clock:-       0                  
         Data Path:-     178                  
             Slack:=     322                  

Exceptions/Constraints:
  output_delay             500             fir_serial_parallel._line_3_23_1 

#----------------------------------------------------------------------------------------------------
#    Timing Point      Flags    Arc   Edge      Cell        Fanout Load Trans Delay Arrival Instance 
#                                                                  (fF)  (ps)  (ps)   (ps)  Location 
#----------------------------------------------------------------------------------------------------
  out_sr_reg[0][2]/clk -       -      R     (arrival)           55    -     0     0       0    (-,-) 
  out_sr_reg[0][2]/q   (u)     clk->q R     unmapped_d_flop      1  2.9     0   178     178    (-,-) 
  o_data[2]            -       -      R     (port)               -    -     -     0     178    (-,-) 
#----------------------------------------------------------------------------------------------------

(u) : Net has unmapped pin(s).



Path 9: MET (322 ps) Late External Delay Assertion at pin o_data[3]
          Group: clock
     Startpoint: (R) out_sr_reg[0][3]/clk
          Clock: (R) clock
       Endpoint: (R) o_data[3]
          Clock: (R) clock

                     Capture       Launch     
        Clock Edge:+    1000            0     
       Src Latency:+       0            0     
       Net Latency:+       0 (I)        0 (I) 
           Arrival:=    1000            0     
                                              
      Output Delay:-     500                  
     Required Time:=     500                  
      Launch Clock:-       0                  
         Data Path:-     178                  
             Slack:=     322                  

Exceptions/Constraints:
  output_delay             500             fir_serial_parallel._line_3_22_1 

#----------------------------------------------------------------------------------------------------
#    Timing Point      Flags    Arc   Edge      Cell        Fanout Load Trans Delay Arrival Instance 
#                                                                  (fF)  (ps)  (ps)   (ps)  Location 
#----------------------------------------------------------------------------------------------------
  out_sr_reg[0][3]/clk -       -      R     (arrival)           55    -     0     0       0    (-,-) 
  out_sr_reg[0][3]/q   (u)     clk->q R     unmapped_d_flop      1  2.9     0   178     178    (-,-) 
  o_data[3]            -       -      R     (port)               -    -     -     0     178    (-,-) 
#----------------------------------------------------------------------------------------------------

(u) : Net has unmapped pin(s).



Path 10: MET (322 ps) Late External Delay Assertion at pin o_data[4]
          Group: clock
     Startpoint: (R) out_sr_reg[0][4]/clk
          Clock: (R) clock
       Endpoint: (R) o_data[4]
          Clock: (R) clock

                     Capture       Launch     
        Clock Edge:+    1000            0     
       Src Latency:+       0            0     
       Net Latency:+       0 (I)        0 (I) 
           Arrival:=    1000            0     
                                              
      Output Delay:-     500                  
     Required Time:=     500                  
      Launch Clock:-       0                  
         Data Path:-     178                  
             Slack:=     322                  

Exceptions/Constraints:
  output_delay             500             fir_serial_parallel._line_3_21_1 

#----------------------------------------------------------------------------------------------------
#    Timing Point      Flags    Arc   Edge      Cell        Fanout Load Trans Delay Arrival Instance 
#                                                                  (fF)  (ps)  (ps)   (ps)  Location 
#----------------------------------------------------------------------------------------------------
  out_sr_reg[0][4]/clk -       -      R     (arrival)           55    -     0     0       0    (-,-) 
  out_sr_reg[0][4]/q   (u)     clk->q R     unmapped_d_flop      1  2.9     0   178     178    (-,-) 
  o_data[4]            -       -      R     (port)               -    -     -     0     178    (-,-) 
#----------------------------------------------------------------------------------------------------

(u) : Net has unmapped pin(s).



Path 11: MET (322 ps) Late External Delay Assertion at pin o_data[5]
          Group: clock
     Startpoint: (R) out_sr_reg[0][5]/clk
          Clock: (R) clock
       Endpoint: (R) o_data[5]
          Clock: (R) clock

                     Capture       Launch     
        Clock Edge:+    1000            0     
       Src Latency:+       0            0     
       Net Latency:+       0 (I)        0 (I) 
           Arrival:=    1000            0     
                                              
      Output Delay:-     500                  
     Required Time:=     500                  
      Launch Clock:-       0                  
         Data Path:-     178                  
             Slack:=     322                  

Exceptions/Constraints:
  output_delay             500             fir_serial_parallel._line_3_20_1 

#----------------------------------------------------------------------------------------------------
#    Timing Point      Flags    Arc   Edge      Cell        Fanout Load Trans Delay Arrival Instance 
#                                                                  (fF)  (ps)  (ps)   (ps)  Location 
#----------------------------------------------------------------------------------------------------
  out_sr_reg[0][5]/clk -       -      R     (arrival)           55    -     0     0       0    (-,-) 
  out_sr_reg[0][5]/q   (u)     clk->q R     unmapped_d_flop      1  2.9     0   178     178    (-,-) 
  o_data[5]            -       -      R     (port)               -    -     -     0     178    (-,-) 
#----------------------------------------------------------------------------------------------------

(u) : Net has unmapped pin(s).



Path 12: MET (322 ps) Late External Delay Assertion at pin o_data[6]
          Group: clock
     Startpoint: (R) out_sr_reg[0][6]/clk
          Clock: (R) clock
       Endpoint: (R) o_data[6]
          Clock: (R) clock

                     Capture       Launch     
        Clock Edge:+    1000            0     
       Src Latency:+       0            0     
       Net Latency:+       0 (I)        0 (I) 
           Arrival:=    1000            0     
                                              
      Output Delay:-     500                  
     Required Time:=     500                  
      Launch Clock:-       0                  
         Data Path:-     178                  
             Slack:=     322                  

Exceptions/Constraints:
  output_delay             500             fir_serial_parallel._line_3_19_1 

#----------------------------------------------------------------------------------------------------
#    Timing Point      Flags    Arc   Edge      Cell        Fanout Load Trans Delay Arrival Instance 
#                                                                  (fF)  (ps)  (ps)   (ps)  Location 
#----------------------------------------------------------------------------------------------------
  out_sr_reg[0][6]/clk -       -      R     (arrival)           55    -     0     0       0    (-,-) 
  out_sr_reg[0][6]/q   (u)     clk->q R     unmapped_d_flop      1  2.9     0   178     178    (-,-) 
  o_data[6]            -       -      R     (port)               -    -     -     0     178    (-,-) 
#----------------------------------------------------------------------------------------------------

(u) : Net has unmapped pin(s).



Path 13: MET (322 ps) Late External Delay Assertion at pin o_data[7]
          Group: clock
     Startpoint: (R) out_sr_reg[0][7]/clk
          Clock: (R) clock
       Endpoint: (R) o_data[7]
          Clock: (R) clock

                     Capture       Launch     
        Clock Edge:+    1000            0     
       Src Latency:+       0            0     
       Net Latency:+       0 (I)        0 (I) 
           Arrival:=    1000            0     
                                              
      Output Delay:-     500                  
     Required Time:=     500                  
      Launch Clock:-       0                  
         Data Path:-     178                  
             Slack:=     322                  

Exceptions/Constraints:
  output_delay             500             fir_serial_parallel._line_3_18_1 

#----------------------------------------------------------------------------------------------------
#    Timing Point      Flags    Arc   Edge      Cell        Fanout Load Trans Delay Arrival Instance 
#                                                                  (fF)  (ps)  (ps)   (ps)  Location 
#----------------------------------------------------------------------------------------------------
  out_sr_reg[0][7]/clk -       -      R     (arrival)           55    -     0     0       0    (-,-) 
  out_sr_reg[0][7]/q   (u)     clk->q R     unmapped_d_flop      1  2.9     0   178     178    (-,-) 
  o_data[7]            -       -      R     (port)               -    -     -     0     178    (-,-) 
#----------------------------------------------------------------------------------------------------

(u) : Net has unmapped pin(s).



Path 14: MET (322 ps) Late External Delay Assertion at pin o_data[8]
          Group: clock
     Startpoint: (R) out_sr_reg[0][8]/clk
          Clock: (R) clock
       Endpoint: (R) o_data[8]
          Clock: (R) clock

                     Capture       Launch     
        Clock Edge:+    1000            0     
       Src Latency:+       0            0     
       Net Latency:+       0 (I)        0 (I) 
           Arrival:=    1000            0     
                                              
      Output Delay:-     500                  
     Required Time:=     500                  
      Launch Clock:-       0                  
         Data Path:-     178                  
             Slack:=     322                  

Exceptions/Constraints:
  output_delay             500             fir_serial_parallel._line_3_17_1 

#----------------------------------------------------------------------------------------------------
#    Timing Point      Flags    Arc   Edge      Cell        Fanout Load Trans Delay Arrival Instance 
#                                                                  (fF)  (ps)  (ps)   (ps)  Location 
#----------------------------------------------------------------------------------------------------
  out_sr_reg[0][8]/clk -       -      R     (arrival)           55    -     0     0       0    (-,-) 
  out_sr_reg[0][8]/q   (u)     clk->q R     unmapped_d_flop      1  2.9     0   178     178    (-,-) 
  o_data[8]            -       -      R     (port)               -    -     -     0     178    (-,-) 
#----------------------------------------------------------------------------------------------------

(u) : Net has unmapped pin(s).



Path 15: MET (322 ps) Late External Delay Assertion at pin o_data[9]
          Group: clock
     Startpoint: (R) out_sr_reg[0][9]/clk
          Clock: (R) clock
       Endpoint: (R) o_data[9]
          Clock: (R) clock

                     Capture       Launch     
        Clock Edge:+    1000            0     
       Src Latency:+       0            0     
       Net Latency:+       0 (I)        0 (I) 
           Arrival:=    1000            0     
                                              
      Output Delay:-     500                  
     Required Time:=     500                  
      Launch Clock:-       0                  
         Data Path:-     178                  
             Slack:=     322                  

Exceptions/Constraints:
  output_delay             500             fir_serial_parallel._line_3_16_1 

#----------------------------------------------------------------------------------------------------
#    Timing Point      Flags    Arc   Edge      Cell        Fanout Load Trans Delay Arrival Instance 
#                                                                  (fF)  (ps)  (ps)   (ps)  Location 
#----------------------------------------------------------------------------------------------------
  out_sr_reg[0][9]/clk -       -      R     (arrival)           55    -     0     0       0    (-,-) 
  out_sr_reg[0][9]/q   (u)     clk->q R     unmapped_d_flop      1  2.9     0   178     178    (-,-) 
  o_data[9]            -       -      R     (port)               -    -     -     0     178    (-,-) 
#----------------------------------------------------------------------------------------------------

(u) : Net has unmapped pin(s).



Path 16: MET (322 ps) Late External Delay Assertion at pin o_data[10]
          Group: clock
     Startpoint: (R) out_sr_reg[0][10]/clk
          Clock: (R) clock
       Endpoint: (R) o_data[10]
          Clock: (R) clock

                     Capture       Launch     
        Clock Edge:+    1000            0     
       Src Latency:+       0            0     
       Net Latency:+       0 (I)        0 (I) 
           Arrival:=    1000            0     
                                              
      Output Delay:-     500                  
     Required Time:=     500                  
      Launch Clock:-       0                  
         Data Path:-     178                  
             Slack:=     322                  

Exceptions/Constraints:
  output_delay             500             fir_serial_parallel._line_3_15_1 

#-----------------------------------------------------------------------------------------------------
#     Timing Point      Flags    Arc   Edge      Cell        Fanout Load Trans Delay Arrival Instance 
#                                                                   (fF)  (ps)  (ps)   (ps)  Location 
#-----------------------------------------------------------------------------------------------------
  out_sr_reg[0][10]/clk -       -      R     (arrival)           55    -     0     0       0    (-,-) 
  out_sr_reg[0][10]/q   (u)     clk->q R     unmapped_d_flop      1  2.9     0   178     178    (-,-) 
  o_data[10]            -       -      R     (port)               -    -     -     0     178    (-,-) 
#-----------------------------------------------------------------------------------------------------

(u) : Net has unmapped pin(s).



Path 17: MET (322 ps) Late External Delay Assertion at pin o_data[11]
          Group: clock
     Startpoint: (R) out_sr_reg[0][11]/clk
          Clock: (R) clock
       Endpoint: (R) o_data[11]
          Clock: (R) clock

                     Capture       Launch     
        Clock Edge:+    1000            0     
       Src Latency:+       0            0     
       Net Latency:+       0 (I)        0 (I) 
           Arrival:=    1000            0     
                                              
      Output Delay:-     500                  
     Required Time:=     500                  
      Launch Clock:-       0                  
         Data Path:-     178                  
             Slack:=     322                  

Exceptions/Constraints:
  output_delay             500             fir_serial_parallel._line_3_14_1 

#-----------------------------------------------------------------------------------------------------
#     Timing Point      Flags    Arc   Edge      Cell        Fanout Load Trans Delay Arrival Instance 
#                                                                   (fF)  (ps)  (ps)   (ps)  Location 
#-----------------------------------------------------------------------------------------------------
  out_sr_reg[0][11]/clk -       -      R     (arrival)           55    -     0     0       0    (-,-) 
  out_sr_reg[0][11]/q   (u)     clk->q R     unmapped_d_flop      1  2.9     0   178     178    (-,-) 
  o_data[11]            -       -      R     (port)               -    -     -     0     178    (-,-) 
#-----------------------------------------------------------------------------------------------------

(u) : Net has unmapped pin(s).



Path 18: MET (322 ps) Late External Delay Assertion at pin o_data[12]
          Group: clock
     Startpoint: (R) out_sr_reg[0][12]/clk
          Clock: (R) clock
       Endpoint: (R) o_data[12]
          Clock: (R) clock

                     Capture       Launch     
        Clock Edge:+    1000            0     
       Src Latency:+       0            0     
       Net Latency:+       0 (I)        0 (I) 
           Arrival:=    1000            0     
                                              
      Output Delay:-     500                  
     Required Time:=     500                  
      Launch Clock:-       0                  
         Data Path:-     178                  
             Slack:=     322                  

Exceptions/Constraints:
  output_delay             500             fir_serial_parallel._line_3_13_1 

#-----------------------------------------------------------------------------------------------------
#     Timing Point      Flags    Arc   Edge      Cell        Fanout Load Trans Delay Arrival Instance 
#                                                                   (fF)  (ps)  (ps)   (ps)  Location 
#-----------------------------------------------------------------------------------------------------
  out_sr_reg[0][12]/clk -       -      R     (arrival)           55    -     0     0       0    (-,-) 
  out_sr_reg[0][12]/q   (u)     clk->q R     unmapped_d_flop      1  2.9     0   178     178    (-,-) 
  o_data[12]            -       -      R     (port)               -    -     -     0     178    (-,-) 
#-----------------------------------------------------------------------------------------------------

(u) : Net has unmapped pin(s).



Path 19: MET (322 ps) Late External Delay Assertion at pin o_data[13]
          Group: clock
     Startpoint: (R) out_sr_reg[0][13]/clk
          Clock: (R) clock
       Endpoint: (R) o_data[13]
          Clock: (R) clock

                     Capture       Launch     
        Clock Edge:+    1000            0     
       Src Latency:+       0            0     
       Net Latency:+       0 (I)        0 (I) 
           Arrival:=    1000            0     
                                              
      Output Delay:-     500                  
     Required Time:=     500                  
      Launch Clock:-       0                  
         Data Path:-     178                  
             Slack:=     322                  

Exceptions/Constraints:
  output_delay             500             fir_serial_parallel._line_3_12_1 

#-----------------------------------------------------------------------------------------------------
#     Timing Point      Flags    Arc   Edge      Cell        Fanout Load Trans Delay Arrival Instance 
#                                                                   (fF)  (ps)  (ps)   (ps)  Location 
#-----------------------------------------------------------------------------------------------------
  out_sr_reg[0][13]/clk -       -      R     (arrival)           55    -     0     0       0    (-,-) 
  out_sr_reg[0][13]/q   (u)     clk->q R     unmapped_d_flop      1  2.9     0   178     178    (-,-) 
  o_data[13]            -       -      R     (port)               -    -     -     0     178    (-,-) 
#-----------------------------------------------------------------------------------------------------

(u) : Net has unmapped pin(s).



Path 20: MET (322 ps) Late External Delay Assertion at pin o_data[14]
          Group: clock
     Startpoint: (R) out_sr_reg[0][14]/clk
          Clock: (R) clock
       Endpoint: (R) o_data[14]
          Clock: (R) clock

                     Capture       Launch     
        Clock Edge:+    1000            0     
       Src Latency:+       0            0     
       Net Latency:+       0 (I)        0 (I) 
           Arrival:=    1000            0     
                                              
      Output Delay:-     500                  
     Required Time:=     500                  
      Launch Clock:-       0                  
         Data Path:-     178                  
             Slack:=     322                  

Exceptions/Constraints:
  output_delay             500             fir_serial_parallel._line_3_11_1 

#-----------------------------------------------------------------------------------------------------
#     Timing Point      Flags    Arc   Edge      Cell        Fanout Load Trans Delay Arrival Instance 
#                                                                   (fF)  (ps)  (ps)   (ps)  Location 
#-----------------------------------------------------------------------------------------------------
  out_sr_reg[0][14]/clk -       -      R     (arrival)           55    -     0     0       0    (-,-) 
  out_sr_reg[0][14]/q   (u)     clk->q R     unmapped_d_flop      1  2.9     0   178     178    (-,-) 
  o_data[14]            -       -      R     (port)               -    -     -     0     178    (-,-) 
#-----------------------------------------------------------------------------------------------------

(u) : Net has unmapped pin(s).



Path 21: MET (322 ps) Late External Delay Assertion at pin o_data[15]
          Group: clock
     Startpoint: (R) out_sr_reg[0][15]/clk
          Clock: (R) clock
       Endpoint: (R) o_data[15]
          Clock: (R) clock

                     Capture       Launch     
        Clock Edge:+    1000            0     
       Src Latency:+       0            0     
       Net Latency:+       0 (I)        0 (I) 
           Arrival:=    1000            0     
                                              
      Output Delay:-     500                  
     Required Time:=     500                  
      Launch Clock:-       0                  
         Data Path:-     178                  
             Slack:=     322                  

Exceptions/Constraints:
  output_delay             500             fir_serial_parallel._line_3_10_1 

#-----------------------------------------------------------------------------------------------------
#     Timing Point      Flags    Arc   Edge      Cell        Fanout Load Trans Delay Arrival Instance 
#                                                                   (fF)  (ps)  (ps)   (ps)  Location 
#-----------------------------------------------------------------------------------------------------
  out_sr_reg[0][15]/clk -       -      R     (arrival)           55    -     0     0       0    (-,-) 
  out_sr_reg[0][15]/q   (u)     clk->q R     unmapped_d_flop      4  7.2     0   178     178    (-,-) 
  o_data[15]            -       -      R     (port)               -    -     -     0     178    (-,-) 
#-----------------------------------------------------------------------------------------------------

(u) : Net has unmapped pin(s).



Path 22: MET (322 ps) Late External Delay Assertion at pin o_data[16]
          Group: clock
     Startpoint: (R) out_sr_reg[0][15]/clk
          Clock: (R) clock
       Endpoint: (R) o_data[16]
          Clock: (R) clock

                     Capture       Launch     
        Clock Edge:+    1000            0     
       Src Latency:+       0            0     
       Net Latency:+       0 (I)        0 (I) 
           Arrival:=    1000            0     
                                              
      Output Delay:-     500                  
     Required Time:=     500                  
      Launch Clock:-       0                  
         Data Path:-     178                  
             Slack:=     322                  

Exceptions/Constraints:
  output_delay             500             fir_serial_parallel._line_3_9_1 

#-----------------------------------------------------------------------------------------------------
#     Timing Point      Flags    Arc   Edge      Cell        Fanout Load Trans Delay Arrival Instance 
#                                                                   (fF)  (ps)  (ps)   (ps)  Location 
#-----------------------------------------------------------------------------------------------------
  out_sr_reg[0][15]/clk -       -      R     (arrival)           55    -     0     0       0    (-,-) 
  out_sr_reg[0][15]/q   (u)     clk->q R     unmapped_d_flop      4  7.2     0   178     178    (-,-) 
  o_data[16]            -       -      R     (port)               -    -     -     0     178    (-,-) 
#-----------------------------------------------------------------------------------------------------

(u) : Net has unmapped pin(s).



Path 23: MET (322 ps) Late External Delay Assertion at pin o_data[17]
          Group: clock
     Startpoint: (R) out_sr_reg[0][15]/clk
          Clock: (R) clock
       Endpoint: (R) o_data[17]
          Clock: (R) clock

                     Capture       Launch     
        Clock Edge:+    1000            0     
       Src Latency:+       0            0     
       Net Latency:+       0 (I)        0 (I) 
           Arrival:=    1000            0     
                                              
      Output Delay:-     500                  
     Required Time:=     500                  
      Launch Clock:-       0                  
         Data Path:-     178                  
             Slack:=     322                  

Exceptions/Constraints:
  output_delay             500             fir_serial_parallel._line_3_8_1 

#-----------------------------------------------------------------------------------------------------
#     Timing Point      Flags    Arc   Edge      Cell        Fanout Load Trans Delay Arrival Instance 
#                                                                   (fF)  (ps)  (ps)   (ps)  Location 
#-----------------------------------------------------------------------------------------------------
  out_sr_reg[0][15]/clk -       -      R     (arrival)           55    -     0     0       0    (-,-) 
  out_sr_reg[0][15]/q   (u)     clk->q R     unmapped_d_flop      4  7.2     0   178     178    (-,-) 
  o_data[17]            -       -      R     (port)               -    -     -     0     178    (-,-) 
#-----------------------------------------------------------------------------------------------------

(u) : Net has unmapped pin(s).



Path 24: MET (322 ps) Late External Delay Assertion at pin o_data[18]
          Group: clock
     Startpoint: (R) out_sr_reg[0][15]/clk
          Clock: (R) clock
       Endpoint: (R) o_data[18]
          Clock: (R) clock

                     Capture       Launch     
        Clock Edge:+    1000            0     
       Src Latency:+       0            0     
       Net Latency:+       0 (I)        0 (I) 
           Arrival:=    1000            0     
                                              
      Output Delay:-     500                  
     Required Time:=     500                  
      Launch Clock:-       0                  
         Data Path:-     178                  
             Slack:=     322                  

Exceptions/Constraints:
  output_delay             500             fir_serial_parallel._line_3 

#-----------------------------------------------------------------------------------------------------
#     Timing Point      Flags    Arc   Edge      Cell        Fanout Load Trans Delay Arrival Instance 
#                                                                   (fF)  (ps)  (ps)   (ps)  Location 
#-----------------------------------------------------------------------------------------------------
  out_sr_reg[0][15]/clk -       -      R     (arrival)           55    -     0     0       0    (-,-) 
  out_sr_reg[0][15]/q   (u)     clk->q R     unmapped_d_flop      4  7.2     0   178     178    (-,-) 
  o_data[18]            -       -      R     (port)               -    -     -     0     178    (-,-) 
#-----------------------------------------------------------------------------------------------------

(u) : Net has unmapped pin(s).



Path 25: MET (368 ps) Setup Check with Pin xs_reg[10][7]/clk->srl
          Group: clock
     Startpoint: (R) i_reset
          Clock: (R) clock
       Endpoint: (R) xs_reg[10][7]/srl
          Clock: (R) clock

                     Capture       Launch     
        Clock Edge:+    1000            0     
        Drv Adjust:+       0            0     
       Src Latency:+       0            0     
       Net Latency:+       0 (I)        0 (I) 
           Arrival:=    1000            0     
                                              
             Setup:-     132                  
     Required Time:=     868                  
      Launch Clock:-       0                  
       Input Delay:-     500                  
         Data Path:-       0                  
             Slack:=     368                  

Exceptions/Constraints:
  input_delay             500             fir_serial_parallel._line_2_8_1 

#------------------------------------------------------------------------------------------------
#   Timing Point    Flags   Arc   Edge      Cell        Fanout Load Trans Delay Arrival Instance 
#                                                              (fF)  (ps)  (ps)   (ps)  Location 
#------------------------------------------------------------------------------------------------
  i_reset           (u)     -     R     (arrival)          158  3.5     0     0     500    (-,-) 
  xs_reg[10][7]/srl -       -     R     unmapped_d_flop    158    -     -     0     500    (-,-) 
#------------------------------------------------------------------------------------------------

(u) : Net has unmapped pin(s).



Path 26: MET (368 ps) Setup Check with Pin xs_reg[10][7]/clk->d
          Group: clock
     Startpoint: (R) i_data[7]
          Clock: (R) clock
       Endpoint: (R) xs_reg[10][7]/d
          Clock: (R) clock

                     Capture       Launch     
        Clock Edge:+    1000            0     
        Drv Adjust:+       0            0     
       Src Latency:+       0            0     
       Net Latency:+       0 (I)        0 (I) 
           Arrival:=    1000            0     
                                              
             Setup:-     132                  
     Required Time:=     868                  
      Launch Clock:-       0                  
       Input Delay:-     500                  
         Data Path:-       0                  
             Slack:=     368                  

Exceptions/Constraints:
  input_delay             500             fir_serial_parallel._line_2 

#----------------------------------------------------------------------------------------------
#  Timing Point   Flags   Arc   Edge      Cell        Fanout Load Trans Delay Arrival Instance 
#                                                            (fF)  (ps)  (ps)   (ps)  Location 
#----------------------------------------------------------------------------------------------
  i_data[7]       (u)     -     R     (arrival)            4  2.0     0     0     500    (-,-) 
  xs_reg[10][7]/d -       -     R     unmapped_d_flop      4    -     -     0     500    (-,-) 
#----------------------------------------------------------------------------------------------

(u) : Net has unmapped pin(s).



Path 27: MET (368 ps) Setup Check with Pin xs_reg[10][6]/clk->srl
          Group: clock
     Startpoint: (R) i_reset
          Clock: (R) clock
       Endpoint: (R) xs_reg[10][6]/srl
          Clock: (R) clock

                     Capture       Launch     
        Clock Edge:+    1000            0     
        Drv Adjust:+       0            0     
       Src Latency:+       0            0     
       Net Latency:+       0 (I)        0 (I) 
           Arrival:=    1000            0     
                                              
             Setup:-     132                  
     Required Time:=     868                  
      Launch Clock:-       0                  
       Input Delay:-     500                  
         Data Path:-       0                  
             Slack:=     368                  

Exceptions/Constraints:
  input_delay             500             fir_serial_parallel._line_2_8_1 

#------------------------------------------------------------------------------------------------
#   Timing Point    Flags   Arc   Edge      Cell        Fanout Load Trans Delay Arrival Instance 
#                                                              (fF)  (ps)  (ps)   (ps)  Location 
#------------------------------------------------------------------------------------------------
  i_reset           (u)     -     R     (arrival)          158  3.5     0     0     500    (-,-) 
  xs_reg[10][6]/srl -       -     R     unmapped_d_flop    158    -     -     0     500    (-,-) 
#------------------------------------------------------------------------------------------------

(u) : Net has unmapped pin(s).



Path 28: MET (368 ps) Setup Check with Pin xs_reg[10][6]/clk->d
          Group: clock
     Startpoint: (R) i_data[6]
          Clock: (R) clock
       Endpoint: (R) xs_reg[10][6]/d
          Clock: (R) clock

                     Capture       Launch     
        Clock Edge:+    1000            0     
        Drv Adjust:+       0            0     
       Src Latency:+       0            0     
       Net Latency:+       0 (I)        0 (I) 
           Arrival:=    1000            0     
                                              
             Setup:-     132                  
     Required Time:=     868                  
      Launch Clock:-       0                  
       Input Delay:-     500                  
         Data Path:-       0                  
             Slack:=     368                  

Exceptions/Constraints:
  input_delay             500             fir_serial_parallel._line_2_1_1 

#----------------------------------------------------------------------------------------------
#  Timing Point   Flags   Arc   Edge      Cell        Fanout Load Trans Delay Arrival Instance 
#                                                            (fF)  (ps)  (ps)   (ps)  Location 
#----------------------------------------------------------------------------------------------
  i_data[6]       (u)     -     R     (arrival)            4  2.0     0     0     500    (-,-) 
  xs_reg[10][6]/d -       -     R     unmapped_d_flop      4    -     -     0     500    (-,-) 
#----------------------------------------------------------------------------------------------

(u) : Net has unmapped pin(s).



Path 29: MET (368 ps) Setup Check with Pin xs_reg[10][5]/clk->srl
          Group: clock
     Startpoint: (R) i_reset
          Clock: (R) clock
       Endpoint: (R) xs_reg[10][5]/srl
          Clock: (R) clock

                     Capture       Launch     
        Clock Edge:+    1000            0     
        Drv Adjust:+       0            0     
       Src Latency:+       0            0     
       Net Latency:+       0 (I)        0 (I) 
           Arrival:=    1000            0     
                                              
             Setup:-     132                  
     Required Time:=     868                  
      Launch Clock:-       0                  
       Input Delay:-     500                  
         Data Path:-       0                  
             Slack:=     368                  

Exceptions/Constraints:
  input_delay             500             fir_serial_parallel._line_2_8_1 

#------------------------------------------------------------------------------------------------
#   Timing Point    Flags   Arc   Edge      Cell        Fanout Load Trans Delay Arrival Instance 
#                                                              (fF)  (ps)  (ps)   (ps)  Location 
#------------------------------------------------------------------------------------------------
  i_reset           (u)     -     R     (arrival)          158  3.5     0     0     500    (-,-) 
  xs_reg[10][5]/srl -       -     R     unmapped_d_flop    158    -     -     0     500    (-,-) 
#------------------------------------------------------------------------------------------------

(u) : Net has unmapped pin(s).



Path 30: MET (368 ps) Setup Check with Pin xs_reg[10][5]/clk->d
          Group: clock
     Startpoint: (R) i_data[5]
          Clock: (R) clock
       Endpoint: (R) xs_reg[10][5]/d
          Clock: (R) clock

                     Capture       Launch     
        Clock Edge:+    1000            0     
        Drv Adjust:+       0            0     
       Src Latency:+       0            0     
       Net Latency:+       0 (I)        0 (I) 
           Arrival:=    1000            0     
                                              
             Setup:-     132                  
     Required Time:=     868                  
      Launch Clock:-       0                  
       Input Delay:-     500                  
         Data Path:-       0                  
             Slack:=     368                  

Exceptions/Constraints:
  input_delay             500             fir_serial_parallel._line_2_2_1 

#----------------------------------------------------------------------------------------------
#  Timing Point   Flags   Arc   Edge      Cell        Fanout Load Trans Delay Arrival Instance 
#                                                            (fF)  (ps)  (ps)   (ps)  Location 
#----------------------------------------------------------------------------------------------
  i_data[5]       (u)     -     R     (arrival)            4  2.0     0     0     500    (-,-) 
  xs_reg[10][5]/d -       -     R     unmapped_d_flop      4    -     -     0     500    (-,-) 
#----------------------------------------------------------------------------------------------

(u) : Net has unmapped pin(s).



Path 31: MET (368 ps) Setup Check with Pin xs_reg[10][4]/clk->srl
          Group: clock
     Startpoint: (R) i_reset
          Clock: (R) clock
       Endpoint: (R) xs_reg[10][4]/srl
          Clock: (R) clock

                     Capture       Launch     
        Clock Edge:+    1000            0     
        Drv Adjust:+       0            0     
       Src Latency:+       0            0     
       Net Latency:+       0 (I)        0 (I) 
           Arrival:=    1000            0     
                                              
             Setup:-     132                  
     Required Time:=     868                  
      Launch Clock:-       0                  
       Input Delay:-     500                  
         Data Path:-       0                  
             Slack:=     368                  

Exceptions/Constraints:
  input_delay             500             fir_serial_parallel._line_2_8_1 

#------------------------------------------------------------------------------------------------
#   Timing Point    Flags   Arc   Edge      Cell        Fanout Load Trans Delay Arrival Instance 
#                                                              (fF)  (ps)  (ps)   (ps)  Location 
#------------------------------------------------------------------------------------------------
  i_reset           (u)     -     R     (arrival)          158  3.5     0     0     500    (-,-) 
  xs_reg[10][4]/srl -       -     R     unmapped_d_flop    158    -     -     0     500    (-,-) 
#------------------------------------------------------------------------------------------------

(u) : Net has unmapped pin(s).



Path 32: MET (368 ps) Setup Check with Pin xs_reg[10][4]/clk->d
          Group: clock
     Startpoint: (R) i_data[4]
          Clock: (R) clock
       Endpoint: (R) xs_reg[10][4]/d
          Clock: (R) clock

                     Capture       Launch     
        Clock Edge:+    1000            0     
        Drv Adjust:+       0            0     
       Src Latency:+       0            0     
       Net Latency:+       0 (I)        0 (I) 
           Arrival:=    1000            0     
                                              
             Setup:-     132                  
     Required Time:=     868                  
      Launch Clock:-       0                  
       Input Delay:-     500                  
         Data Path:-       0                  
             Slack:=     368                  

Exceptions/Constraints:
  input_delay             500             fir_serial_parallel._line_2_3_1 

#----------------------------------------------------------------------------------------------
#  Timing Point   Flags   Arc   Edge      Cell        Fanout Load Trans Delay Arrival Instance 
#                                                            (fF)  (ps)  (ps)   (ps)  Location 
#----------------------------------------------------------------------------------------------
  i_data[4]       (u)     -     R     (arrival)            4  2.0     0     0     500    (-,-) 
  xs_reg[10][4]/d -       -     R     unmapped_d_flop      4    -     -     0     500    (-,-) 
#----------------------------------------------------------------------------------------------

(u) : Net has unmapped pin(s).



Path 33: MET (368 ps) Setup Check with Pin xs_reg[10][3]/clk->srl
          Group: clock
     Startpoint: (R) i_reset
          Clock: (R) clock
       Endpoint: (R) xs_reg[10][3]/srl
          Clock: (R) clock

                     Capture       Launch     
        Clock Edge:+    1000            0     
        Drv Adjust:+       0            0     
       Src Latency:+       0            0     
       Net Latency:+       0 (I)        0 (I) 
           Arrival:=    1000            0     
                                              
             Setup:-     132                  
     Required Time:=     868                  
      Launch Clock:-       0                  
       Input Delay:-     500                  
         Data Path:-       0                  
             Slack:=     368                  

Exceptions/Constraints:
  input_delay             500             fir_serial_parallel._line_2_8_1 

#------------------------------------------------------------------------------------------------
#   Timing Point    Flags   Arc   Edge      Cell        Fanout Load Trans Delay Arrival Instance 
#                                                              (fF)  (ps)  (ps)   (ps)  Location 
#------------------------------------------------------------------------------------------------
  i_reset           (u)     -     R     (arrival)          158  3.5     0     0     500    (-,-) 
  xs_reg[10][3]/srl -       -     R     unmapped_d_flop    158    -     -     0     500    (-,-) 
#------------------------------------------------------------------------------------------------

(u) : Net has unmapped pin(s).



Path 34: MET (368 ps) Setup Check with Pin xs_reg[10][3]/clk->d
          Group: clock
     Startpoint: (R) i_data[3]
          Clock: (R) clock
       Endpoint: (R) xs_reg[10][3]/d
          Clock: (R) clock

                     Capture       Launch     
        Clock Edge:+    1000            0     
        Drv Adjust:+       0            0     
       Src Latency:+       0            0     
       Net Latency:+       0 (I)        0 (I) 
           Arrival:=    1000            0     
                                              
             Setup:-     132                  
     Required Time:=     868                  
      Launch Clock:-       0                  
       Input Delay:-     500                  
         Data Path:-       0                  
             Slack:=     368                  

Exceptions/Constraints:
  input_delay             500             fir_serial_parallel._line_2_4_1 

#----------------------------------------------------------------------------------------------
#  Timing Point   Flags   Arc   Edge      Cell        Fanout Load Trans Delay Arrival Instance 
#                                                            (fF)  (ps)  (ps)   (ps)  Location 
#----------------------------------------------------------------------------------------------
  i_data[3]       (u)     -     R     (arrival)            4  2.0     0     0     500    (-,-) 
  xs_reg[10][3]/d -       -     R     unmapped_d_flop      4    -     -     0     500    (-,-) 
#----------------------------------------------------------------------------------------------

(u) : Net has unmapped pin(s).



Path 35: MET (368 ps) Setup Check with Pin xs_reg[10][2]/clk->srl
          Group: clock
     Startpoint: (R) i_reset
          Clock: (R) clock
       Endpoint: (R) xs_reg[10][2]/srl
          Clock: (R) clock

                     Capture       Launch     
        Clock Edge:+    1000            0     
        Drv Adjust:+       0            0     
       Src Latency:+       0            0     
       Net Latency:+       0 (I)        0 (I) 
           Arrival:=    1000            0     
                                              
             Setup:-     132                  
     Required Time:=     868                  
      Launch Clock:-       0                  
       Input Delay:-     500                  
         Data Path:-       0                  
             Slack:=     368                  

Exceptions/Constraints:
  input_delay             500             fir_serial_parallel._line_2_8_1 

#------------------------------------------------------------------------------------------------
#   Timing Point    Flags   Arc   Edge      Cell        Fanout Load Trans Delay Arrival Instance 
#                                                              (fF)  (ps)  (ps)   (ps)  Location 
#------------------------------------------------------------------------------------------------
  i_reset           (u)     -     R     (arrival)          158  3.5     0     0     500    (-,-) 
  xs_reg[10][2]/srl -       -     R     unmapped_d_flop    158    -     -     0     500    (-,-) 
#------------------------------------------------------------------------------------------------

(u) : Net has unmapped pin(s).



Path 36: MET (368 ps) Setup Check with Pin xs_reg[10][2]/clk->d
          Group: clock
     Startpoint: (R) i_data[2]
          Clock: (R) clock
       Endpoint: (R) xs_reg[10][2]/d
          Clock: (R) clock

                     Capture       Launch     
        Clock Edge:+    1000            0     
        Drv Adjust:+       0            0     
       Src Latency:+       0            0     
       Net Latency:+       0 (I)        0 (I) 
           Arrival:=    1000            0     
                                              
             Setup:-     132                  
     Required Time:=     868                  
      Launch Clock:-       0                  
       Input Delay:-     500                  
         Data Path:-       0                  
             Slack:=     368                  

Exceptions/Constraints:
  input_delay             500             fir_serial_parallel._line_2_5_1 

#----------------------------------------------------------------------------------------------
#  Timing Point   Flags   Arc   Edge      Cell        Fanout Load Trans Delay Arrival Instance 
#                                                            (fF)  (ps)  (ps)   (ps)  Location 
#----------------------------------------------------------------------------------------------
  i_data[2]       (u)     -     R     (arrival)            4  2.0     0     0     500    (-,-) 
  xs_reg[10][2]/d -       -     R     unmapped_d_flop      4    -     -     0     500    (-,-) 
#----------------------------------------------------------------------------------------------

(u) : Net has unmapped pin(s).



Path 37: MET (368 ps) Setup Check with Pin xs_reg[10][1]/clk->srl
          Group: clock
     Startpoint: (R) i_reset
          Clock: (R) clock
       Endpoint: (R) xs_reg[10][1]/srl
          Clock: (R) clock

                     Capture       Launch     
        Clock Edge:+    1000            0     
        Drv Adjust:+       0            0     
       Src Latency:+       0            0     
       Net Latency:+       0 (I)        0 (I) 
           Arrival:=    1000            0     
                                              
             Setup:-     132                  
     Required Time:=     868                  
      Launch Clock:-       0                  
       Input Delay:-     500                  
         Data Path:-       0                  
             Slack:=     368                  

Exceptions/Constraints:
  input_delay             500             fir_serial_parallel._line_2_8_1 

#------------------------------------------------------------------------------------------------
#   Timing Point    Flags   Arc   Edge      Cell        Fanout Load Trans Delay Arrival Instance 
#                                                              (fF)  (ps)  (ps)   (ps)  Location 
#------------------------------------------------------------------------------------------------
  i_reset           (u)     -     R     (arrival)          158  3.5     0     0     500    (-,-) 
  xs_reg[10][1]/srl -       -     R     unmapped_d_flop    158    -     -     0     500    (-,-) 
#------------------------------------------------------------------------------------------------

(u) : Net has unmapped pin(s).



Path 38: MET (368 ps) Setup Check with Pin xs_reg[10][1]/clk->d
          Group: clock
     Startpoint: (R) i_data[1]
          Clock: (R) clock
       Endpoint: (R) xs_reg[10][1]/d
          Clock: (R) clock

                     Capture       Launch     
        Clock Edge:+    1000            0     
        Drv Adjust:+       0            0     
       Src Latency:+       0            0     
       Net Latency:+       0 (I)        0 (I) 
           Arrival:=    1000            0     
                                              
             Setup:-     132                  
     Required Time:=     868                  
      Launch Clock:-       0                  
       Input Delay:-     500                  
         Data Path:-       0                  
             Slack:=     368                  

Exceptions/Constraints:
  input_delay             500             fir_serial_parallel._line_2_6_1 

#----------------------------------------------------------------------------------------------
#  Timing Point   Flags   Arc   Edge      Cell        Fanout Load Trans Delay Arrival Instance 
#                                                            (fF)  (ps)  (ps)   (ps)  Location 
#----------------------------------------------------------------------------------------------
  i_data[1]       (u)     -     R     (arrival)            4  2.0     0     0     500    (-,-) 
  xs_reg[10][1]/d -       -     R     unmapped_d_flop      4    -     -     0     500    (-,-) 
#----------------------------------------------------------------------------------------------

(u) : Net has unmapped pin(s).



Path 39: MET (368 ps) Setup Check with Pin xs_reg[10][0]/clk->srl
          Group: clock
     Startpoint: (R) i_reset
          Clock: (R) clock
       Endpoint: (R) xs_reg[10][0]/srl
          Clock: (R) clock

                     Capture       Launch     
        Clock Edge:+    1000            0     
        Drv Adjust:+       0            0     
       Src Latency:+       0            0     
       Net Latency:+       0 (I)        0 (I) 
           Arrival:=    1000            0     
                                              
             Setup:-     132                  
     Required Time:=     868                  
      Launch Clock:-       0                  
       Input Delay:-     500                  
         Data Path:-       0                  
             Slack:=     368                  

Exceptions/Constraints:
  input_delay             500             fir_serial_parallel._line_2_8_1 

#------------------------------------------------------------------------------------------------
#   Timing Point    Flags   Arc   Edge      Cell        Fanout Load Trans Delay Arrival Instance 
#                                                              (fF)  (ps)  (ps)   (ps)  Location 
#------------------------------------------------------------------------------------------------
  i_reset           (u)     -     R     (arrival)          158  3.5     0     0     500    (-,-) 
  xs_reg[10][0]/srl -       -     R     unmapped_d_flop    158    -     -     0     500    (-,-) 
#------------------------------------------------------------------------------------------------

(u) : Net has unmapped pin(s).



Path 40: MET (368 ps) Setup Check with Pin xs_reg[10][0]/clk->d
          Group: clock
     Startpoint: (R) i_data[0]
          Clock: (R) clock
       Endpoint: (R) xs_reg[10][0]/d
          Clock: (R) clock

                     Capture       Launch     
        Clock Edge:+    1000            0     
        Drv Adjust:+       0            0     
       Src Latency:+       0            0     
       Net Latency:+       0 (I)        0 (I) 
           Arrival:=    1000            0     
                                              
             Setup:-     132                  
     Required Time:=     868                  
      Launch Clock:-       0                  
       Input Delay:-     500                  
         Data Path:-       0                  
             Slack:=     368                  

Exceptions/Constraints:
  input_delay             500             fir_serial_parallel._line_2_7_1 

#----------------------------------------------------------------------------------------------
#  Timing Point   Flags   Arc   Edge      Cell        Fanout Load Trans Delay Arrival Instance 
#                                                            (fF)  (ps)  (ps)   (ps)  Location 
#----------------------------------------------------------------------------------------------
  i_data[0]       (u)     -     R     (arrival)            4  2.0     0     0     500    (-,-) 
  xs_reg[10][0]/d -       -     R     unmapped_d_flop      4    -     -     0     500    (-,-) 
#----------------------------------------------------------------------------------------------

(u) : Net has unmapped pin(s).



Path 41: MET (368 ps) Setup Check with Pin xs_reg[9][7]/clk->srl
          Group: clock
     Startpoint: (R) i_reset
          Clock: (R) clock
       Endpoint: (R) xs_reg[9][7]/srl
          Clock: (R) clock

                     Capture       Launch     
        Clock Edge:+    1000            0     
        Drv Adjust:+       0            0     
       Src Latency:+       0            0     
       Net Latency:+       0 (I)        0 (I) 
           Arrival:=    1000            0     
                                              
             Setup:-     132                  
     Required Time:=     868                  
      Launch Clock:-       0                  
       Input Delay:-     500                  
         Data Path:-       0                  
             Slack:=     368                  

Exceptions/Constraints:
  input_delay             500             fir_serial_parallel._line_2_8_1 

#-----------------------------------------------------------------------------------------------
#  Timing Point    Flags   Arc   Edge      Cell        Fanout Load Trans Delay Arrival Instance 
#                                                             (fF)  (ps)  (ps)   (ps)  Location 
#-----------------------------------------------------------------------------------------------
  i_reset          (u)     -     R     (arrival)          158  3.5     0     0     500    (-,-) 
  xs_reg[9][7]/srl -       -     R     unmapped_d_flop    158    -     -     0     500    (-,-) 
#-----------------------------------------------------------------------------------------------

(u) : Net has unmapped pin(s).



Path 42: MET (368 ps) Setup Check with Pin xs_reg[9][6]/clk->srl
          Group: clock
     Startpoint: (R) i_reset
          Clock: (R) clock
       Endpoint: (R) xs_reg[9][6]/srl
          Clock: (R) clock

                     Capture       Launch     
        Clock Edge:+    1000            0     
        Drv Adjust:+       0            0     
       Src Latency:+       0            0     
       Net Latency:+       0 (I)        0 (I) 
           Arrival:=    1000            0     
                                              
             Setup:-     132                  
     Required Time:=     868                  
      Launch Clock:-       0                  
       Input Delay:-     500                  
         Data Path:-       0                  
             Slack:=     368                  

Exceptions/Constraints:
  input_delay             500             fir_serial_parallel._line_2_8_1 

#-----------------------------------------------------------------------------------------------
#  Timing Point    Flags   Arc   Edge      Cell        Fanout Load Trans Delay Arrival Instance 
#                                                             (fF)  (ps)  (ps)   (ps)  Location 
#-----------------------------------------------------------------------------------------------
  i_reset          (u)     -     R     (arrival)          158  3.5     0     0     500    (-,-) 
  xs_reg[9][6]/srl -       -     R     unmapped_d_flop    158    -     -     0     500    (-,-) 
#-----------------------------------------------------------------------------------------------

(u) : Net has unmapped pin(s).



Path 43: MET (368 ps) Setup Check with Pin xs_reg[9][5]/clk->srl
          Group: clock
     Startpoint: (R) i_reset
          Clock: (R) clock
       Endpoint: (R) xs_reg[9][5]/srl
          Clock: (R) clock

                     Capture       Launch     
        Clock Edge:+    1000            0     
        Drv Adjust:+       0            0     
       Src Latency:+       0            0     
       Net Latency:+       0 (I)        0 (I) 
           Arrival:=    1000            0     
                                              
             Setup:-     132                  
     Required Time:=     868                  
      Launch Clock:-       0                  
       Input Delay:-     500                  
         Data Path:-       0                  
             Slack:=     368                  

Exceptions/Constraints:
  input_delay             500             fir_serial_parallel._line_2_8_1 

#-----------------------------------------------------------------------------------------------
#  Timing Point    Flags   Arc   Edge      Cell        Fanout Load Trans Delay Arrival Instance 
#                                                             (fF)  (ps)  (ps)   (ps)  Location 
#-----------------------------------------------------------------------------------------------
  i_reset          (u)     -     R     (arrival)          158  3.5     0     0     500    (-,-) 
  xs_reg[9][5]/srl -       -     R     unmapped_d_flop    158    -     -     0     500    (-,-) 
#-----------------------------------------------------------------------------------------------

(u) : Net has unmapped pin(s).



Path 44: MET (368 ps) Setup Check with Pin xs_reg[9][4]/clk->srl
          Group: clock
     Startpoint: (R) i_reset
          Clock: (R) clock
       Endpoint: (R) xs_reg[9][4]/srl
          Clock: (R) clock

                     Capture       Launch     
        Clock Edge:+    1000            0     
        Drv Adjust:+       0            0     
       Src Latency:+       0            0     
       Net Latency:+       0 (I)        0 (I) 
           Arrival:=    1000            0     
                                              
             Setup:-     132                  
     Required Time:=     868                  
      Launch Clock:-       0                  
       Input Delay:-     500                  
         Data Path:-       0                  
             Slack:=     368                  

Exceptions/Constraints:
  input_delay             500             fir_serial_parallel._line_2_8_1 

#-----------------------------------------------------------------------------------------------
#  Timing Point    Flags   Arc   Edge      Cell        Fanout Load Trans Delay Arrival Instance 
#                                                             (fF)  (ps)  (ps)   (ps)  Location 
#-----------------------------------------------------------------------------------------------
  i_reset          (u)     -     R     (arrival)          158  3.5     0     0     500    (-,-) 
  xs_reg[9][4]/srl -       -     R     unmapped_d_flop    158    -     -     0     500    (-,-) 
#-----------------------------------------------------------------------------------------------

(u) : Net has unmapped pin(s).



Path 45: MET (368 ps) Setup Check with Pin xs_reg[9][3]/clk->srl
          Group: clock
     Startpoint: (R) i_reset
          Clock: (R) clock
       Endpoint: (R) xs_reg[9][3]/srl
          Clock: (R) clock

                     Capture       Launch     
        Clock Edge:+    1000            0     
        Drv Adjust:+       0            0     
       Src Latency:+       0            0     
       Net Latency:+       0 (I)        0 (I) 
           Arrival:=    1000            0     
                                              
             Setup:-     132                  
     Required Time:=     868                  
      Launch Clock:-       0                  
       Input Delay:-     500                  
         Data Path:-       0                  
             Slack:=     368                  

Exceptions/Constraints:
  input_delay             500             fir_serial_parallel._line_2_8_1 

#-----------------------------------------------------------------------------------------------
#  Timing Point    Flags   Arc   Edge      Cell        Fanout Load Trans Delay Arrival Instance 
#                                                             (fF)  (ps)  (ps)   (ps)  Location 
#-----------------------------------------------------------------------------------------------
  i_reset          (u)     -     R     (arrival)          158  3.5     0     0     500    (-,-) 
  xs_reg[9][3]/srl -       -     R     unmapped_d_flop    158    -     -     0     500    (-,-) 
#-----------------------------------------------------------------------------------------------

(u) : Net has unmapped pin(s).



Path 46: MET (368 ps) Setup Check with Pin xs_reg[9][2]/clk->srl
          Group: clock
     Startpoint: (R) i_reset
          Clock: (R) clock
       Endpoint: (R) xs_reg[9][2]/srl
          Clock: (R) clock

                     Capture       Launch     
        Clock Edge:+    1000            0     
        Drv Adjust:+       0            0     
       Src Latency:+       0            0     
       Net Latency:+       0 (I)        0 (I) 
           Arrival:=    1000            0     
                                              
             Setup:-     132                  
     Required Time:=     868                  
      Launch Clock:-       0                  
       Input Delay:-     500                  
         Data Path:-       0                  
             Slack:=     368                  

Exceptions/Constraints:
  input_delay             500             fir_serial_parallel._line_2_8_1 

#-----------------------------------------------------------------------------------------------
#  Timing Point    Flags   Arc   Edge      Cell        Fanout Load Trans Delay Arrival Instance 
#                                                             (fF)  (ps)  (ps)   (ps)  Location 
#-----------------------------------------------------------------------------------------------
  i_reset          (u)     -     R     (arrival)          158  3.5     0     0     500    (-,-) 
  xs_reg[9][2]/srl -       -     R     unmapped_d_flop    158    -     -     0     500    (-,-) 
#-----------------------------------------------------------------------------------------------

(u) : Net has unmapped pin(s).



Path 47: MET (368 ps) Setup Check with Pin xs_reg[9][1]/clk->srl
          Group: clock
     Startpoint: (R) i_reset
          Clock: (R) clock
       Endpoint: (R) xs_reg[9][1]/srl
          Clock: (R) clock

                     Capture       Launch     
        Clock Edge:+    1000            0     
        Drv Adjust:+       0            0     
       Src Latency:+       0            0     
       Net Latency:+       0 (I)        0 (I) 
           Arrival:=    1000            0     
                                              
             Setup:-     132                  
     Required Time:=     868                  
      Launch Clock:-       0                  
       Input Delay:-     500                  
         Data Path:-       0                  
             Slack:=     368                  

Exceptions/Constraints:
  input_delay             500             fir_serial_parallel._line_2_8_1 

#-----------------------------------------------------------------------------------------------
#  Timing Point    Flags   Arc   Edge      Cell        Fanout Load Trans Delay Arrival Instance 
#                                                             (fF)  (ps)  (ps)   (ps)  Location 
#-----------------------------------------------------------------------------------------------
  i_reset          (u)     -     R     (arrival)          158  3.5     0     0     500    (-,-) 
  xs_reg[9][1]/srl -       -     R     unmapped_d_flop    158    -     -     0     500    (-,-) 
#-----------------------------------------------------------------------------------------------

(u) : Net has unmapped pin(s).



Path 48: MET (368 ps) Setup Check with Pin xs_reg[9][0]/clk->srl
          Group: clock
     Startpoint: (R) i_reset
          Clock: (R) clock
       Endpoint: (R) xs_reg[9][0]/srl
          Clock: (R) clock

                     Capture       Launch     
        Clock Edge:+    1000            0     
        Drv Adjust:+       0            0     
       Src Latency:+       0            0     
       Net Latency:+       0 (I)        0 (I) 
           Arrival:=    1000            0     
                                              
             Setup:-     132                  
     Required Time:=     868                  
      Launch Clock:-       0                  
       Input Delay:-     500                  
         Data Path:-       0                  
             Slack:=     368                  

Exceptions/Constraints:
  input_delay             500             fir_serial_parallel._line_2_8_1 

#-----------------------------------------------------------------------------------------------
#  Timing Point    Flags   Arc   Edge      Cell        Fanout Load Trans Delay Arrival Instance 
#                                                             (fF)  (ps)  (ps)   (ps)  Location 
#-----------------------------------------------------------------------------------------------
  i_reset          (u)     -     R     (arrival)          158  3.5     0     0     500    (-,-) 
  xs_reg[9][0]/srl -       -     R     unmapped_d_flop    158    -     -     0     500    (-,-) 
#-----------------------------------------------------------------------------------------------

(u) : Net has unmapped pin(s).



Path 49: MET (368 ps) Setup Check with Pin xs_reg[8][7]/clk->srl
          Group: clock
     Startpoint: (R) i_reset
          Clock: (R) clock
       Endpoint: (R) xs_reg[8][7]/srl
          Clock: (R) clock

                     Capture       Launch     
        Clock Edge:+    1000            0     
        Drv Adjust:+       0            0     
       Src Latency:+       0            0     
       Net Latency:+       0 (I)        0 (I) 
           Arrival:=    1000            0     
                                              
             Setup:-     132                  
     Required Time:=     868                  
      Launch Clock:-       0                  
       Input Delay:-     500                  
         Data Path:-       0                  
             Slack:=     368                  

Exceptions/Constraints:
  input_delay             500             fir_serial_parallel._line_2_8_1 

#-----------------------------------------------------------------------------------------------
#  Timing Point    Flags   Arc   Edge      Cell        Fanout Load Trans Delay Arrival Instance 
#                                                             (fF)  (ps)  (ps)   (ps)  Location 
#-----------------------------------------------------------------------------------------------
  i_reset          (u)     -     R     (arrival)          158  3.5     0     0     500    (-,-) 
  xs_reg[8][7]/srl -       -     R     unmapped_d_flop    158    -     -     0     500    (-,-) 
#-----------------------------------------------------------------------------------------------

(u) : Net has unmapped pin(s).



Path 50: MET (368 ps) Setup Check with Pin xs_reg[8][6]/clk->srl
          Group: clock
     Startpoint: (R) i_reset
          Clock: (R) clock
       Endpoint: (R) xs_reg[8][6]/srl
          Clock: (R) clock

                     Capture       Launch     
        Clock Edge:+    1000            0     
        Drv Adjust:+       0            0     
       Src Latency:+       0            0     
       Net Latency:+       0 (I)        0 (I) 
           Arrival:=    1000            0     
                                              
             Setup:-     132                  
     Required Time:=     868                  
      Launch Clock:-       0                  
       Input Delay:-     500                  
         Data Path:-       0                  
             Slack:=     368                  

Exceptions/Constraints:
  input_delay             500             fir_serial_parallel._line_2_8_1 

#-----------------------------------------------------------------------------------------------
#  Timing Point    Flags   Arc   Edge      Cell        Fanout Load Trans Delay Arrival Instance 
#                                                             (fF)  (ps)  (ps)   (ps)  Location 
#-----------------------------------------------------------------------------------------------
  i_reset          (u)     -     R     (arrival)          158  3.5     0     0     500    (-,-) 
  xs_reg[8][6]/srl -       -     R     unmapped_d_flop    158    -     -     0     500    (-,-) 
#-----------------------------------------------------------------------------------------------

(u) : Net has unmapped pin(s).

