============================================================
  Generated by:           Genus(TM) Synthesis Solution 23.10-p004_1
  Generated on:           Oct 08 2026  10:15:10 pm
  Module:                 fir_serial_parallel
  Operating conditions:   PVT_0P9V_125C 
  Interconnect mode:      global
  Area mode:              physical library
============================================================


Path 1: MET (56 ps) Setup Check with Pin out_sr_reg[2][15]/CK->D
          Group: clock
     Startpoint: (R) cnt_reg[0]/CK
          Clock: (R) clock
       Endpoint: (R) out_sr_reg[2][15]/D
          Clock: (R) clock

                     Capture       Launch     
        Clock Edge:+    1000            0     
       Src Latency:+       0            0     
       Net Latency:+       0 (I)        0 (I) 
           Arrival:=    1000            0     
                                              
             Setup:-     110                  
     Required Time:=     890                  
      Launch Clock:-       0                  
         Data Path:-     834                  
             Slack:=      56                  

#-----------------------------------------------------------------------------------------------
#    Timing Point     Flags   Arc   Edge     Cell      Fanout Load Trans Delay Arrival Instance 
#                                                             (fF)  (ps)  (ps)   (ps)  Location 
#-----------------------------------------------------------------------------------------------
  cnt_reg[0]/CK       -       -     R     (arrival)        55    -     0     0       0    (-,-) 
  cnt_reg[0]/Q        -       CK->Q R     DFFHQX1LVT        5 10.9   161   191     191    (-,-) 
  g1873__4733/Y       -       A->Y  F     NAND2X2LVT        1  4.5   107   130     321    (-,-) 
  g1852/Y             -       A->Y  F     BUFX16LVT        40 80.1   103   131     452    (-,-) 
  g1853/Y             -       A->Y  R     CLKINVX12LVT     21 40.0    72    67     519    (-,-) 
  g1803__2883/Y       -       S0->Y F     MX2X1             1  3.3   101   205     725    (-,-) 
  g1787__6783/Y       -       B->Y  R     NOR2X1LVT         1  3.1   115   109     834    (-,-) 
  out_sr_reg[2][15]/D -       -     R     DFFRX1LVT         1    -     -     0     834    (-,-) 
#-----------------------------------------------------------------------------------------------



Path 2: MET (56 ps) Setup Check with Pin out_sr_reg[2][14]/CK->D
          Group: clock
     Startpoint: (R) cnt_reg[0]/CK
          Clock: (R) clock
       Endpoint: (R) out_sr_reg[2][14]/D
          Clock: (R) clock

                     Capture       Launch     
        Clock Edge:+    1000            0     
       Src Latency:+       0            0     
       Net Latency:+       0 (I)        0 (I) 
           Arrival:=    1000            0     
                                              
             Setup:-     110                  
     Required Time:=     890                  
      Launch Clock:-       0                  
         Data Path:-     834                  
             Slack:=      56                  

#-----------------------------------------------------------------------------------------------
#    Timing Point     Flags   Arc   Edge     Cell      Fanout Load Trans Delay Arrival Instance 
#                                                             (fF)  (ps)  (ps)   (ps)  Location 
#-----------------------------------------------------------------------------------------------
  cnt_reg[0]/CK       -       -     R     (arrival)        55    -     0     0       0    (-,-) 
  cnt_reg[0]/Q        -       CK->Q R     DFFHQX1LVT        5 10.9   161   191     191    (-,-) 
  g1873__4733/Y       -       A->Y  F     NAND2X2LVT        1  4.5   107   130     321    (-,-) 
  g1852/Y             -       A->Y  F     BUFX16LVT        40 80.1   103   131     452    (-,-) 
  g1853/Y             -       A->Y  R     CLKINVX12LVT     21 40.0    72    67     519    (-,-) 
  g1802__9945/Y       -       S0->Y F     MX2X1             1  3.3   101   205     725    (-,-) 
  g1786__5526/Y       -       B->Y  R     NOR2X1LVT         1  3.1   115   109     834    (-,-) 
  out_sr_reg[2][14]/D -       -     R     DFFRX1LVT         1    -     -     0     834    (-,-) 
#-----------------------------------------------------------------------------------------------



Path 3: MET (56 ps) Setup Check with Pin out_sr_reg[2][13]/CK->D
          Group: clock
     Startpoint: (R) cnt_reg[0]/CK
          Clock: (R) clock
       Endpoint: (R) out_sr_reg[2][13]/D
          Clock: (R) clock

                     Capture       Launch     
        Clock Edge:+    1000            0     
       Src Latency:+       0            0     
       Net Latency:+       0 (I)        0 (I) 
           Arrival:=    1000            0     
                                              
             Setup:-     110                  
     Required Time:=     890                  
      Launch Clock:-       0                  
         Data Path:-     834                  
             Slack:=      56                  

#-----------------------------------------------------------------------------------------------
#    Timing Point     Flags   Arc   Edge     Cell      Fanout Load Trans Delay Arrival Instance 
#                                                             (fF)  (ps)  (ps)   (ps)  Location 
#-----------------------------------------------------------------------------------------------
  cnt_reg[0]/CK       -       -     R     (arrival)        55    -     0     0       0    (-,-) 
  cnt_reg[0]/Q        -       CK->Q R     DFFHQX1LVT        5 10.9   161   191     191    (-,-) 
  g1873__4733/Y       -       A->Y  F     NAND2X2LVT        1  4.5   107   130     321    (-,-) 
  g1852/Y             -       A->Y  F     BUFX16LVT        40 80.1   103   131     452    (-,-) 
  g1853/Y             -       A->Y  R     CLKINVX12LVT     21 40.0    72    67     519    (-,-) 
  g1805__1666/Y       -       S0->Y F     MX2X1             1  3.3   101   205     725    (-,-) 
  g1789__1617/Y       -       B->Y  R     NOR2X1LVT         1  3.1   115   109     834    (-,-) 
  out_sr_reg[2][13]/D -       -     R     DFFRX1LVT         1    -     -     0     834    (-,-) 
#-----------------------------------------------------------------------------------------------



Path 4: MET (56 ps) Setup Check with Pin out_sr_reg[2][12]/CK->D
          Group: clock
     Startpoint: (R) cnt_reg[0]/CK
          Clock: (R) clock
       Endpoint: (R) out_sr_reg[2][12]/D
          Clock: (R) clock

                     Capture       Launch     
        Clock Edge:+    1000            0     
       Src Latency:+       0            0     
       Net Latency:+       0 (I)        0 (I) 
           Arrival:=    1000            0     
                                              
             Setup:-     110                  
     Required Time:=     890                  
      Launch Clock:-       0                  
         Data Path:-     834                  
             Slack:=      56                  

#-----------------------------------------------------------------------------------------------
#    Timing Point     Flags   Arc   Edge     Cell      Fanout Load Trans Delay Arrival Instance 
#                                                             (fF)  (ps)  (ps)   (ps)  Location 
#-----------------------------------------------------------------------------------------------
  cnt_reg[0]/CK       -       -     R     (arrival)        55    -     0     0       0    (-,-) 
  cnt_reg[0]/Q        -       CK->Q R     DFFHQX1LVT        5 10.9   161   191     191    (-,-) 
  g1873__4733/Y       -       A->Y  F     NAND2X2LVT        1  4.5   107   130     321    (-,-) 
  g1852/Y             -       A->Y  F     BUFX16LVT        40 80.1   103   131     452    (-,-) 
  g1853/Y             -       A->Y  R     CLKINVX12LVT     21 40.0    72    67     519    (-,-) 
  g1816__3680/Y       -       S0->Y F     MX2X1             1  3.3   101   205     725    (-,-) 
  g1800__6161/Y       -       B->Y  R     NOR2X1LVT         1  3.1   115   109     834    (-,-) 
  out_sr_reg[2][12]/D -       -     R     DFFRX1LVT         1    -     -     0     834    (-,-) 
#-----------------------------------------------------------------------------------------------



Path 5: MET (56 ps) Setup Check with Pin out_sr_reg[2][11]/CK->D
          Group: clock
     Startpoint: (R) cnt_reg[0]/CK
          Clock: (R) clock
       Endpoint: (R) out_sr_reg[2][11]/D
          Clock: (R) clock

                     Capture       Launch     
        Clock Edge:+    1000            0     
       Src Latency:+       0            0     
       Net Latency:+       0 (I)        0 (I) 
           Arrival:=    1000            0     
                                              
             Setup:-     110                  
     Required Time:=     890                  
      Launch Clock:-       0                  
         Data Path:-     834                  
             Slack:=      56                  

#-----------------------------------------------------------------------------------------------
#    Timing Point     Flags   Arc   Edge     Cell      Fanout Load Trans Delay Arrival Instance 
#                                                             (fF)  (ps)  (ps)   (ps)  Location 
#-----------------------------------------------------------------------------------------------
  cnt_reg[0]/CK       -       -     R     (arrival)        55    -     0     0       0    (-,-) 
  cnt_reg[0]/Q        -       CK->Q R     DFFHQX1LVT        5 10.9   161   191     191    (-,-) 
  g1873__4733/Y       -       A->Y  F     NAND2X2LVT        1  4.5   107   130     321    (-,-) 
  g1852/Y             -       A->Y  F     BUFX16LVT        40 80.1   103   131     452    (-,-) 
  g1853/Y             -       A->Y  R     CLKINVX12LVT     21 40.0    72    67     519    (-,-) 
  g1815__6783/Y       -       S0->Y F     MX2X1             1  3.3   101   205     725    (-,-) 
  g1799__4733/Y       -       B->Y  R     NOR2X1LVT         1  3.1   115   109     834    (-,-) 
  out_sr_reg[2][11]/D -       -     R     DFFRX1LVT         1    -     -     0     834    (-,-) 
#-----------------------------------------------------------------------------------------------



Path 6: MET (56 ps) Setup Check with Pin out_sr_reg[2][10]/CK->D
          Group: clock
     Startpoint: (R) cnt_reg[0]/CK
          Clock: (R) clock
       Endpoint: (R) out_sr_reg[2][10]/D
          Clock: (R) clock

                     Capture       Launch     
        Clock Edge:+    1000            0     
       Src Latency:+       0            0     
       Net Latency:+       0 (I)        0 (I) 
           Arrival:=    1000            0     
                                              
             Setup:-     110                  
     Required Time:=     890                  
      Launch Clock:-       0                  
         Data Path:-     834                  
             Slack:=      56                  

#-----------------------------------------------------------------------------------------------
#    Timing Point     Flags   Arc   Edge     Cell      Fanout Load Trans Delay Arrival Instance 
#                                                             (fF)  (ps)  (ps)   (ps)  Location 
#-----------------------------------------------------------------------------------------------
  cnt_reg[0]/CK       -       -     R     (arrival)        55    -     0     0       0    (-,-) 
  cnt_reg[0]/Q        -       CK->Q R     DFFHQX1LVT        5 10.9   161   191     191    (-,-) 
  g1873__4733/Y       -       A->Y  F     NAND2X2LVT        1  4.5   107   130     321    (-,-) 
  g1852/Y             -       A->Y  F     BUFX16LVT        40 80.1   103   131     452    (-,-) 
  g1853/Y             -       A->Y  R     CLKINVX12LVT     21 40.0    72    67     519    (-,-) 
  g1814__5526/Y       -       S0->Y F     MX2X1             1  3.3   101   205     725    (-,-) 
  g1798__7482/Y       -       B->Y  R     NOR2X1LVT         1  3.1   115   109     834    (-,-) 
  out_sr_reg[2][10]/D -       -     R     DFFRX1LVT         1    -     -     0     834    (-,-) 
#-----------------------------------------------------------------------------------------------



Path 7: MET (56 ps) Setup Check with Pin out_sr_reg[2][9]/CK->D
          Group: clock
     Startpoint: (R) cnt_reg[0]/CK
          Clock: (R) clock
       Endpoint: (R) out_sr_reg[2][9]/D
          Clock: (R) clock

                     Capture       Launch     
        Clock Edge:+    1000            0     
       Src Latency:+       0            0     
       Net Latency:+       0 (I)        0 (I) 
           Arrival:=    1000            0     
                                              
             Setup:-     110                  
     Required Time:=     890                  
      Launch Clock:-       0                  
         Data Path:-     834                  
             Slack:=      56                  

#----------------------------------------------------------------------------------------------
#   Timing Point     Flags   Arc   Edge     Cell      Fanout Load Trans Delay Arrival Instance 
#                                                            (fF)  (ps)  (ps)   (ps)  Location 
#----------------------------------------------------------------------------------------------
  cnt_reg[0]/CK      -       -     R     (arrival)        55    -     0     0       0    (-,-) 
  cnt_reg[0]/Q       -       CK->Q R     DFFHQX1LVT        5 10.9   161   191     191    (-,-) 
  g1873__4733/Y      -       A->Y  F     NAND2X2LVT        1  4.5   107   130     321    (-,-) 
  g1852/Y            -       A->Y  F     BUFX16LVT        40 80.1   103   131     452    (-,-) 
  g1853/Y            -       A->Y  R     CLKINVX12LVT     21 40.0    72    67     519    (-,-) 
  g1809__2398/Y      -       S0->Y F     MX2X1             1  3.3   101   205     725    (-,-) 
  g1793__8246/Y      -       B->Y  R     NOR2X1LVT         1  3.1   115   109     834    (-,-) 
  out_sr_reg[2][9]/D -       -     R     DFFRX1LVT         1    -     -     0     834    (-,-) 
#----------------------------------------------------------------------------------------------



Path 8: MET (56 ps) Setup Check with Pin out_sr_reg[2][8]/CK->D
          Group: clock
     Startpoint: (R) cnt_reg[0]/CK
          Clock: (R) clock
       Endpoint: (R) out_sr_reg[2][8]/D
          Clock: (R) clock

                     Capture       Launch     
        Clock Edge:+    1000            0     
       Src Latency:+       0            0     
       Net Latency:+       0 (I)        0 (I) 
           Arrival:=    1000            0     
                                              
             Setup:-     110                  
     Required Time:=     890                  
      Launch Clock:-       0                  
         Data Path:-     834                  
             Slack:=      56                  

#----------------------------------------------------------------------------------------------
#   Timing Point     Flags   Arc   Edge     Cell      Fanout Load Trans Delay Arrival Instance 
#                                                            (fF)  (ps)  (ps)   (ps)  Location 
#----------------------------------------------------------------------------------------------
  cnt_reg[0]/CK      -       -     R     (arrival)        55    -     0     0       0    (-,-) 
  cnt_reg[0]/Q       -       CK->Q R     DFFHQX1LVT        5 10.9   161   191     191    (-,-) 
  g1873__4733/Y      -       A->Y  F     NAND2X2LVT        1  4.5   107   130     321    (-,-) 
  g1852/Y            -       A->Y  F     BUFX16LVT        40 80.1   103   131     452    (-,-) 
  g1853/Y            -       A->Y  R     CLKINVX12LVT     21 40.0    72    67     519    (-,-) 
  g1812__4319/Y      -       S0->Y F     MX2X1             1  3.3   101   205     725    (-,-) 
  g1796__1881/Y      -       B->Y  R     NOR2X1LVT         1  3.1   115   109     834    (-,-) 
  out_sr_reg[2][8]/D -       -     R     DFFRX1LVT         1    -     -     0     834    (-,-) 
#----------------------------------------------------------------------------------------------



Path 9: MET (60 ps) Setup Check with Pin out_sr_reg[1][15]/CK->D
          Group: clock
     Startpoint: (R) cnt_reg[0]/CK
          Clock: (R) clock
       Endpoint: (R) out_sr_reg[1][15]/D
          Clock: (R) clock

                     Capture       Launch     
        Clock Edge:+    1000            0     
       Src Latency:+       0            0     
       Net Latency:+       0 (I)        0 (I) 
           Arrival:=    1000            0     
                                              
             Setup:-     106                  
     Required Time:=     894                  
      Launch Clock:-       0                  
         Data Path:-     835                  
             Slack:=      60                  

#-----------------------------------------------------------------------------------------------
#    Timing Point     Flags   Arc   Edge     Cell      Fanout Load Trans Delay Arrival Instance 
#                                                             (fF)  (ps)  (ps)   (ps)  Location 
#-----------------------------------------------------------------------------------------------
  cnt_reg[0]/CK       -       -     R     (arrival)        55    -     0     0       0    (-,-) 
  cnt_reg[0]/Q        -       CK->Q R     DFFHQX1LVT        5 10.9   161   191     191    (-,-) 
  g1873__4733/Y       -       A->Y  F     NAND2X2LVT        1  4.5   107   130     321    (-,-) 
  g1852/Y             -       A->Y  F     BUFX16LVT        40 80.1   103   131     452    (-,-) 
  g1853/Y             -       A->Y  R     CLKINVX12LVT     21 40.0    72    67     519    (-,-) 
  g1761__1666/Y       -       S0->Y F     MX2X1             1  3.3   100   205     725    (-,-) 
  g1745__1617/Y       -       B->Y  R     NOR2X1LVT         1  3.2   118   110     835    (-,-) 
  out_sr_reg[1][15]/D -       -     R     DFFHQX1LVT        1    -     -     0     835    (-,-) 
#-----------------------------------------------------------------------------------------------



Path 10: MET (60 ps) Setup Check with Pin out_sr_reg[1][14]/CK->D
          Group: clock
     Startpoint: (R) cnt_reg[0]/CK
          Clock: (R) clock
       Endpoint: (R) out_sr_reg[1][14]/D
          Clock: (R) clock

                     Capture       Launch     
        Clock Edge:+    1000            0     
       Src Latency:+       0            0     
       Net Latency:+       0 (I)        0 (I) 
           Arrival:=    1000            0     
                                              
             Setup:-     106                  
     Required Time:=     894                  
      Launch Clock:-       0                  
         Data Path:-     835                  
             Slack:=      60                  

#-----------------------------------------------------------------------------------------------
#    Timing Point     Flags   Arc   Edge     Cell      Fanout Load Trans Delay Arrival Instance 
#                                                             (fF)  (ps)  (ps)   (ps)  Location 
#-----------------------------------------------------------------------------------------------
  cnt_reg[0]/CK       -       -     R     (arrival)        55    -     0     0       0    (-,-) 
  cnt_reg[0]/Q        -       CK->Q R     DFFHQX1LVT        5 10.9   161   191     191    (-,-) 
  g1873__4733/Y       -       A->Y  F     NAND2X2LVT        1  4.5   107   130     321    (-,-) 
  g1852/Y             -       A->Y  F     BUFX16LVT        40 80.1   103   131     452    (-,-) 
  g1853/Y             -       A->Y  R     CLKINVX12LVT     21 40.0    72    67     519    (-,-) 
  g1764__5477/Y       -       S0->Y F     MX2X1             1  3.3   100   205     725    (-,-) 
  g1748__5122/Y       -       B->Y  R     NOR2X1LVT         1  3.2   118   110     835    (-,-) 
  out_sr_reg[1][14]/D -       -     R     DFFHQX1LVT        1    -     -     0     835    (-,-) 
#-----------------------------------------------------------------------------------------------



Path 11: MET (60 ps) Setup Check with Pin out_sr_reg[1][13]/CK->D
          Group: clock
     Startpoint: (R) cnt_reg[0]/CK
          Clock: (R) clock
       Endpoint: (R) out_sr_reg[1][13]/D
          Clock: (R) clock

                     Capture       Launch     
        Clock Edge:+    1000            0     
       Src Latency:+       0            0     
       Net Latency:+       0 (I)        0 (I) 
           Arrival:=    1000            0     
                                              
             Setup:-     106                  
     Required Time:=     894                  
      Launch Clock:-       0                  
         Data Path:-     835                  
             Slack:=      60                  

#-----------------------------------------------------------------------------------------------
#    Timing Point     Flags   Arc   Edge     Cell      Fanout Load Trans Delay Arrival Instance 
#                                                             (fF)  (ps)  (ps)   (ps)  Location 
#-----------------------------------------------------------------------------------------------
  cnt_reg[0]/CK       -       -     R     (arrival)        55    -     0     0       0    (-,-) 
  cnt_reg[0]/Q        -       CK->Q R     DFFHQX1LVT        5 10.9   161   191     191    (-,-) 
  g1873__4733/Y       -       A->Y  F     NAND2X2LVT        1  4.5   107   130     321    (-,-) 
  g1852/Y             -       A->Y  F     BUFX16LVT        40 80.1   103   131     452    (-,-) 
  g1853/Y             -       A->Y  R     CLKINVX12LVT     21 40.0    72    67     519    (-,-) 
  g1763__6417/Y       -       S0->Y F     MX2X1             1  3.3   100   205     725    (-,-) 
  g1747__1705/Y       -       B->Y  R     NOR2X1LVT         1  3.2   118   110     835    (-,-) 
  out_sr_reg[1][13]/D -       -     R     DFFHQX1LVT        1    -     -     0     835    (-,-) 
#-----------------------------------------------------------------------------------------------



Path 12: MET (60 ps) Setup Check with Pin out_sr_reg[1][12]/CK->D
          Group: clock
     Startpoint: (R) cnt_reg[0]/CK
          Clock: (R) clock
       Endpoint: (R) out_sr_reg[1][12]/D
          Clock: (R) clock

                     Capture       Launch     
        Clock Edge:+    1000            0     
       Src Latency:+       0            0     
       Net Latency:+       0 (I)        0 (I) 
           Arrival:=    1000            0     
                                              
             Setup:-     106                  
     Required Time:=     894                  
      Launch Clock:-       0                  
         Data Path:-     835                  
             Slack:=      60                  

#-----------------------------------------------------------------------------------------------
#    Timing Point     Flags   Arc   Edge     Cell      Fanout Load Trans Delay Arrival Instance 
#                                                             (fF)  (ps)  (ps)   (ps)  Location 
#-----------------------------------------------------------------------------------------------
  cnt_reg[0]/CK       -       -     R     (arrival)        55    -     0     0       0    (-,-) 
  cnt_reg[0]/Q        -       CK->Q R     DFFHQX1LVT        5 10.9   161   191     191    (-,-) 
  g1873__4733/Y       -       A->Y  F     NAND2X2LVT        1  4.5   107   130     321    (-,-) 
  g1852/Y             -       A->Y  F     BUFX16LVT        40 80.1   103   131     452    (-,-) 
  g1853/Y             -       A->Y  R     CLKINVX12LVT     21 40.0    72    67     519    (-,-) 
  g1762__7410/Y       -       S0->Y F     MX2X1             1  3.3   100   205     725    (-,-) 
  g1746__2802/Y       -       B->Y  R     NOR2X1LVT         1  3.2   118   110     835    (-,-) 
  out_sr_reg[1][12]/D -       -     R     DFFHQX1LVT        1    -     -     0     835    (-,-) 
#-----------------------------------------------------------------------------------------------



Path 13: MET (60 ps) Setup Check with Pin out_sr_reg[1][11]/CK->D
          Group: clock
     Startpoint: (R) cnt_reg[0]/CK
          Clock: (R) clock
       Endpoint: (R) out_sr_reg[1][11]/D
          Clock: (R) clock

                     Capture       Launch     
        Clock Edge:+    1000            0     
       Src Latency:+       0            0     
       Net Latency:+       0 (I)        0 (I) 
           Arrival:=    1000            0     
                                              
             Setup:-     106                  
     Required Time:=     894                  
      Launch Clock:-       0                  
         Data Path:-     835                  
             Slack:=      60                  

#-----------------------------------------------------------------------------------------------
#    Timing Point     Flags   Arc   Edge     Cell      Fanout Load Trans Delay Arrival Instance 
#                                                             (fF)  (ps)  (ps)   (ps)  Location 
#-----------------------------------------------------------------------------------------------
  cnt_reg[0]/CK       -       -     R     (arrival)        55    -     0     0       0    (-,-) 
  cnt_reg[0]/Q        -       CK->Q R     DFFHQX1LVT        5 10.9   161   191     191    (-,-) 
  g1873__4733/Y       -       A->Y  F     NAND2X2LVT        1  4.5   107   130     321    (-,-) 
  g1852/Y             -       A->Y  F     BUFX16LVT        40 80.1   103   131     452    (-,-) 
  g1853/Y             -       A->Y  R     CLKINVX12LVT     21 40.0    72    67     519    (-,-) 
  g1765__2398/Y       -       S0->Y F     MX2X1             1  3.3   100   205     725    (-,-) 
  g1749__8246/Y       -       B->Y  R     NOR2X1LVT         1  3.2   118   110     835    (-,-) 
  out_sr_reg[1][11]/D -       -     R     DFFHQX1LVT        1    -     -     0     835    (-,-) 
#-----------------------------------------------------------------------------------------------



Path 14: MET (60 ps) Setup Check with Pin out_sr_reg[1][10]/CK->D
          Group: clock
     Startpoint: (R) cnt_reg[0]/CK
          Clock: (R) clock
       Endpoint: (R) out_sr_reg[1][10]/D
          Clock: (R) clock

                     Capture       Launch     
        Clock Edge:+    1000            0     
       Src Latency:+       0            0     
       Net Latency:+       0 (I)        0 (I) 
           Arrival:=    1000            0     
                                              
             Setup:-     106                  
     Required Time:=     894                  
      Launch Clock:-       0                  
         Data Path:-     835                  
             Slack:=      60                  

#-----------------------------------------------------------------------------------------------
#    Timing Point     Flags   Arc   Edge     Cell      Fanout Load Trans Delay Arrival Instance 
#                                                             (fF)  (ps)  (ps)   (ps)  Location 
#-----------------------------------------------------------------------------------------------
  cnt_reg[0]/CK       -       -     R     (arrival)        55    -     0     0       0    (-,-) 
  cnt_reg[0]/Q        -       CK->Q R     DFFHQX1LVT        5 10.9   161   191     191    (-,-) 
  g1873__4733/Y       -       A->Y  F     NAND2X2LVT        1  4.5   107   130     321    (-,-) 
  g1852/Y             -       A->Y  F     BUFX16LVT        40 80.1   103   131     452    (-,-) 
  g1853/Y             -       A->Y  R     CLKINVX12LVT     21 40.0    72    67     519    (-,-) 
  g1760__2346/Y       -       S0->Y F     MX2X1             1  3.3   100   205     725    (-,-) 
  g1744__3680/Y       -       B->Y  R     NOR2X1LVT         1  3.2   118   110     835    (-,-) 
  out_sr_reg[1][10]/D -       -     R     DFFHQX1LVT        1    -     -     0     835    (-,-) 
#-----------------------------------------------------------------------------------------------



Path 15: MET (60 ps) Setup Check with Pin out_sr_reg[1][9]/CK->D
          Group: clock
     Startpoint: (R) cnt_reg[0]/CK
          Clock: (R) clock
       Endpoint: (R) out_sr_reg[1][9]/D
          Clock: (R) clock

                     Capture       Launch     
        Clock Edge:+    1000            0     
       Src Latency:+       0            0     
       Net Latency:+       0 (I)        0 (I) 
           Arrival:=    1000            0     
                                              
             Setup:-     106                  
     Required Time:=     894                  
      Launch Clock:-       0                  
         Data Path:-     835                  
             Slack:=      60                  

#----------------------------------------------------------------------------------------------
#   Timing Point     Flags   Arc   Edge     Cell      Fanout Load Trans Delay Arrival Instance 
#                                                            (fF)  (ps)  (ps)   (ps)  Location 
#----------------------------------------------------------------------------------------------
  cnt_reg[0]/CK      -       -     R     (arrival)        55    -     0     0       0    (-,-) 
  cnt_reg[0]/Q       -       CK->Q R     DFFHQX1LVT        5 10.9   161   191     191    (-,-) 
  g1873__4733/Y      -       A->Y  F     NAND2X2LVT        1  4.5   107   130     321    (-,-) 
  g1852/Y            -       A->Y  F     BUFX16LVT        40 80.1   103   131     452    (-,-) 
  g1853/Y            -       A->Y  R     CLKINVX12LVT     21 40.0    72    67     519    (-,-) 
  g1759__2883/Y      -       S0->Y F     MX2X1             1  3.3   100   205     725    (-,-) 
  g1743__6783/Y      -       B->Y  R     NOR2X1LVT         1  3.2   118   110     835    (-,-) 
  out_sr_reg[1][9]/D -       -     R     DFFHQX1LVT        1    -     -     0     835    (-,-) 
#----------------------------------------------------------------------------------------------



Path 16: MET (60 ps) Setup Check with Pin out_sr_reg[1][8]/CK->D
          Group: clock
     Startpoint: (R) cnt_reg[0]/CK
          Clock: (R) clock
       Endpoint: (R) out_sr_reg[1][8]/D
          Clock: (R) clock

                     Capture       Launch     
        Clock Edge:+    1000            0     
       Src Latency:+       0            0     
       Net Latency:+       0 (I)        0 (I) 
           Arrival:=    1000            0     
                                              
             Setup:-     106                  
     Required Time:=     894                  
      Launch Clock:-       0                  
         Data Path:-     835                  
             Slack:=      60                  

#----------------------------------------------------------------------------------------------
#   Timing Point     Flags   Arc   Edge     Cell      Fanout Load Trans Delay Arrival Instance 
#                                                            (fF)  (ps)  (ps)   (ps)  Location 
#----------------------------------------------------------------------------------------------
  cnt_reg[0]/CK      -       -     R     (arrival)        55    -     0     0       0    (-,-) 
  cnt_reg[0]/Q       -       CK->Q R     DFFHQX1LVT        5 10.9   161   191     191    (-,-) 
  g1873__4733/Y      -       A->Y  F     NAND2X2LVT        1  4.5   107   130     321    (-,-) 
  g1852/Y            -       A->Y  F     BUFX16LVT        40 80.1   103   131     452    (-,-) 
  g1853/Y            -       A->Y  R     CLKINVX12LVT     21 40.0    72    67     519    (-,-) 
  g1758__9945/Y      -       S0->Y F     MX2X1             1  3.3   100   205     725    (-,-) 
  g1742__5526/Y      -       B->Y  R     NOR2X1LVT         1  3.2   118   110     835    (-,-) 
  out_sr_reg[1][8]/D -       -     R     DFFHQX1LVT        1    -     -     0     835    (-,-) 
#----------------------------------------------------------------------------------------------



Path 17: MET (60 ps) Setup Check with Pin out_sr_reg[1][7]/CK->D
          Group: clock
     Startpoint: (R) cnt_reg[0]/CK
          Clock: (R) clock
       Endpoint: (R) out_sr_reg[1][7]/D
          Clock: (R) clock

                     Capture       Launch     
        Clock Edge:+    1000            0     
       Src Latency:+       0            0     
       Net Latency:+       0 (I)        0 (I) 
           Arrival:=    1000            0     
                                              
             Setup:-     106                  
     Required Time:=     894                  
      Launch Clock:-       0                  
         Data Path:-     835                  
             Slack:=      60                  

#----------------------------------------------------------------------------------------------
#   Timing Point     Flags   Arc   Edge     Cell      Fanout Load Trans Delay Arrival Instance 
#                                                            (fF)  (ps)  (ps)   (ps)  Location 
#----------------------------------------------------------------------------------------------
  cnt_reg[0]/CK      -       -     R     (arrival)        55    -     0     0       0    (-,-) 
  cnt_reg[0]/Q       -       CK->Q R     DFFHQX1LVT        5 10.9   161   191     191    (-,-) 
  g1873__4733/Y      -       A->Y  F     NAND2X2LVT        1  4.5   107   130     321    (-,-) 
  g1852/Y            -       A->Y  F     BUFX16LVT        40 80.1   103   131     452    (-,-) 
  g1853/Y            -       A->Y  R     CLKINVX12LVT     21 40.0    72    67     519    (-,-) 
  g1753__5115/Y      -       S0->Y F     MX2X1             1  3.3   100   205     725    (-,-) 
  g1737__2398/Y      -       B->Y  R     NOR2X1LVT         1  3.2   118   110     835    (-,-) 
  out_sr_reg[1][7]/D -       -     R     DFFHQX1LVT        1    -     -     0     835    (-,-) 
#----------------------------------------------------------------------------------------------



Path 18: MET (69 ps) Setup Check with Pin out_sr_reg[0][15]/CK->D
          Group: clock
     Startpoint: (R) cnt_reg[0]/CK
          Clock: (R) clock
       Endpoint: (R) out_sr_reg[0][15]/D
          Clock: (R) clock

                     Capture       Launch     
        Clock Edge:+    1000            0     
       Src Latency:+       0            0     
       Net Latency:+       0 (I)        0 (I) 
           Arrival:=    1000            0     
                                              
             Setup:-     126                  
     Required Time:=     874                  
      Launch Clock:-       0                  
         Data Path:-     805                  
             Slack:=      69                  

#---------------------------------------------------------------------------------------------
#    Timing Point     Flags   Arc   Edge    Cell     Fanout Load Trans Delay Arrival Instance 
#                                                           (fF)  (ps)  (ps)   (ps)  Location 
#---------------------------------------------------------------------------------------------
  cnt_reg[0]/CK       -       -     R     (arrival)      55    -     0     0       0    (-,-) 
  cnt_reg[0]/Q        -       CK->Q R     DFFHQX1LVT      5 10.9   161   191     191    (-,-) 
  g1873__4733/Y       -       A->Y  F     NAND2X2LVT      1  4.5   107   130     321    (-,-) 
  g1852/Y             -       A->Y  F     BUFX16LVT      40 80.1   103   131     452    (-,-) 
  g1592__7410/Y       -       B->Y  R     NOR2BX1LVT      1  3.8   135   121     574    (-,-) 
  g1472__1666/Y       -       B0->Y F     AOI21X2LVT      1  3.2    90    81     655    (-,-) 
  g1403__1617/Y       -       B->Y  R     NOR2X1          1  3.2   172   150     805    (-,-) 
  out_sr_reg[0][15]/D -       -     R     DFFHQX1LVT      1    -     -     0     805    (-,-) 
#---------------------------------------------------------------------------------------------



Path 19: MET (69 ps) Setup Check with Pin out_sr_reg[0][14]/CK->D
          Group: clock
     Startpoint: (R) cnt_reg[0]/CK
          Clock: (R) clock
       Endpoint: (R) out_sr_reg[0][14]/D
          Clock: (R) clock

                     Capture       Launch     
        Clock Edge:+    1000            0     
       Src Latency:+       0            0     
       Net Latency:+       0 (I)        0 (I) 
           Arrival:=    1000            0     
                                              
             Setup:-     126                  
     Required Time:=     874                  
      Launch Clock:-       0                  
         Data Path:-     805                  
             Slack:=      69                  

#---------------------------------------------------------------------------------------------
#    Timing Point     Flags   Arc   Edge    Cell     Fanout Load Trans Delay Arrival Instance 
#                                                           (fF)  (ps)  (ps)   (ps)  Location 
#---------------------------------------------------------------------------------------------
  cnt_reg[0]/CK       -       -     R     (arrival)      55    -     0     0       0    (-,-) 
  cnt_reg[0]/Q        -       CK->Q R     DFFHQX1LVT      5 10.9   161   191     191    (-,-) 
  g1873__4733/Y       -       A->Y  F     NAND2X2LVT      1  4.5   107   130     321    (-,-) 
  g1852/Y             -       A->Y  F     BUFX16LVT      40 80.1   103   131     452    (-,-) 
  g1591__1666/Y       -       B->Y  R     NOR2BX1LVT      1  3.8   135   121     574    (-,-) 
  g1471__2346/Y       -       B0->Y F     AOI21X2LVT      1  3.2    90    81     655    (-,-) 
  g1402__3680/Y       -       B->Y  R     NOR2X1          1  3.2   172   150     805    (-,-) 
  out_sr_reg[0][14]/D -       -     R     DFFHQX1LVT      1    -     -     0     805    (-,-) 
#---------------------------------------------------------------------------------------------



Path 20: MET (69 ps) Setup Check with Pin out_sr_reg[0][13]/CK->D
          Group: clock
     Startpoint: (R) cnt_reg[0]/CK
          Clock: (R) clock
       Endpoint: (R) out_sr_reg[0][13]/D
          Clock: (R) clock

                     Capture       Launch     
        Clock Edge:+    1000            0     
       Src Latency:+       0            0     
       Net Latency:+       0 (I)        0 (I) 
           Arrival:=    1000            0     
                                              
             Setup:-     126                  
     Required Time:=     874                  
      Launch Clock:-       0                  
         Data Path:-     805                  
             Slack:=      69                  

#---------------------------------------------------------------------------------------------
#    Timing Point     Flags   Arc   Edge    Cell     Fanout Load Trans Delay Arrival Instance 
#                                                           (fF)  (ps)  (ps)   (ps)  Location 
#---------------------------------------------------------------------------------------------
  cnt_reg[0]/CK       -       -     R     (arrival)      55    -     0     0       0    (-,-) 
  cnt_reg[0]/Q        -       CK->Q R     DFFHQX1LVT      5 10.9   161   191     191    (-,-) 
  g1873__4733/Y       -       A->Y  F     NAND2X2LVT      1  4.5   107   130     321    (-,-) 
  g1852/Y             -       A->Y  F     BUFX16LVT      40 80.1   103   131     452    (-,-) 
  g1590__2346/Y       -       B->Y  R     NOR2BX1LVT      1  3.8   135   121     574    (-,-) 
  g1470__2883/Y       -       B0->Y F     AOI21X2LVT      1  3.2    90    81     655    (-,-) 
  g1401__6783/Y       -       B->Y  R     NOR2X1          1  3.2   172   150     805    (-,-) 
  out_sr_reg[0][13]/D -       -     R     DFFHQX1LVT      1    -     -     0     805    (-,-) 
#---------------------------------------------------------------------------------------------



Path 21: MET (77 ps) Setup Check with Pin out_sr_reg[0][4]/CK->D
          Group: clock
     Startpoint: (R) cnt_reg[0]/CK
          Clock: (R) clock
       Endpoint: (R) out_sr_reg[0][4]/D
          Clock: (R) clock

                     Capture       Launch     
        Clock Edge:+    1000            0     
       Src Latency:+       0            0     
       Net Latency:+       0 (I)        0 (I) 
           Arrival:=    1000            0     
                                              
             Setup:-     112                  
     Required Time:=     888                  
      Launch Clock:-       0                  
         Data Path:-     811                  
             Slack:=      77                  

#--------------------------------------------------------------------------------------------
#   Timing Point     Flags   Arc   Edge    Cell     Fanout Load Trans Delay Arrival Instance 
#                                                          (fF)  (ps)  (ps)   (ps)  Location 
#--------------------------------------------------------------------------------------------
  cnt_reg[0]/CK      -       -     R     (arrival)      55    -     0     0       0    (-,-) 
  cnt_reg[0]/Q       -       CK->Q R     DFFHQX1LVT      5 10.9   161   191     191    (-,-) 
  g1873__4733/Y      -       A->Y  F     NAND2X2LVT      1  4.5   107   130     321    (-,-) 
  g1852/Y            -       A->Y  F     BUFX16LVT      40 80.1   103   131     452    (-,-) 
  g1461__7098/Y      -       S0->Y F     MXI2XLLVT       1  3.3   246   184     637    (-,-) 
  g1393__6417/Y      -       B->Y  R     NOR2X1LVT       1  3.2   134   174     811    (-,-) 
  out_sr_reg[0][4]/D -       -     R     DFFHQX1LVT      1    -     -     0     811    (-,-) 
#--------------------------------------------------------------------------------------------



Path 22: MET (77 ps) Setup Check with Pin out_sr_reg[0][3]/CK->D
          Group: clock
     Startpoint: (R) cnt_reg[0]/CK
          Clock: (R) clock
       Endpoint: (R) out_sr_reg[0][3]/D
          Clock: (R) clock

                     Capture       Launch     
        Clock Edge:+    1000            0     
       Src Latency:+       0            0     
       Net Latency:+       0 (I)        0 (I) 
           Arrival:=    1000            0     
                                              
             Setup:-     112                  
     Required Time:=     888                  
      Launch Clock:-       0                  
         Data Path:-     811                  
             Slack:=      77                  

#--------------------------------------------------------------------------------------------
#   Timing Point     Flags   Arc   Edge    Cell     Fanout Load Trans Delay Arrival Instance 
#                                                          (fF)  (ps)  (ps)   (ps)  Location 
#--------------------------------------------------------------------------------------------
  cnt_reg[0]/CK      -       -     R     (arrival)      55    -     0     0       0    (-,-) 
  cnt_reg[0]/Q       -       CK->Q R     DFFHQX1LVT      5 10.9   161   191     191    (-,-) 
  g1873__4733/Y      -       A->Y  F     NAND2X2LVT      1  4.5   107   130     321    (-,-) 
  g1852/Y            -       A->Y  F     BUFX16LVT      40 80.1   103   131     452    (-,-) 
  g1460__8246/Y      -       S0->Y F     MXI2XLLVT       1  3.3   246   184     637    (-,-) 
  g1391__1666/Y      -       B->Y  R     NOR2X1LVT       1  3.2   134   174     811    (-,-) 
  out_sr_reg[0][3]/D -       -     R     DFFHQX1LVT      1    -     -     0     811    (-,-) 
#--------------------------------------------------------------------------------------------



Path 23: MET (77 ps) Setup Check with Pin out_sr_reg[0][2]/CK->D
          Group: clock
     Startpoint: (R) cnt_reg[0]/CK
          Clock: (R) clock
       Endpoint: (R) out_sr_reg[0][2]/D
          Clock: (R) clock

                     Capture       Launch     
        Clock Edge:+    1000            0     
       Src Latency:+       0            0     
       Net Latency:+       0 (I)        0 (I) 
           Arrival:=    1000            0     
                                              
             Setup:-     112                  
     Required Time:=     888                  
      Launch Clock:-       0                  
         Data Path:-     811                  
             Slack:=      77                  

#--------------------------------------------------------------------------------------------
#   Timing Point     Flags   Arc   Edge    Cell     Fanout Load Trans Delay Arrival Instance 
#                                                          (fF)  (ps)  (ps)   (ps)  Location 
#--------------------------------------------------------------------------------------------
  cnt_reg[0]/CK      -       -     R     (arrival)      55    -     0     0       0    (-,-) 
  cnt_reg[0]/Q       -       CK->Q R     DFFHQX1LVT      5 10.9   161   191     191    (-,-) 
  g1873__4733/Y      -       A->Y  F     NAND2X2LVT      1  4.5   107   130     321    (-,-) 
  g1852/Y            -       A->Y  F     BUFX16LVT      40 80.1   103   131     452    (-,-) 
  g1459__5122/Y      -       S0->Y F     MXI2XLLVT       1  3.3   246   184     637    (-,-) 
  g1390__2346/Y      -       B->Y  R     NOR2X1LVT       1  3.2   134   174     811    (-,-) 
  out_sr_reg[0][2]/D -       -     R     DFFHQX1LVT      1    -     -     0     811    (-,-) 
#--------------------------------------------------------------------------------------------



Path 24: MET (77 ps) Setup Check with Pin out_sr_reg[0][1]/CK->D
          Group: clock
     Startpoint: (R) cnt_reg[0]/CK
          Clock: (R) clock
       Endpoint: (R) out_sr_reg[0][1]/D
          Clock: (R) clock

                     Capture       Launch     
        Clock Edge:+    1000            0     
       Src Latency:+       0            0     
       Net Latency:+       0 (I)        0 (I) 
           Arrival:=    1000            0     
                                              
             Setup:-     112                  
     Required Time:=     888                  
      Launch Clock:-       0                  
         Data Path:-     811                  
             Slack:=      77                  

#--------------------------------------------------------------------------------------------
#   Timing Point     Flags   Arc   Edge    Cell     Fanout Load Trans Delay Arrival Instance 
#                                                          (fF)  (ps)  (ps)   (ps)  Location 
#--------------------------------------------------------------------------------------------
  cnt_reg[0]/CK      -       -     R     (arrival)      55    -     0     0       0    (-,-) 
  cnt_reg[0]/Q       -       CK->Q R     DFFHQX1LVT      5 10.9   161   191     191    (-,-) 
  g1873__4733/Y      -       A->Y  F     NAND2X2LVT      1  4.5   107   130     321    (-,-) 
  g1852/Y            -       A->Y  F     BUFX16LVT      40 80.1   103   131     452    (-,-) 
  g1458__1705/Y      -       S0->Y F     MXI2XLLVT       1  3.3   246   184     637    (-,-) 
  g1389__2883/Y      -       B->Y  R     NOR2X1LVT       1  3.2   134   174     811    (-,-) 
  out_sr_reg[0][1]/D -       -     R     DFFHQX1LVT      1    -     -     0     811    (-,-) 
#--------------------------------------------------------------------------------------------



Path 25: MET (77 ps) Setup Check with Pin out_sr_reg[0][0]/CK->D
          Group: clock
     Startpoint: (R) cnt_reg[0]/CK
          Clock: (R) clock
       Endpoint: (R) out_sr_reg[0][0]/D
          Clock: (R) clock

                     Capture       Launch     
        Clock Edge:+    1000            0     
       Src Latency:+       0            0     
       Net Latency:+       0 (I)        0 (I) 
           Arrival:=    1000            0     
                                              
             Setup:-     112                  
     Required Time:=     888                  
      Launch Clock:-       0                  
         Data Path:-     811                  
             Slack:=      77                  

#--------------------------------------------------------------------------------------------
#   Timing Point     Flags   Arc   Edge    Cell     Fanout Load Trans Delay Arrival Instance 
#                                                          (fF)  (ps)  (ps)   (ps)  Location 
#--------------------------------------------------------------------------------------------
  cnt_reg[0]/CK      -       -     R     (arrival)      55    -     0     0       0    (-,-) 
  cnt_reg[0]/Q       -       CK->Q R     DFFHQX1LVT      5 10.9   161   191     191    (-,-) 
  g1873__4733/Y      -       A->Y  F     NAND2X2LVT      1  4.5   107   130     321    (-,-) 
  g1852/Y            -       A->Y  F     BUFX16LVT      40 80.1   103   131     452    (-,-) 
  g1457__2802/Y      -       S0->Y F     MXI2XLLVT       1  3.3   246   184     637    (-,-) 
  g1392__7410/Y      -       B->Y  R     NOR2X1LVT       1  3.2   134   174     811    (-,-) 
  out_sr_reg[0][0]/D -       -     R     DFFHQX1LVT      1    -     -     0     811    (-,-) 
#--------------------------------------------------------------------------------------------



Path 26: MET (77 ps) Setup Check with Pin out_sr_reg[2][5]/CK->D
          Group: clock
     Startpoint: (R) cnt_reg[0]/CK
          Clock: (R) clock
       Endpoint: (R) out_sr_reg[2][5]/D
          Clock: (R) clock

                     Capture       Launch     
        Clock Edge:+    1000            0     
       Src Latency:+       0            0     
       Net Latency:+       0 (I)        0 (I) 
           Arrival:=    1000            0     
                                              
             Setup:-     112                  
     Required Time:=     888                  
      Launch Clock:-       0                  
         Data Path:-     811                  
             Slack:=      77                  

#--------------------------------------------------------------------------------------------
#   Timing Point     Flags   Arc   Edge    Cell     Fanout Load Trans Delay Arrival Instance 
#                                                          (fF)  (ps)  (ps)   (ps)  Location 
#--------------------------------------------------------------------------------------------
  cnt_reg[0]/CK      -       -     R     (arrival)      55    -     0     0       0    (-,-) 
  cnt_reg[0]/Q       -       CK->Q R     DFFHQX1LVT      5 10.9   161   191     191    (-,-) 
  g1873__4733/Y      -       A->Y  F     NAND2X2LVT      1  4.5   107   130     321    (-,-) 
  g1852/Y            -       A->Y  F     BUFX16LVT      40 80.1   103   131     452    (-,-) 
  g1813__8428/Y      -       S0->Y F     MXI2XLLVT       1  3.3   246   184     637    (-,-) 
  g1797__5115/Y      -       B->Y  R     NOR2X1LVT       1  3.2   134   174     811    (-,-) 
  out_sr_reg[2][5]/D -       -     R     DFFHQX1LVT      1    -     -     0     811    (-,-) 
#--------------------------------------------------------------------------------------------



Path 27: MET (77 ps) Setup Check with Pin out_sr_reg[2][4]/CK->D
          Group: clock
     Startpoint: (R) cnt_reg[0]/CK
          Clock: (R) clock
       Endpoint: (R) out_sr_reg[2][4]/D
          Clock: (R) clock

                     Capture       Launch     
        Clock Edge:+    1000            0     
       Src Latency:+       0            0     
       Net Latency:+       0 (I)        0 (I) 
           Arrival:=    1000            0     
                                              
             Setup:-     112                  
     Required Time:=     888                  
      Launch Clock:-       0                  
         Data Path:-     811                  
             Slack:=      77                  

#--------------------------------------------------------------------------------------------
#   Timing Point     Flags   Arc   Edge    Cell     Fanout Load Trans Delay Arrival Instance 
#                                                          (fF)  (ps)  (ps)   (ps)  Location 
#--------------------------------------------------------------------------------------------
  cnt_reg[0]/CK      -       -     R     (arrival)      55    -     0     0       0    (-,-) 
  cnt_reg[0]/Q       -       CK->Q R     DFFHQX1LVT      5 10.9   161   191     191    (-,-) 
  g1873__4733/Y      -       A->Y  F     NAND2X2LVT      1  4.5   107   130     321    (-,-) 
  g1852/Y            -       A->Y  F     BUFX16LVT      40 80.1   103   131     452    (-,-) 
  g1808__5477/Y      -       S0->Y F     MXI2XLLVT       1  3.3   246   184     637    (-,-) 
  g1792__5122/Y      -       B->Y  R     NOR2X1LVT       1  3.2   134   174     811    (-,-) 
  out_sr_reg[2][4]/D -       -     R     DFFHQX1LVT      1    -     -     0     811    (-,-) 
#--------------------------------------------------------------------------------------------



Path 28: MET (77 ps) Setup Check with Pin out_sr_reg[2][3]/CK->D
          Group: clock
     Startpoint: (R) cnt_reg[0]/CK
          Clock: (R) clock
       Endpoint: (R) out_sr_reg[2][3]/D
          Clock: (R) clock

                     Capture       Launch     
        Clock Edge:+    1000            0     
       Src Latency:+       0            0     
       Net Latency:+       0 (I)        0 (I) 
           Arrival:=    1000            0     
                                              
             Setup:-     112                  
     Required Time:=     888                  
      Launch Clock:-       0                  
         Data Path:-     811                  
             Slack:=      77                  

#--------------------------------------------------------------------------------------------
#   Timing Point     Flags   Arc   Edge    Cell     Fanout Load Trans Delay Arrival Instance 
#                                                          (fF)  (ps)  (ps)   (ps)  Location 
#--------------------------------------------------------------------------------------------
  cnt_reg[0]/CK      -       -     R     (arrival)      55    -     0     0       0    (-,-) 
  cnt_reg[0]/Q       -       CK->Q R     DFFHQX1LVT      5 10.9   161   191     191    (-,-) 
  g1873__4733/Y      -       A->Y  F     NAND2X2LVT      1  4.5   107   130     321    (-,-) 
  g1852/Y            -       A->Y  F     BUFX16LVT      40 80.1   103   131     452    (-,-) 
  g1807__6417/Y      -       S0->Y F     MXI2XLLVT       1  3.3   246   184     637    (-,-) 
  g1791__1705/Y      -       B->Y  R     NOR2X1LVT       1  3.2   134   174     811    (-,-) 
  out_sr_reg[2][3]/D -       -     R     DFFHQX1LVT      1    -     -     0     811    (-,-) 
#--------------------------------------------------------------------------------------------



Path 29: MET (77 ps) Setup Check with Pin out_sr_reg[2][2]/CK->D
          Group: clock
     Startpoint: (R) cnt_reg[0]/CK
          Clock: (R) clock
       Endpoint: (R) out_sr_reg[2][2]/D
          Clock: (R) clock

                     Capture       Launch     
        Clock Edge:+    1000            0     
       Src Latency:+       0            0     
       Net Latency:+       0 (I)        0 (I) 
           Arrival:=    1000            0     
                                              
             Setup:-     112                  
     Required Time:=     888                  
      Launch Clock:-       0                  
         Data Path:-     811                  
             Slack:=      77                  

#--------------------------------------------------------------------------------------------
#   Timing Point     Flags   Arc   Edge    Cell     Fanout Load Trans Delay Arrival Instance 
#                                                          (fF)  (ps)  (ps)   (ps)  Location 
#--------------------------------------------------------------------------------------------
  cnt_reg[0]/CK      -       -     R     (arrival)      55    -     0     0       0    (-,-) 
  cnt_reg[0]/Q       -       CK->Q R     DFFHQX1LVT      5 10.9   161   191     191    (-,-) 
  g1873__4733/Y      -       A->Y  F     NAND2X2LVT      1  4.5   107   130     321    (-,-) 
  g1852/Y            -       A->Y  F     BUFX16LVT      40 80.1   103   131     452    (-,-) 
  g1806__7410/Y      -       S0->Y F     MXI2XLLVT       1  3.3   246   184     637    (-,-) 
  g1790__2802/Y      -       B->Y  R     NOR2X1LVT       1  3.2   134   174     811    (-,-) 
  out_sr_reg[2][2]/D -       -     R     DFFHQX1LVT      1    -     -     0     811    (-,-) 
#--------------------------------------------------------------------------------------------



Path 30: MET (77 ps) Setup Check with Pin out_sr_reg[2][1]/CK->D
          Group: clock
     Startpoint: (R) cnt_reg[0]/CK
          Clock: (R) clock
       Endpoint: (R) out_sr_reg[2][1]/D
          Clock: (R) clock

                     Capture       Launch     
        Clock Edge:+    1000            0     
       Src Latency:+       0            0     
       Net Latency:+       0 (I)        0 (I) 
           Arrival:=    1000            0     
                                              
             Setup:-     112                  
     Required Time:=     888                  
      Launch Clock:-       0                  
         Data Path:-     811                  
             Slack:=      77                  

#--------------------------------------------------------------------------------------------
#   Timing Point     Flags   Arc   Edge    Cell     Fanout Load Trans Delay Arrival Instance 
#                                                          (fF)  (ps)  (ps)   (ps)  Location 
#--------------------------------------------------------------------------------------------
  cnt_reg[0]/CK      -       -     R     (arrival)      55    -     0     0       0    (-,-) 
  cnt_reg[0]/Q       -       CK->Q R     DFFHQX1LVT      5 10.9   161   191     191    (-,-) 
  g1873__4733/Y      -       A->Y  F     NAND2X2LVT      1  4.5   107   130     321    (-,-) 
  g1852/Y            -       A->Y  F     BUFX16LVT      40 80.1   103   131     452    (-,-) 
  g1801__9315/Y      -       S0->Y F     MXI2XLLVT       1  3.3   246   184     637    (-,-) 
  g1785__8428/Y      -       B->Y  R     NOR2X1LVT       1  3.2   134   174     811    (-,-) 
  out_sr_reg[2][1]/D -       -     R     DFFHQX1LVT      1    -     -     0     811    (-,-) 
#--------------------------------------------------------------------------------------------



Path 31: MET (77 ps) Setup Check with Pin out_sr_reg[2][0]/CK->D
          Group: clock
     Startpoint: (R) cnt_reg[0]/CK
          Clock: (R) clock
       Endpoint: (R) out_sr_reg[2][0]/D
          Clock: (R) clock

                     Capture       Launch     
        Clock Edge:+    1000            0     
       Src Latency:+       0            0     
       Net Latency:+       0 (I)        0 (I) 
           Arrival:=    1000            0     
                                              
             Setup:-     112                  
     Required Time:=     888                  
      Launch Clock:-       0                  
         Data Path:-     811                  
             Slack:=      77                  

#--------------------------------------------------------------------------------------------
#   Timing Point     Flags   Arc   Edge    Cell     Fanout Load Trans Delay Arrival Instance 
#                                                          (fF)  (ps)  (ps)   (ps)  Location 
#--------------------------------------------------------------------------------------------
  cnt_reg[0]/CK      -       -     R     (arrival)      55    -     0     0       0    (-,-) 
  cnt_reg[0]/Q       -       CK->Q R     DFFHQX1LVT      5 10.9   161   191     191    (-,-) 
  g1873__4733/Y      -       A->Y  F     NAND2X2LVT      1  4.5   107   130     321    (-,-) 
  g1852/Y            -       A->Y  F     BUFX16LVT      40 80.1   103   131     452    (-,-) 
  g1804__2346/Y      -       S0->Y F     MXI2XLLVT       1  3.3   246   184     637    (-,-) 
  g1788__3680/Y      -       B->Y  R     NOR2X1LVT       1  3.2   134   174     811    (-,-) 
  out_sr_reg[2][0]/D -       -     R     DFFHQX1LVT      1    -     -     0     811    (-,-) 
#--------------------------------------------------------------------------------------------



Path 32: MET (77 ps) Setup Check with Pin out_sr_reg[1][5]/CK->D
          Group: clock
     Startpoint: (R) cnt_reg[0]/CK
          Clock: (R) clock
       Endpoint: (R) out_sr_reg[1][5]/D
          Clock: (R) clock

                     Capture       Launch     
        Clock Edge:+    1000            0     
       Src Latency:+       0            0     
       Net Latency:+       0 (I)        0 (I) 
           Arrival:=    1000            0     
                                              
             Setup:-     112                  
     Required Time:=     888                  
      Launch Clock:-       0                  
         Data Path:-     811                  
             Slack:=      77                  

#--------------------------------------------------------------------------------------------
#   Timing Point     Flags   Arc   Edge    Cell     Fanout Load Trans Delay Arrival Instance 
#                                                          (fF)  (ps)  (ps)   (ps)  Location 
#--------------------------------------------------------------------------------------------
  cnt_reg[0]/CK      -       -     R     (arrival)      55    -     0     0       0    (-,-) 
  cnt_reg[0]/Q       -       CK->Q R     DFFHQX1LVT      5 10.9   161   191     191    (-,-) 
  g1873__4733/Y      -       A->Y  F     NAND2X2LVT      1  4.5   107   130     321    (-,-) 
  g1852/Y            -       A->Y  F     BUFX16LVT      40 80.1   103   131     452    (-,-) 
  g1755__4733/Y      -       S0->Y F     MXI2XLLVT       1  3.3   246   184     637    (-,-) 
  g1739__6260/Y      -       B->Y  R     NOR2X1LVT       1  3.2   134   174     811    (-,-) 
  out_sr_reg[1][5]/D -       -     R     DFFHQX1LVT      1    -     -     0     811    (-,-) 
#--------------------------------------------------------------------------------------------



Path 33: MET (77 ps) Setup Check with Pin out_sr_reg[1][4]/CK->D
          Group: clock
     Startpoint: (R) cnt_reg[0]/CK
          Clock: (R) clock
       Endpoint: (R) out_sr_reg[1][4]/D
          Clock: (R) clock

                     Capture       Launch     
        Clock Edge:+    1000            0     
       Src Latency:+       0            0     
       Net Latency:+       0 (I)        0 (I) 
           Arrival:=    1000            0     
                                              
             Setup:-     112                  
     Required Time:=     888                  
      Launch Clock:-       0                  
         Data Path:-     811                  
             Slack:=      77                  

#--------------------------------------------------------------------------------------------
#   Timing Point     Flags   Arc   Edge    Cell     Fanout Load Trans Delay Arrival Instance 
#                                                          (fF)  (ps)  (ps)   (ps)  Location 
#--------------------------------------------------------------------------------------------
  cnt_reg[0]/CK      -       -     R     (arrival)      55    -     0     0       0    (-,-) 
  cnt_reg[0]/Q       -       CK->Q R     DFFHQX1LVT      5 10.9   161   191     191    (-,-) 
  g1873__4733/Y      -       A->Y  F     NAND2X2LVT      1  4.5   107   130     321    (-,-) 
  g1852/Y            -       A->Y  F     BUFX16LVT      40 80.1   103   131     452    (-,-) 
  g1754__7482/Y      -       S0->Y F     MXI2XLLVT       1  3.3   246   184     637    (-,-) 
  g1738__5107/Y      -       B->Y  R     NOR2X1LVT       1  3.2   134   174     811    (-,-) 
  out_sr_reg[1][4]/D -       -     R     DFFHQX1LVT      1    -     -     0     811    (-,-) 
#--------------------------------------------------------------------------------------------



Path 34: MET (77 ps) Setup Check with Pin out_sr_reg[1][3]/CK->D
          Group: clock
     Startpoint: (R) cnt_reg[0]/CK
          Clock: (R) clock
       Endpoint: (R) out_sr_reg[1][3]/D
          Clock: (R) clock

                     Capture       Launch     
        Clock Edge:+    1000            0     
       Src Latency:+       0            0     
       Net Latency:+       0 (I)        0 (I) 
           Arrival:=    1000            0     
                                              
             Setup:-     112                  
     Required Time:=     888                  
      Launch Clock:-       0                  
         Data Path:-     811                  
             Slack:=      77                  

#--------------------------------------------------------------------------------------------
#   Timing Point     Flags   Arc   Edge    Cell     Fanout Load Trans Delay Arrival Instance 
#                                                          (fF)  (ps)  (ps)   (ps)  Location 
#--------------------------------------------------------------------------------------------
  cnt_reg[0]/CK      -       -     R     (arrival)      55    -     0     0       0    (-,-) 
  cnt_reg[0]/Q       -       CK->Q R     DFFHQX1LVT      5 10.9   161   191     191    (-,-) 
  g1873__4733/Y      -       A->Y  F     NAND2X2LVT      1  4.5   107   130     321    (-,-) 
  g1852/Y            -       A->Y  F     BUFX16LVT      40 80.1   103   131     452    (-,-) 
  g1757__9315/Y      -       S0->Y F     MXI2XLLVT       1  3.3   246   184     637    (-,-) 
  g1741__8428/Y      -       B->Y  R     NOR2X1LVT       1  3.2   134   174     811    (-,-) 
  out_sr_reg[1][3]/D -       -     R     DFFHQX1LVT      1    -     -     0     811    (-,-) 
#--------------------------------------------------------------------------------------------



Path 35: MET (77 ps) Setup Check with Pin out_sr_reg[1][2]/CK->D
          Group: clock
     Startpoint: (R) cnt_reg[0]/CK
          Clock: (R) clock
       Endpoint: (R) out_sr_reg[1][2]/D
          Clock: (R) clock

                     Capture       Launch     
        Clock Edge:+    1000            0     
       Src Latency:+       0            0     
       Net Latency:+       0 (I)        0 (I) 
           Arrival:=    1000            0     
                                              
             Setup:-     112                  
     Required Time:=     888                  
      Launch Clock:-       0                  
         Data Path:-     811                  
             Slack:=      77                  

#--------------------------------------------------------------------------------------------
#   Timing Point     Flags   Arc   Edge    Cell     Fanout Load Trans Delay Arrival Instance 
#                                                          (fF)  (ps)  (ps)   (ps)  Location 
#--------------------------------------------------------------------------------------------
  cnt_reg[0]/CK      -       -     R     (arrival)      55    -     0     0       0    (-,-) 
  cnt_reg[0]/Q       -       CK->Q R     DFFHQX1LVT      5 10.9   161   191     191    (-,-) 
  g1873__4733/Y      -       A->Y  F     NAND2X2LVT      1  4.5   107   130     321    (-,-) 
  g1852/Y            -       A->Y  F     BUFX16LVT      40 80.1   103   131     452    (-,-) 
  g1768__4319/Y      -       S0->Y F     MXI2XLLVT       1  3.3   246   184     637    (-,-) 
  g1752__1881/Y      -       B->Y  R     NOR2X1LVT       1  3.2   134   174     811    (-,-) 
  out_sr_reg[1][2]/D -       -     R     DFFHQX1LVT      1    -     -     0     811    (-,-) 
#--------------------------------------------------------------------------------------------



Path 36: MET (77 ps) Setup Check with Pin out_sr_reg[1][1]/CK->D
          Group: clock
     Startpoint: (R) cnt_reg[0]/CK
          Clock: (R) clock
       Endpoint: (R) out_sr_reg[1][1]/D
          Clock: (R) clock

                     Capture       Launch     
        Clock Edge:+    1000            0     
       Src Latency:+       0            0     
       Net Latency:+       0 (I)        0 (I) 
           Arrival:=    1000            0     
                                              
             Setup:-     112                  
     Required Time:=     888                  
      Launch Clock:-       0                  
         Data Path:-     811                  
             Slack:=      77                  

#--------------------------------------------------------------------------------------------
#   Timing Point     Flags   Arc   Edge    Cell     Fanout Load Trans Delay Arrival Instance 
#                                                          (fF)  (ps)  (ps)   (ps)  Location 
#--------------------------------------------------------------------------------------------
  cnt_reg[0]/CK      -       -     R     (arrival)      55    -     0     0       0    (-,-) 
  cnt_reg[0]/Q       -       CK->Q R     DFFHQX1LVT      5 10.9   161   191     191    (-,-) 
  g1873__4733/Y      -       A->Y  F     NAND2X2LVT      1  4.5   107   130     321    (-,-) 
  g1852/Y            -       A->Y  F     BUFX16LVT      40 80.1   103   131     452    (-,-) 
  g1767__6260/Y      -       S0->Y F     MXI2XLLVT       1  3.3   246   184     637    (-,-) 
  g1751__6131/Y      -       B->Y  R     NOR2X1LVT       1  3.2   134   174     811    (-,-) 
  out_sr_reg[1][1]/D -       -     R     DFFHQX1LVT      1    -     -     0     811    (-,-) 
#--------------------------------------------------------------------------------------------



Path 37: MET (77 ps) Setup Check with Pin out_sr_reg[1][0]/CK->D
          Group: clock
     Startpoint: (R) cnt_reg[0]/CK
          Clock: (R) clock
       Endpoint: (R) out_sr_reg[1][0]/D
          Clock: (R) clock

                     Capture       Launch     
        Clock Edge:+    1000            0     
       Src Latency:+       0            0     
       Net Latency:+       0 (I)        0 (I) 
           Arrival:=    1000            0     
                                              
             Setup:-     112                  
     Required Time:=     888                  
      Launch Clock:-       0                  
         Data Path:-     811                  
             Slack:=      77                  

#--------------------------------------------------------------------------------------------
#   Timing Point     Flags   Arc   Edge    Cell     Fanout Load Trans Delay Arrival Instance 
#                                                          (fF)  (ps)  (ps)   (ps)  Location 
#--------------------------------------------------------------------------------------------
  cnt_reg[0]/CK      -       -     R     (arrival)      55    -     0     0       0    (-,-) 
  cnt_reg[0]/Q       -       CK->Q R     DFFHQX1LVT      5 10.9   161   191     191    (-,-) 
  g1873__4733/Y      -       A->Y  F     NAND2X2LVT      1  4.5   107   130     321    (-,-) 
  g1852/Y            -       A->Y  F     BUFX16LVT      40 80.1   103   131     452    (-,-) 
  g1766__5107/Y      -       S0->Y F     MXI2XLLVT       1  3.3   246   184     637    (-,-) 
  g1750__7098/Y      -       B->Y  R     NOR2X1LVT       1  3.2   134   174     811    (-,-) 
  out_sr_reg[1][0]/D -       -     R     DFFHQX1LVT      1    -     -     0     811    (-,-) 
#--------------------------------------------------------------------------------------------



Path 38: MET (101 ps) Setup Check with Pin out_sr_reg[0][12]/CK->D
          Group: clock
     Startpoint: (R) cnt_reg[0]/CK
          Clock: (R) clock
       Endpoint: (R) out_sr_reg[0][12]/D
          Clock: (R) clock

                     Capture       Launch     
        Clock Edge:+    1000            0     
       Src Latency:+       0            0     
       Net Latency:+       0 (I)        0 (I) 
           Arrival:=    1000            0     
                                              
             Setup:-     108                  
     Required Time:=     892                  
      Launch Clock:-       0                  
         Data Path:-     792                  
             Slack:=     101                  

#---------------------------------------------------------------------------------------------
#    Timing Point     Flags   Arc   Edge    Cell     Fanout Load Trans Delay Arrival Instance 
#                                                           (fF)  (ps)  (ps)   (ps)  Location 
#---------------------------------------------------------------------------------------------
  cnt_reg[0]/CK       -       -     R     (arrival)      55    -     0     0       0    (-,-) 
  cnt_reg[0]/Q        -       CK->Q R     DFFHQX1LVT      5 10.9   161   191     191    (-,-) 
  g1873__4733/Y       -       A->Y  F     NAND2X2LVT      1  4.5   107   130     321    (-,-) 
  g1852/Y             -       A->Y  F     BUFX16LVT      40 80.1   103   131     452    (-,-) 
  g1589__2883/Y       -       B->Y  R     NOR2BX1LVT      1  3.3   121   113     565    (-,-) 
  g1469__9945/Y       -       B0->Y F     AOI21X1LVT      1  3.3   147    96     661    (-,-) 
  g1399__8428/Y       -       B->Y  R     NOR2X1LVT       1  3.2   123   131     792    (-,-) 
  out_sr_reg[0][12]/D -       -     R     DFFHQX1LVT      1    -     -     0     792    (-,-) 
#---------------------------------------------------------------------------------------------



Path 39: MET (101 ps) Setup Check with Pin out_sr_reg[0][11]/CK->D
          Group: clock
     Startpoint: (R) cnt_reg[0]/CK
          Clock: (R) clock
       Endpoint: (R) out_sr_reg[0][11]/D
          Clock: (R) clock

                     Capture       Launch     
        Clock Edge:+    1000            0     
       Src Latency:+       0            0     
       Net Latency:+       0 (I)        0 (I) 
           Arrival:=    1000            0     
                                              
             Setup:-     108                  
     Required Time:=     892                  
      Launch Clock:-       0                  
         Data Path:-     792                  
             Slack:=     101                  

#---------------------------------------------------------------------------------------------
#    Timing Point     Flags   Arc   Edge    Cell     Fanout Load Trans Delay Arrival Instance 
#                                                           (fF)  (ps)  (ps)   (ps)  Location 
#---------------------------------------------------------------------------------------------
  cnt_reg[0]/CK       -       -     R     (arrival)      55    -     0     0       0    (-,-) 
  cnt_reg[0]/Q        -       CK->Q R     DFFHQX1LVT      5 10.9   161   191     191    (-,-) 
  g1873__4733/Y       -       A->Y  F     NAND2X2LVT      1  4.5   107   130     321    (-,-) 
  g1852/Y             -       A->Y  F     BUFX16LVT      40 80.1   103   131     452    (-,-) 
  g1588__9945/Y       -       B->Y  R     NOR2BX1LVT      1  3.3   121   113     565    (-,-) 
  g1468__9315/Y       -       B0->Y F     AOI21X1LVT      1  3.3   147    96     661    (-,-) 
  g1398__4319/Y       -       B->Y  R     NOR2X1LVT       1  3.2   123   131     792    (-,-) 
  out_sr_reg[0][11]/D -       -     R     DFFHQX1LVT      1    -     -     0     792    (-,-) 
#---------------------------------------------------------------------------------------------



Path 40: MET (101 ps) Setup Check with Pin out_sr_reg[0][10]/CK->D
          Group: clock
     Startpoint: (R) cnt_reg[0]/CK
          Clock: (R) clock
       Endpoint: (R) out_sr_reg[0][10]/D
          Clock: (R) clock

                     Capture       Launch     
        Clock Edge:+    1000            0     
       Src Latency:+       0            0     
       Net Latency:+       0 (I)        0 (I) 
           Arrival:=    1000            0     
                                              
             Setup:-     108                  
     Required Time:=     892                  
      Launch Clock:-       0                  
         Data Path:-     792                  
             Slack:=     101                  

#---------------------------------------------------------------------------------------------
#    Timing Point     Flags   Arc   Edge    Cell     Fanout Load Trans Delay Arrival Instance 
#                                                           (fF)  (ps)  (ps)   (ps)  Location 
#---------------------------------------------------------------------------------------------
  cnt_reg[0]/CK       -       -     R     (arrival)      55    -     0     0       0    (-,-) 
  cnt_reg[0]/Q        -       CK->Q R     DFFHQX1LVT      5 10.9   161   191     191    (-,-) 
  g1873__4733/Y       -       A->Y  F     NAND2X2LVT      1  4.5   107   130     321    (-,-) 
  g1852/Y             -       A->Y  F     BUFX16LVT      40 80.1   103   131     452    (-,-) 
  g1587__9315/Y       -       B->Y  R     NOR2BX1LVT      1  3.3   121   113     565    (-,-) 
  g1467__6161/Y       -       B0->Y F     AOI21X1LVT      1  3.3   147    96     661    (-,-) 
  g1396__5107/Y       -       B->Y  R     NOR2X1LVT       1  3.2   123   131     792    (-,-) 
  out_sr_reg[0][10]/D -       -     R     DFFHQX1LVT      1    -     -     0     792    (-,-) 
#---------------------------------------------------------------------------------------------



Path 41: MET (101 ps) Setup Check with Pin out_sr_reg[0][9]/CK->D
          Group: clock
     Startpoint: (R) cnt_reg[0]/CK
          Clock: (R) clock
       Endpoint: (R) out_sr_reg[0][9]/D
          Clock: (R) clock

                     Capture       Launch     
        Clock Edge:+    1000            0     
       Src Latency:+       0            0     
       Net Latency:+       0 (I)        0 (I) 
           Arrival:=    1000            0     
                                              
             Setup:-     108                  
     Required Time:=     892                  
      Launch Clock:-       0                  
         Data Path:-     792                  
             Slack:=     101                  

#--------------------------------------------------------------------------------------------
#   Timing Point     Flags   Arc   Edge    Cell     Fanout Load Trans Delay Arrival Instance 
#                                                          (fF)  (ps)  (ps)   (ps)  Location 
#--------------------------------------------------------------------------------------------
  cnt_reg[0]/CK      -       -     R     (arrival)      55    -     0     0       0    (-,-) 
  cnt_reg[0]/Q       -       CK->Q R     DFFHQX1LVT      5 10.9   161   191     191    (-,-) 
  g1873__4733/Y      -       A->Y  F     NAND2X2LVT      1  4.5   107   130     321    (-,-) 
  g1852/Y            -       A->Y  F     BUFX16LVT      40 80.1   103   131     452    (-,-) 
  g1570__4319/Y      -       B->Y  R     NOR2BX1LVT      1  3.3   121   113     565    (-,-) 
  g1466__4733/Y      -       B0->Y F     AOI21X1LVT      1  3.3   147    96     661    (-,-) 
  g1397__6260/Y      -       B->Y  R     NOR2X1LVT       1  3.2   123   131     792    (-,-) 
  out_sr_reg[0][9]/D -       -     R     DFFHQX1LVT      1    -     -     0     792    (-,-) 
#--------------------------------------------------------------------------------------------



Path 42: MET (101 ps) Setup Check with Pin out_sr_reg[0][8]/CK->D
          Group: clock
     Startpoint: (R) cnt_reg[0]/CK
          Clock: (R) clock
       Endpoint: (R) out_sr_reg[0][8]/D
          Clock: (R) clock

                     Capture       Launch     
        Clock Edge:+    1000            0     
       Src Latency:+       0            0     
       Net Latency:+       0 (I)        0 (I) 
           Arrival:=    1000            0     
                                              
             Setup:-     108                  
     Required Time:=     892                  
      Launch Clock:-       0                  
         Data Path:-     792                  
             Slack:=     101                  

#--------------------------------------------------------------------------------------------
#   Timing Point     Flags   Arc   Edge    Cell     Fanout Load Trans Delay Arrival Instance 
#                                                          (fF)  (ps)  (ps)   (ps)  Location 
#--------------------------------------------------------------------------------------------
  cnt_reg[0]/CK      -       -     R     (arrival)      55    -     0     0       0    (-,-) 
  cnt_reg[0]/Q       -       CK->Q R     DFFHQX1LVT      5 10.9   161   191     191    (-,-) 
  g1873__4733/Y      -       A->Y  F     NAND2X2LVT      1  4.5   107   130     321    (-,-) 
  g1852/Y            -       A->Y  F     BUFX16LVT      40 80.1   103   131     452    (-,-) 
  g1586__6161/Y      -       B->Y  R     NOR2BX1LVT      1  3.3   121   113     565    (-,-) 
  g1465__7482/Y      -       B0->Y F     AOI21X1LVT      1  3.3   147    96     661    (-,-) 
  g1400__5526/Y      -       B->Y  R     NOR2X1LVT       1  3.2   123   131     792    (-,-) 
  out_sr_reg[0][8]/D -       -     R     DFFHQX1LVT      1    -     -     0     792    (-,-) 
#--------------------------------------------------------------------------------------------



Path 43: MET (101 ps) Setup Check with Pin out_sr_reg[0][7]/CK->D
          Group: clock
     Startpoint: (R) cnt_reg[0]/CK
          Clock: (R) clock
       Endpoint: (R) out_sr_reg[0][7]/D
          Clock: (R) clock

                     Capture       Launch     
        Clock Edge:+    1000            0     
       Src Latency:+       0            0     
       Net Latency:+       0 (I)        0 (I) 
           Arrival:=    1000            0     
                                              
             Setup:-     108                  
     Required Time:=     892                  
      Launch Clock:-       0                  
         Data Path:-     792                  
             Slack:=     101                  

#--------------------------------------------------------------------------------------------
#   Timing Point     Flags   Arc   Edge    Cell     Fanout Load Trans Delay Arrival Instance 
#                                                          (fF)  (ps)  (ps)   (ps)  Location 
#--------------------------------------------------------------------------------------------
  cnt_reg[0]/CK      -       -     R     (arrival)      55    -     0     0       0    (-,-) 
  cnt_reg[0]/Q       -       CK->Q R     DFFHQX1LVT      5 10.9   161   191     191    (-,-) 
  g1873__4733/Y      -       A->Y  F     NAND2X2LVT      1  4.5   107   130     321    (-,-) 
  g1852/Y            -       A->Y  F     BUFX16LVT      40 80.1   103   131     452    (-,-) 
  g1585__4733/Y      -       B->Y  R     NOR2BX1LVT      1  3.3   121   113     565    (-,-) 
  g1464__5115/Y      -       B0->Y F     AOI21X1LVT      1  3.3   147    96     661    (-,-) 
  g1395__2398/Y      -       B->Y  R     NOR2X1LVT       1  3.2   123   131     792    (-,-) 
  out_sr_reg[0][7]/D -       -     R     DFFHQX1LVT      1    -     -     0     792    (-,-) 
#--------------------------------------------------------------------------------------------



Path 44: MET (101 ps) Setup Check with Pin out_sr_reg[0][6]/CK->D
          Group: clock
     Startpoint: (R) cnt_reg[0]/CK
          Clock: (R) clock
       Endpoint: (R) out_sr_reg[0][6]/D
          Clock: (R) clock

                     Capture       Launch     
        Clock Edge:+    1000            0     
       Src Latency:+       0            0     
       Net Latency:+       0 (I)        0 (I) 
           Arrival:=    1000            0     
                                              
             Setup:-     108                  
     Required Time:=     892                  
      Launch Clock:-       0                  
         Data Path:-     792                  
             Slack:=     101                  

#--------------------------------------------------------------------------------------------
#   Timing Point     Flags   Arc   Edge    Cell     Fanout Load Trans Delay Arrival Instance 
#                                                          (fF)  (ps)  (ps)   (ps)  Location 
#--------------------------------------------------------------------------------------------
  cnt_reg[0]/CK      -       -     R     (arrival)      55    -     0     0       0    (-,-) 
  cnt_reg[0]/Q       -       CK->Q R     DFFHQX1LVT      5 10.9   161   191     191    (-,-) 
  g1873__4733/Y      -       A->Y  F     NAND2X2LVT      1  4.5   107   130     321    (-,-) 
  g1852/Y            -       A->Y  F     BUFX16LVT      40 80.1   103   131     452    (-,-) 
  g1581__6131/Y      -       B->Y  R     NOR2BX1LVT      1  3.3   121   113     565    (-,-) 
  g1463__1881/Y      -       B0->Y F     AOI21X1LVT      1  3.3   147    96     661    (-,-) 
  g1394__5477/Y      -       B->Y  R     NOR2X1LVT       1  3.2   123   131     792    (-,-) 
  out_sr_reg[0][6]/D -       -     R     DFFHQX1LVT      1    -     -     0     792    (-,-) 
#--------------------------------------------------------------------------------------------



Path 45: MET (101 ps) Setup Check with Pin out_sr_reg[0][5]/CK->D
          Group: clock
     Startpoint: (R) cnt_reg[0]/CK
          Clock: (R) clock
       Endpoint: (R) out_sr_reg[0][5]/D
          Clock: (R) clock

                     Capture       Launch     
        Clock Edge:+    1000            0     
       Src Latency:+       0            0     
       Net Latency:+       0 (I)        0 (I) 
           Arrival:=    1000            0     
                                              
             Setup:-     108                  
     Required Time:=     892                  
      Launch Clock:-       0                  
         Data Path:-     792                  
             Slack:=     101                  

#--------------------------------------------------------------------------------------------
#   Timing Point     Flags   Arc   Edge    Cell     Fanout Load Trans Delay Arrival Instance 
#                                                          (fF)  (ps)  (ps)   (ps)  Location 
#--------------------------------------------------------------------------------------------
  cnt_reg[0]/CK      -       -     R     (arrival)      55    -     0     0       0    (-,-) 
  cnt_reg[0]/Q       -       CK->Q R     DFFHQX1LVT      5 10.9   161   191     191    (-,-) 
  g1873__4733/Y      -       A->Y  F     NAND2X2LVT      1  4.5   107   130     321    (-,-) 
  g1852/Y            -       A->Y  F     BUFX16LVT      40 80.1   103   131     452    (-,-) 
  g1578__5122/Y      -       B->Y  R     NOR2BX1LVT      1  3.3   121   113     565    (-,-) 
  g1462__6131/Y      -       B0->Y F     AOI21X1LVT      1  3.3   147    96     661    (-,-) 
  g1388__9945/Y      -       B->Y  R     NOR2X1LVT       1  3.2   123   131     792    (-,-) 
  out_sr_reg[0][5]/D -       -     R     DFFHQX1LVT      1    -     -     0     792    (-,-) 
#--------------------------------------------------------------------------------------------



Path 46: MET (143 ps) Clock Gating Setup Check at cgic pin RC_CG_HIER_INST0/RC_CGIC_INST/E
          Group: cg_enable_group_clock
     Startpoint: (F) i_reset
          Clock: (R) clock
       Endpoint: (R) RC_CG_HIER_INST0/RC_CGIC_INST/E
          Clock: (R) clock

                     Capture       Launch     
        Clock Edge:+    1000            0     
        Drv Adjust:+       0            0     
       Src Latency:+       0            0     
       Net Latency:+       0 (I)        0 (I) 
           Arrival:=    1000            0     
                                              
  Gate Check Setup:-     259                  
     Required Time:=     741                  
      Launch Clock:-       0                  
       Input Delay:-     500                  
         Data Path:-      99                  
             Slack:=     143                  

Exceptions/Constraints:
  input_delay             500             fir_serial_parallel._line_2_8_1 

#--------------------------------------------------------------------------------------------------------------
#          Timing Point           Flags   Arc   Edge      Cell       Fanout  Load Trans Delay Arrival Instance 
#                                                                            (fF)  (ps)  (ps)   (ps)  Location 
#--------------------------------------------------------------------------------------------------------------
  i_reset                         -       -     F     (arrival)         134 247.8     0     0     500    (-,-) 
  g1836__5122/Y                   -       C->Y  R     NOR3X1LVT           1   3.1   172    99     599    (-,-) 
  RC_CG_HIER_INST0/RC_CGIC_INST/E -       -     R     TLATNTSCAX2HVT      1     -     -     0     599    (-,-) 
#--------------------------------------------------------------------------------------------------------------



Path 47: MET (145 ps) Setup Check with Pin out_sr_reg[2][7]/CK->D
          Group: clock
     Startpoint: (R) cnt_reg[0]/CK
          Clock: (R) clock
       Endpoint: (R) out_sr_reg[2][7]/D
          Clock: (R) clock

                     Capture       Launch     
        Clock Edge:+    1000            0     
       Src Latency:+       0            0     
       Net Latency:+       0 (I)        0 (I) 
           Arrival:=    1000            0     
                                              
             Setup:-     109                  
     Required Time:=     891                  
      Launch Clock:-       0                  
         Data Path:-     746                  
             Slack:=     145                  

#----------------------------------------------------------------------------------------------
#   Timing Point     Flags   Arc   Edge     Cell      Fanout Load Trans Delay Arrival Instance 
#                                                            (fF)  (ps)  (ps)   (ps)  Location 
#----------------------------------------------------------------------------------------------
  cnt_reg[0]/CK      -       -     R     (arrival)        55    -     0     0       0    (-,-) 
  cnt_reg[0]/Q       -       CK->Q R     DFFHQX1LVT        5 10.9   161   191     191    (-,-) 
  g1873__4733/Y      -       A->Y  F     NAND2X2LVT        1  4.5   107   130     321    (-,-) 
  g1852/Y            -       A->Y  F     BUFX16LVT        40 80.1   103   131     452    (-,-) 
  g1853/Y            -       A->Y  R     CLKINVX12LVT     21 40.0    72    67     519    (-,-) 
  g1811__6260/Y      -       S0->Y F     MX2X1LVT          1  3.3    64   134     654    (-,-) 
  g1795__6131/Y      -       B->Y  R     NOR2X1LVT         1  3.1   110    92     746    (-,-) 
  out_sr_reg[2][7]/D -       -     R     DFFRX1LVT         1    -     -     0     746    (-,-) 
#----------------------------------------------------------------------------------------------



Path 48: MET (145 ps) Setup Check with Pin out_sr_reg[2][6]/CK->D
          Group: clock
     Startpoint: (R) cnt_reg[0]/CK
          Clock: (R) clock
       Endpoint: (R) out_sr_reg[2][6]/D
          Clock: (R) clock

                     Capture       Launch     
        Clock Edge:+    1000            0     
       Src Latency:+       0            0     
       Net Latency:+       0 (I)        0 (I) 
           Arrival:=    1000            0     
                                              
             Setup:-     109                  
     Required Time:=     891                  
      Launch Clock:-       0                  
         Data Path:-     746                  
             Slack:=     145                  

#----------------------------------------------------------------------------------------------
#   Timing Point     Flags   Arc   Edge     Cell      Fanout Load Trans Delay Arrival Instance 
#                                                            (fF)  (ps)  (ps)   (ps)  Location 
#----------------------------------------------------------------------------------------------
  cnt_reg[0]/CK      -       -     R     (arrival)        55    -     0     0       0    (-,-) 
  cnt_reg[0]/Q       -       CK->Q R     DFFHQX1LVT        5 10.9   161   191     191    (-,-) 
  g1873__4733/Y      -       A->Y  F     NAND2X2LVT        1  4.5   107   130     321    (-,-) 
  g1852/Y            -       A->Y  F     BUFX16LVT        40 80.1   103   131     452    (-,-) 
  g1853/Y            -       A->Y  R     CLKINVX12LVT     21 40.0    72    67     519    (-,-) 
  g1810__5107/Y      -       S0->Y F     MX2X1LVT          1  3.3    64   134     654    (-,-) 
  g1794__7098/Y      -       B->Y  R     NOR2X1LVT         1  3.1   110    92     746    (-,-) 
  out_sr_reg[2][6]/D -       -     R     DFFRX1LVT         1    -     -     0     746    (-,-) 
#----------------------------------------------------------------------------------------------



Path 49: MET (148 ps) Setup Check with Pin out_sr_reg[1][6]/CK->D
          Group: clock
     Startpoint: (R) cnt_reg[0]/CK
          Clock: (R) clock
       Endpoint: (R) out_sr_reg[1][6]/D
          Clock: (R) clock

                     Capture       Launch     
        Clock Edge:+    1000            0     
       Src Latency:+       0            0     
       Net Latency:+       0 (I)        0 (I) 
           Arrival:=    1000            0     
                                              
             Setup:-     104                  
     Required Time:=     896                  
      Launch Clock:-       0                  
         Data Path:-     748                  
             Slack:=     148                  

#----------------------------------------------------------------------------------------------
#   Timing Point     Flags   Arc   Edge     Cell      Fanout Load Trans Delay Arrival Instance 
#                                                            (fF)  (ps)  (ps)   (ps)  Location 
#----------------------------------------------------------------------------------------------
  cnt_reg[0]/CK      -       -     R     (arrival)        55    -     0     0       0    (-,-) 
  cnt_reg[0]/Q       -       CK->Q R     DFFHQX1LVT        5 10.9   161   191     191    (-,-) 
  g1873__4733/Y      -       A->Y  F     NAND2X2LVT        1  4.5   107   130     321    (-,-) 
  g1852/Y            -       A->Y  F     BUFX16LVT        40 80.1   103   131     452    (-,-) 
  g1853/Y            -       A->Y  R     CLKINVX12LVT     21 40.0    72    67     519    (-,-) 
  g1756__6161/Y      -       S0->Y F     MX2X1LVT          1  3.3    64   134     654    (-,-) 
  g1740__4319/Y      -       B->Y  R     NOR2X1LVT         1  3.2   113    94     748    (-,-) 
  out_sr_reg[1][6]/D -       -     R     DFFHQX1LVT        1    -     -     0     748    (-,-) 
#----------------------------------------------------------------------------------------------



Path 50: MET (179 ps) Setup Check with Pin out_sr_reg[3][15]/CK->RN
          Group: clock
     Startpoint: (F) i_reset
          Clock: (R) clock
       Endpoint: (R) out_sr_reg[3][15]/RN
          Clock: (R) clock

                     Capture       Launch     
        Clock Edge:+    1000            0     
        Drv Adjust:+       0            0     
       Src Latency:+       0            0     
       Net Latency:+       0 (I)        0 (I) 
           Arrival:=    1000            0     
                                              
             Setup:-     194                  
     Required Time:=     806                  
      Launch Clock:-       0                  
       Input Delay:-     500                  
         Data Path:-     128                  
             Slack:=     179                  

Exceptions/Constraints:
  input_delay             500             fir_serial_parallel._line_2_8_1 

#-----------------------------------------------------------------------------------------------
#    Timing Point      Flags   Arc   Edge    Cell     Fanout  Load Trans Delay Arrival Instance 
#                                                             (fF)  (ps)  (ps)   (ps)  Location 
#-----------------------------------------------------------------------------------------------
  i_reset              -       -     F     (arrival)     134 247.8     0     0     500    (-,-) 
  g1894/Y              -       A->Y  R     INVX2          12  21.0   221   128     628    (-,-) 
  out_sr_reg[3][15]/RN -       -     R     DFFTRXLLVT     12     -     -     0     628    (-,-) 
#-----------------------------------------------------------------------------------------------

