============================================================
  Generated by:           Genus(TM) Synthesis Solution 23.10-p004_1
  Generated on:           Oct 08 2026  10:15:10 pm
  Module:                 fir_serial_parallel
  Technology libraries:   slow_vdd1v0 1.0
                          physical_cells 
                          slow_vdd1v0 1.0
                          physical_cells 
  Operating conditions:   PVT_0P9V_125C 
  Interconnect mode:      global
  Area mode:              physical library
============================================================

                                      Leakage  
     Gate       Instances    Area   Power (nW)     Library    
--------------------------------------------------------------
ADDFX1LVT             448  2298.240    235.005    slow_vdd1v0 
ADDHX1LVT              20    75.240     12.142    slow_vdd1v0 
AND2X1LVT               1     1.368      0.197    slow_vdd1v0 
AOI21X1LVT              9    15.390      1.952    slow_vdd1v0 
AOI21X2LVT              3     8.208      1.356    slow_vdd1v0 
BUFX16LVT               1     6.840      2.945    slow_vdd1v0 
CLKINVX12LVT            1     4.104      2.039    slow_vdd1v0 
CLKINVX4LVT             1     1.710      0.525    slow_vdd1v0 
CLKXOR2X1LVT            5    13.680      1.788    slow_vdd1v0 
DFFHQX1LVT             76   415.872     50.028    slow_vdd1v0 
DFFHQX8LVT             18   166.212     35.117    slow_vdd1v0 
DFFQX2LVT               8    51.984      5.497    slow_vdd1v0 
DFFQX4LVT              40   287.280     42.828    slow_vdd1v0 
DFFRX1LVT              10    68.400      7.554    slow_vdd1v0 
DFFTRX2LVT             14   114.912     15.408    slow_vdd1v0 
DFFTRXLLVT             12    94.392      7.633    slow_vdd1v0 
INVX1                  17    11.628      0.340    slow_vdd1v0 
INVX1LVT              191   130.644     24.289    slow_vdd1v0 
INVX2                   2     2.052      0.086    slow_vdd1v0 
MX2X1                  17    40.698      0.889    slow_vdd1v0 
MX2X1LVT                3     7.182      0.866    slow_vdd1v0 
MXI2XLLVT              17    40.698      2.975    slow_vdd1v0 
NAND2BX1LVT             2     2.736      0.400    slow_vdd1v0 
NAND2X1LVT              1     1.026      0.191    slow_vdd1v0 
NAND2X2LVT              1     1.710      0.277    slow_vdd1v0 
NOR2BX1LVT             90   123.120     25.289    slow_vdd1v0 
NOR2X1                  3     3.078      0.105    slow_vdd1v0 
NOR2X1LVT              50    51.300      9.333    slow_vdd1v0 
NOR3X1LVT               1     1.710      0.175    slow_vdd1v0 
OAI21X1LVT              5     8.550      1.016    slow_vdd1v0 
OAI22X1LVT              4     8.208      0.818    slow_vdd1v0 
OAI2BB1X1LVT            6    10.260      1.239    slow_vdd1v0 
OR2X1LVT                4     5.472      0.796    slow_vdd1v0 
TLATNTSCAX2HVT          5    32.490      0.403    slow_vdd1v0 
XNOR2X1LVT              8    19.152      2.938    slow_vdd1v0 
--------------------------------------------------------------
total                1094  4125.546    494.441                


                                                         Leakage  Leakage 
            Type             Instances   Area   Area % Power (nW) Power % 
--------------------------------------------------------------------------
sequential                         178 1199.052   29.1    164.066    33.2 
inverter                           212  150.138    3.6     27.280     5.5 
buffer                               1    6.840    0.2      2.945     0.6 
clock_gating_integrated_cell         5   32.490    0.8      0.403     0.1 
logic                              698 2737.026   66.3    299.747    60.6 
physical_cells                       0    0.000    0.0      0.000     0.0 
--------------------------------------------------------------------------
total                             1094 4125.546  100.0    494.441   100.0 

