============================================================
  Generated by:           Genus(TM) Synthesis Solution 23.10-p004_1
  Generated on:           Oct 08 2026  10:15:17 pm
  Module:                 fir_serial_parallel
  Technology libraries:   slow_vdd1v0 1.0
                          physical_cells 
                          slow_vdd1v0 1.0
                          physical_cells 
  Operating conditions:   PVT_0P9V_125C 
  Interconnect mode:      global
  Area mode:              physical library
============================================================

Timing
--------

Clock Period 
-------------
clock 1000.0 


         Cost           Critical         Violating 
        Group          Path Slack  TNS     Paths   
---------------------------------------------------
cg_enable_group_clock       125.7   0.0          0 
clock                         2.8   0.0          0 
default                  No paths   0.0            
---------------------------------------------------
Total                               0.0          0 

Instance Count
--------------
Leaf Instance Count             913 
Physical Instance count           0 
Sequential Instance Count       183 
Combinational Instance Count    730 
Hierarchical Instance Count       5 

Area
----
Cell Area                          3981.906
Physical Cell Area                 0.000
Total Cell Area (Cell+Physical)    3981.906
Net Area                           1336.075
Total Area (Cell+Physical+Net)     5317.981

Runtime                            0.0 seconds
Elapsed Runtime                    108 seconds
Genus peak memory usage            2070.26 
Innovus peak memory usage          no_value 
Hostname                           fiubarh01
