============================================================
  Generated by:           Genus(TM) Synthesis Solution 23.10-p004_1
  Generated on:           Oct 08 2026  10:15:17 pm
  Module:                 fir_serial_parallel
  Technology libraries:   slow_vdd1v0 1.0
                          physical_cells 
                          slow_vdd1v0 1.0
                          physical_cells 
  Operating conditions:   PVT_0P9V_125C 
  Interconnect mode:      global
  Area mode:              physical library
============================================================

                                      Leakage  
     Gate       Instances    Area   Power (nW)     Library    
--------------------------------------------------------------
ADDFX1LVT             448  2298.240    235.005    slow_vdd1v0 
ADDHX1LVT              20    75.240     12.142    slow_vdd1v0 
AND2X1LVT               1     1.368      0.197    slow_vdd1v0 
AOI21X1LVT              1     1.710      0.232    slow_vdd1v0 
BUFX12LVT               1     5.130      2.172    slow_vdd1v0 
CLKINVX12LVT            1     4.104      2.039    slow_vdd1v0 
CLKXOR2X1LVT            5    13.680      1.788    slow_vdd1v0 
DFFHQX1LVT             76   415.872     50.026    slow_vdd1v0 
DFFRX1LVT              10    68.400      7.554    slow_vdd1v0 
DFFTRX2LVT              4    32.832      4.402    slow_vdd1v0 
DFFTRXL                 4    31.464      0.472    slow_vdd1v0 
DFFTRXLLVT             18   141.588     11.632    slow_vdd1v0 
DFFX1                  10    71.820      1.259    slow_vdd1v0 
DFFX1LVT               42   301.644     29.670    slow_vdd1v0 
DFFX2LVT                7    57.456      7.122    slow_vdd1v0 
DFFX4LVT                7    64.638     12.882    slow_vdd1v0 
INVX1LVT               40    27.360      5.019    slow_vdd1v0 
INVX3LVT                1     1.368      0.389    slow_vdd1v0 
MX2X1                  17    40.698      0.889    slow_vdd1v0 
MX2X1LVT                3     7.182      0.866    slow_vdd1v0 
MXI2XLLVT              28    67.032      4.899    slow_vdd1v0 
NAND2BX1LVT             2     2.736      0.400    slow_vdd1v0 
NAND2X1LVT              2     2.052      0.322    slow_vdd1v0 
NOR2BX1LVT             79   108.072     23.322    slow_vdd1v0 
NOR2X1LVT              53    54.378      9.802    slow_vdd1v0 
NOR3X1LVT               1     1.710      0.175    slow_vdd1v0 
OAI21X1LVT              5     8.550      1.016    slow_vdd1v0 
OAI22X1LVT              4     8.208      0.818    slow_vdd1v0 
OAI2BB1X1LVT            6    10.260      1.239    slow_vdd1v0 
OR2X1LVT                4     5.472      0.796    slow_vdd1v0 
TLATNTSCAX2HVT          5    32.490      0.403    slow_vdd1v0 
XNOR2X1LVT              8    19.152      2.938    slow_vdd1v0 
--------------------------------------------------------------
total                 913  3981.906    431.889                


                                                         Leakage  Leakage 
            Type             Instances   Area   Area % Power (nW) Power % 
--------------------------------------------------------------------------
sequential                         178 1185.714   29.8    125.020    28.9 
inverter                            42   32.832    0.8      7.447     1.7 
buffer                               1    5.130    0.1      2.172     0.5 
clock_gating_integrated_cell         5   32.490    0.8      0.403     0.1 
logic                              687 2725.740   68.5    296.847    68.7 
physical_cells                       0    0.000    0.0      0.000     0.0 
--------------------------------------------------------------------------
total                              913 3981.906  100.0    431.889   100.0 

