============================================================
  Generated by:           Genus(TM) Synthesis Solution 23.10-p004_1
  Generated on:           Sep 30 2026  10:28:08 pm
  Module:                 practico_3
  Operating conditions:   PVT_0P9V_125C 
  Interconnect mode:      global
  Area mode:              physical library
============================================================

Timing
--------

Clock Period 
-------------
ck    1500.0 


  Cost    Critical         Violating 
 Group   Path Slack  TNS     Paths   
-------------------------------------
ck           1092.7   0.0          0 
default    No paths   0.0            
-------------------------------------
Total                 0.0          0 

Instance Count
--------------
Leaf Instance Count             11 
Physical Instance count          0 
Sequential Instance Count        4 
Combinational Instance Count     7 
Hierarchical Instance Count      0 

Area
----
Cell Area                          34.200
Physical Cell Area                 0.000
Total Cell Area (Cell+Physical)    34.200
Net Area                           11.803
Total Area (Cell+Physical+Net)     46.003

Runtime                            0.0 seconds
Elapsed Runtime                    40 seconds
Genus peak memory usage            1930.27 
Innovus peak memory usage          no_value 
Hostname                           fiubarh01
