============================================================
  Generated by:           Genus(TM) Synthesis Solution 23.10-p004_1
  Generated on:           Sep 30 2026  10:28:08 pm
  Module:                 practico_3
  Operating conditions:   PVT_0P9V_125C 
  Interconnect mode:      global
  Area mode:              physical library
============================================================

                                  Leakage  
    Gate      Instances   Area  Power (nW)     Library    
----------------------------------------------------------
AO21X1LVT             1   2.394      0.225    slow_vdd1v0 
AOI21XLLVT            1   1.710      0.089    slow_vdd1v0 
CLKXOR2X1LVT          1   2.736      0.375    slow_vdd1v0 
DFFHQX1LVT            4  21.888      2.608    slow_vdd1v0 
INVX1LVT              1   0.684      0.124    slow_vdd1v0 
MX2X1LVT              1   2.394      0.294    slow_vdd1v0 
NAND2BXLLVT           1   1.368      0.133    slow_vdd1v0 
NAND2X1LVT            1   1.026      0.137    slow_vdd1v0 
----------------------------------------------------------
total                11  34.200      3.985                


                                         Leakage  Leakage 
     Type      Instances  Area  Area % Power (nW) Power % 
----------------------------------------------------------
sequential             4 21.888   64.0      2.608    65.4 
inverter               1  0.684    2.0      0.124     3.1 
logic                  6 11.628   34.0      1.253    31.4 
physical_cells         0  0.000    0.0      0.000     0.0 
----------------------------------------------------------
total                 11 34.200  100.0      3.985   100.0 

