============================================================
  Generated by:           Genus(TM) Synthesis Solution 23.10-p004_1
  Generated on:           Sep 30 2026  10:28:01 pm
  Module:                 practico_3
  Technology libraries:   slow_vdd1v0 1.0
                          physical_cells 
  Operating conditions:   PVT_0P9V_125C 
  Interconnect mode:      global
  Area mode:              physical library
============================================================

Timing
--------

Clock Period 
-------------
ck    1500.0 


  Cost    Critical         Violating 
 Group   Path Slack  TNS     Paths   
-------------------------------------
ck            486.1   0.0          0 
default    No paths   0.0            
-------------------------------------
Total                 0.0          0 

Instance Count
--------------
Leaf Instance Count             17 
Physical Instance count          0 
Sequential Instance Count        4 
Combinational Instance Count    13 
Hierarchical Instance Count      0 

Area
----
Cell Area                          70.774
Physical Cell Area                 0.000
Total Cell Area (Cell+Physical)    70.774
Net Area                           0.742
Total Area (Cell+Physical+Net)     71.516

Runtime                            0.0 seconds
Elapsed Runtime                    33 seconds
Genus peak memory usage            1920.99 
Innovus peak memory usage          no_value 
Hostname                           fiubarh01
