============================================================
  Generated by:           Genus(TM) Synthesis Solution 23.10-p004_1
  Generated on:           Sep 30 2026  10:28:06 pm
  Module:                 practico_3
  Technology libraries:   slow_vdd1v0 1.0
                          physical_cells 
  Operating conditions:   PVT_0P9V_125C 
  Interconnect mode:      global
  Area mode:              physical library
============================================================

                                  Leakage  
    Gate      Instances   Area  Power (nW)     Library    
----------------------------------------------------------
AO21X1LVT             1   2.394      0.224    slow_vdd1v0 
AOI21XLLVT            1   1.710      0.089    slow_vdd1v0 
CLKXOR2X1LVT          1   2.736      0.375    slow_vdd1v0 
DFFHQX1LVT            4  21.888      2.610    slow_vdd1v0 
INVX1LVT              1   0.684      0.124    slow_vdd1v0 
NAND2BX1LVT           1   1.368      0.200    slow_vdd1v0 
NAND2BXLLVT           1   1.368      0.133    slow_vdd1v0 
NAND2X1LVT            1   1.026      0.137    slow_vdd1v0 
OAI2BB1X1LVT          1   1.710      0.263    slow_vdd1v0 
----------------------------------------------------------
total                12  34.884      4.157                


                                         Leakage  Leakage 
     Type      Instances  Area  Area % Power (nW) Power % 
----------------------------------------------------------
sequential             4 21.888   62.7      2.610    62.8 
inverter               1  0.684    2.0      0.124     3.0 
logic                  7 12.312   35.3      1.422    34.2 
physical_cells         0  0.000    0.0      0.000     0.0 
----------------------------------------------------------
total                 12 34.884  100.0      4.157   100.0 

