============================================================
  Generated by:           Genus(TM) Synthesis Solution 23.10-p004_1
  Generated on:           Sep 30 2026  10:28:07 pm
  Module:                 practico_3
  Operating conditions:   PVT_0P9V_125C 
  Interconnect mode:      global
  Area mode:              physical library
============================================================


Path 1: MET (1093 ps) Setup Check with Pin u_div4_r_count_reg[1]/CK->D
          Group: ck
     Startpoint: (R) u_div4_r_count_reg[1]/CK
          Clock: (R) ck
       Endpoint: (R) u_div4_r_count_reg[1]/D
          Clock: (R) ck

                     Capture       Launch     
        Clock Edge:+    1500            0     
       Src Latency:+       0            0     
       Net Latency:+       0 (I)        0 (I) 
           Arrival:=    1500            0     
                                              
             Setup:-      83                  
     Required Time:=    1417                  
      Launch Clock:-       0                  
         Data Path:-     324                  
             Slack:=    1093                  

#----------------------------------------------------------------------------------------------------
#      Timing Point        Flags   Arc   Edge     Cell      Fanout Load Trans Delay Arrival Instance 
#                                                                  (fF)  (ps)  (ps)   (ps)  Location 
#----------------------------------------------------------------------------------------------------
  u_div4_r_count_reg[1]/CK -       -     R     (arrival)         4    -     0     0       0    (-,-) 
  u_div4_r_count_reg[1]/Q  -       CK->Q F     DFFHQX1LVT        2  4.8    84   163     163    (-,-) 
  g51__6783/Y              -       A->Y  R     CLKXOR2X1LVT      1  3.2    57   161     324    (-,-) 
  u_div4_r_count_reg[1]/D  -       -     R     DFFHQX1LVT        1    -     -     0     324    (-,-) 
#----------------------------------------------------------------------------------------------------



Path 2: MET (1145 ps) Setup Check with Pin u_div2_r_div_reg/CK->D
          Group: ck
     Startpoint: (R) u_div2_r_div_reg/CK
          Clock: (R) ck
       Endpoint: (R) u_div2_r_div_reg/D
          Clock: (R) ck

                     Capture       Launch     
        Clock Edge:+    1500            0     
       Src Latency:+       0            0     
       Net Latency:+       0 (I)        0 (I) 
           Arrival:=    1500            0     
                                              
             Setup:-      86                  
     Required Time:=    1414                  
      Launch Clock:-       0                  
         Data Path:-     268                  
             Slack:=    1145                  

#---------------------------------------------------------------------------------------------
#    Timing Point     Flags   Arc   Edge    Cell     Fanout Load Trans Delay Arrival Instance 
#                                                           (fF)  (ps)  (ps)   (ps)  Location 
#---------------------------------------------------------------------------------------------
  u_div2_r_div_reg/CK -       -     R     (arrival)       4    -     0     0       0    (-,-) 
  u_div2_r_div_reg/Q  -       CK->Q F     DFFHQX1LVT      3  7.0   119   182     182    (-,-) 
  g53/Y               -       A->Y  R     INVX1LVT        1  3.2    66    86     268    (-,-) 
  u_div2_r_div_reg/D  -       -     R     DFFHQX1LVT      1    -     -     0     268    (-,-) 
#---------------------------------------------------------------------------------------------



Path 3: MET (1288 ps) Setup Check with Pin r_ff2_reg/CK->D
          Group: ck
     Startpoint: (R) r_ff1_reg/CK
          Clock: (R) ck
       Endpoint: (R) r_ff2_reg/D
          Clock: (R) ck

                     Capture       Launch     
        Clock Edge:+    1500            0     
       Src Latency:+       0            0     
       Net Latency:+       0 (I)        0 (I) 
           Arrival:=    1500            0     
                                              
             Setup:-      81                  
     Required Time:=    1419                  
      Launch Clock:-       0                  
         Data Path:-     131                  
             Slack:=    1288                  

#----------------------------------------------------------------------------------------
# Timing Point   Flags   Arc   Edge    Cell     Fanout Load Trans Delay Arrival Instance 
#                                                      (fF)  (ps)  (ps)   (ps)  Location 
#----------------------------------------------------------------------------------------
  r_ff1_reg/CK   -       -     R     (arrival)       2    -     0     0       0    (-,-) 
  r_ff1_reg/Q    -       CK->Q R     DFFHQX1LVT      1  3.2    52   131     131    (-,-) 
  r_ff2_reg/D    -       -     R     DFFHQX1LVT      1    -     -     0     131    (-,-) 
#----------------------------------------------------------------------------------------

Some unconstrained paths have not been displayed.
Use -unconstrained or set the root attribute 'timing_report_unconstrained' to 'true' to see only these unconstrained paths.

