

Working Directory = /home/mmarando/dcid1-tps/practico_4/fir_serial_parallel/synth
QoS Summary for fir_serial_parallel
==========================================================================================
Metric                          generic         map             syn_opt         final          
==========================================================================================
Slack (ps):                       402              65              15              15
  R2R (ps):                       523              65              15              15
  I2R (ps):                       468             333             212             212
  R2O (ps):                       422             416             416             416
  I2O (ps):                  no_value        no_value        no_value        no_value
  CG  (ps):                       402             170              67              67
TNS (ps):                           0               0               0               0
  R2R (ps):                         0               0               0               0
  I2R (ps):                         0               0               0               0
  R2O (ps):                         0               0               0               0
  I2O (ps):                  no_value        no_value        no_value        no_value
  CG  (ps):                         0               0               0               0
Failing Paths:                      0               0               0               0
Cell Area:                         32           4,102           3,979           3,979
Total Cell Area:                   32           4,102           3,979           3,979
Leaf Instances:                 4,931           1,074             887             887
Total Instances:                4,931           1,074             887             887
Utilization (%):                 0.00            0.00            0.00            0.00
Tot. Net Length (um):        no_value        no_value        no_value        no_value
Avg. Net Length (um):        no_value        no_value        no_value        no_value
Route Overflow H (%):        no_value        no_value        no_value        no_value
Route Overflow V (%):        no_value        no_value        no_value        no_value
MBCI(%) (bits/gate) :            0.00            0.00            0.00            0.00
Norm Cong Hotspot Area:
  Max Cong:                  no_value        no_value        no_value        no_value
  Tot Cong:                  no_value        no_value        no_value        no_value
==========================================================================================
CPU  Runtime (h:m:s):        00:01:10        00:01:01        00:00:07        00:00:00
Real Runtime (h:m:s):        00:01:02        00:00:36        00:00:07        00:00:01
CPU  Elapsed (h:m:s):        00:01:12        00:02:13        00:02:20        00:02:20
Real Elapsed (h:m:s):        00:01:02        00:01:38        00:01:45        00:01:46
Memory (MB):                  2058.52         2047.72         2059.54         2067.54
==========================================================================================
==========================================================================================
Flow Settings:
==========================================================================================
Total Runtime (h:m:s): 00:01:46
Total Memory (MB):     2067.54
Executable Version:    23.10-p004_1
==========================================================================================
Total Cell Area =  Cell Area + Physical Cell Area
Total Instances =  Leaf Instances + Physical Instances


