============================================================
  Generated by:           Genus(TM) Synthesis Solution 23.10-p004_1
  Generated on:           Oct 08 2026  10:06:54 pm
  Module:                 fir_serial_parallel
  Technology libraries:   slow_vdd1v0 1.0
                          physical_cells 
                          slow_vdd1v0 1.0
                          physical_cells 
  Operating conditions:   PVT_0P9V_125C 
  Interconnect mode:      global
  Area mode:              physical library
============================================================

                                      Leakage  
     Gate       Instances    Area   Power (nW)     Library    
--------------------------------------------------------------
ADDFX1LVT             444  2277.720    232.847    slow_vdd1v0 
ADDHX1LVT              20    75.240     12.192    slow_vdd1v0 
AND2X1LVT               1     1.368      0.197    slow_vdd1v0 
AOI21X1LVT              1     1.710      0.232    slow_vdd1v0 
CLKINVX6LVT             1     2.394      0.791    slow_vdd1v0 
CLKXOR2X1LVT            6    16.416      2.163    slow_vdd1v0 
DFFHQX1LVT             71   388.512     46.895    slow_vdd1v0 
DFFTRX2LVT              4    32.832      4.402    slow_vdd1v0 
DFFTRXL                 4    31.464      0.472    slow_vdd1v0 
DFFTRXLLVT             41   322.506     26.437    slow_vdd1v0 
DFFX1                  10    71.820      1.259    slow_vdd1v0 
DFFX1LVT               33   237.006     23.300    slow_vdd1v0 
DFFX2LVT               12    98.496     12.210    slow_vdd1v0 
DFFX4LVT                3    27.702      5.521    slow_vdd1v0 
INVX1                   1     0.684      0.021    slow_vdd1v0 
INVX1LVT               24    16.416      3.027    slow_vdd1v0 
INVX2LVT                1     1.026      0.273    slow_vdd1v0 
MX2X1LVT               16    38.304      4.779    slow_vdd1v0 
MXI2XLLVT              28    67.032      4.896    slow_vdd1v0 
NAND2BX1LVT             2     2.736      0.400    slow_vdd1v0 
NAND2X1LVT              4     4.104      0.703    slow_vdd1v0 
NOR2BX1LVT             76   103.968     22.197    slow_vdd1v0 
NOR2X1LVT              33    33.858      5.984    slow_vdd1v0 
NOR3X1LVT               1     1.710      0.175    slow_vdd1v0 
OAI21X1                 1     1.710      0.035    slow_vdd1v0 
OAI21X1LVT              8    13.680      1.584    slow_vdd1v0 
OAI22X1                 1     2.052      0.041    slow_vdd1v0 
OAI22X1LVT              4     8.208      0.818    slow_vdd1v0 
OAI2BB1X1LVT           10    17.100      2.168    slow_vdd1v0 
OAI2BB2XLLVT            1     3.762      0.232    slow_vdd1v0 
OR2X1LVT                5     6.840      0.962    slow_vdd1v0 
OR2X8LVT                1     4.446      1.429    slow_vdd1v0 
TLATNTSCAX2HVT          5    32.490      0.403    slow_vdd1v0 
XNOR2X1LVT             14    33.516      5.180    slow_vdd1v0 
--------------------------------------------------------------
total                 887  3978.828    424.226                


                                                         Leakage  Leakage 
            Type             Instances   Area   Area % Power (nW) Power % 
--------------------------------------------------------------------------
sequential                         178 1210.338   30.4    120.496    28.4 
inverter                            27   20.520    0.5      4.112     1.0 
clock_gating_integrated_cell         5   32.490    0.8      0.403     0.1 
logic                              677 2715.480   68.2    299.214    70.5 
physical_cells                       0    0.000    0.0      0.000     0.0 
--------------------------------------------------------------------------
total                              887 3978.828  100.0    424.226   100.0 

