============================================================
  Generated by:           Genus(TM) Synthesis Solution 23.10-p004_1
  Generated on:           Oct 08 2026  10:06:46 pm
  Module:                 fir_serial_parallel
  Technology libraries:   slow_vdd1v0 1.0
                          physical_cells 
                          slow_vdd1v0 1.0
                          physical_cells 
  Operating conditions:   PVT_0P9V_125C 
  Interconnect mode:      global
  Area mode:              physical library
============================================================

                                      Leakage  
     Gate       Instances    Area   Power (nW)     Library    
--------------------------------------------------------------
ADDFX1LVT             444  2277.720    232.847    slow_vdd1v0 
ADDHX1LVT              20    75.240     12.192    slow_vdd1v0 
AND2X1LVT               1     1.368      0.197    slow_vdd1v0 
AOI21X1LVT             11    18.810      2.378    slow_vdd1v0 
BUFX3LVT                1     2.052      0.531    slow_vdd1v0 
CLKINVX4LVT             3     5.130      1.674    slow_vdd1v0 
CLKXOR2X1LVT            6    16.416      2.163    slow_vdd1v0 
DFFHQX1LVT             71   388.512     46.898    slow_vdd1v0 
DFFHQX8LVT              3    27.702      5.853    slow_vdd1v0 
DFFQX4LVT              55   395.010     58.889    slow_vdd1v0 
DFFTRX2LVT             22   180.576     24.151    slow_vdd1v0 
DFFTRXLLVT             27   212.382     17.153    slow_vdd1v0 
INVX1                  20    13.680      0.402    slow_vdd1v0 
INVX1LVT              174   119.016     22.173    slow_vdd1v0 
INVX2                   1     1.026      0.041    slow_vdd1v0 
INVX2LVT                1     1.026      0.264    slow_vdd1v0 
MX2X1LVT               12    28.728      3.582    slow_vdd1v0 
MXI2XLLVT              18    43.092      3.150    slow_vdd1v0 
NAND2BX1LVT             2     2.736      0.400    slow_vdd1v0 
NAND2X1LVT              8     8.208      1.348    slow_vdd1v0 
NOR2BX1LVT             86   117.648     23.985    slow_vdd1v0 
NOR2X1LVT              33    33.858      6.063    slow_vdd1v0 
NOR3X1LVT               1     1.710      0.175    slow_vdd1v0 
OAI21X1                 4     6.840      0.138    slow_vdd1v0 
OAI21X1LVT              9    15.390      1.772    slow_vdd1v0 
OAI22X1                 1     2.052      0.041    slow_vdd1v0 
OAI22X1LVT              4     8.208      0.818    slow_vdd1v0 
OAI2BB1X1LVT           10    17.100      2.168    slow_vdd1v0 
OAI2BB2XLLVT            1     3.762      0.232    slow_vdd1v0 
OR2X1LVT                5     6.840      0.962    slow_vdd1v0 
OR2X8LVT                1     4.446      1.429    slow_vdd1v0 
TLATNTSCAX2HVT          5    32.490      0.403    slow_vdd1v0 
XNOR2X1LVT             14    33.516      5.180    slow_vdd1v0 
--------------------------------------------------------------
total                1074  4102.290    479.653                


                                                         Leakage  Leakage 
            Type             Instances   Area   Area % Power (nW) Power % 
--------------------------------------------------------------------------
sequential                         178 1204.182   29.4    152.944    31.9 
inverter                           199  139.878    3.4     24.554     5.1 
buffer                               1    2.052    0.1      0.531     0.1 
clock_gating_integrated_cell         5   32.490    0.8      0.403     0.1 
logic                              691 2723.688   66.4    301.220    62.8 
physical_cells                       0    0.000    0.0      0.000     0.0 
--------------------------------------------------------------------------
total                             1074 4102.290  100.0    479.653   100.0 

