============================================================
  Generated by:           Genus(TM) Synthesis Solution 23.10-p004_1
  Generated on:           Oct 08 2026  10:06:46 pm
  Module:                 fir_serial_parallel
  Operating conditions:   PVT_0P9V_125C 
  Interconnect mode:      global
  Area mode:              physical library
============================================================


Path 1: MET (65 ps) Setup Check with Pin out_sr_reg[0][15]/CK->D
          Group: clock
     Startpoint: (R) cnt_reg[0]/CK
          Clock: (R) clock
       Endpoint: (R) out_sr_reg[0][15]/D
          Clock: (R) clock

                     Capture       Launch     
        Clock Edge:+    1100            0     
       Src Latency:+       0            0     
       Net Latency:+       0 (I)        0 (I) 
           Arrival:=    1100            0     
                                              
             Setup:-     108                  
     Required Time:=     992                  
      Launch Clock:-       0                  
         Data Path:-     926                  
             Slack:=      65                  

#----------------------------------------------------------------------------------------------
#    Timing Point     Flags   Arc   Edge    Cell     Fanout  Load Trans Delay Arrival Instance 
#                                                            (fF)  (ps)  (ps)   (ps)  Location 
#----------------------------------------------------------------------------------------------
  cnt_reg[0]/CK       -       -     R     (arrival)      55     -     0     0       0    (-,-) 
  cnt_reg[0]/Q        -       CK->Q R     DFFHQX1LVT      5  10.9   161   191     191    (-,-) 
  g1869/Y             -       A->Y  F     INVX2LVT        1   3.7    60    93     285    (-,-) 
  g1866__2802/Y       -       A->Y  F     OR2X8LVT       55 103.2   240   229     513    (-,-) 
  g1583__3680/Y       -       B->Y  R     NOR2BX1LVT      1   3.3   137   174     687    (-,-) 
  g1472__1881/Y       -       B0->Y F     AOI21X1LVT      1   3.3   159   103     790    (-,-) 
  g1403__5477/Y       -       B->Y  R     NOR2X1LVT       1   3.2   124   136     926    (-,-) 
  out_sr_reg[0][15]/D -       -     R     DFFHQX1LVT      1     -     -     0     926    (-,-) 
#----------------------------------------------------------------------------------------------



Path 2: MET (65 ps) Setup Check with Pin out_sr_reg[0][14]/CK->D
          Group: clock
     Startpoint: (R) cnt_reg[0]/CK
          Clock: (R) clock
       Endpoint: (R) out_sr_reg[0][14]/D
          Clock: (R) clock

                     Capture       Launch     
        Clock Edge:+    1100            0     
       Src Latency:+       0            0     
       Net Latency:+       0 (I)        0 (I) 
           Arrival:=    1100            0     
                                              
             Setup:-     108                  
     Required Time:=     992                  
      Launch Clock:-       0                  
         Data Path:-     926                  
             Slack:=      65                  

#----------------------------------------------------------------------------------------------
#    Timing Point     Flags   Arc   Edge    Cell     Fanout  Load Trans Delay Arrival Instance 
#                                                            (fF)  (ps)  (ps)   (ps)  Location 
#----------------------------------------------------------------------------------------------
  cnt_reg[0]/CK       -       -     R     (arrival)      55     -     0     0       0    (-,-) 
  cnt_reg[0]/Q        -       CK->Q R     DFFHQX1LVT      5  10.9   161   191     191    (-,-) 
  g1869/Y             -       A->Y  F     INVX2LVT        1   3.7    60    93     285    (-,-) 
  g1866__2802/Y       -       A->Y  F     OR2X8LVT       55 103.2   240   229     513    (-,-) 
  g1582__6783/Y       -       B->Y  R     NOR2BX1LVT      1   3.3   137   174     687    (-,-) 
  g1471__6131/Y       -       B0->Y F     AOI21X1LVT      1   3.3   159   103     790    (-,-) 
  g1402__6417/Y       -       B->Y  R     NOR2X1LVT       1   3.2   124   136     926    (-,-) 
  out_sr_reg[0][14]/D -       -     R     DFFHQX1LVT      1     -     -     0     926    (-,-) 
#----------------------------------------------------------------------------------------------



Path 3: MET (65 ps) Setup Check with Pin out_sr_reg[0][13]/CK->D
          Group: clock
     Startpoint: (R) cnt_reg[0]/CK
          Clock: (R) clock
       Endpoint: (R) out_sr_reg[0][13]/D
          Clock: (R) clock

                     Capture       Launch     
        Clock Edge:+    1100            0     
       Src Latency:+       0            0     
       Net Latency:+       0 (I)        0 (I) 
           Arrival:=    1100            0     
                                              
             Setup:-     108                  
     Required Time:=     992                  
      Launch Clock:-       0                  
         Data Path:-     926                  
             Slack:=      65                  

#----------------------------------------------------------------------------------------------
#    Timing Point     Flags   Arc   Edge    Cell     Fanout  Load Trans Delay Arrival Instance 
#                                                            (fF)  (ps)  (ps)   (ps)  Location 
#----------------------------------------------------------------------------------------------
  cnt_reg[0]/CK       -       -     R     (arrival)      55     -     0     0       0    (-,-) 
  cnt_reg[0]/Q        -       CK->Q R     DFFHQX1LVT      5  10.9   161   191     191    (-,-) 
  g1869/Y             -       A->Y  F     INVX2LVT        1   3.7    60    93     285    (-,-) 
  g1866__2802/Y       -       A->Y  F     OR2X8LVT       55 103.2   240   229     513    (-,-) 
  g1581__5526/Y       -       B->Y  R     NOR2BX1LVT      1   3.3   137   174     687    (-,-) 
  g1470__7098/Y       -       B0->Y F     AOI21X1LVT      1   3.3   159   103     790    (-,-) 
  g1401__7410/Y       -       B->Y  R     NOR2X1LVT       1   3.2   124   136     926    (-,-) 
  out_sr_reg[0][13]/D -       -     R     DFFHQX1LVT      1     -     -     0     926    (-,-) 
#----------------------------------------------------------------------------------------------



Path 4: MET (65 ps) Setup Check with Pin out_sr_reg[0][12]/CK->D
          Group: clock
     Startpoint: (R) cnt_reg[0]/CK
          Clock: (R) clock
       Endpoint: (R) out_sr_reg[0][12]/D
          Clock: (R) clock

                     Capture       Launch     
        Clock Edge:+    1100            0     
       Src Latency:+       0            0     
       Net Latency:+       0 (I)        0 (I) 
           Arrival:=    1100            0     
                                              
             Setup:-     108                  
     Required Time:=     992                  
      Launch Clock:-       0                  
         Data Path:-     926                  
             Slack:=      65                  

#----------------------------------------------------------------------------------------------
#    Timing Point     Flags   Arc   Edge    Cell     Fanout  Load Trans Delay Arrival Instance 
#                                                            (fF)  (ps)  (ps)   (ps)  Location 
#----------------------------------------------------------------------------------------------
  cnt_reg[0]/CK       -       -     R     (arrival)      55     -     0     0       0    (-,-) 
  cnt_reg[0]/Q        -       CK->Q R     DFFHQX1LVT      5  10.9   161   191     191    (-,-) 
  g1869/Y             -       A->Y  F     INVX2LVT        1   3.7    60    93     285    (-,-) 
  g1866__2802/Y       -       A->Y  F     OR2X8LVT       55 103.2   240   229     513    (-,-) 
  g1580__8428/Y       -       B->Y  R     NOR2BX1LVT      1   3.3   137   174     687    (-,-) 
  g1469__8246/Y       -       B0->Y F     AOI21X1LVT      1   3.3   159   103     790    (-,-) 
  g1399__2346/Y       -       B->Y  R     NOR2X1LVT       1   3.2   124   136     926    (-,-) 
  out_sr_reg[0][12]/D -       -     R     DFFHQX1LVT      1     -     -     0     926    (-,-) 
#----------------------------------------------------------------------------------------------



Path 5: MET (65 ps) Setup Check with Pin out_sr_reg[0][11]/CK->D
          Group: clock
     Startpoint: (R) cnt_reg[0]/CK
          Clock: (R) clock
       Endpoint: (R) out_sr_reg[0][11]/D
          Clock: (R) clock

                     Capture       Launch     
        Clock Edge:+    1100            0     
       Src Latency:+       0            0     
       Net Latency:+       0 (I)        0 (I) 
           Arrival:=    1100            0     
                                              
             Setup:-     108                  
     Required Time:=     992                  
      Launch Clock:-       0                  
         Data Path:-     926                  
             Slack:=      65                  

#----------------------------------------------------------------------------------------------
#    Timing Point     Flags   Arc   Edge    Cell     Fanout  Load Trans Delay Arrival Instance 
#                                                            (fF)  (ps)  (ps)   (ps)  Location 
#----------------------------------------------------------------------------------------------
  cnt_reg[0]/CK       -       -     R     (arrival)      55     -     0     0       0    (-,-) 
  cnt_reg[0]/Q        -       CK->Q R     DFFHQX1LVT      5  10.9   161   191     191    (-,-) 
  g1869/Y             -       A->Y  F     INVX2LVT        1   3.7    60    93     285    (-,-) 
  g1866__2802/Y       -       A->Y  F     OR2X8LVT       55 103.2   240   229     513    (-,-) 
  g1579__4319/Y       -       B->Y  R     NOR2BX1LVT      1   3.3   137   174     687    (-,-) 
  g1468__5122/Y       -       B0->Y F     AOI21X1LVT      1   3.3   159   103     790    (-,-) 
  g1398__2883/Y       -       B->Y  R     NOR2X1LVT       1   3.2   124   136     926    (-,-) 
  out_sr_reg[0][11]/D -       -     R     DFFHQX1LVT      1     -     -     0     926    (-,-) 
#----------------------------------------------------------------------------------------------



Path 6: MET (65 ps) Setup Check with Pin out_sr_reg[0][10]/CK->D
          Group: clock
     Startpoint: (R) cnt_reg[0]/CK
          Clock: (R) clock
       Endpoint: (R) out_sr_reg[0][10]/D
          Clock: (R) clock

                     Capture       Launch     
        Clock Edge:+    1100            0     
       Src Latency:+       0            0     
       Net Latency:+       0 (I)        0 (I) 
           Arrival:=    1100            0     
                                              
             Setup:-     108                  
     Required Time:=     992                  
      Launch Clock:-       0                  
         Data Path:-     926                  
             Slack:=      65                  

#----------------------------------------------------------------------------------------------
#    Timing Point     Flags   Arc   Edge    Cell     Fanout  Load Trans Delay Arrival Instance 
#                                                            (fF)  (ps)  (ps)   (ps)  Location 
#----------------------------------------------------------------------------------------------
  cnt_reg[0]/CK       -       -     R     (arrival)      55     -     0     0       0    (-,-) 
  cnt_reg[0]/Q        -       CK->Q R     DFFHQX1LVT      5  10.9   161   191     191    (-,-) 
  g1869/Y             -       A->Y  F     INVX2LVT        1   3.7    60    93     285    (-,-) 
  g1866__2802/Y       -       A->Y  F     OR2X8LVT       55 103.2   240   229     513    (-,-) 
  g1578__6260/Y       -       B->Y  R     NOR2BX1LVT      1   3.3   137   174     687    (-,-) 
  g1467__1705/Y       -       B0->Y F     AOI21X1LVT      1   3.3   159   103     790    (-,-) 
  g1396__9315/Y       -       B->Y  R     NOR2X1LVT       1   3.2   124   136     926    (-,-) 
  out_sr_reg[0][10]/D -       -     R     DFFHQX1LVT      1     -     -     0     926    (-,-) 
#----------------------------------------------------------------------------------------------



Path 7: MET (65 ps) Setup Check with Pin out_sr_reg[0][9]/CK->D
          Group: clock
     Startpoint: (R) cnt_reg[0]/CK
          Clock: (R) clock
       Endpoint: (R) out_sr_reg[0][9]/D
          Clock: (R) clock

                     Capture       Launch     
        Clock Edge:+    1100            0     
       Src Latency:+       0            0     
       Net Latency:+       0 (I)        0 (I) 
           Arrival:=    1100            0     
                                              
             Setup:-     108                  
     Required Time:=     992                  
      Launch Clock:-       0                  
         Data Path:-     926                  
             Slack:=      65                  

#---------------------------------------------------------------------------------------------
#   Timing Point     Flags   Arc   Edge    Cell     Fanout  Load Trans Delay Arrival Instance 
#                                                           (fF)  (ps)  (ps)   (ps)  Location 
#---------------------------------------------------------------------------------------------
  cnt_reg[0]/CK      -       -     R     (arrival)      55     -     0     0       0    (-,-) 
  cnt_reg[0]/Q       -       CK->Q R     DFFHQX1LVT      5  10.9   161   191     191    (-,-) 
  g1869/Y            -       A->Y  F     INVX2LVT        1   3.7    60    93     285    (-,-) 
  g1866__2802/Y      -       A->Y  F     OR2X8LVT       55 103.2   240   229     513    (-,-) 
  g1562__6131/Y      -       B->Y  R     NOR2BX1LVT      1   3.3   137   174     687    (-,-) 
  g1466__2802/Y      -       B0->Y F     AOI21X1LVT      1   3.3   159   103     790    (-,-) 
  g1397__9945/Y      -       B->Y  R     NOR2X1LVT       1   3.2   124   136     926    (-,-) 
  out_sr_reg[0][9]/D -       -     R     DFFHQX1LVT      1     -     -     0     926    (-,-) 
#---------------------------------------------------------------------------------------------



Path 8: MET (65 ps) Setup Check with Pin out_sr_reg[0][8]/CK->D
          Group: clock
     Startpoint: (R) cnt_reg[0]/CK
          Clock: (R) clock
       Endpoint: (R) out_sr_reg[0][8]/D
          Clock: (R) clock

                     Capture       Launch     
        Clock Edge:+    1100            0     
       Src Latency:+       0            0     
       Net Latency:+       0 (I)        0 (I) 
           Arrival:=    1100            0     
                                              
             Setup:-     108                  
     Required Time:=     992                  
      Launch Clock:-       0                  
         Data Path:-     926                  
             Slack:=      65                  

#---------------------------------------------------------------------------------------------
#   Timing Point     Flags   Arc   Edge    Cell     Fanout  Load Trans Delay Arrival Instance 
#                                                           (fF)  (ps)  (ps)   (ps)  Location 
#---------------------------------------------------------------------------------------------
  cnt_reg[0]/CK      -       -     R     (arrival)      55     -     0     0       0    (-,-) 
  cnt_reg[0]/Q       -       CK->Q R     DFFHQX1LVT      5  10.9   161   191     191    (-,-) 
  g1869/Y            -       A->Y  F     INVX2LVT        1   3.7    60    93     285    (-,-) 
  g1866__2802/Y      -       A->Y  F     OR2X8LVT       55 103.2   240   229     513    (-,-) 
  g1577__5107/Y      -       B->Y  R     NOR2BX1LVT      1   3.3   137   174     687    (-,-) 
  g1465__1617/Y      -       B0->Y F     AOI21X1LVT      1   3.3   159   103     790    (-,-) 
  g1400__1666/Y      -       B->Y  R     NOR2X1LVT       1   3.2   124   136     926    (-,-) 
  out_sr_reg[0][8]/D -       -     R     DFFHQX1LVT      1     -     -     0     926    (-,-) 
#---------------------------------------------------------------------------------------------



Path 9: MET (65 ps) Setup Check with Pin out_sr_reg[0][7]/CK->D
          Group: clock
     Startpoint: (R) cnt_reg[0]/CK
          Clock: (R) clock
       Endpoint: (R) out_sr_reg[0][7]/D
          Clock: (R) clock

                     Capture       Launch     
        Clock Edge:+    1100            0     
       Src Latency:+       0            0     
       Net Latency:+       0 (I)        0 (I) 
           Arrival:=    1100            0     
                                              
             Setup:-     108                  
     Required Time:=     992                  
      Launch Clock:-       0                  
         Data Path:-     926                  
             Slack:=      65                  

#---------------------------------------------------------------------------------------------
#   Timing Point     Flags   Arc   Edge    Cell     Fanout  Load Trans Delay Arrival Instance 
#                                                           (fF)  (ps)  (ps)   (ps)  Location 
#---------------------------------------------------------------------------------------------
  cnt_reg[0]/CK      -       -     R     (arrival)      55     -     0     0       0    (-,-) 
  cnt_reg[0]/Q       -       CK->Q R     DFFHQX1LVT      5  10.9   161   191     191    (-,-) 
  g1869/Y            -       A->Y  F     INVX2LVT        1   3.7    60    93     285    (-,-) 
  g1866__2802/Y      -       A->Y  F     OR2X8LVT       55 103.2   240   229     513    (-,-) 
  g1576__2398/Y      -       B->Y  R     NOR2BX1LVT      1   3.3   137   174     687    (-,-) 
  g1464__3680/Y      -       B0->Y F     AOI21X1LVT      1   3.3   159   103     790    (-,-) 
  g1395__6161/Y      -       B->Y  R     NOR2X1LVT       1   3.2   124   136     926    (-,-) 
  out_sr_reg[0][7]/D -       -     R     DFFHQX1LVT      1     -     -     0     926    (-,-) 
#---------------------------------------------------------------------------------------------



Path 10: MET (65 ps) Setup Check with Pin out_sr_reg[0][6]/CK->D
          Group: clock
     Startpoint: (R) cnt_reg[0]/CK
          Clock: (R) clock
       Endpoint: (R) out_sr_reg[0][6]/D
          Clock: (R) clock

                     Capture       Launch     
        Clock Edge:+    1100            0     
       Src Latency:+       0            0     
       Net Latency:+       0 (I)        0 (I) 
           Arrival:=    1100            0     
                                              
             Setup:-     108                  
     Required Time:=     992                  
      Launch Clock:-       0                  
         Data Path:-     926                  
             Slack:=      65                  

#---------------------------------------------------------------------------------------------
#   Timing Point     Flags   Arc   Edge    Cell     Fanout  Load Trans Delay Arrival Instance 
#                                                           (fF)  (ps)  (ps)   (ps)  Location 
#---------------------------------------------------------------------------------------------
  cnt_reg[0]/CK      -       -     R     (arrival)      55     -     0     0       0    (-,-) 
  cnt_reg[0]/Q       -       CK->Q R     DFFHQX1LVT      5  10.9   161   191     191    (-,-) 
  g1869/Y            -       A->Y  F     INVX2LVT        1   3.7    60    93     285    (-,-) 
  g1866__2802/Y      -       A->Y  F     OR2X8LVT       55 103.2   240   229     513    (-,-) 
  g1572__1666/Y      -       B->Y  R     NOR2BX1LVT      1   3.3   137   174     687    (-,-) 
  g1463__6783/Y      -       B0->Y F     AOI21X1LVT      1   3.3   159   103     790    (-,-) 
  g1394__4733/Y      -       B->Y  R     NOR2X1LVT       1   3.2   124   136     926    (-,-) 
  out_sr_reg[0][6]/D -       -     R     DFFHQX1LVT      1     -     -     0     926    (-,-) 
#---------------------------------------------------------------------------------------------



Path 11: MET (74 ps) Setup Check with Pin out_sr_reg[0][5]/CK->D
          Group: clock
     Startpoint: (R) cnt_reg[0]/CK
          Clock: (R) clock
       Endpoint: (R) out_sr_reg[0][5]/D
          Clock: (R) clock

                     Capture       Launch     
        Clock Edge:+    1100            0     
       Src Latency:+       0            0     
       Net Latency:+       0 (I)        0 (I) 
           Arrival:=    1100            0     
                                              
             Setup:-     112                  
     Required Time:=     988                  
      Launch Clock:-       0                  
         Data Path:-     914                  
             Slack:=      74                  

#---------------------------------------------------------------------------------------------
#   Timing Point     Flags   Arc   Edge    Cell     Fanout  Load Trans Delay Arrival Instance 
#                                                           (fF)  (ps)  (ps)   (ps)  Location 
#---------------------------------------------------------------------------------------------
  cnt_reg[0]/CK      -       -     R     (arrival)      55     -     0     0       0    (-,-) 
  cnt_reg[0]/Q       -       CK->Q R     DFFHQX1LVT      5  10.9   161   191     191    (-,-) 
  g1869/Y            -       A->Y  F     INVX2LVT        1   3.7    60    93     285    (-,-) 
  g1866__2802/Y      -       A->Y  F     OR2X8LVT       55 103.2   240   229     513    (-,-) 
  g1462__5526/Y      -       S0->Y F     MXI2XLLVT       1   3.3   255   222     735    (-,-) 
  g1388__8246/Y      -       B->Y  R     NOR2X1LVT       1   3.2   136   179     914    (-,-) 
  out_sr_reg[0][5]/D -       -     R     DFFHQX1LVT      1     -     -     0     914    (-,-) 
#---------------------------------------------------------------------------------------------



Path 12: MET (74 ps) Setup Check with Pin out_sr_reg[0][4]/CK->D
          Group: clock
     Startpoint: (R) cnt_reg[0]/CK
          Clock: (R) clock
       Endpoint: (R) out_sr_reg[0][4]/D
          Clock: (R) clock

                     Capture       Launch     
        Clock Edge:+    1100            0     
       Src Latency:+       0            0     
       Net Latency:+       0 (I)        0 (I) 
           Arrival:=    1100            0     
                                              
             Setup:-     112                  
     Required Time:=     988                  
      Launch Clock:-       0                  
         Data Path:-     914                  
             Slack:=      74                  

#---------------------------------------------------------------------------------------------
#   Timing Point     Flags   Arc   Edge    Cell     Fanout  Load Trans Delay Arrival Instance 
#                                                           (fF)  (ps)  (ps)   (ps)  Location 
#---------------------------------------------------------------------------------------------
  cnt_reg[0]/CK      -       -     R     (arrival)      55     -     0     0       0    (-,-) 
  cnt_reg[0]/Q       -       CK->Q R     DFFHQX1LVT      5  10.9   161   191     191    (-,-) 
  g1869/Y            -       A->Y  F     INVX2LVT        1   3.7    60    93     285    (-,-) 
  g1866__2802/Y      -       A->Y  F     OR2X8LVT       55 103.2   240   229     513    (-,-) 
  g1461__8428/Y      -       S0->Y F     MXI2XLLVT       1   3.3   255   222     735    (-,-) 
  g1393__7482/Y      -       B->Y  R     NOR2X1LVT       1   3.2   136   179     914    (-,-) 
  out_sr_reg[0][4]/D -       -     R     DFFHQX1LVT      1     -     -     0     914    (-,-) 
#---------------------------------------------------------------------------------------------



Path 13: MET (74 ps) Setup Check with Pin out_sr_reg[0][3]/CK->D
          Group: clock
     Startpoint: (R) cnt_reg[0]/CK
          Clock: (R) clock
       Endpoint: (R) out_sr_reg[0][3]/D
          Clock: (R) clock

                     Capture       Launch     
        Clock Edge:+    1100            0     
       Src Latency:+       0            0     
       Net Latency:+       0 (I)        0 (I) 
           Arrival:=    1100            0     
                                              
             Setup:-     112                  
     Required Time:=     988                  
      Launch Clock:-       0                  
         Data Path:-     914                  
             Slack:=      74                  

#---------------------------------------------------------------------------------------------
#   Timing Point     Flags   Arc   Edge    Cell     Fanout  Load Trans Delay Arrival Instance 
#                                                           (fF)  (ps)  (ps)   (ps)  Location 
#---------------------------------------------------------------------------------------------
  cnt_reg[0]/CK      -       -     R     (arrival)      55     -     0     0       0    (-,-) 
  cnt_reg[0]/Q       -       CK->Q R     DFFHQX1LVT      5  10.9   161   191     191    (-,-) 
  g1869/Y            -       A->Y  F     INVX2LVT        1   3.7    60    93     285    (-,-) 
  g1866__2802/Y      -       A->Y  F     OR2X8LVT       55 103.2   240   229     513    (-,-) 
  g1460__4319/Y      -       S0->Y F     MXI2XLLVT       1   3.3   255   222     735    (-,-) 
  g1391__1881/Y      -       B->Y  R     NOR2X1LVT       1   3.2   136   179     914    (-,-) 
  out_sr_reg[0][3]/D -       -     R     DFFHQX1LVT      1     -     -     0     914    (-,-) 
#---------------------------------------------------------------------------------------------



Path 14: MET (74 ps) Setup Check with Pin out_sr_reg[0][2]/CK->D
          Group: clock
     Startpoint: (R) cnt_reg[0]/CK
          Clock: (R) clock
       Endpoint: (R) out_sr_reg[0][2]/D
          Clock: (R) clock

                     Capture       Launch     
        Clock Edge:+    1100            0     
       Src Latency:+       0            0     
       Net Latency:+       0 (I)        0 (I) 
           Arrival:=    1100            0     
                                              
             Setup:-     112                  
     Required Time:=     988                  
      Launch Clock:-       0                  
         Data Path:-     914                  
             Slack:=      74                  

#---------------------------------------------------------------------------------------------
#   Timing Point     Flags   Arc   Edge    Cell     Fanout  Load Trans Delay Arrival Instance 
#                                                           (fF)  (ps)  (ps)   (ps)  Location 
#---------------------------------------------------------------------------------------------
  cnt_reg[0]/CK      -       -     R     (arrival)      55     -     0     0       0    (-,-) 
  cnt_reg[0]/Q       -       CK->Q R     DFFHQX1LVT      5  10.9   161   191     191    (-,-) 
  g1869/Y            -       A->Y  F     INVX2LVT        1   3.7    60    93     285    (-,-) 
  g1866__2802/Y      -       A->Y  F     OR2X8LVT       55 103.2   240   229     513    (-,-) 
  g1459__6260/Y      -       S0->Y F     MXI2XLLVT       1   3.3   255   222     735    (-,-) 
  g1390__6131/Y      -       B->Y  R     NOR2X1LVT       1   3.2   136   179     914    (-,-) 
  out_sr_reg[0][2]/D -       -     R     DFFHQX1LVT      1     -     -     0     914    (-,-) 
#---------------------------------------------------------------------------------------------



Path 15: MET (74 ps) Setup Check with Pin out_sr_reg[0][1]/CK->D
          Group: clock
     Startpoint: (R) cnt_reg[0]/CK
          Clock: (R) clock
       Endpoint: (R) out_sr_reg[0][1]/D
          Clock: (R) clock

                     Capture       Launch     
        Clock Edge:+    1100            0     
       Src Latency:+       0            0     
       Net Latency:+       0 (I)        0 (I) 
           Arrival:=    1100            0     
                                              
             Setup:-     112                  
     Required Time:=     988                  
      Launch Clock:-       0                  
         Data Path:-     914                  
             Slack:=      74                  

#---------------------------------------------------------------------------------------------
#   Timing Point     Flags   Arc   Edge    Cell     Fanout  Load Trans Delay Arrival Instance 
#                                                           (fF)  (ps)  (ps)   (ps)  Location 
#---------------------------------------------------------------------------------------------
  cnt_reg[0]/CK      -       -     R     (arrival)      55     -     0     0       0    (-,-) 
  cnt_reg[0]/Q       -       CK->Q R     DFFHQX1LVT      5  10.9   161   191     191    (-,-) 
  g1869/Y            -       A->Y  F     INVX2LVT        1   3.7    60    93     285    (-,-) 
  g1866__2802/Y      -       A->Y  F     OR2X8LVT       55 103.2   240   229     513    (-,-) 
  g1458__5107/Y      -       S0->Y F     MXI2XLLVT       1   3.3   255   222     735    (-,-) 
  g1389__7098/Y      -       B->Y  R     NOR2X1LVT       1   3.2   136   179     914    (-,-) 
  out_sr_reg[0][1]/D -       -     R     DFFHQX1LVT      1     -     -     0     914    (-,-) 
#---------------------------------------------------------------------------------------------



Path 16: MET (74 ps) Setup Check with Pin out_sr_reg[0][0]/CK->D
          Group: clock
     Startpoint: (R) cnt_reg[0]/CK
          Clock: (R) clock
       Endpoint: (R) out_sr_reg[0][0]/D
          Clock: (R) clock

                     Capture       Launch     
        Clock Edge:+    1100            0     
       Src Latency:+       0            0     
       Net Latency:+       0 (I)        0 (I) 
           Arrival:=    1100            0     
                                              
             Setup:-     112                  
     Required Time:=     988                  
      Launch Clock:-       0                  
         Data Path:-     914                  
             Slack:=      74                  

#---------------------------------------------------------------------------------------------
#   Timing Point     Flags   Arc   Edge    Cell     Fanout  Load Trans Delay Arrival Instance 
#                                                           (fF)  (ps)  (ps)   (ps)  Location 
#---------------------------------------------------------------------------------------------
  cnt_reg[0]/CK      -       -     R     (arrival)      55     -     0     0       0    (-,-) 
  cnt_reg[0]/Q       -       CK->Q R     DFFHQX1LVT      5  10.9   161   191     191    (-,-) 
  g1869/Y            -       A->Y  F     INVX2LVT        1   3.7    60    93     285    (-,-) 
  g1866__2802/Y      -       A->Y  F     OR2X8LVT       55 103.2   240   229     513    (-,-) 
  g1457__2398/Y      -       S0->Y F     MXI2XLLVT       1   3.3   255   222     735    (-,-) 
  g1392__5115/Y      -       B->Y  R     NOR2X1LVT       1   3.2   136   179     914    (-,-) 
  out_sr_reg[0][0]/D -       -     R     DFFHQX1LVT      1     -     -     0     914    (-,-) 
#---------------------------------------------------------------------------------------------



Path 17: MET (74 ps) Setup Check with Pin out_sr_reg[2][5]/CK->D
          Group: clock
     Startpoint: (R) cnt_reg[0]/CK
          Clock: (R) clock
       Endpoint: (R) out_sr_reg[2][5]/D
          Clock: (R) clock

                     Capture       Launch     
        Clock Edge:+    1100            0     
       Src Latency:+       0            0     
       Net Latency:+       0 (I)        0 (I) 
           Arrival:=    1100            0     
                                              
             Setup:-     112                  
     Required Time:=     988                  
      Launch Clock:-       0                  
         Data Path:-     914                  
             Slack:=      74                  

#---------------------------------------------------------------------------------------------
#   Timing Point     Flags   Arc   Edge    Cell     Fanout  Load Trans Delay Arrival Instance 
#                                                           (fF)  (ps)  (ps)   (ps)  Location 
#---------------------------------------------------------------------------------------------
  cnt_reg[0]/CK      -       -     R     (arrival)      55     -     0     0       0    (-,-) 
  cnt_reg[0]/Q       -       CK->Q R     DFFHQX1LVT      5  10.9   161   191     191    (-,-) 
  g1869/Y            -       A->Y  F     INVX2LVT        1   3.7    60    93     285    (-,-) 
  g1866__2802/Y      -       A->Y  F     OR2X8LVT       55 103.2   240   229     513    (-,-) 
  g1796__1881/Y      -       S0->Y F     MXI2XLLVT       1   3.3   255   222     735    (-,-) 
  g1783__6260/Y      -       B->Y  R     NOR2X1LVT       1   3.2   136   179     914    (-,-) 
  out_sr_reg[2][5]/D -       -     R     DFFHQX1LVT      1     -     -     0     914    (-,-) 
#---------------------------------------------------------------------------------------------



Path 18: MET (74 ps) Setup Check with Pin out_sr_reg[2][4]/CK->D
          Group: clock
     Startpoint: (R) cnt_reg[0]/CK
          Clock: (R) clock
       Endpoint: (R) out_sr_reg[2][4]/D
          Clock: (R) clock

                     Capture       Launch     
        Clock Edge:+    1100            0     
       Src Latency:+       0            0     
       Net Latency:+       0 (I)        0 (I) 
           Arrival:=    1100            0     
                                              
             Setup:-     112                  
     Required Time:=     988                  
      Launch Clock:-       0                  
         Data Path:-     914                  
             Slack:=      74                  

#---------------------------------------------------------------------------------------------
#   Timing Point     Flags   Arc   Edge    Cell     Fanout  Load Trans Delay Arrival Instance 
#                                                           (fF)  (ps)  (ps)   (ps)  Location 
#---------------------------------------------------------------------------------------------
  cnt_reg[0]/CK      -       -     R     (arrival)      55     -     0     0       0    (-,-) 
  cnt_reg[0]/Q       -       CK->Q R     DFFHQX1LVT      5  10.9   161   191     191    (-,-) 
  g1869/Y            -       A->Y  F     INVX2LVT        1   3.7    60    93     285    (-,-) 
  g1866__2802/Y      -       A->Y  F     OR2X8LVT       55 103.2   240   229     513    (-,-) 
  g1791__1705/Y      -       S0->Y F     MXI2XLLVT       1   3.3   255   222     735    (-,-) 
  g1782__5107/Y      -       B->Y  R     NOR2X1LVT       1   3.2   136   179     914    (-,-) 
  out_sr_reg[2][4]/D -       -     R     DFFHQX1LVT      1     -     -     0     914    (-,-) 
#---------------------------------------------------------------------------------------------



Path 19: MET (74 ps) Setup Check with Pin out_sr_reg[2][3]/CK->D
          Group: clock
     Startpoint: (R) cnt_reg[0]/CK
          Clock: (R) clock
       Endpoint: (R) out_sr_reg[2][3]/D
          Clock: (R) clock

                     Capture       Launch     
        Clock Edge:+    1100            0     
       Src Latency:+       0            0     
       Net Latency:+       0 (I)        0 (I) 
           Arrival:=    1100            0     
                                              
             Setup:-     112                  
     Required Time:=     988                  
      Launch Clock:-       0                  
         Data Path:-     914                  
             Slack:=      74                  

#---------------------------------------------------------------------------------------------
#   Timing Point     Flags   Arc   Edge    Cell     Fanout  Load Trans Delay Arrival Instance 
#                                                           (fF)  (ps)  (ps)   (ps)  Location 
#---------------------------------------------------------------------------------------------
  cnt_reg[0]/CK      -       -     R     (arrival)      55     -     0     0       0    (-,-) 
  cnt_reg[0]/Q       -       CK->Q R     DFFHQX1LVT      5  10.9   161   191     191    (-,-) 
  g1869/Y            -       A->Y  F     INVX2LVT        1   3.7    60    93     285    (-,-) 
  g1866__2802/Y      -       A->Y  F     OR2X8LVT       55 103.2   240   229     513    (-,-) 
  g1790__2802/Y      -       S0->Y F     MXI2XLLVT       1   3.3   255   222     735    (-,-) 
  g1781__2398/Y      -       B->Y  R     NOR2X1LVT       1   3.2   136   179     914    (-,-) 
  out_sr_reg[2][3]/D -       -     R     DFFHQX1LVT      1     -     -     0     914    (-,-) 
#---------------------------------------------------------------------------------------------



Path 20: MET (74 ps) Setup Check with Pin out_sr_reg[2][2]/CK->D
          Group: clock
     Startpoint: (R) cnt_reg[0]/CK
          Clock: (R) clock
       Endpoint: (R) out_sr_reg[2][2]/D
          Clock: (R) clock

                     Capture       Launch     
        Clock Edge:+    1100            0     
       Src Latency:+       0            0     
       Net Latency:+       0 (I)        0 (I) 
           Arrival:=    1100            0     
                                              
             Setup:-     112                  
     Required Time:=     988                  
      Launch Clock:-       0                  
         Data Path:-     914                  
             Slack:=      74                  

#---------------------------------------------------------------------------------------------
#   Timing Point     Flags   Arc   Edge    Cell     Fanout  Load Trans Delay Arrival Instance 
#                                                           (fF)  (ps)  (ps)   (ps)  Location 
#---------------------------------------------------------------------------------------------
  cnt_reg[0]/CK      -       -     R     (arrival)      55     -     0     0       0    (-,-) 
  cnt_reg[0]/Q       -       CK->Q R     DFFHQX1LVT      5  10.9   161   191     191    (-,-) 
  g1869/Y            -       A->Y  F     INVX2LVT        1   3.7    60    93     285    (-,-) 
  g1866__2802/Y      -       A->Y  F     OR2X8LVT       55 103.2   240   229     513    (-,-) 
  g1789__1617/Y      -       S0->Y F     MXI2XLLVT       1   3.3   255   222     735    (-,-) 
  g1780__5477/Y      -       B->Y  R     NOR2X1LVT       1   3.2   136   179     914    (-,-) 
  out_sr_reg[2][2]/D -       -     R     DFFHQX1LVT      1     -     -     0     914    (-,-) 
#---------------------------------------------------------------------------------------------



Path 21: MET (74 ps) Setup Check with Pin out_sr_reg[2][1]/CK->D
          Group: clock
     Startpoint: (R) cnt_reg[0]/CK
          Clock: (R) clock
       Endpoint: (R) out_sr_reg[2][1]/D
          Clock: (R) clock

                     Capture       Launch     
        Clock Edge:+    1100            0     
       Src Latency:+       0            0     
       Net Latency:+       0 (I)        0 (I) 
           Arrival:=    1100            0     
                                              
             Setup:-     112                  
     Required Time:=     988                  
      Launch Clock:-       0                  
         Data Path:-     914                  
             Slack:=      74                  

#---------------------------------------------------------------------------------------------
#   Timing Point     Flags   Arc   Edge    Cell     Fanout  Load Trans Delay Arrival Instance 
#                                                           (fF)  (ps)  (ps)   (ps)  Location 
#---------------------------------------------------------------------------------------------
  cnt_reg[0]/CK      -       -     R     (arrival)      55     -     0     0       0    (-,-) 
  cnt_reg[0]/Q       -       CK->Q R     DFFHQX1LVT      5  10.9   161   191     191    (-,-) 
  g1869/Y            -       A->Y  F     INVX2LVT        1   3.7    60    93     285    (-,-) 
  g1866__2802/Y      -       A->Y  F     OR2X8LVT       55 103.2   240   229     513    (-,-) 
  g1784__4319/Y      -       S0->Y F     MXI2XLLVT       1   3.3   255   222     735    (-,-) 
  g1779__6417/Y      -       B->Y  R     NOR2X1LVT       1   3.2   136   179     914    (-,-) 
  out_sr_reg[2][1]/D -       -     R     DFFHQX1LVT      1     -     -     0     914    (-,-) 
#---------------------------------------------------------------------------------------------



Path 22: MET (74 ps) Setup Check with Pin out_sr_reg[2][0]/CK->D
          Group: clock
     Startpoint: (R) cnt_reg[0]/CK
          Clock: (R) clock
       Endpoint: (R) out_sr_reg[2][0]/D
          Clock: (R) clock

                     Capture       Launch     
        Clock Edge:+    1100            0     
       Src Latency:+       0            0     
       Net Latency:+       0 (I)        0 (I) 
           Arrival:=    1100            0     
                                              
             Setup:-     112                  
     Required Time:=     988                  
      Launch Clock:-       0                  
         Data Path:-     914                  
             Slack:=      74                  

#---------------------------------------------------------------------------------------------
#   Timing Point     Flags   Arc   Edge    Cell     Fanout  Load Trans Delay Arrival Instance 
#                                                           (fF)  (ps)  (ps)   (ps)  Location 
#---------------------------------------------------------------------------------------------
  cnt_reg[0]/CK      -       -     R     (arrival)      55     -     0     0       0    (-,-) 
  cnt_reg[0]/Q       -       CK->Q R     DFFHQX1LVT      5  10.9   161   191     191    (-,-) 
  g1869/Y            -       A->Y  F     INVX2LVT        1   3.7    60    93     285    (-,-) 
  g1866__2802/Y      -       A->Y  F     OR2X8LVT       55 103.2   240   229     513    (-,-) 
  g1787__6783/Y      -       S0->Y F     MXI2XLLVT       1   3.3   255   222     735    (-,-) 
  g1778__7410/Y      -       B->Y  R     NOR2X1LVT       1   3.2   136   179     914    (-,-) 
  out_sr_reg[2][0]/D -       -     R     DFFHQX1LVT      1     -     -     0     914    (-,-) 
#---------------------------------------------------------------------------------------------



Path 23: MET (74 ps) Setup Check with Pin out_sr_reg[1][5]/CK->D
          Group: clock
     Startpoint: (R) cnt_reg[0]/CK
          Clock: (R) clock
       Endpoint: (R) out_sr_reg[1][5]/D
          Clock: (R) clock

                     Capture       Launch     
        Clock Edge:+    1100            0     
       Src Latency:+       0            0     
       Net Latency:+       0 (I)        0 (I) 
           Arrival:=    1100            0     
                                              
             Setup:-     112                  
     Required Time:=     988                  
      Launch Clock:-       0                  
         Data Path:-     914                  
             Slack:=      74                  

#---------------------------------------------------------------------------------------------
#   Timing Point     Flags   Arc   Edge    Cell     Fanout  Load Trans Delay Arrival Instance 
#                                                           (fF)  (ps)  (ps)   (ps)  Location 
#---------------------------------------------------------------------------------------------
  cnt_reg[0]/CK      -       -     R     (arrival)      55     -     0     0       0    (-,-) 
  cnt_reg[0]/Q       -       CK->Q R     DFFHQX1LVT      5  10.9   161   191     191    (-,-) 
  g1869/Y            -       A->Y  F     INVX2LVT        1   3.7    60    93     285    (-,-) 
  g1866__2802/Y      -       A->Y  F     OR2X8LVT       55 103.2   240   229     513    (-,-) 
  g1745__1617/Y      -       S0->Y F     MXI2XLLVT       1   3.3   255   222     735    (-,-) 
  g1739__6260/Y      -       B->Y  R     NOR2X1LVT       1   3.2   136   179     914    (-,-) 
  out_sr_reg[1][5]/D -       -     R     DFFHQX1LVT      1     -     -     0     914    (-,-) 
#---------------------------------------------------------------------------------------------



Path 24: MET (74 ps) Setup Check with Pin out_sr_reg[1][4]/CK->D
          Group: clock
     Startpoint: (R) cnt_reg[0]/CK
          Clock: (R) clock
       Endpoint: (R) out_sr_reg[1][4]/D
          Clock: (R) clock

                     Capture       Launch     
        Clock Edge:+    1100            0     
       Src Latency:+       0            0     
       Net Latency:+       0 (I)        0 (I) 
           Arrival:=    1100            0     
                                              
             Setup:-     112                  
     Required Time:=     988                  
      Launch Clock:-       0                  
         Data Path:-     914                  
             Slack:=      74                  

#---------------------------------------------------------------------------------------------
#   Timing Point     Flags   Arc   Edge    Cell     Fanout  Load Trans Delay Arrival Instance 
#                                                           (fF)  (ps)  (ps)   (ps)  Location 
#---------------------------------------------------------------------------------------------
  cnt_reg[0]/CK      -       -     R     (arrival)      55     -     0     0       0    (-,-) 
  cnt_reg[0]/Q       -       CK->Q R     DFFHQX1LVT      5  10.9   161   191     191    (-,-) 
  g1869/Y            -       A->Y  F     INVX2LVT        1   3.7    60    93     285    (-,-) 
  g1866__2802/Y      -       A->Y  F     OR2X8LVT       55 103.2   240   229     513    (-,-) 
  g1744__3680/Y      -       S0->Y F     MXI2XLLVT       1   3.3   255   222     735    (-,-) 
  g1738__5107/Y      -       B->Y  R     NOR2X1LVT       1   3.2   136   179     914    (-,-) 
  out_sr_reg[1][4]/D -       -     R     DFFHQX1LVT      1     -     -     0     914    (-,-) 
#---------------------------------------------------------------------------------------------



Path 25: MET (74 ps) Setup Check with Pin out_sr_reg[1][3]/CK->D
          Group: clock
     Startpoint: (R) cnt_reg[0]/CK
          Clock: (R) clock
       Endpoint: (R) out_sr_reg[1][3]/D
          Clock: (R) clock

                     Capture       Launch     
        Clock Edge:+    1100            0     
       Src Latency:+       0            0     
       Net Latency:+       0 (I)        0 (I) 
           Arrival:=    1100            0     
                                              
             Setup:-     112                  
     Required Time:=     988                  
      Launch Clock:-       0                  
         Data Path:-     914                  
             Slack:=      74                  

#---------------------------------------------------------------------------------------------
#   Timing Point     Flags   Arc   Edge    Cell     Fanout  Load Trans Delay Arrival Instance 
#                                                           (fF)  (ps)  (ps)   (ps)  Location 
#---------------------------------------------------------------------------------------------
  cnt_reg[0]/CK      -       -     R     (arrival)      55     -     0     0       0    (-,-) 
  cnt_reg[0]/Q       -       CK->Q R     DFFHQX1LVT      5  10.9   161   191     191    (-,-) 
  g1869/Y            -       A->Y  F     INVX2LVT        1   3.7    60    93     285    (-,-) 
  g1866__2802/Y      -       A->Y  F     OR2X8LVT       55 103.2   240   229     513    (-,-) 
  g1747__1705/Y      -       S0->Y F     MXI2XLLVT       1   3.3   255   222     735    (-,-) 
  g1737__2398/Y      -       B->Y  R     NOR2X1LVT       1   3.2   136   179     914    (-,-) 
  out_sr_reg[1][3]/D -       -     R     DFFHQX1LVT      1     -     -     0     914    (-,-) 
#---------------------------------------------------------------------------------------------



Path 26: MET (74 ps) Setup Check with Pin out_sr_reg[1][2]/CK->D
          Group: clock
     Startpoint: (R) cnt_reg[0]/CK
          Clock: (R) clock
       Endpoint: (R) out_sr_reg[1][2]/D
          Clock: (R) clock

                     Capture       Launch     
        Clock Edge:+    1100            0     
       Src Latency:+       0            0     
       Net Latency:+       0 (I)        0 (I) 
           Arrival:=    1100            0     
                                              
             Setup:-     112                  
     Required Time:=     988                  
      Launch Clock:-       0                  
         Data Path:-     914                  
             Slack:=      74                  

#---------------------------------------------------------------------------------------------
#   Timing Point     Flags   Arc   Edge    Cell     Fanout  Load Trans Delay Arrival Instance 
#                                                           (fF)  (ps)  (ps)   (ps)  Location 
#---------------------------------------------------------------------------------------------
  cnt_reg[0]/CK      -       -     R     (arrival)      55     -     0     0       0    (-,-) 
  cnt_reg[0]/Q       -       CK->Q R     DFFHQX1LVT      5  10.9   161   191     191    (-,-) 
  g1869/Y            -       A->Y  F     INVX2LVT        1   3.7    60    93     285    (-,-) 
  g1866__2802/Y      -       A->Y  F     OR2X8LVT       55 103.2   240   229     513    (-,-) 
  g1758__9945/Y      -       S0->Y F     MXI2XLLVT       1   3.3   255   222     735    (-,-) 
  g1742__5526/Y      -       B->Y  R     NOR2X1LVT       1   3.2   136   179     914    (-,-) 
  out_sr_reg[1][2]/D -       -     R     DFFHQX1LVT      1     -     -     0     914    (-,-) 
#---------------------------------------------------------------------------------------------



Path 27: MET (74 ps) Setup Check with Pin out_sr_reg[1][1]/CK->D
          Group: clock
     Startpoint: (R) cnt_reg[0]/CK
          Clock: (R) clock
       Endpoint: (R) out_sr_reg[1][1]/D
          Clock: (R) clock

                     Capture       Launch     
        Clock Edge:+    1100            0     
       Src Latency:+       0            0     
       Net Latency:+       0 (I)        0 (I) 
           Arrival:=    1100            0     
                                              
             Setup:-     112                  
     Required Time:=     988                  
      Launch Clock:-       0                  
         Data Path:-     914                  
             Slack:=      74                  

#---------------------------------------------------------------------------------------------
#   Timing Point     Flags   Arc   Edge    Cell     Fanout  Load Trans Delay Arrival Instance 
#                                                           (fF)  (ps)  (ps)   (ps)  Location 
#---------------------------------------------------------------------------------------------
  cnt_reg[0]/CK      -       -     R     (arrival)      55     -     0     0       0    (-,-) 
  cnt_reg[0]/Q       -       CK->Q R     DFFHQX1LVT      5  10.9   161   191     191    (-,-) 
  g1869/Y            -       A->Y  F     INVX2LVT        1   3.7    60    93     285    (-,-) 
  g1866__2802/Y      -       A->Y  F     OR2X8LVT       55 103.2   240   229     513    (-,-) 
  g1757__9315/Y      -       S0->Y F     MXI2XLLVT       1   3.3   255   222     735    (-,-) 
  g1741__8428/Y      -       B->Y  R     NOR2X1LVT       1   3.2   136   179     914    (-,-) 
  out_sr_reg[1][1]/D -       -     R     DFFHQX1LVT      1     -     -     0     914    (-,-) 
#---------------------------------------------------------------------------------------------



Path 28: MET (74 ps) Setup Check with Pin out_sr_reg[1][0]/CK->D
          Group: clock
     Startpoint: (R) cnt_reg[0]/CK
          Clock: (R) clock
       Endpoint: (R) out_sr_reg[1][0]/D
          Clock: (R) clock

                     Capture       Launch     
        Clock Edge:+    1100            0     
       Src Latency:+       0            0     
       Net Latency:+       0 (I)        0 (I) 
           Arrival:=    1100            0     
                                              
             Setup:-     112                  
     Required Time:=     988                  
      Launch Clock:-       0                  
         Data Path:-     914                  
             Slack:=      74                  

#---------------------------------------------------------------------------------------------
#   Timing Point     Flags   Arc   Edge    Cell     Fanout  Load Trans Delay Arrival Instance 
#                                                           (fF)  (ps)  (ps)   (ps)  Location 
#---------------------------------------------------------------------------------------------
  cnt_reg[0]/CK      -       -     R     (arrival)      55     -     0     0       0    (-,-) 
  cnt_reg[0]/Q       -       CK->Q R     DFFHQX1LVT      5  10.9   161   191     191    (-,-) 
  g1869/Y            -       A->Y  F     INVX2LVT        1   3.7    60    93     285    (-,-) 
  g1866__2802/Y      -       A->Y  F     OR2X8LVT       55 103.2   240   229     513    (-,-) 
  g1756__6161/Y      -       S0->Y F     MXI2XLLVT       1   3.3   255   222     735    (-,-) 
  g1740__4319/Y      -       B->Y  R     NOR2X1LVT       1   3.2   136   179     914    (-,-) 
  out_sr_reg[1][0]/D -       -     R     DFFHQX1LVT      1     -     -     0     914    (-,-) 
#---------------------------------------------------------------------------------------------



Path 29: MET (74 ps) Setup Check with Pin out_sr_reg[1][15]/CK->D
          Group: clock
     Startpoint: (R) cnt_reg[0]/CK
          Clock: (R) clock
       Endpoint: (R) out_sr_reg[1][15]/D
          Clock: (R) clock

                     Capture       Launch     
        Clock Edge:+    1100            0     
       Src Latency:+       0            0     
       Net Latency:+       0 (I)        0 (I) 
           Arrival:=    1100            0     
                                              
             Setup:-     149                  
     Required Time:=     951                  
      Launch Clock:-       0                  
         Data Path:-     877                  
             Slack:=      74                  

#----------------------------------------------------------------------------------------------
#    Timing Point     Flags   Arc   Edge    Cell     Fanout  Load Trans Delay Arrival Instance 
#                                                            (fF)  (ps)  (ps)   (ps)  Location 
#----------------------------------------------------------------------------------------------
  cnt_reg[0]/CK       -       -     R     (arrival)      55     -     0     0       0    (-,-) 
  cnt_reg[0]/Q        -       CK->Q F     DFFHQX1LVT      5  10.8   179   215     215    (-,-) 
  g1869/Y             -       A->Y  R     INVX2LVT        1   3.8    61    96     311    (-,-) 
  g1866__2802/Y       -       A->Y  R     OR2X8LVT       55 105.8   201   181     492    (-,-) 
  g1842/Y             -       A->Y  R     BUFX3LVT        9  18.5   100   164     656    (-,-) 
  g1761__1666/Y       -       B->Y  F     NAND2X1LVT      1   3.3   137   125     781    (-,-) 
  g1751__6131/Y       -       B0->Y R     OAI21X1LVT      1   3.1   124    96     877    (-,-) 
  out_sr_reg[1][15]/D -       -     R     DFFTRXLLVT      1     -     -     0     877    (-,-) 
#----------------------------------------------------------------------------------------------



Path 30: MET (74 ps) Setup Check with Pin out_sr_reg[1][14]/CK->D
          Group: clock
     Startpoint: (R) cnt_reg[0]/CK
          Clock: (R) clock
       Endpoint: (R) out_sr_reg[1][14]/D
          Clock: (R) clock

                     Capture       Launch     
        Clock Edge:+    1100            0     
       Src Latency:+       0            0     
       Net Latency:+       0 (I)        0 (I) 
           Arrival:=    1100            0     
                                              
             Setup:-     149                  
     Required Time:=     951                  
      Launch Clock:-       0                  
         Data Path:-     877                  
             Slack:=      74                  

#----------------------------------------------------------------------------------------------
#    Timing Point     Flags   Arc   Edge    Cell     Fanout  Load Trans Delay Arrival Instance 
#                                                            (fF)  (ps)  (ps)   (ps)  Location 
#----------------------------------------------------------------------------------------------
  cnt_reg[0]/CK       -       -     R     (arrival)      55     -     0     0       0    (-,-) 
  cnt_reg[0]/Q        -       CK->Q F     DFFHQX1LVT      5  10.8   179   215     215    (-,-) 
  g1869/Y             -       A->Y  R     INVX2LVT        1   3.8    61    96     311    (-,-) 
  g1866__2802/Y       -       A->Y  R     OR2X8LVT       55 105.8   201   181     492    (-,-) 
  g1842/Y             -       A->Y  R     BUFX3LVT        9  18.5   100   164     656    (-,-) 
  g1760__2346/Y       -       B->Y  F     NAND2X1LVT      1   3.3   137   125     781    (-,-) 
  g1754__7482/Y       -       B0->Y R     OAI21X1LVT      1   3.1   125    96     877    (-,-) 
  out_sr_reg[1][14]/D -       -     R     DFFTRXLLVT      1     -     -     0     877    (-,-) 
#----------------------------------------------------------------------------------------------



Path 31: MET (121 ps) Setup Check with Pin out_sr_reg[1][12]/CK->D
          Group: clock
     Startpoint: (R) cnt_reg[0]/CK
          Clock: (R) clock
       Endpoint: (R) out_sr_reg[1][12]/D
          Clock: (R) clock

                     Capture       Launch     
        Clock Edge:+    1100            0     
       Src Latency:+       0            0     
       Net Latency:+       0 (I)        0 (I) 
           Arrival:=    1100            0     
                                              
             Setup:-     183                  
     Required Time:=     917                  
      Launch Clock:-       0                  
         Data Path:-     796                  
             Slack:=     121                  

#-------------------------------------------------------------------------------------------------
#    Timing Point     Flags    Arc   Edge     Cell      Fanout  Load Trans Delay Arrival Instance 
#                                                               (fF)  (ps)  (ps)   (ps)  Location 
#-------------------------------------------------------------------------------------------------
  cnt_reg[0]/CK       -       -      R     (arrival)        55     -     0     0       0    (-,-) 
  cnt_reg[0]/Q        -       CK->Q  R     DFFHQX1LVT        5  10.9   161   191     191    (-,-) 
  g1869/Y             -       A->Y   F     INVX2LVT          1   3.7    60    93     285    (-,-) 
  g1866__2802/Y       -       A->Y   F     OR2X8LVT         55 103.2   240   229     513    (-,-) 
  g1844/Y             -       A->Y   R     CLKINVX4LVT       5  10.1    87   110     623    (-,-) 
  g1752__1881/Y       -       A0N->Y R     OAI2BB2XLLVT      1   3.1   209   173     796    (-,-) 
  out_sr_reg[1][12]/D -       -      R     DFFTRXLLVT        1     -     -     0     796    (-,-) 
#-------------------------------------------------------------------------------------------------



Path 32: MET (134 ps) Setup Check with Pin out_sr_reg[2][15]/CK->D
          Group: clock
     Startpoint: (R) cnt_reg[0]/CK
          Clock: (R) clock
       Endpoint: (R) out_sr_reg[2][15]/D
          Clock: (R) clock

                     Capture       Launch     
        Clock Edge:+    1100            0     
       Src Latency:+       0            0     
       Net Latency:+       0 (I)        0 (I) 
           Arrival:=    1100            0     
                                              
             Setup:-     174                  
     Required Time:=     926                  
      Launch Clock:-       0                  
         Data Path:-     792                  
             Slack:=     134                  

#----------------------------------------------------------------------------------------------
#    Timing Point     Flags   Arc   Edge    Cell     Fanout  Load Trans Delay Arrival Instance 
#                                                            (fF)  (ps)  (ps)   (ps)  Location 
#----------------------------------------------------------------------------------------------
  cnt_reg[0]/CK       -       -     R     (arrival)      55     -     0     0       0    (-,-) 
  cnt_reg[0]/Q        -       CK->Q F     DFFHQX1LVT      5  10.8   179   215     215    (-,-) 
  g1869/Y             -       A->Y  R     INVX2LVT        1   3.8    61    96     311    (-,-) 
  g1866__2802/Y       -       A->Y  R     OR2X8LVT       55 105.8   201   181     492    (-,-) 
  g1802__9945/Y       -       B->Y  F     NAND2X1LVT      1   3.2   146   170     662    (-,-) 
  g1786__5526/Y       -       B0->Y R     OAI21X1         1   3.1   186   130     792    (-,-) 
  out_sr_reg[2][15]/D -       -     R     DFFTRXLLVT      1     -     -     0     792    (-,-) 
#----------------------------------------------------------------------------------------------



Path 33: MET (134 ps) Setup Check with Pin out_sr_reg[2][14]/CK->D
          Group: clock
     Startpoint: (R) cnt_reg[0]/CK
          Clock: (R) clock
       Endpoint: (R) out_sr_reg[2][14]/D
          Clock: (R) clock

                     Capture       Launch     
        Clock Edge:+    1100            0     
       Src Latency:+       0            0     
       Net Latency:+       0 (I)        0 (I) 
           Arrival:=    1100            0     
                                              
             Setup:-     174                  
     Required Time:=     926                  
      Launch Clock:-       0                  
         Data Path:-     792                  
             Slack:=     134                  

#----------------------------------------------------------------------------------------------
#    Timing Point     Flags   Arc   Edge    Cell     Fanout  Load Trans Delay Arrival Instance 
#                                                            (fF)  (ps)  (ps)   (ps)  Location 
#----------------------------------------------------------------------------------------------
  cnt_reg[0]/CK       -       -     R     (arrival)      55     -     0     0       0    (-,-) 
  cnt_reg[0]/Q        -       CK->Q F     DFFHQX1LVT      5  10.8   179   215     215    (-,-) 
  g1869/Y             -       A->Y  R     INVX2LVT        1   3.8    61    96     311    (-,-) 
  g1866__2802/Y       -       A->Y  R     OR2X8LVT       55 105.8   201   181     492    (-,-) 
  g1801__9315/Y       -       B->Y  F     NAND2X1LVT      1   3.2   146   170     662    (-,-) 
  g1785__8428/Y       -       B0->Y R     OAI21X1         1   3.1   186   130     792    (-,-) 
  out_sr_reg[2][14]/D -       -     R     DFFTRXLLVT      1     -     -     0     792    (-,-) 
#----------------------------------------------------------------------------------------------



Path 34: MET (134 ps) Setup Check with Pin out_sr_reg[2][13]/CK->D
          Group: clock
     Startpoint: (R) cnt_reg[0]/CK
          Clock: (R) clock
       Endpoint: (R) out_sr_reg[2][13]/D
          Clock: (R) clock

                     Capture       Launch     
        Clock Edge:+    1100            0     
       Src Latency:+       0            0     
       Net Latency:+       0 (I)        0 (I) 
           Arrival:=    1100            0     
                                              
             Setup:-     174                  
     Required Time:=     926                  
      Launch Clock:-       0                  
         Data Path:-     792                  
             Slack:=     134                  

#----------------------------------------------------------------------------------------------
#    Timing Point     Flags   Arc   Edge    Cell     Fanout  Load Trans Delay Arrival Instance 
#                                                            (fF)  (ps)  (ps)   (ps)  Location 
#----------------------------------------------------------------------------------------------
  cnt_reg[0]/CK       -       -     R     (arrival)      55     -     0     0       0    (-,-) 
  cnt_reg[0]/Q        -       CK->Q F     DFFHQX1LVT      5  10.8   179   215     215    (-,-) 
  g1869/Y             -       A->Y  R     INVX2LVT        1   3.8    61    96     311    (-,-) 
  g1866__2802/Y       -       A->Y  R     OR2X8LVT       55 105.8   201   181     492    (-,-) 
  g1800__6161/Y       -       B->Y  F     NAND2X1LVT      1   3.2   146   170     662    (-,-) 
  g1788__3680/Y       -       B0->Y R     OAI21X1         1   3.1   186   130     792    (-,-) 
  out_sr_reg[2][13]/D -       -     R     DFFTRXLLVT      1     -     -     0     792    (-,-) 
#----------------------------------------------------------------------------------------------



Path 35: MET (134 ps) Setup Check with Pin out_sr_reg[1][13]/CK->D
          Group: clock
     Startpoint: (R) cnt_reg[0]/CK
          Clock: (R) clock
       Endpoint: (R) out_sr_reg[1][13]/D
          Clock: (R) clock

                     Capture       Launch     
        Clock Edge:+    1100            0     
       Src Latency:+       0            0     
       Net Latency:+       0 (I)        0 (I) 
           Arrival:=    1100            0     
                                              
             Setup:-     174                  
     Required Time:=     926                  
      Launch Clock:-       0                  
         Data Path:-     792                  
             Slack:=     134                  

#----------------------------------------------------------------------------------------------
#    Timing Point     Flags   Arc   Edge    Cell     Fanout  Load Trans Delay Arrival Instance 
#                                                            (fF)  (ps)  (ps)   (ps)  Location 
#----------------------------------------------------------------------------------------------
  cnt_reg[0]/CK       -       -     R     (arrival)      55     -     0     0       0    (-,-) 
  cnt_reg[0]/Q        -       CK->Q F     DFFHQX1LVT      5  10.8   179   215     215    (-,-) 
  g1869/Y             -       A->Y  R     INVX2LVT        1   3.8    61    96     311    (-,-) 
  g1866__2802/Y       -       A->Y  R     OR2X8LVT       55 105.8   201   181     492    (-,-) 
  g1759__2883/Y       -       B->Y  F     NAND2X1LVT      1   3.2   146   170     662    (-,-) 
  g1753__5115/Y       -       B0->Y R     OAI21X1         1   3.1   186   130     792    (-,-) 
  out_sr_reg[1][13]/D -       -     R     DFFTRXLLVT      1     -     -     0     792    (-,-) 
#----------------------------------------------------------------------------------------------



Path 36: MET (140 ps) Setup Check with Pin out_sr_reg[2][12]/CK->D
          Group: clock
     Startpoint: (R) cnt_reg[0]/CK
          Clock: (R) clock
       Endpoint: (F) out_sr_reg[2][12]/D
          Clock: (R) clock

                     Capture       Launch     
        Clock Edge:+    1100            0     
       Src Latency:+       0            0     
       Net Latency:+       0 (I)        0 (I) 
           Arrival:=    1100            0     
                                              
             Setup:-     128                  
     Required Time:=     972                  
      Launch Clock:-       0                  
         Data Path:-     831                  
             Slack:=     140                  

#-----------------------------------------------------------------------------------------------
#    Timing Point     Flags   Arc   Edge    Cell      Fanout  Load Trans Delay Arrival Instance 
#                                                             (fF)  (ps)  (ps)   (ps)  Location 
#-----------------------------------------------------------------------------------------------
  cnt_reg[0]/CK       -       -     R     (arrival)       55     -     0     0       0    (-,-) 
  cnt_reg[0]/Q        -       CK->Q R     DFFHQX1LVT       5  10.9   161   191     191    (-,-) 
  g1869/Y             -       A->Y  F     INVX2LVT         1   3.7    60    93     285    (-,-) 
  g1866__2802/Y       -       A->Y  F     OR2X8LVT        55 103.2   240   229     513    (-,-) 
  g1844/Y             -       A->Y  R     CLKINVX4LVT      5  10.1    87   110     623    (-,-) 
  g1799__4733/Y       -       A1->Y F     OAI22X1          1   3.1   248   208     831    (-,-) 
  out_sr_reg[2][12]/D -       -     F     DFFTRXLLVT       1     -     -     0     831    (-,-) 
#-----------------------------------------------------------------------------------------------



Path 37: MET (143 ps) Setup Check with Pin out_sr_reg[2][11]/CK->D
          Group: clock
     Startpoint: (R) cnt_reg[0]/CK
          Clock: (R) clock
       Endpoint: (R) out_sr_reg[2][11]/D
          Clock: (R) clock

                     Capture       Launch     
        Clock Edge:+    1100            0     
       Src Latency:+       0            0     
       Net Latency:+       0 (I)        0 (I) 
           Arrival:=    1100            0     
                                              
             Setup:-     121                  
     Required Time:=     979                  
      Launch Clock:-       0                  
         Data Path:-     836                  
             Slack:=     143                  

#----------------------------------------------------------------------------------------------
#    Timing Point     Flags   Arc   Edge    Cell     Fanout  Load Trans Delay Arrival Instance 
#                                                            (fF)  (ps)  (ps)   (ps)  Location 
#----------------------------------------------------------------------------------------------
  cnt_reg[0]/CK       -       -     R     (arrival)      55     -     0     0       0    (-,-) 
  cnt_reg[0]/Q        -       CK->Q R     DFFHQX1LVT      5  10.9   161   191     191    (-,-) 
  g1869/Y             -       A->Y  F     INVX2LVT        1   3.7    60    93     285    (-,-) 
  g1866__2802/Y       -       A->Y  F     OR2X8LVT       55 103.2   240   229     513    (-,-) 
  g1842/Y             -       A->Y  F     BUFX3LVT        9  18.0   110   176     689    (-,-) 
  g1798__7482/Y       -       S0->Y R     MX2X1LVT        1   3.1    56   147     836    (-,-) 
  out_sr_reg[2][11]/D -       -     R     DFFTRXLLVT      1     -     -     0     836    (-,-) 
#----------------------------------------------------------------------------------------------



Path 38: MET (143 ps) Setup Check with Pin out_sr_reg[2][8]/CK->D
          Group: clock
     Startpoint: (R) cnt_reg[0]/CK
          Clock: (R) clock
       Endpoint: (R) out_sr_reg[2][8]/D
          Clock: (R) clock

                     Capture       Launch     
        Clock Edge:+    1100            0     
       Src Latency:+       0            0     
       Net Latency:+       0 (I)        0 (I) 
           Arrival:=    1100            0     
                                              
             Setup:-     121                  
     Required Time:=     979                  
      Launch Clock:-       0                  
         Data Path:-     836                  
             Slack:=     143                  

#---------------------------------------------------------------------------------------------
#   Timing Point     Flags   Arc   Edge    Cell     Fanout  Load Trans Delay Arrival Instance 
#                                                           (fF)  (ps)  (ps)   (ps)  Location 
#---------------------------------------------------------------------------------------------
  cnt_reg[0]/CK      -       -     R     (arrival)      55     -     0     0       0    (-,-) 
  cnt_reg[0]/Q       -       CK->Q R     DFFHQX1LVT      5  10.9   161   191     191    (-,-) 
  g1869/Y            -       A->Y  F     INVX2LVT        1   3.7    60    93     285    (-,-) 
  g1866__2802/Y      -       A->Y  F     OR2X8LVT       55 103.2   240   229     513    (-,-) 
  g1842/Y            -       A->Y  F     BUFX3LVT        9  18.0   110   176     689    (-,-) 
  g1795__6131/Y      -       S0->Y R     MX2X1LVT        1   3.1    56   147     836    (-,-) 
  out_sr_reg[2][8]/D -       -     R     DFFTRXLLVT      1     -     -     0     836    (-,-) 
#---------------------------------------------------------------------------------------------



Path 39: MET (143 ps) Setup Check with Pin out_sr_reg[2][7]/CK->D
          Group: clock
     Startpoint: (R) cnt_reg[0]/CK
          Clock: (R) clock
       Endpoint: (R) out_sr_reg[2][7]/D
          Clock: (R) clock

                     Capture       Launch     
        Clock Edge:+    1100            0     
       Src Latency:+       0            0     
       Net Latency:+       0 (I)        0 (I) 
           Arrival:=    1100            0     
                                              
             Setup:-     121                  
     Required Time:=     979                  
      Launch Clock:-       0                  
         Data Path:-     836                  
             Slack:=     143                  

#---------------------------------------------------------------------------------------------
#   Timing Point     Flags   Arc   Edge    Cell     Fanout  Load Trans Delay Arrival Instance 
#                                                           (fF)  (ps)  (ps)   (ps)  Location 
#---------------------------------------------------------------------------------------------
  cnt_reg[0]/CK      -       -     R     (arrival)      55     -     0     0       0    (-,-) 
  cnt_reg[0]/Q       -       CK->Q R     DFFHQX1LVT      5  10.9   161   191     191    (-,-) 
  g1869/Y            -       A->Y  F     INVX2LVT        1   3.7    60    93     285    (-,-) 
  g1866__2802/Y      -       A->Y  F     OR2X8LVT       55 103.2   240   229     513    (-,-) 
  g1842/Y            -       A->Y  F     BUFX3LVT        9  18.0   110   176     689    (-,-) 
  g1794__7098/Y      -       S0->Y R     MX2X1LVT        1   3.1    56   147     836    (-,-) 
  out_sr_reg[2][7]/D -       -     R     DFFTRXLLVT      1     -     -     0     836    (-,-) 
#---------------------------------------------------------------------------------------------



Path 40: MET (143 ps) Setup Check with Pin out_sr_reg[1][10]/CK->D
          Group: clock
     Startpoint: (R) cnt_reg[0]/CK
          Clock: (R) clock
       Endpoint: (R) out_sr_reg[1][10]/D
          Clock: (R) clock

                     Capture       Launch     
        Clock Edge:+    1100            0     
       Src Latency:+       0            0     
       Net Latency:+       0 (I)        0 (I) 
           Arrival:=    1100            0     
                                              
             Setup:-     121                  
     Required Time:=     979                  
      Launch Clock:-       0                  
         Data Path:-     836                  
             Slack:=     143                  

#----------------------------------------------------------------------------------------------
#    Timing Point     Flags   Arc   Edge    Cell     Fanout  Load Trans Delay Arrival Instance 
#                                                            (fF)  (ps)  (ps)   (ps)  Location 
#----------------------------------------------------------------------------------------------
  cnt_reg[0]/CK       -       -     R     (arrival)      55     -     0     0       0    (-,-) 
  cnt_reg[0]/Q        -       CK->Q R     DFFHQX1LVT      5  10.9   161   191     191    (-,-) 
  g1869/Y             -       A->Y  F     INVX2LVT        1   3.7    60    93     285    (-,-) 
  g1866__2802/Y       -       A->Y  F     OR2X8LVT       55 103.2   240   229     513    (-,-) 
  g1842/Y             -       A->Y  F     BUFX3LVT        9  18.0   110   176     689    (-,-) 
  g1750__7098/Y       -       S0->Y R     MX2X1LVT        1   3.1    56   147     836    (-,-) 
  out_sr_reg[1][10]/D -       -     R     DFFTRXLLVT      1     -     -     0     836    (-,-) 
#----------------------------------------------------------------------------------------------



Path 41: MET (143 ps) Setup Check with Pin out_sr_reg[1][6]/CK->D
          Group: clock
     Startpoint: (R) cnt_reg[0]/CK
          Clock: (R) clock
       Endpoint: (R) out_sr_reg[1][6]/D
          Clock: (R) clock

                     Capture       Launch     
        Clock Edge:+    1100            0     
       Src Latency:+       0            0     
       Net Latency:+       0 (I)        0 (I) 
           Arrival:=    1100            0     
                                              
             Setup:-     121                  
     Required Time:=     979                  
      Launch Clock:-       0                  
         Data Path:-     836                  
             Slack:=     143                  

#---------------------------------------------------------------------------------------------
#   Timing Point     Flags   Arc   Edge    Cell     Fanout  Load Trans Delay Arrival Instance 
#                                                           (fF)  (ps)  (ps)   (ps)  Location 
#---------------------------------------------------------------------------------------------
  cnt_reg[0]/CK      -       -     R     (arrival)      55     -     0     0       0    (-,-) 
  cnt_reg[0]/Q       -       CK->Q R     DFFHQX1LVT      5  10.9   161   191     191    (-,-) 
  g1869/Y            -       A->Y  F     INVX2LVT        1   3.7    60    93     285    (-,-) 
  g1866__2802/Y      -       A->Y  F     OR2X8LVT       55 103.2   240   229     513    (-,-) 
  g1842/Y            -       A->Y  F     BUFX3LVT        9  18.0   110   176     689    (-,-) 
  g1746__2802/Y      -       S0->Y R     MX2X1LVT        1   3.1    56   147     836    (-,-) 
  out_sr_reg[1][6]/D -       -     R     DFFTRXLLVT      1     -     -     0     836    (-,-) 
#---------------------------------------------------------------------------------------------



Path 42: MET (170 ps) Clock Gating Setup Check at cgic pin RC_CG_HIER_INST4/RC_CGIC_INST/E
          Group: cg_enable_group_clock
     Startpoint: (R) cnt_reg[0]/CK
          Clock: (R) clock
       Endpoint: (R) RC_CG_HIER_INST4/RC_CGIC_INST/E
          Clock: (R) clock

                     Capture       Launch     
        Clock Edge:+    1100            0     
       Src Latency:+       0            0     
       Net Latency:+       0 (I)        0 (I) 
           Arrival:=    1100            0     
                                              
  Gate Check Setup:-     196                  
     Required Time:=     904                  
      Launch Clock:-       0                  
         Data Path:-     735                  
             Slack:=     170                  

#--------------------------------------------------------------------------------------------------------------
#          Timing Point           Flags   Arc   Edge      Cell       Fanout  Load Trans Delay Arrival Instance 
#                                                                            (fF)  (ps)  (ps)   (ps)  Location 
#--------------------------------------------------------------------------------------------------------------
  cnt_reg[0]/CK                   -       -     R     (arrival)          55     -     0     0       0    (-,-) 
  cnt_reg[0]/Q                    -       CK->Q R     DFFHQX1LVT          5  10.9   161   191     191    (-,-) 
  g1869/Y                         -       A->Y  F     INVX2LVT            1   3.7    60    93     285    (-,-) 
  g1866__2802/Y                   -       A->Y  F     OR2X8LVT           55 103.2   240   229     513    (-,-) 
  g1844/Y                         -       A->Y  R     CLKINVX4LVT         5  10.1    87   110     623    (-,-) 
  g1821__1666/Y                   -       A->Y  R     OR2X1LVT            2   4.8    76   112     735    (-,-) 
  RC_CG_HIER_INST4/RC_CGIC_INST/E -       -     R     TLATNTSCAX2HVT      2     -     -     0     735    (-,-) 
#--------------------------------------------------------------------------------------------------------------



Path 43: MET (170 ps) Clock Gating Setup Check at cgic pin RC_CG_HIER_INST3/RC_CGIC_INST/E
          Group: cg_enable_group_clock
     Startpoint: (R) cnt_reg[0]/CK
          Clock: (R) clock
       Endpoint: (R) RC_CG_HIER_INST3/RC_CGIC_INST/E
          Clock: (R) clock

                     Capture       Launch     
        Clock Edge:+    1100            0     
       Src Latency:+       0            0     
       Net Latency:+       0 (I)        0 (I) 
           Arrival:=    1100            0     
                                              
  Gate Check Setup:-     196                  
     Required Time:=     904                  
      Launch Clock:-       0                  
         Data Path:-     735                  
             Slack:=     170                  

#--------------------------------------------------------------------------------------------------------------
#          Timing Point           Flags   Arc   Edge      Cell       Fanout  Load Trans Delay Arrival Instance 
#                                                                            (fF)  (ps)  (ps)   (ps)  Location 
#--------------------------------------------------------------------------------------------------------------
  cnt_reg[0]/CK                   -       -     R     (arrival)          55     -     0     0       0    (-,-) 
  cnt_reg[0]/Q                    -       CK->Q R     DFFHQX1LVT          5  10.9   161   191     191    (-,-) 
  g1869/Y                         -       A->Y  F     INVX2LVT            1   3.7    60    93     285    (-,-) 
  g1866__2802/Y                   -       A->Y  F     OR2X8LVT           55 103.2   240   229     513    (-,-) 
  g1844/Y                         -       A->Y  R     CLKINVX4LVT         5  10.1    87   110     623    (-,-) 
  g1821__1666/Y                   -       A->Y  R     OR2X1LVT            2   4.8    76   112     735    (-,-) 
  RC_CG_HIER_INST3/RC_CGIC_INST/E -       -     R     TLATNTSCAX2HVT      2     -     -     0     735    (-,-) 
#--------------------------------------------------------------------------------------------------------------



Path 44: MET (224 ps) Setup Check with Pin out_sr_reg[2][6]/CK->D
          Group: clock
     Startpoint: (R) cnt_reg[0]/CK
          Clock: (R) clock
       Endpoint: (R) out_sr_reg[2][6]/D
          Clock: (R) clock

                     Capture       Launch     
        Clock Edge:+    1100            0     
       Src Latency:+       0            0     
       Net Latency:+       0 (I)        0 (I) 
           Arrival:=    1100            0     
                                              
             Setup:-     121                  
     Required Time:=     979                  
      Launch Clock:-       0                  
         Data Path:-     755                  
             Slack:=     224                  

#----------------------------------------------------------------------------------------------
#   Timing Point     Flags   Arc   Edge    Cell      Fanout  Load Trans Delay Arrival Instance 
#                                                            (fF)  (ps)  (ps)   (ps)  Location 
#----------------------------------------------------------------------------------------------
  cnt_reg[0]/CK      -       -     R     (arrival)       55     -     0     0       0    (-,-) 
  cnt_reg[0]/Q       -       CK->Q R     DFFHQX1LVT       5  10.9   161   191     191    (-,-) 
  g1869/Y            -       A->Y  F     INVX2LVT         1   3.7    60    93     285    (-,-) 
  g1866__2802/Y      -       A->Y  F     OR2X8LVT        55 103.2   240   229     513    (-,-) 
  g1844/Y            -       A->Y  R     CLKINVX4LVT      5  10.1    87   110     623    (-,-) 
  g1793__8246/Y      -       S0->Y R     MX2X1LVT         1   3.1    56   132     755    (-,-) 
  out_sr_reg[2][6]/D -       -     R     DFFTRXLLVT       1     -     -     0     755    (-,-) 
#----------------------------------------------------------------------------------------------



Path 45: MET (243 ps) Clock Gating Setup Check at cgic pin RC_CG_HIER_INST0/RC_CGIC_INST/E
          Group: cg_enable_group_clock
     Startpoint: (F) i_reset
          Clock: (R) clock
       Endpoint: (R) RC_CG_HIER_INST0/RC_CGIC_INST/E
          Clock: (R) clock

                     Capture       Launch     
        Clock Edge:+    1100            0     
        Drv Adjust:+       0            0     
       Src Latency:+       0            0     
       Net Latency:+       0 (I)        0 (I) 
           Arrival:=    1100            0     
                                              
  Gate Check Setup:-     259                  
     Required Time:=     841                  
      Launch Clock:-       0                  
       Input Delay:-     500                  
         Data Path:-      99                  
             Slack:=     243                  

Exceptions/Constraints:
  input_delay             500             fir_serial_parallel._line_2_8_1 

#--------------------------------------------------------------------------------------------------------------
#          Timing Point           Flags   Arc   Edge      Cell       Fanout  Load Trans Delay Arrival Instance 
#                                                                            (fF)  (ps)  (ps)   (ps)  Location 
#--------------------------------------------------------------------------------------------------------------
  i_reset                         -       -     F     (arrival)         111 206.6     0     0     500    (-,-) 
  g1822__7410/Y                   -       C->Y  R     NOR3X1LVT           1   3.1   172    99     599    (-,-) 
  RC_CG_HIER_INST0/RC_CGIC_INST/E -       -     R     TLATNTSCAX2HVT      1     -     -     0     599    (-,-) 
#--------------------------------------------------------------------------------------------------------------



Path 46: MET (284 ps) Setup Check with Pin out_sr_reg[2][10]/CK->D
          Group: clock
     Startpoint: (R) cnt_reg[0]/CK
          Clock: (R) clock
       Endpoint: (R) out_sr_reg[2][10]/D
          Clock: (R) clock

                     Capture       Launch     
        Clock Edge:+    1100            0     
       Src Latency:+       0            0     
       Net Latency:+       0 (I)        0 (I) 
           Arrival:=    1100            0     
                                              
             Setup:-     121                  
     Required Time:=     979                  
      Launch Clock:-       0                  
         Data Path:-     695                  
             Slack:=     284                  

#----------------------------------------------------------------------------------------------
#    Timing Point     Flags   Arc   Edge    Cell     Fanout  Load Trans Delay Arrival Instance 
#                                                            (fF)  (ps)  (ps)   (ps)  Location 
#----------------------------------------------------------------------------------------------
  cnt_reg[0]/CK       -       -     R     (arrival)      55     -     0     0       0    (-,-) 
  cnt_reg[0]/Q        -       CK->Q R     DFFHQX1LVT      5  10.9   161   191     191    (-,-) 
  g1869/Y             -       A->Y  F     INVX2LVT        1   3.7    60    93     285    (-,-) 
  g1866__2802/Y       -       A->Y  F     OR2X8LVT       55 103.2   240   229     513    (-,-) 
  g1797__5115/Y       -       S0->Y R     MX2X1LVT        1   3.1    56   182     695    (-,-) 
  out_sr_reg[2][10]/D -       -     R     DFFTRXLLVT      1     -     -     0     695    (-,-) 
#----------------------------------------------------------------------------------------------



Path 47: MET (284 ps) Setup Check with Pin out_sr_reg[2][9]/CK->D
          Group: clock
     Startpoint: (R) cnt_reg[0]/CK
          Clock: (R) clock
       Endpoint: (R) out_sr_reg[2][9]/D
          Clock: (R) clock

                     Capture       Launch     
        Clock Edge:+    1100            0     
       Src Latency:+       0            0     
       Net Latency:+       0 (I)        0 (I) 
           Arrival:=    1100            0     
                                              
             Setup:-     121                  
     Required Time:=     979                  
      Launch Clock:-       0                  
         Data Path:-     695                  
             Slack:=     284                  

#---------------------------------------------------------------------------------------------
#   Timing Point     Flags   Arc   Edge    Cell     Fanout  Load Trans Delay Arrival Instance 
#                                                           (fF)  (ps)  (ps)   (ps)  Location 
#---------------------------------------------------------------------------------------------
  cnt_reg[0]/CK      -       -     R     (arrival)      55     -     0     0       0    (-,-) 
  cnt_reg[0]/Q       -       CK->Q R     DFFHQX1LVT      5  10.9   161   191     191    (-,-) 
  g1869/Y            -       A->Y  F     INVX2LVT        1   3.7    60    93     285    (-,-) 
  g1866__2802/Y      -       A->Y  F     OR2X8LVT       55 103.2   240   229     513    (-,-) 
  g1792__5122/Y      -       S0->Y R     MX2X1LVT        1   3.1    56   182     695    (-,-) 
  out_sr_reg[2][9]/D -       -     R     DFFTRXLLVT      1     -     -     0     695    (-,-) 
#---------------------------------------------------------------------------------------------



Path 48: MET (284 ps) Setup Check with Pin out_sr_reg[1][11]/CK->D
          Group: clock
     Startpoint: (R) cnt_reg[0]/CK
          Clock: (R) clock
       Endpoint: (R) out_sr_reg[1][11]/D
          Clock: (R) clock

                     Capture       Launch     
        Clock Edge:+    1100            0     
       Src Latency:+       0            0     
       Net Latency:+       0 (I)        0 (I) 
           Arrival:=    1100            0     
                                              
             Setup:-     121                  
     Required Time:=     979                  
      Launch Clock:-       0                  
         Data Path:-     695                  
             Slack:=     284                  

#----------------------------------------------------------------------------------------------
#    Timing Point     Flags   Arc   Edge    Cell     Fanout  Load Trans Delay Arrival Instance 
#                                                            (fF)  (ps)  (ps)   (ps)  Location 
#----------------------------------------------------------------------------------------------
  cnt_reg[0]/CK       -       -     R     (arrival)      55     -     0     0       0    (-,-) 
  cnt_reg[0]/Q        -       CK->Q R     DFFHQX1LVT      5  10.9   161   191     191    (-,-) 
  g1869/Y             -       A->Y  F     INVX2LVT        1   3.7    60    93     285    (-,-) 
  g1866__2802/Y       -       A->Y  F     OR2X8LVT       55 103.2   240   229     513    (-,-) 
  g1755__4733/Y       -       S0->Y R     MX2X1LVT        1   3.1    56   182     695    (-,-) 
  out_sr_reg[1][11]/D -       -     R     DFFTRXLLVT      1     -     -     0     695    (-,-) 
#----------------------------------------------------------------------------------------------



Path 49: MET (284 ps) Setup Check with Pin out_sr_reg[1][9]/CK->D
          Group: clock
     Startpoint: (R) cnt_reg[0]/CK
          Clock: (R) clock
       Endpoint: (R) out_sr_reg[1][9]/D
          Clock: (R) clock

                     Capture       Launch     
        Clock Edge:+    1100            0     
       Src Latency:+       0            0     
       Net Latency:+       0 (I)        0 (I) 
           Arrival:=    1100            0     
                                              
             Setup:-     121                  
     Required Time:=     979                  
      Launch Clock:-       0                  
         Data Path:-     695                  
             Slack:=     284                  

#---------------------------------------------------------------------------------------------
#   Timing Point     Flags   Arc   Edge    Cell     Fanout  Load Trans Delay Arrival Instance 
#                                                           (fF)  (ps)  (ps)   (ps)  Location 
#---------------------------------------------------------------------------------------------
  cnt_reg[0]/CK      -       -     R     (arrival)      55     -     0     0       0    (-,-) 
  cnt_reg[0]/Q       -       CK->Q R     DFFHQX1LVT      5  10.9   161   191     191    (-,-) 
  g1869/Y            -       A->Y  F     INVX2LVT        1   3.7    60    93     285    (-,-) 
  g1866__2802/Y      -       A->Y  F     OR2X8LVT       55 103.2   240   229     513    (-,-) 
  g1749__8246/Y      -       S0->Y R     MX2X1LVT        1   3.1    56   182     695    (-,-) 
  out_sr_reg[1][9]/D -       -     R     DFFTRXLLVT      1     -     -     0     695    (-,-) 
#---------------------------------------------------------------------------------------------



Path 50: MET (284 ps) Setup Check with Pin out_sr_reg[1][8]/CK->D
          Group: clock
     Startpoint: (R) cnt_reg[0]/CK
          Clock: (R) clock
       Endpoint: (R) out_sr_reg[1][8]/D
          Clock: (R) clock

                     Capture       Launch     
        Clock Edge:+    1100            0     
       Src Latency:+       0            0     
       Net Latency:+       0 (I)        0 (I) 
           Arrival:=    1100            0     
                                              
             Setup:-     121                  
     Required Time:=     979                  
      Launch Clock:-       0                  
         Data Path:-     695                  
             Slack:=     284                  

#---------------------------------------------------------------------------------------------
#   Timing Point     Flags   Arc   Edge    Cell     Fanout  Load Trans Delay Arrival Instance 
#                                                           (fF)  (ps)  (ps)   (ps)  Location 
#---------------------------------------------------------------------------------------------
  cnt_reg[0]/CK      -       -     R     (arrival)      55     -     0     0       0    (-,-) 
  cnt_reg[0]/Q       -       CK->Q R     DFFHQX1LVT      5  10.9   161   191     191    (-,-) 
  g1869/Y            -       A->Y  F     INVX2LVT        1   3.7    60    93     285    (-,-) 
  g1866__2802/Y      -       A->Y  F     OR2X8LVT       55 103.2   240   229     513    (-,-) 
  g1748__5122/Y      -       S0->Y R     MX2X1LVT        1   3.1    56   182     695    (-,-) 
  out_sr_reg[1][8]/D -       -     R     DFFTRXLLVT      1     -     -     0     695    (-,-) 
#---------------------------------------------------------------------------------------------

