============================================================
  Generated by:           Genus(TM) Synthesis Solution 23.10-p004_1
  Generated on:           Oct 08 2026  10:06:53 pm
  Module:                 fir_serial_parallel
  Operating conditions:   PVT_0P9V_125C 
  Interconnect mode:      global
  Area mode:              physical library
============================================================


Path 1: MET (15 ps) Setup Check with Pin out_sr_reg[0][5]/CK->D
          Group: clock
     Startpoint: (R) cnt_reg[0]/CK
          Clock: (R) clock
       Endpoint: (R) out_sr_reg[0][5]/D
          Clock: (R) clock

                     Capture       Launch     
        Clock Edge:+    1100            0     
       Src Latency:+       0            0     
       Net Latency:+       0 (I)        0 (I) 
           Arrival:=    1100            0     
                                              
             Setup:-     112                  
     Required Time:=     988                  
      Launch Clock:-       0                  
         Data Path:-     973                  
             Slack:=      15                  

#--------------------------------------------------------------------------------------------
#   Timing Point     Flags   Arc   Edge    Cell     Fanout Load Trans Delay Arrival Instance 
#                                                          (fF)  (ps)  (ps)   (ps)  Location 
#--------------------------------------------------------------------------------------------
  cnt_reg[0]/CK      -       -     R     (arrival)      55    -     0     0       0    (-,-) 
  cnt_reg[0]/Q       -       CK->Q R     DFFHQX1LVT      5 10.4   154   188     188    (-,-) 
  g1869/Y            -       A->Y  F     INVX1           1  3.7   128   152     340    (-,-) 
  g1866__2802/Y      -       A->Y  F     OR2X8LVT       49 91.5   216   240     580    (-,-) 
  g1462__5526/Y      -       S0->Y F     MXI2XLLVT       1  3.3   254   215     795    (-,-) 
  g1388__8246/Y      -       B->Y  R     NOR2X1LVT       1  3.2   135   178     973    (-,-) 
  out_sr_reg[0][5]/D -       -     R     DFFHQX1LVT      1    -     -     0     973    (-,-) 
#--------------------------------------------------------------------------------------------



Path 2: MET (15 ps) Setup Check with Pin out_sr_reg[0][4]/CK->D
          Group: clock
     Startpoint: (R) cnt_reg[0]/CK
          Clock: (R) clock
       Endpoint: (R) out_sr_reg[0][4]/D
          Clock: (R) clock

                     Capture       Launch     
        Clock Edge:+    1100            0     
       Src Latency:+       0            0     
       Net Latency:+       0 (I)        0 (I) 
           Arrival:=    1100            0     
                                              
             Setup:-     112                  
     Required Time:=     988                  
      Launch Clock:-       0                  
         Data Path:-     973                  
             Slack:=      15                  

#--------------------------------------------------------------------------------------------
#   Timing Point     Flags   Arc   Edge    Cell     Fanout Load Trans Delay Arrival Instance 
#                                                          (fF)  (ps)  (ps)   (ps)  Location 
#--------------------------------------------------------------------------------------------
  cnt_reg[0]/CK      -       -     R     (arrival)      55    -     0     0       0    (-,-) 
  cnt_reg[0]/Q       -       CK->Q R     DFFHQX1LVT      5 10.4   154   188     188    (-,-) 
  g1869/Y            -       A->Y  F     INVX1           1  3.7   128   152     340    (-,-) 
  g1866__2802/Y      -       A->Y  F     OR2X8LVT       49 91.5   216   240     580    (-,-) 
  g1461__8428/Y      -       S0->Y F     MXI2XLLVT       1  3.3   254   215     795    (-,-) 
  g1393__7482/Y      -       B->Y  R     NOR2X1LVT       1  3.2   135   178     973    (-,-) 
  out_sr_reg[0][4]/D -       -     R     DFFHQX1LVT      1    -     -     0     973    (-,-) 
#--------------------------------------------------------------------------------------------



Path 3: MET (15 ps) Setup Check with Pin out_sr_reg[0][3]/CK->D
          Group: clock
     Startpoint: (R) cnt_reg[0]/CK
          Clock: (R) clock
       Endpoint: (R) out_sr_reg[0][3]/D
          Clock: (R) clock

                     Capture       Launch     
        Clock Edge:+    1100            0     
       Src Latency:+       0            0     
       Net Latency:+       0 (I)        0 (I) 
           Arrival:=    1100            0     
                                              
             Setup:-     112                  
     Required Time:=     988                  
      Launch Clock:-       0                  
         Data Path:-     973                  
             Slack:=      15                  

#--------------------------------------------------------------------------------------------
#   Timing Point     Flags   Arc   Edge    Cell     Fanout Load Trans Delay Arrival Instance 
#                                                          (fF)  (ps)  (ps)   (ps)  Location 
#--------------------------------------------------------------------------------------------
  cnt_reg[0]/CK      -       -     R     (arrival)      55    -     0     0       0    (-,-) 
  cnt_reg[0]/Q       -       CK->Q R     DFFHQX1LVT      5 10.4   154   188     188    (-,-) 
  g1869/Y            -       A->Y  F     INVX1           1  3.7   128   152     340    (-,-) 
  g1866__2802/Y      -       A->Y  F     OR2X8LVT       49 91.5   216   240     580    (-,-) 
  g1460__4319/Y      -       S0->Y F     MXI2XLLVT       1  3.3   254   215     795    (-,-) 
  g1391__1881/Y      -       B->Y  R     NOR2X1LVT       1  3.2   135   178     973    (-,-) 
  out_sr_reg[0][3]/D -       -     R     DFFHQX1LVT      1    -     -     0     973    (-,-) 
#--------------------------------------------------------------------------------------------



Path 4: MET (15 ps) Setup Check with Pin out_sr_reg[0][2]/CK->D
          Group: clock
     Startpoint: (R) cnt_reg[0]/CK
          Clock: (R) clock
       Endpoint: (R) out_sr_reg[0][2]/D
          Clock: (R) clock

                     Capture       Launch     
        Clock Edge:+    1100            0     
       Src Latency:+       0            0     
       Net Latency:+       0 (I)        0 (I) 
           Arrival:=    1100            0     
                                              
             Setup:-     112                  
     Required Time:=     988                  
      Launch Clock:-       0                  
         Data Path:-     973                  
             Slack:=      15                  

#--------------------------------------------------------------------------------------------
#   Timing Point     Flags   Arc   Edge    Cell     Fanout Load Trans Delay Arrival Instance 
#                                                          (fF)  (ps)  (ps)   (ps)  Location 
#--------------------------------------------------------------------------------------------
  cnt_reg[0]/CK      -       -     R     (arrival)      55    -     0     0       0    (-,-) 
  cnt_reg[0]/Q       -       CK->Q R     DFFHQX1LVT      5 10.4   154   188     188    (-,-) 
  g1869/Y            -       A->Y  F     INVX1           1  3.7   128   152     340    (-,-) 
  g1866__2802/Y      -       A->Y  F     OR2X8LVT       49 91.5   216   240     580    (-,-) 
  g1459__6260/Y      -       S0->Y F     MXI2XLLVT       1  3.3   254   215     795    (-,-) 
  g1390__6131/Y      -       B->Y  R     NOR2X1LVT       1  3.2   135   178     973    (-,-) 
  out_sr_reg[0][2]/D -       -     R     DFFHQX1LVT      1    -     -     0     973    (-,-) 
#--------------------------------------------------------------------------------------------



Path 5: MET (15 ps) Setup Check with Pin out_sr_reg[0][1]/CK->D
          Group: clock
     Startpoint: (R) cnt_reg[0]/CK
          Clock: (R) clock
       Endpoint: (R) out_sr_reg[0][1]/D
          Clock: (R) clock

                     Capture       Launch     
        Clock Edge:+    1100            0     
       Src Latency:+       0            0     
       Net Latency:+       0 (I)        0 (I) 
           Arrival:=    1100            0     
                                              
             Setup:-     112                  
     Required Time:=     988                  
      Launch Clock:-       0                  
         Data Path:-     973                  
             Slack:=      15                  

#--------------------------------------------------------------------------------------------
#   Timing Point     Flags   Arc   Edge    Cell     Fanout Load Trans Delay Arrival Instance 
#                                                          (fF)  (ps)  (ps)   (ps)  Location 
#--------------------------------------------------------------------------------------------
  cnt_reg[0]/CK      -       -     R     (arrival)      55    -     0     0       0    (-,-) 
  cnt_reg[0]/Q       -       CK->Q R     DFFHQX1LVT      5 10.4   154   188     188    (-,-) 
  g1869/Y            -       A->Y  F     INVX1           1  3.7   128   152     340    (-,-) 
  g1866__2802/Y      -       A->Y  F     OR2X8LVT       49 91.5   216   240     580    (-,-) 
  g1458__5107/Y      -       S0->Y F     MXI2XLLVT       1  3.3   254   215     795    (-,-) 
  g1389__7098/Y      -       B->Y  R     NOR2X1LVT       1  3.2   135   178     973    (-,-) 
  out_sr_reg[0][1]/D -       -     R     DFFHQX1LVT      1    -     -     0     973    (-,-) 
#--------------------------------------------------------------------------------------------



Path 6: MET (15 ps) Setup Check with Pin out_sr_reg[0][0]/CK->D
          Group: clock
     Startpoint: (R) cnt_reg[0]/CK
          Clock: (R) clock
       Endpoint: (R) out_sr_reg[0][0]/D
          Clock: (R) clock

                     Capture       Launch     
        Clock Edge:+    1100            0     
       Src Latency:+       0            0     
       Net Latency:+       0 (I)        0 (I) 
           Arrival:=    1100            0     
                                              
             Setup:-     112                  
     Required Time:=     988                  
      Launch Clock:-       0                  
         Data Path:-     973                  
             Slack:=      15                  

#--------------------------------------------------------------------------------------------
#   Timing Point     Flags   Arc   Edge    Cell     Fanout Load Trans Delay Arrival Instance 
#                                                          (fF)  (ps)  (ps)   (ps)  Location 
#--------------------------------------------------------------------------------------------
  cnt_reg[0]/CK      -       -     R     (arrival)      55    -     0     0       0    (-,-) 
  cnt_reg[0]/Q       -       CK->Q R     DFFHQX1LVT      5 10.4   154   188     188    (-,-) 
  g1869/Y            -       A->Y  F     INVX1           1  3.7   128   152     340    (-,-) 
  g1866__2802/Y      -       A->Y  F     OR2X8LVT       49 91.5   216   240     580    (-,-) 
  g1457__2398/Y      -       S0->Y F     MXI2XLLVT       1  3.3   254   215     795    (-,-) 
  g1392__5115/Y      -       B->Y  R     NOR2X1LVT       1  3.2   135   178     973    (-,-) 
  out_sr_reg[0][0]/D -       -     R     DFFHQX1LVT      1    -     -     0     973    (-,-) 
#--------------------------------------------------------------------------------------------



Path 7: MET (15 ps) Setup Check with Pin out_sr_reg[2][5]/CK->D
          Group: clock
     Startpoint: (R) cnt_reg[0]/CK
          Clock: (R) clock
       Endpoint: (R) out_sr_reg[2][5]/D
          Clock: (R) clock

                     Capture       Launch     
        Clock Edge:+    1100            0     
       Src Latency:+       0            0     
       Net Latency:+       0 (I)        0 (I) 
           Arrival:=    1100            0     
                                              
             Setup:-     112                  
     Required Time:=     988                  
      Launch Clock:-       0                  
         Data Path:-     973                  
             Slack:=      15                  

#--------------------------------------------------------------------------------------------
#   Timing Point     Flags   Arc   Edge    Cell     Fanout Load Trans Delay Arrival Instance 
#                                                          (fF)  (ps)  (ps)   (ps)  Location 
#--------------------------------------------------------------------------------------------
  cnt_reg[0]/CK      -       -     R     (arrival)      55    -     0     0       0    (-,-) 
  cnt_reg[0]/Q       -       CK->Q R     DFFHQX1LVT      5 10.4   154   188     188    (-,-) 
  g1869/Y            -       A->Y  F     INVX1           1  3.7   128   152     340    (-,-) 
  g1866__2802/Y      -       A->Y  F     OR2X8LVT       49 91.5   216   240     580    (-,-) 
  g1796__1881/Y      -       S0->Y F     MXI2XLLVT       1  3.3   254   215     795    (-,-) 
  g1783__6260/Y      -       B->Y  R     NOR2X1LVT       1  3.2   135   178     973    (-,-) 
  out_sr_reg[2][5]/D -       -     R     DFFHQX1LVT      1    -     -     0     973    (-,-) 
#--------------------------------------------------------------------------------------------



Path 8: MET (15 ps) Setup Check with Pin out_sr_reg[2][4]/CK->D
          Group: clock
     Startpoint: (R) cnt_reg[0]/CK
          Clock: (R) clock
       Endpoint: (R) out_sr_reg[2][4]/D
          Clock: (R) clock

                     Capture       Launch     
        Clock Edge:+    1100            0     
       Src Latency:+       0            0     
       Net Latency:+       0 (I)        0 (I) 
           Arrival:=    1100            0     
                                              
             Setup:-     112                  
     Required Time:=     988                  
      Launch Clock:-       0                  
         Data Path:-     973                  
             Slack:=      15                  

#--------------------------------------------------------------------------------------------
#   Timing Point     Flags   Arc   Edge    Cell     Fanout Load Trans Delay Arrival Instance 
#                                                          (fF)  (ps)  (ps)   (ps)  Location 
#--------------------------------------------------------------------------------------------
  cnt_reg[0]/CK      -       -     R     (arrival)      55    -     0     0       0    (-,-) 
  cnt_reg[0]/Q       -       CK->Q R     DFFHQX1LVT      5 10.4   154   188     188    (-,-) 
  g1869/Y            -       A->Y  F     INVX1           1  3.7   128   152     340    (-,-) 
  g1866__2802/Y      -       A->Y  F     OR2X8LVT       49 91.5   216   240     580    (-,-) 
  g1791__1705/Y      -       S0->Y F     MXI2XLLVT       1  3.3   254   215     795    (-,-) 
  g1782__5107/Y      -       B->Y  R     NOR2X1LVT       1  3.2   135   178     973    (-,-) 
  out_sr_reg[2][4]/D -       -     R     DFFHQX1LVT      1    -     -     0     973    (-,-) 
#--------------------------------------------------------------------------------------------



Path 9: MET (15 ps) Setup Check with Pin out_sr_reg[2][3]/CK->D
          Group: clock
     Startpoint: (R) cnt_reg[0]/CK
          Clock: (R) clock
       Endpoint: (R) out_sr_reg[2][3]/D
          Clock: (R) clock

                     Capture       Launch     
        Clock Edge:+    1100            0     
       Src Latency:+       0            0     
       Net Latency:+       0 (I)        0 (I) 
           Arrival:=    1100            0     
                                              
             Setup:-     112                  
     Required Time:=     988                  
      Launch Clock:-       0                  
         Data Path:-     973                  
             Slack:=      15                  

#--------------------------------------------------------------------------------------------
#   Timing Point     Flags   Arc   Edge    Cell     Fanout Load Trans Delay Arrival Instance 
#                                                          (fF)  (ps)  (ps)   (ps)  Location 
#--------------------------------------------------------------------------------------------
  cnt_reg[0]/CK      -       -     R     (arrival)      55    -     0     0       0    (-,-) 
  cnt_reg[0]/Q       -       CK->Q R     DFFHQX1LVT      5 10.4   154   188     188    (-,-) 
  g1869/Y            -       A->Y  F     INVX1           1  3.7   128   152     340    (-,-) 
  g1866__2802/Y      -       A->Y  F     OR2X8LVT       49 91.5   216   240     580    (-,-) 
  g1790__2802/Y      -       S0->Y F     MXI2XLLVT       1  3.3   254   215     795    (-,-) 
  g1781__2398/Y      -       B->Y  R     NOR2X1LVT       1  3.2   135   178     973    (-,-) 
  out_sr_reg[2][3]/D -       -     R     DFFHQX1LVT      1    -     -     0     973    (-,-) 
#--------------------------------------------------------------------------------------------



Path 10: MET (15 ps) Setup Check with Pin out_sr_reg[2][2]/CK->D
          Group: clock
     Startpoint: (R) cnt_reg[0]/CK
          Clock: (R) clock
       Endpoint: (R) out_sr_reg[2][2]/D
          Clock: (R) clock

                     Capture       Launch     
        Clock Edge:+    1100            0     
       Src Latency:+       0            0     
       Net Latency:+       0 (I)        0 (I) 
           Arrival:=    1100            0     
                                              
             Setup:-     112                  
     Required Time:=     988                  
      Launch Clock:-       0                  
         Data Path:-     973                  
             Slack:=      15                  

#--------------------------------------------------------------------------------------------
#   Timing Point     Flags   Arc   Edge    Cell     Fanout Load Trans Delay Arrival Instance 
#                                                          (fF)  (ps)  (ps)   (ps)  Location 
#--------------------------------------------------------------------------------------------
  cnt_reg[0]/CK      -       -     R     (arrival)      55    -     0     0       0    (-,-) 
  cnt_reg[0]/Q       -       CK->Q R     DFFHQX1LVT      5 10.4   154   188     188    (-,-) 
  g1869/Y            -       A->Y  F     INVX1           1  3.7   128   152     340    (-,-) 
  g1866__2802/Y      -       A->Y  F     OR2X8LVT       49 91.5   216   240     580    (-,-) 
  g1789__1617/Y      -       S0->Y F     MXI2XLLVT       1  3.3   254   215     795    (-,-) 
  g1780__5477/Y      -       B->Y  R     NOR2X1LVT       1  3.2   135   178     973    (-,-) 
  out_sr_reg[2][2]/D -       -     R     DFFHQX1LVT      1    -     -     0     973    (-,-) 
#--------------------------------------------------------------------------------------------



Path 11: MET (15 ps) Setup Check with Pin out_sr_reg[2][1]/CK->D
          Group: clock
     Startpoint: (R) cnt_reg[0]/CK
          Clock: (R) clock
       Endpoint: (R) out_sr_reg[2][1]/D
          Clock: (R) clock

                     Capture       Launch     
        Clock Edge:+    1100            0     
       Src Latency:+       0            0     
       Net Latency:+       0 (I)        0 (I) 
           Arrival:=    1100            0     
                                              
             Setup:-     112                  
     Required Time:=     988                  
      Launch Clock:-       0                  
         Data Path:-     973                  
             Slack:=      15                  

#--------------------------------------------------------------------------------------------
#   Timing Point     Flags   Arc   Edge    Cell     Fanout Load Trans Delay Arrival Instance 
#                                                          (fF)  (ps)  (ps)   (ps)  Location 
#--------------------------------------------------------------------------------------------
  cnt_reg[0]/CK      -       -     R     (arrival)      55    -     0     0       0    (-,-) 
  cnt_reg[0]/Q       -       CK->Q R     DFFHQX1LVT      5 10.4   154   188     188    (-,-) 
  g1869/Y            -       A->Y  F     INVX1           1  3.7   128   152     340    (-,-) 
  g1866__2802/Y      -       A->Y  F     OR2X8LVT       49 91.5   216   240     580    (-,-) 
  g1784__4319/Y      -       S0->Y F     MXI2XLLVT       1  3.3   254   215     795    (-,-) 
  g1779__6417/Y      -       B->Y  R     NOR2X1LVT       1  3.2   135   178     973    (-,-) 
  out_sr_reg[2][1]/D -       -     R     DFFHQX1LVT      1    -     -     0     973    (-,-) 
#--------------------------------------------------------------------------------------------



Path 12: MET (15 ps) Setup Check with Pin out_sr_reg[2][0]/CK->D
          Group: clock
     Startpoint: (R) cnt_reg[0]/CK
          Clock: (R) clock
       Endpoint: (R) out_sr_reg[2][0]/D
          Clock: (R) clock

                     Capture       Launch     
        Clock Edge:+    1100            0     
       Src Latency:+       0            0     
       Net Latency:+       0 (I)        0 (I) 
           Arrival:=    1100            0     
                                              
             Setup:-     112                  
     Required Time:=     988                  
      Launch Clock:-       0                  
         Data Path:-     973                  
             Slack:=      15                  

#--------------------------------------------------------------------------------------------
#   Timing Point     Flags   Arc   Edge    Cell     Fanout Load Trans Delay Arrival Instance 
#                                                          (fF)  (ps)  (ps)   (ps)  Location 
#--------------------------------------------------------------------------------------------
  cnt_reg[0]/CK      -       -     R     (arrival)      55    -     0     0       0    (-,-) 
  cnt_reg[0]/Q       -       CK->Q R     DFFHQX1LVT      5 10.4   154   188     188    (-,-) 
  g1869/Y            -       A->Y  F     INVX1           1  3.7   128   152     340    (-,-) 
  g1866__2802/Y      -       A->Y  F     OR2X8LVT       49 91.5   216   240     580    (-,-) 
  g1787__6783/Y      -       S0->Y F     MXI2XLLVT       1  3.3   254   215     795    (-,-) 
  g1778__7410/Y      -       B->Y  R     NOR2X1LVT       1  3.2   135   178     973    (-,-) 
  out_sr_reg[2][0]/D -       -     R     DFFHQX1LVT      1    -     -     0     973    (-,-) 
#--------------------------------------------------------------------------------------------



Path 13: MET (15 ps) Setup Check with Pin out_sr_reg[1][5]/CK->D
          Group: clock
     Startpoint: (R) cnt_reg[0]/CK
          Clock: (R) clock
       Endpoint: (R) out_sr_reg[1][5]/D
          Clock: (R) clock

                     Capture       Launch     
        Clock Edge:+    1100            0     
       Src Latency:+       0            0     
       Net Latency:+       0 (I)        0 (I) 
           Arrival:=    1100            0     
                                              
             Setup:-     112                  
     Required Time:=     988                  
      Launch Clock:-       0                  
         Data Path:-     973                  
             Slack:=      15                  

#--------------------------------------------------------------------------------------------
#   Timing Point     Flags   Arc   Edge    Cell     Fanout Load Trans Delay Arrival Instance 
#                                                          (fF)  (ps)  (ps)   (ps)  Location 
#--------------------------------------------------------------------------------------------
  cnt_reg[0]/CK      -       -     R     (arrival)      55    -     0     0       0    (-,-) 
  cnt_reg[0]/Q       -       CK->Q R     DFFHQX1LVT      5 10.4   154   188     188    (-,-) 
  g1869/Y            -       A->Y  F     INVX1           1  3.7   128   152     340    (-,-) 
  g1866__2802/Y      -       A->Y  F     OR2X8LVT       49 91.5   216   240     580    (-,-) 
  g1745__1617/Y      -       S0->Y F     MXI2XLLVT       1  3.3   254   215     795    (-,-) 
  g1739__6260/Y      -       B->Y  R     NOR2X1LVT       1  3.2   135   178     973    (-,-) 
  out_sr_reg[1][5]/D -       -     R     DFFHQX1LVT      1    -     -     0     973    (-,-) 
#--------------------------------------------------------------------------------------------



Path 14: MET (15 ps) Setup Check with Pin out_sr_reg[1][4]/CK->D
          Group: clock
     Startpoint: (R) cnt_reg[0]/CK
          Clock: (R) clock
       Endpoint: (R) out_sr_reg[1][4]/D
          Clock: (R) clock

                     Capture       Launch     
        Clock Edge:+    1100            0     
       Src Latency:+       0            0     
       Net Latency:+       0 (I)        0 (I) 
           Arrival:=    1100            0     
                                              
             Setup:-     112                  
     Required Time:=     988                  
      Launch Clock:-       0                  
         Data Path:-     973                  
             Slack:=      15                  

#--------------------------------------------------------------------------------------------
#   Timing Point     Flags   Arc   Edge    Cell     Fanout Load Trans Delay Arrival Instance 
#                                                          (fF)  (ps)  (ps)   (ps)  Location 
#--------------------------------------------------------------------------------------------
  cnt_reg[0]/CK      -       -     R     (arrival)      55    -     0     0       0    (-,-) 
  cnt_reg[0]/Q       -       CK->Q R     DFFHQX1LVT      5 10.4   154   188     188    (-,-) 
  g1869/Y            -       A->Y  F     INVX1           1  3.7   128   152     340    (-,-) 
  g1866__2802/Y      -       A->Y  F     OR2X8LVT       49 91.5   216   240     580    (-,-) 
  g1744__3680/Y      -       S0->Y F     MXI2XLLVT       1  3.3   254   215     795    (-,-) 
  g1738__5107/Y      -       B->Y  R     NOR2X1LVT       1  3.2   135   178     973    (-,-) 
  out_sr_reg[1][4]/D -       -     R     DFFHQX1LVT      1    -     -     0     973    (-,-) 
#--------------------------------------------------------------------------------------------



Path 15: MET (15 ps) Setup Check with Pin out_sr_reg[1][3]/CK->D
          Group: clock
     Startpoint: (R) cnt_reg[0]/CK
          Clock: (R) clock
       Endpoint: (R) out_sr_reg[1][3]/D
          Clock: (R) clock

                     Capture       Launch     
        Clock Edge:+    1100            0     
       Src Latency:+       0            0     
       Net Latency:+       0 (I)        0 (I) 
           Arrival:=    1100            0     
                                              
             Setup:-     112                  
     Required Time:=     988                  
      Launch Clock:-       0                  
         Data Path:-     973                  
             Slack:=      15                  

#--------------------------------------------------------------------------------------------
#   Timing Point     Flags   Arc   Edge    Cell     Fanout Load Trans Delay Arrival Instance 
#                                                          (fF)  (ps)  (ps)   (ps)  Location 
#--------------------------------------------------------------------------------------------
  cnt_reg[0]/CK      -       -     R     (arrival)      55    -     0     0       0    (-,-) 
  cnt_reg[0]/Q       -       CK->Q R     DFFHQX1LVT      5 10.4   154   188     188    (-,-) 
  g1869/Y            -       A->Y  F     INVX1           1  3.7   128   152     340    (-,-) 
  g1866__2802/Y      -       A->Y  F     OR2X8LVT       49 91.5   216   240     580    (-,-) 
  g1747__1705/Y      -       S0->Y F     MXI2XLLVT       1  3.3   254   215     795    (-,-) 
  g1737__2398/Y      -       B->Y  R     NOR2X1LVT       1  3.2   135   178     973    (-,-) 
  out_sr_reg[1][3]/D -       -     R     DFFHQX1LVT      1    -     -     0     973    (-,-) 
#--------------------------------------------------------------------------------------------



Path 16: MET (15 ps) Setup Check with Pin out_sr_reg[1][2]/CK->D
          Group: clock
     Startpoint: (R) cnt_reg[0]/CK
          Clock: (R) clock
       Endpoint: (R) out_sr_reg[1][2]/D
          Clock: (R) clock

                     Capture       Launch     
        Clock Edge:+    1100            0     
       Src Latency:+       0            0     
       Net Latency:+       0 (I)        0 (I) 
           Arrival:=    1100            0     
                                              
             Setup:-     112                  
     Required Time:=     988                  
      Launch Clock:-       0                  
         Data Path:-     973                  
             Slack:=      15                  

#--------------------------------------------------------------------------------------------
#   Timing Point     Flags   Arc   Edge    Cell     Fanout Load Trans Delay Arrival Instance 
#                                                          (fF)  (ps)  (ps)   (ps)  Location 
#--------------------------------------------------------------------------------------------
  cnt_reg[0]/CK      -       -     R     (arrival)      55    -     0     0       0    (-,-) 
  cnt_reg[0]/Q       -       CK->Q R     DFFHQX1LVT      5 10.4   154   188     188    (-,-) 
  g1869/Y            -       A->Y  F     INVX1           1  3.7   128   152     340    (-,-) 
  g1866__2802/Y      -       A->Y  F     OR2X8LVT       49 91.5   216   240     580    (-,-) 
  g1758__9945/Y      -       S0->Y F     MXI2XLLVT       1  3.3   254   215     795    (-,-) 
  g1742__5526/Y      -       B->Y  R     NOR2X1LVT       1  3.2   135   178     973    (-,-) 
  out_sr_reg[1][2]/D -       -     R     DFFHQX1LVT      1    -     -     0     973    (-,-) 
#--------------------------------------------------------------------------------------------



Path 17: MET (15 ps) Setup Check with Pin out_sr_reg[1][1]/CK->D
          Group: clock
     Startpoint: (R) cnt_reg[0]/CK
          Clock: (R) clock
       Endpoint: (R) out_sr_reg[1][1]/D
          Clock: (R) clock

                     Capture       Launch     
        Clock Edge:+    1100            0     
       Src Latency:+       0            0     
       Net Latency:+       0 (I)        0 (I) 
           Arrival:=    1100            0     
                                              
             Setup:-     112                  
     Required Time:=     988                  
      Launch Clock:-       0                  
         Data Path:-     973                  
             Slack:=      15                  

#--------------------------------------------------------------------------------------------
#   Timing Point     Flags   Arc   Edge    Cell     Fanout Load Trans Delay Arrival Instance 
#                                                          (fF)  (ps)  (ps)   (ps)  Location 
#--------------------------------------------------------------------------------------------
  cnt_reg[0]/CK      -       -     R     (arrival)      55    -     0     0       0    (-,-) 
  cnt_reg[0]/Q       -       CK->Q R     DFFHQX1LVT      5 10.4   154   188     188    (-,-) 
  g1869/Y            -       A->Y  F     INVX1           1  3.7   128   152     340    (-,-) 
  g1866__2802/Y      -       A->Y  F     OR2X8LVT       49 91.5   216   240     580    (-,-) 
  g1757__9315/Y      -       S0->Y F     MXI2XLLVT       1  3.3   254   215     795    (-,-) 
  g1741__8428/Y      -       B->Y  R     NOR2X1LVT       1  3.2   135   178     973    (-,-) 
  out_sr_reg[1][1]/D -       -     R     DFFHQX1LVT      1    -     -     0     973    (-,-) 
#--------------------------------------------------------------------------------------------



Path 18: MET (15 ps) Setup Check with Pin out_sr_reg[1][0]/CK->D
          Group: clock
     Startpoint: (R) cnt_reg[0]/CK
          Clock: (R) clock
       Endpoint: (R) out_sr_reg[1][0]/D
          Clock: (R) clock

                     Capture       Launch     
        Clock Edge:+    1100            0     
       Src Latency:+       0            0     
       Net Latency:+       0 (I)        0 (I) 
           Arrival:=    1100            0     
                                              
             Setup:-     112                  
     Required Time:=     988                  
      Launch Clock:-       0                  
         Data Path:-     973                  
             Slack:=      15                  

#--------------------------------------------------------------------------------------------
#   Timing Point     Flags   Arc   Edge    Cell     Fanout Load Trans Delay Arrival Instance 
#                                                          (fF)  (ps)  (ps)   (ps)  Location 
#--------------------------------------------------------------------------------------------
  cnt_reg[0]/CK      -       -     R     (arrival)      55    -     0     0       0    (-,-) 
  cnt_reg[0]/Q       -       CK->Q R     DFFHQX1LVT      5 10.4   154   188     188    (-,-) 
  g1869/Y            -       A->Y  F     INVX1           1  3.7   128   152     340    (-,-) 
  g1866__2802/Y      -       A->Y  F     OR2X8LVT       49 91.5   216   240     580    (-,-) 
  g1756__6161/Y      -       S0->Y F     MXI2XLLVT       1  3.3   254   215     795    (-,-) 
  g1740__4319/Y      -       B->Y  R     NOR2X1LVT       1  3.2   135   178     973    (-,-) 
  out_sr_reg[1][0]/D -       -     R     DFFHQX1LVT      1    -     -     0     973    (-,-) 
#--------------------------------------------------------------------------------------------



Path 19: MET (20 ps) Setup Check with Pin out_sr_reg[1][12]/CK->D
          Group: clock
     Startpoint: (R) cnt_reg[0]/CK
          Clock: (R) clock
       Endpoint: (R) out_sr_reg[1][12]/D
          Clock: (R) clock

                     Capture       Launch     
        Clock Edge:+    1100            0     
       Src Latency:+       0            0     
       Net Latency:+       0 (I)        0 (I) 
           Arrival:=    1100            0     
                                              
             Setup:-     183                  
     Required Time:=     917                  
      Launch Clock:-       0                  
         Data Path:-     897                  
             Slack:=      20                  

#------------------------------------------------------------------------------------------------
#    Timing Point     Flags    Arc   Edge     Cell      Fanout Load Trans Delay Arrival Instance 
#                                                              (fF)  (ps)  (ps)   (ps)  Location 
#------------------------------------------------------------------------------------------------
  cnt_reg[0]/CK       -       -      R     (arrival)        55    -     0     0       0    (-,-) 
  cnt_reg[0]/Q        -       CK->Q  R     DFFHQX1LVT        5 10.4   154   188     188    (-,-) 
  g1869/Y             -       A->Y   F     INVX1             1  3.7   128   152     340    (-,-) 
  g1866__2802/Y       -       A->Y   F     OR2X8LVT         49 91.5   216   240     580    (-,-) 
  g1844/Y             -       A->Y   R     INVX2LVT          5 10.1   112   136     716    (-,-) 
  g1752__1881/Y       -       A0N->Y R     OAI2BB2XLLVT      1  3.1   209   181     897    (-,-) 
  out_sr_reg[1][12]/D -       -      R     DFFTRXLLVT        1    -     -     0     897    (-,-) 
#------------------------------------------------------------------------------------------------



Path 20: MET (20 ps) Setup Check with Pin out_sr_reg[0][15]/CK->D
          Group: clock
     Startpoint: (R) cnt_reg[0]/CK
          Clock: (R) clock
       Endpoint: (R) out_sr_reg[0][15]/D
          Clock: (R) clock

                     Capture       Launch     
        Clock Edge:+    1100            0     
       Src Latency:+       0            0     
       Net Latency:+       0 (I)        0 (I) 
           Arrival:=    1100            0     
                                              
             Setup:-     108                  
     Required Time:=     992                  
      Launch Clock:-       0                  
         Data Path:-     972                  
             Slack:=      20                  

#---------------------------------------------------------------------------------------------
#    Timing Point     Flags   Arc   Edge    Cell     Fanout Load Trans Delay Arrival Instance 
#                                                           (fF)  (ps)  (ps)   (ps)  Location 
#---------------------------------------------------------------------------------------------
  cnt_reg[0]/CK       -       -     R     (arrival)      55    -     0     0       0    (-,-) 
  cnt_reg[0]/Q        -       CK->Q R     DFFHQX1LVT      5 10.4   154   188     188    (-,-) 
  g1869/Y             -       A->Y  F     INVX1           1  3.7   128   152     340    (-,-) 
  g1866__2802/Y       -       A->Y  F     OR2X8LVT       49 91.5   216   240     580    (-,-) 
  g6172/Y             -       S0->Y F     MXI2XLLVT       1  3.3   254   215     795    (-,-) 
  g6171/Y             -       A->Y  R     NOR2X1LVT       1  3.2   123   177     972    (-,-) 
  out_sr_reg[0][15]/D -       -     R     DFFHQX1LVT      1    -     -     0     972    (-,-) 
#---------------------------------------------------------------------------------------------



Path 21: MET (20 ps) Setup Check with Pin out_sr_reg[0][14]/CK->D
          Group: clock
     Startpoint: (R) cnt_reg[0]/CK
          Clock: (R) clock
       Endpoint: (R) out_sr_reg[0][14]/D
          Clock: (R) clock

                     Capture       Launch     
        Clock Edge:+    1100            0     
       Src Latency:+       0            0     
       Net Latency:+       0 (I)        0 (I) 
           Arrival:=    1100            0     
                                              
             Setup:-     108                  
     Required Time:=     992                  
      Launch Clock:-       0                  
         Data Path:-     972                  
             Slack:=      20                  

#---------------------------------------------------------------------------------------------
#    Timing Point     Flags   Arc   Edge    Cell     Fanout Load Trans Delay Arrival Instance 
#                                                           (fF)  (ps)  (ps)   (ps)  Location 
#---------------------------------------------------------------------------------------------
  cnt_reg[0]/CK       -       -     R     (arrival)      55    -     0     0       0    (-,-) 
  cnt_reg[0]/Q        -       CK->Q R     DFFHQX1LVT      5 10.4   154   188     188    (-,-) 
  g1869/Y             -       A->Y  F     INVX1           1  3.7   128   152     340    (-,-) 
  g1866__2802/Y       -       A->Y  F     OR2X8LVT       49 91.5   216   240     580    (-,-) 
  g6170/Y             -       S0->Y F     MXI2XLLVT       1  3.3   254   215     795    (-,-) 
  g6169/Y             -       A->Y  R     NOR2X1LVT       1  3.2   123   177     972    (-,-) 
  out_sr_reg[0][14]/D -       -     R     DFFHQX1LVT      1    -     -     0     972    (-,-) 
#---------------------------------------------------------------------------------------------



Path 22: MET (20 ps) Setup Check with Pin out_sr_reg[0][13]/CK->D
          Group: clock
     Startpoint: (R) cnt_reg[0]/CK
          Clock: (R) clock
       Endpoint: (R) out_sr_reg[0][13]/D
          Clock: (R) clock

                     Capture       Launch     
        Clock Edge:+    1100            0     
       Src Latency:+       0            0     
       Net Latency:+       0 (I)        0 (I) 
           Arrival:=    1100            0     
                                              
             Setup:-     108                  
     Required Time:=     992                  
      Launch Clock:-       0                  
         Data Path:-     972                  
             Slack:=      20                  

#---------------------------------------------------------------------------------------------
#    Timing Point     Flags   Arc   Edge    Cell     Fanout Load Trans Delay Arrival Instance 
#                                                           (fF)  (ps)  (ps)   (ps)  Location 
#---------------------------------------------------------------------------------------------
  cnt_reg[0]/CK       -       -     R     (arrival)      55    -     0     0       0    (-,-) 
  cnt_reg[0]/Q        -       CK->Q R     DFFHQX1LVT      5 10.4   154   188     188    (-,-) 
  g1869/Y             -       A->Y  F     INVX1           1  3.7   128   152     340    (-,-) 
  g1866__2802/Y       -       A->Y  F     OR2X8LVT       49 91.5   216   240     580    (-,-) 
  g6168/Y             -       S0->Y F     MXI2XLLVT       1  3.3   254   215     795    (-,-) 
  g6167/Y             -       A->Y  R     NOR2X1LVT       1  3.2   123   177     972    (-,-) 
  out_sr_reg[0][13]/D -       -     R     DFFHQX1LVT      1    -     -     0     972    (-,-) 
#---------------------------------------------------------------------------------------------



Path 23: MET (20 ps) Setup Check with Pin out_sr_reg[0][12]/CK->D
          Group: clock
     Startpoint: (R) cnt_reg[0]/CK
          Clock: (R) clock
       Endpoint: (R) out_sr_reg[0][12]/D
          Clock: (R) clock

                     Capture       Launch     
        Clock Edge:+    1100            0     
       Src Latency:+       0            0     
       Net Latency:+       0 (I)        0 (I) 
           Arrival:=    1100            0     
                                              
             Setup:-     108                  
     Required Time:=     992                  
      Launch Clock:-       0                  
         Data Path:-     972                  
             Slack:=      20                  

#---------------------------------------------------------------------------------------------
#    Timing Point     Flags   Arc   Edge    Cell     Fanout Load Trans Delay Arrival Instance 
#                                                           (fF)  (ps)  (ps)   (ps)  Location 
#---------------------------------------------------------------------------------------------
  cnt_reg[0]/CK       -       -     R     (arrival)      55    -     0     0       0    (-,-) 
  cnt_reg[0]/Q        -       CK->Q R     DFFHQX1LVT      5 10.4   154   188     188    (-,-) 
  g1869/Y             -       A->Y  F     INVX1           1  3.7   128   152     340    (-,-) 
  g1866__2802/Y       -       A->Y  F     OR2X8LVT       49 91.5   216   240     580    (-,-) 
  g6164/Y             -       S0->Y F     MXI2XLLVT       1  3.3   254   215     795    (-,-) 
  g6163/Y             -       A->Y  R     NOR2X1LVT       1  3.2   123   177     972    (-,-) 
  out_sr_reg[0][12]/D -       -     R     DFFHQX1LVT      1    -     -     0     972    (-,-) 
#---------------------------------------------------------------------------------------------



Path 24: MET (20 ps) Setup Check with Pin out_sr_reg[0][11]/CK->D
          Group: clock
     Startpoint: (R) cnt_reg[0]/CK
          Clock: (R) clock
       Endpoint: (R) out_sr_reg[0][11]/D
          Clock: (R) clock

                     Capture       Launch     
        Clock Edge:+    1100            0     
       Src Latency:+       0            0     
       Net Latency:+       0 (I)        0 (I) 
           Arrival:=    1100            0     
                                              
             Setup:-     108                  
     Required Time:=     992                  
      Launch Clock:-       0                  
         Data Path:-     972                  
             Slack:=      20                  

#---------------------------------------------------------------------------------------------
#    Timing Point     Flags   Arc   Edge    Cell     Fanout Load Trans Delay Arrival Instance 
#                                                           (fF)  (ps)  (ps)   (ps)  Location 
#---------------------------------------------------------------------------------------------
  cnt_reg[0]/CK       -       -     R     (arrival)      55    -     0     0       0    (-,-) 
  cnt_reg[0]/Q        -       CK->Q R     DFFHQX1LVT      5 10.4   154   188     188    (-,-) 
  g1869/Y             -       A->Y  F     INVX1           1  3.7   128   152     340    (-,-) 
  g1866__2802/Y       -       A->Y  F     OR2X8LVT       49 91.5   216   240     580    (-,-) 
  g6162/Y             -       S0->Y F     MXI2XLLVT       1  3.3   254   215     795    (-,-) 
  g6161/Y             -       A->Y  R     NOR2X1LVT       1  3.2   123   177     972    (-,-) 
  out_sr_reg[0][11]/D -       -     R     DFFHQX1LVT      1    -     -     0     972    (-,-) 
#---------------------------------------------------------------------------------------------



Path 25: MET (20 ps) Setup Check with Pin out_sr_reg[0][10]/CK->D
          Group: clock
     Startpoint: (R) cnt_reg[0]/CK
          Clock: (R) clock
       Endpoint: (R) out_sr_reg[0][10]/D
          Clock: (R) clock

                     Capture       Launch     
        Clock Edge:+    1100            0     
       Src Latency:+       0            0     
       Net Latency:+       0 (I)        0 (I) 
           Arrival:=    1100            0     
                                              
             Setup:-     108                  
     Required Time:=     992                  
      Launch Clock:-       0                  
         Data Path:-     972                  
             Slack:=      20                  

#---------------------------------------------------------------------------------------------
#    Timing Point     Flags   Arc   Edge    Cell     Fanout Load Trans Delay Arrival Instance 
#                                                           (fF)  (ps)  (ps)   (ps)  Location 
#---------------------------------------------------------------------------------------------
  cnt_reg[0]/CK       -       -     R     (arrival)      55    -     0     0       0    (-,-) 
  cnt_reg[0]/Q        -       CK->Q R     DFFHQX1LVT      5 10.4   154   188     188    (-,-) 
  g1869/Y             -       A->Y  F     INVX1           1  3.7   128   152     340    (-,-) 
  g1866__2802/Y       -       A->Y  F     OR2X8LVT       49 91.5   216   240     580    (-,-) 
  g6158/Y             -       S0->Y F     MXI2XLLVT       1  3.3   254   215     795    (-,-) 
  g6157/Y             -       A->Y  R     NOR2X1LVT       1  3.2   123   177     972    (-,-) 
  out_sr_reg[0][10]/D -       -     R     DFFHQX1LVT      1    -     -     0     972    (-,-) 
#---------------------------------------------------------------------------------------------



Path 26: MET (20 ps) Setup Check with Pin out_sr_reg[0][9]/CK->D
          Group: clock
     Startpoint: (R) cnt_reg[0]/CK
          Clock: (R) clock
       Endpoint: (R) out_sr_reg[0][9]/D
          Clock: (R) clock

                     Capture       Launch     
        Clock Edge:+    1100            0     
       Src Latency:+       0            0     
       Net Latency:+       0 (I)        0 (I) 
           Arrival:=    1100            0     
                                              
             Setup:-     108                  
     Required Time:=     992                  
      Launch Clock:-       0                  
         Data Path:-     972                  
             Slack:=      20                  

#--------------------------------------------------------------------------------------------
#   Timing Point     Flags   Arc   Edge    Cell     Fanout Load Trans Delay Arrival Instance 
#                                                          (fF)  (ps)  (ps)   (ps)  Location 
#--------------------------------------------------------------------------------------------
  cnt_reg[0]/CK      -       -     R     (arrival)      55    -     0     0       0    (-,-) 
  cnt_reg[0]/Q       -       CK->Q R     DFFHQX1LVT      5 10.4   154   188     188    (-,-) 
  g1869/Y            -       A->Y  F     INVX1           1  3.7   128   152     340    (-,-) 
  g1866__2802/Y      -       A->Y  F     OR2X8LVT       49 91.5   216   240     580    (-,-) 
  g6160/Y            -       S0->Y F     MXI2XLLVT       1  3.3   254   215     795    (-,-) 
  g6159/Y            -       A->Y  R     NOR2X1LVT       1  3.2   123   177     972    (-,-) 
  out_sr_reg[0][9]/D -       -     R     DFFHQX1LVT      1    -     -     0     972    (-,-) 
#--------------------------------------------------------------------------------------------



Path 27: MET (20 ps) Setup Check with Pin out_sr_reg[0][8]/CK->D
          Group: clock
     Startpoint: (R) cnt_reg[0]/CK
          Clock: (R) clock
       Endpoint: (R) out_sr_reg[0][8]/D
          Clock: (R) clock

                     Capture       Launch     
        Clock Edge:+    1100            0     
       Src Latency:+       0            0     
       Net Latency:+       0 (I)        0 (I) 
           Arrival:=    1100            0     
                                              
             Setup:-     108                  
     Required Time:=     992                  
      Launch Clock:-       0                  
         Data Path:-     972                  
             Slack:=      20                  

#--------------------------------------------------------------------------------------------
#   Timing Point     Flags   Arc   Edge    Cell     Fanout Load Trans Delay Arrival Instance 
#                                                          (fF)  (ps)  (ps)   (ps)  Location 
#--------------------------------------------------------------------------------------------
  cnt_reg[0]/CK      -       -     R     (arrival)      55    -     0     0       0    (-,-) 
  cnt_reg[0]/Q       -       CK->Q R     DFFHQX1LVT      5 10.4   154   188     188    (-,-) 
  g1869/Y            -       A->Y  F     INVX1           1  3.7   128   152     340    (-,-) 
  g1866__2802/Y      -       A->Y  F     OR2X8LVT       49 91.5   216   240     580    (-,-) 
  g6166/Y            -       S0->Y F     MXI2XLLVT       1  3.3   254   215     795    (-,-) 
  g6165/Y            -       A->Y  R     NOR2X1LVT       1  3.2   123   177     972    (-,-) 
  out_sr_reg[0][8]/D -       -     R     DFFHQX1LVT      1    -     -     0     972    (-,-) 
#--------------------------------------------------------------------------------------------



Path 28: MET (20 ps) Setup Check with Pin out_sr_reg[0][7]/CK->D
          Group: clock
     Startpoint: (R) cnt_reg[0]/CK
          Clock: (R) clock
       Endpoint: (R) out_sr_reg[0][7]/D
          Clock: (R) clock

                     Capture       Launch     
        Clock Edge:+    1100            0     
       Src Latency:+       0            0     
       Net Latency:+       0 (I)        0 (I) 
           Arrival:=    1100            0     
                                              
             Setup:-     108                  
     Required Time:=     992                  
      Launch Clock:-       0                  
         Data Path:-     972                  
             Slack:=      20                  

#--------------------------------------------------------------------------------------------
#   Timing Point     Flags   Arc   Edge    Cell     Fanout Load Trans Delay Arrival Instance 
#                                                          (fF)  (ps)  (ps)   (ps)  Location 
#--------------------------------------------------------------------------------------------
  cnt_reg[0]/CK      -       -     R     (arrival)      55    -     0     0       0    (-,-) 
  cnt_reg[0]/Q       -       CK->Q R     DFFHQX1LVT      5 10.4   154   188     188    (-,-) 
  g1869/Y            -       A->Y  F     INVX1           1  3.7   128   152     340    (-,-) 
  g1866__2802/Y      -       A->Y  F     OR2X8LVT       49 91.5   216   240     580    (-,-) 
  g6156/Y            -       S0->Y F     MXI2XLLVT       1  3.3   254   215     795    (-,-) 
  g6155/Y            -       A->Y  R     NOR2X1LVT       1  3.2   123   177     972    (-,-) 
  out_sr_reg[0][7]/D -       -     R     DFFHQX1LVT      1    -     -     0     972    (-,-) 
#--------------------------------------------------------------------------------------------



Path 29: MET (20 ps) Setup Check with Pin out_sr_reg[0][6]/CK->D
          Group: clock
     Startpoint: (R) cnt_reg[0]/CK
          Clock: (R) clock
       Endpoint: (R) out_sr_reg[0][6]/D
          Clock: (R) clock

                     Capture       Launch     
        Clock Edge:+    1100            0     
       Src Latency:+       0            0     
       Net Latency:+       0 (I)        0 (I) 
           Arrival:=    1100            0     
                                              
             Setup:-     108                  
     Required Time:=     992                  
      Launch Clock:-       0                  
         Data Path:-     972                  
             Slack:=      20                  

#--------------------------------------------------------------------------------------------
#   Timing Point     Flags   Arc   Edge    Cell     Fanout Load Trans Delay Arrival Instance 
#                                                          (fF)  (ps)  (ps)   (ps)  Location 
#--------------------------------------------------------------------------------------------
  cnt_reg[0]/CK      -       -     R     (arrival)      55    -     0     0       0    (-,-) 
  cnt_reg[0]/Q       -       CK->Q R     DFFHQX1LVT      5 10.4   154   188     188    (-,-) 
  g1869/Y            -       A->Y  F     INVX1           1  3.7   128   152     340    (-,-) 
  g1866__2802/Y      -       A->Y  F     OR2X8LVT       49 91.5   216   240     580    (-,-) 
  g3/Y               -       S0->Y F     MXI2XLLVT       1  3.3   254   215     795    (-,-) 
  g6154/Y            -       A->Y  R     NOR2X1LVT       1  3.2   123   177     972    (-,-) 
  out_sr_reg[0][6]/D -       -     R     DFFHQX1LVT      1    -     -     0     972    (-,-) 
#--------------------------------------------------------------------------------------------



Path 30: MET (34 ps) Setup Check with Pin out_sr_reg[2][12]/CK->D
          Group: clock
     Startpoint: (R) cnt_reg[0]/CK
          Clock: (R) clock
       Endpoint: (F) out_sr_reg[2][12]/D
          Clock: (R) clock

                     Capture       Launch     
        Clock Edge:+    1100            0     
       Src Latency:+       0            0     
       Net Latency:+       0 (I)        0 (I) 
           Arrival:=    1100            0     
                                              
             Setup:-     128                  
     Required Time:=     972                  
      Launch Clock:-       0                  
         Data Path:-     938                  
             Slack:=      34                  

#---------------------------------------------------------------------------------------------
#    Timing Point     Flags   Arc   Edge    Cell     Fanout Load Trans Delay Arrival Instance 
#                                                           (fF)  (ps)  (ps)   (ps)  Location 
#---------------------------------------------------------------------------------------------
  cnt_reg[0]/CK       -       -     R     (arrival)      55    -     0     0       0    (-,-) 
  cnt_reg[0]/Q        -       CK->Q R     DFFHQX1LVT      5 10.4   154   188     188    (-,-) 
  g1869/Y             -       A->Y  F     INVX1           1  3.7   128   152     340    (-,-) 
  g1866__2802/Y       -       A->Y  F     OR2X8LVT       49 91.5   216   240     580    (-,-) 
  g1844/Y             -       A->Y  R     INVX2LVT        5 10.1   112   136     716    (-,-) 
  g1799__4733/Y       -       A1->Y F     OAI22X1         1  3.1   247   222     938    (-,-) 
  out_sr_reg[2][12]/D -       -     F     DFFTRXLLVT      1    -     -     0     938    (-,-) 
#---------------------------------------------------------------------------------------------



Path 31: MET (67 ps) Clock Gating Setup Check at cgic pin RC_CG_HIER_INST4/RC_CGIC_INST/E
          Group: cg_enable_group_clock
     Startpoint: (R) cnt_reg[0]/CK
          Clock: (R) clock
       Endpoint: (R) RC_CG_HIER_INST4/RC_CGIC_INST/E
          Clock: (R) clock

                     Capture       Launch     
        Clock Edge:+    1100            0     
       Src Latency:+       0            0     
       Net Latency:+       0 (I)        0 (I) 
           Arrival:=    1100            0     
                                              
  Gate Check Setup:-     196                  
     Required Time:=     904                  
      Launch Clock:-       0                  
         Data Path:-     838                  
             Slack:=      67                  

#-------------------------------------------------------------------------------------------------------------
#          Timing Point           Flags   Arc   Edge      Cell       Fanout Load Trans Delay Arrival Instance 
#                                                                           (fF)  (ps)  (ps)   (ps)  Location 
#-------------------------------------------------------------------------------------------------------------
  cnt_reg[0]/CK                   -       -     R     (arrival)          55    -     0     0       0    (-,-) 
  cnt_reg[0]/Q                    -       CK->Q R     DFFHQX1LVT          5 10.4   154   188     188    (-,-) 
  g1869/Y                         -       A->Y  F     INVX1               1  3.7   128   152     340    (-,-) 
  g1866__2802/Y                   -       A->Y  F     OR2X8LVT           49 91.5   216   240     580    (-,-) 
  g1844/Y                         -       A->Y  R     INVX2LVT            5 10.1   112   136     716    (-,-) 
  g1821__1666/Y                   -       A->Y  R     OR2X1LVT            2  4.8    76   122     838    (-,-) 
  RC_CG_HIER_INST4/RC_CGIC_INST/E -       -     R     TLATNTSCAX2HVT      2    -     -     0     838    (-,-) 
#-------------------------------------------------------------------------------------------------------------



Path 32: MET (67 ps) Clock Gating Setup Check at cgic pin RC_CG_HIER_INST3/RC_CGIC_INST/E
          Group: cg_enable_group_clock
     Startpoint: (R) cnt_reg[0]/CK
          Clock: (R) clock
       Endpoint: (R) RC_CG_HIER_INST3/RC_CGIC_INST/E
          Clock: (R) clock

                     Capture       Launch     
        Clock Edge:+    1100            0     
       Src Latency:+       0            0     
       Net Latency:+       0 (I)        0 (I) 
           Arrival:=    1100            0     
                                              
  Gate Check Setup:-     196                  
     Required Time:=     904                  
      Launch Clock:-       0                  
         Data Path:-     838                  
             Slack:=      67                  

#-------------------------------------------------------------------------------------------------------------
#          Timing Point           Flags   Arc   Edge      Cell       Fanout Load Trans Delay Arrival Instance 
#                                                                           (fF)  (ps)  (ps)   (ps)  Location 
#-------------------------------------------------------------------------------------------------------------
  cnt_reg[0]/CK                   -       -     R     (arrival)          55    -     0     0       0    (-,-) 
  cnt_reg[0]/Q                    -       CK->Q R     DFFHQX1LVT          5 10.4   154   188     188    (-,-) 
  g1869/Y                         -       A->Y  F     INVX1               1  3.7   128   152     340    (-,-) 
  g1866__2802/Y                   -       A->Y  F     OR2X8LVT           49 91.5   216   240     580    (-,-) 
  g1844/Y                         -       A->Y  R     INVX2LVT            5 10.1   112   136     716    (-,-) 
  g1821__1666/Y                   -       A->Y  R     OR2X1LVT            2  4.8    76   122     838    (-,-) 
  RC_CG_HIER_INST3/RC_CGIC_INST/E -       -     R     TLATNTSCAX2HVT      2    -     -     0     838    (-,-) 
#-------------------------------------------------------------------------------------------------------------



Path 33: MET (82 ps) Setup Check with Pin out_sr_reg[2][15]/CK->D
          Group: clock
     Startpoint: (R) cnt_reg[0]/CK
          Clock: (R) clock
       Endpoint: (R) out_sr_reg[2][15]/D
          Clock: (R) clock

                     Capture       Launch     
        Clock Edge:+    1100            0     
       Src Latency:+       0            0     
       Net Latency:+       0 (I)        0 (I) 
           Arrival:=    1100            0     
                                              
             Setup:-     173                  
     Required Time:=     927                  
      Launch Clock:-       0                  
         Data Path:-     845                  
             Slack:=      82                  

#---------------------------------------------------------------------------------------------
#    Timing Point     Flags   Arc   Edge    Cell     Fanout Load Trans Delay Arrival Instance 
#                                                           (fF)  (ps)  (ps)   (ps)  Location 
#---------------------------------------------------------------------------------------------
  cnt_reg[0]/CK       -       -     R     (arrival)      55    -     0     0       0    (-,-) 
  cnt_reg[0]/Q        -       CK->Q F     DFFHQX1LVT      5 10.3   171   211     211    (-,-) 
  g1869/Y             -       A->Y  R     INVX1           1  3.8   114   149     360    (-,-) 
  g1866__2802/Y       -       A->Y  R     OR2X8LVT       49 95.9   185   194     554    (-,-) 
  g1802__9945/Y       -       B->Y  F     NAND2X1LVT      1  3.2   144   162     716    (-,-) 
  g1786__5526/Y       -       B0->Y R     OAI21X1         1  3.1   185   129     845    (-,-) 
  out_sr_reg[2][15]/D -       -     R     DFFTRXLLVT      1    -     -     0     845    (-,-) 
#---------------------------------------------------------------------------------------------



Path 34: MET (122 ps) Setup Check with Pin out_sr_reg[2][6]/CK->D
          Group: clock
     Startpoint: (R) cnt_reg[0]/CK
          Clock: (R) clock
       Endpoint: (R) out_sr_reg[2][6]/D
          Clock: (R) clock

                     Capture       Launch     
        Clock Edge:+    1100            0     
       Src Latency:+       0            0     
       Net Latency:+       0 (I)        0 (I) 
           Arrival:=    1100            0     
                                              
             Setup:-     121                  
     Required Time:=     979                  
      Launch Clock:-       0                  
         Data Path:-     858                  
             Slack:=     122                  

#--------------------------------------------------------------------------------------------
#   Timing Point     Flags   Arc   Edge    Cell     Fanout Load Trans Delay Arrival Instance 
#                                                          (fF)  (ps)  (ps)   (ps)  Location 
#--------------------------------------------------------------------------------------------
  cnt_reg[0]/CK      -       -     R     (arrival)      55    -     0     0       0    (-,-) 
  cnt_reg[0]/Q       -       CK->Q R     DFFHQX1LVT      5 10.4   154   188     188    (-,-) 
  g1869/Y            -       A->Y  F     INVX1           1  3.7   128   152     340    (-,-) 
  g1866__2802/Y      -       A->Y  F     OR2X8LVT       49 91.5   216   240     580    (-,-) 
  g1844/Y            -       A->Y  R     INVX2LVT        5 10.1   112   136     716    (-,-) 
  g1793__8246/Y      -       S0->Y R     MX2X1LVT        1  3.1    56   142     858    (-,-) 
  out_sr_reg[2][6]/D -       -     R     DFFTRXLLVT      1    -     -     0     858    (-,-) 
#--------------------------------------------------------------------------------------------



Path 35: MET (132 ps) Setup Check with Pin out_sr_reg[1][15]/CK->D
          Group: clock
     Startpoint: (R) cnt_reg[0]/CK
          Clock: (R) clock
       Endpoint: (R) out_sr_reg[1][15]/D
          Clock: (R) clock

                     Capture       Launch     
        Clock Edge:+    1100            0     
       Src Latency:+       0            0     
       Net Latency:+       0 (I)        0 (I) 
           Arrival:=    1100            0     
                                              
             Setup:-     150                  
     Required Time:=     950                  
      Launch Clock:-       0                  
         Data Path:-     819                  
             Slack:=     132                  

#---------------------------------------------------------------------------------------------
#    Timing Point     Flags   Arc   Edge    Cell     Fanout Load Trans Delay Arrival Instance 
#                                                           (fF)  (ps)  (ps)   (ps)  Location 
#---------------------------------------------------------------------------------------------
  cnt_reg[0]/CK       -       -     R     (arrival)      55    -     0     0       0    (-,-) 
  cnt_reg[0]/Q        -       CK->Q F     DFFHQX1LVT      5 10.3   171   211     211    (-,-) 
  g1869/Y             -       A->Y  R     INVX1           1  3.8   114   149     360    (-,-) 
  g1866__2802/Y       -       A->Y  R     OR2X8LVT       49 95.9   185   194     554    (-,-) 
  g1761__1666/Y       -       B->Y  F     NAND2X1LVT      1  3.3   147   164     718    (-,-) 
  g1751__6131/Y       -       B0->Y R     OAI21X1LVT      1  3.1   127   101     819    (-,-) 
  out_sr_reg[1][15]/D -       -     R     DFFTRXLLVT      1    -     -     0     819    (-,-) 
#---------------------------------------------------------------------------------------------



Path 36: MET (212 ps) Setup Check with Pin xs_reg[10][5]/CK->D
          Group: clock
     Startpoint: (F) i_reset
          Clock: (R) clock
       Endpoint: (R) xs_reg[10][5]/D
          Clock: (R) clock

                     Capture       Launch     
        Clock Edge:+    1100            0     
        Drv Adjust:+       0            0     
       Src Latency:+       0            0     
       Net Latency:+       0 (I)        0 (I) 
           Arrival:=    1100            0     
                                              
             Setup:-     274                  
     Required Time:=     826                  
      Launch Clock:-       0                  
       Input Delay:-     500                  
         Data Path:-     114                  
             Slack:=     212                  

Exceptions/Constraints:
  input_delay             500             fir_serial_parallel._line_2_8_1 

#-------------------------------------------------------------------------------------------
#  Timing Point   Flags   Arc   Edge    Cell      Fanout  Load Trans Delay Arrival Instance 
#                                                         (fF)  (ps)  (ps)   (ps)  Location 
#-------------------------------------------------------------------------------------------
  i_reset         -       -     F     (arrival)      110 204.4     0     0     500    (-,-) 
  g1876/Y         -       A->Y  R     CLKINVX6LVT     49  81.3   195   114     614    (-,-) 
  xs_reg[10][5]/D -       -     R     DFFTRXL         49     -     -     0     614    (-,-) 
#-------------------------------------------------------------------------------------------



Path 37: MET (212 ps) Setup Check with Pin xs_reg[10][4]/CK->D
          Group: clock
     Startpoint: (F) i_reset
          Clock: (R) clock
       Endpoint: (R) xs_reg[10][4]/D
          Clock: (R) clock

                     Capture       Launch     
        Clock Edge:+    1100            0     
        Drv Adjust:+       0            0     
       Src Latency:+       0            0     
       Net Latency:+       0 (I)        0 (I) 
           Arrival:=    1100            0     
                                              
             Setup:-     274                  
     Required Time:=     826                  
      Launch Clock:-       0                  
       Input Delay:-     500                  
         Data Path:-     114                  
             Slack:=     212                  

Exceptions/Constraints:
  input_delay             500             fir_serial_parallel._line_2_8_1 

#-------------------------------------------------------------------------------------------
#  Timing Point   Flags   Arc   Edge    Cell      Fanout  Load Trans Delay Arrival Instance 
#                                                         (fF)  (ps)  (ps)   (ps)  Location 
#-------------------------------------------------------------------------------------------
  i_reset         -       -     F     (arrival)      110 204.4     0     0     500    (-,-) 
  g1876/Y         -       A->Y  R     CLKINVX6LVT     49  81.3   195   114     614    (-,-) 
  xs_reg[10][4]/D -       -     R     DFFTRXL         49     -     -     0     614    (-,-) 
#-------------------------------------------------------------------------------------------



Path 38: MET (212 ps) Setup Check with Pin xs_reg[10][3]/CK->D
          Group: clock
     Startpoint: (F) i_reset
          Clock: (R) clock
       Endpoint: (R) xs_reg[10][3]/D
          Clock: (R) clock

                     Capture       Launch     
        Clock Edge:+    1100            0     
        Drv Adjust:+       0            0     
       Src Latency:+       0            0     
       Net Latency:+       0 (I)        0 (I) 
           Arrival:=    1100            0     
                                              
             Setup:-     274                  
     Required Time:=     826                  
      Launch Clock:-       0                  
       Input Delay:-     500                  
         Data Path:-     114                  
             Slack:=     212                  

Exceptions/Constraints:
  input_delay             500             fir_serial_parallel._line_2_8_1 

#-------------------------------------------------------------------------------------------
#  Timing Point   Flags   Arc   Edge    Cell      Fanout  Load Trans Delay Arrival Instance 
#                                                         (fF)  (ps)  (ps)   (ps)  Location 
#-------------------------------------------------------------------------------------------
  i_reset         -       -     F     (arrival)      110 204.4     0     0     500    (-,-) 
  g1876/Y         -       A->Y  R     CLKINVX6LVT     49  81.3   195   114     614    (-,-) 
  xs_reg[10][3]/D -       -     R     DFFTRXL         49     -     -     0     614    (-,-) 
#-------------------------------------------------------------------------------------------



Path 39: MET (212 ps) Setup Check with Pin xs_reg[10][1]/CK->D
          Group: clock
     Startpoint: (F) i_reset
          Clock: (R) clock
       Endpoint: (R) xs_reg[10][1]/D
          Clock: (R) clock

                     Capture       Launch     
        Clock Edge:+    1100            0     
        Drv Adjust:+       0            0     
       Src Latency:+       0            0     
       Net Latency:+       0 (I)        0 (I) 
           Arrival:=    1100            0     
                                              
             Setup:-     274                  
     Required Time:=     826                  
      Launch Clock:-       0                  
       Input Delay:-     500                  
         Data Path:-     114                  
             Slack:=     212                  

Exceptions/Constraints:
  input_delay             500             fir_serial_parallel._line_2_8_1 

#-------------------------------------------------------------------------------------------
#  Timing Point   Flags   Arc   Edge    Cell      Fanout  Load Trans Delay Arrival Instance 
#                                                         (fF)  (ps)  (ps)   (ps)  Location 
#-------------------------------------------------------------------------------------------
  i_reset         -       -     F     (arrival)      110 204.4     0     0     500    (-,-) 
  g1876/Y         -       A->Y  R     CLKINVX6LVT     49  81.3   195   114     614    (-,-) 
  xs_reg[10][1]/D -       -     R     DFFTRXL         49     -     -     0     614    (-,-) 
#-------------------------------------------------------------------------------------------



Path 40: MET (224 ps) Setup Check with Pin out_sr_reg[2][14]/CK->D
          Group: clock
     Startpoint: (R) cnt_reg[0]/CK
          Clock: (R) clock
       Endpoint: (R) out_sr_reg[2][14]/D
          Clock: (R) clock

                     Capture       Launch     
        Clock Edge:+    1100            0     
       Src Latency:+       0            0     
       Net Latency:+       0 (I)        0 (I) 
           Arrival:=    1100            0     
                                              
             Setup:-     121                  
     Required Time:=     979                  
      Launch Clock:-       0                  
         Data Path:-     755                  
             Slack:=     224                  

#---------------------------------------------------------------------------------------------
#    Timing Point     Flags   Arc   Edge    Cell     Fanout Load Trans Delay Arrival Instance 
#                                                           (fF)  (ps)  (ps)   (ps)  Location 
#---------------------------------------------------------------------------------------------
  cnt_reg[0]/CK       -       -     R     (arrival)      55    -     0     0       0    (-,-) 
  cnt_reg[0]/Q        -       CK->Q R     DFFHQX1LVT      5 10.4   154   188     188    (-,-) 
  g1869/Y             -       A->Y  F     INVX1           1  3.7   128   152     340    (-,-) 
  g1866__2802/Y       -       A->Y  F     OR2X8LVT       49 91.5   216   240     580    (-,-) 
  g6152/Y             -       S0->Y R     MX2X1LVT        1  3.1    56   175     755    (-,-) 
  out_sr_reg[2][14]/D -       -     R     DFFTRXLLVT      1    -     -     0     755    (-,-) 
#---------------------------------------------------------------------------------------------



Path 41: MET (224 ps) Setup Check with Pin out_sr_reg[2][13]/CK->D
          Group: clock
     Startpoint: (R) cnt_reg[0]/CK
          Clock: (R) clock
       Endpoint: (R) out_sr_reg[2][13]/D
          Clock: (R) clock

                     Capture       Launch     
        Clock Edge:+    1100            0     
       Src Latency:+       0            0     
       Net Latency:+       0 (I)        0 (I) 
           Arrival:=    1100            0     
                                              
             Setup:-     121                  
     Required Time:=     979                  
      Launch Clock:-       0                  
         Data Path:-     755                  
             Slack:=     224                  

#---------------------------------------------------------------------------------------------
#    Timing Point     Flags   Arc   Edge    Cell     Fanout Load Trans Delay Arrival Instance 
#                                                           (fF)  (ps)  (ps)   (ps)  Location 
#---------------------------------------------------------------------------------------------
  cnt_reg[0]/CK       -       -     R     (arrival)      55    -     0     0       0    (-,-) 
  cnt_reg[0]/Q        -       CK->Q R     DFFHQX1LVT      5 10.4   154   188     188    (-,-) 
  g1869/Y             -       A->Y  F     INVX1           1  3.7   128   152     340    (-,-) 
  g1866__2802/Y       -       A->Y  F     OR2X8LVT       49 91.5   216   240     580    (-,-) 
  g6153/Y             -       S0->Y R     MX2X1LVT        1  3.1    56   175     755    (-,-) 
  out_sr_reg[2][13]/D -       -     R     DFFTRXLLVT      1    -     -     0     755    (-,-) 
#---------------------------------------------------------------------------------------------



Path 42: MET (224 ps) Setup Check with Pin out_sr_reg[2][11]/CK->D
          Group: clock
     Startpoint: (R) cnt_reg[0]/CK
          Clock: (R) clock
       Endpoint: (R) out_sr_reg[2][11]/D
          Clock: (R) clock

                     Capture       Launch     
        Clock Edge:+    1100            0     
       Src Latency:+       0            0     
       Net Latency:+       0 (I)        0 (I) 
           Arrival:=    1100            0     
                                              
             Setup:-     121                  
     Required Time:=     979                  
      Launch Clock:-       0                  
         Data Path:-     755                  
             Slack:=     224                  

#---------------------------------------------------------------------------------------------
#    Timing Point     Flags   Arc   Edge    Cell     Fanout Load Trans Delay Arrival Instance 
#                                                           (fF)  (ps)  (ps)   (ps)  Location 
#---------------------------------------------------------------------------------------------
  cnt_reg[0]/CK       -       -     R     (arrival)      55    -     0     0       0    (-,-) 
  cnt_reg[0]/Q        -       CK->Q R     DFFHQX1LVT      5 10.4   154   188     188    (-,-) 
  g1869/Y             -       A->Y  F     INVX1           1  3.7   128   152     340    (-,-) 
  g1866__2802/Y       -       A->Y  F     OR2X8LVT       49 91.5   216   240     580    (-,-) 
  g1798__7482/Y       -       S0->Y R     MX2X1LVT        1  3.1    56   175     755    (-,-) 
  out_sr_reg[2][11]/D -       -     R     DFFTRXLLVT      1    -     -     0     755    (-,-) 
#---------------------------------------------------------------------------------------------



Path 43: MET (224 ps) Setup Check with Pin out_sr_reg[2][10]/CK->D
          Group: clock
     Startpoint: (R) cnt_reg[0]/CK
          Clock: (R) clock
       Endpoint: (R) out_sr_reg[2][10]/D
          Clock: (R) clock

                     Capture       Launch     
        Clock Edge:+    1100            0     
       Src Latency:+       0            0     
       Net Latency:+       0 (I)        0 (I) 
           Arrival:=    1100            0     
                                              
             Setup:-     121                  
     Required Time:=     979                  
      Launch Clock:-       0                  
         Data Path:-     755                  
             Slack:=     224                  

#---------------------------------------------------------------------------------------------
#    Timing Point     Flags   Arc   Edge    Cell     Fanout Load Trans Delay Arrival Instance 
#                                                           (fF)  (ps)  (ps)   (ps)  Location 
#---------------------------------------------------------------------------------------------
  cnt_reg[0]/CK       -       -     R     (arrival)      55    -     0     0       0    (-,-) 
  cnt_reg[0]/Q        -       CK->Q R     DFFHQX1LVT      5 10.4   154   188     188    (-,-) 
  g1869/Y             -       A->Y  F     INVX1           1  3.7   128   152     340    (-,-) 
  g1866__2802/Y       -       A->Y  F     OR2X8LVT       49 91.5   216   240     580    (-,-) 
  g1797__5115/Y       -       S0->Y R     MX2X1LVT        1  3.1    56   175     755    (-,-) 
  out_sr_reg[2][10]/D -       -     R     DFFTRXLLVT      1    -     -     0     755    (-,-) 
#---------------------------------------------------------------------------------------------



Path 44: MET (224 ps) Setup Check with Pin out_sr_reg[2][9]/CK->D
          Group: clock
     Startpoint: (R) cnt_reg[0]/CK
          Clock: (R) clock
       Endpoint: (R) out_sr_reg[2][9]/D
          Clock: (R) clock

                     Capture       Launch     
        Clock Edge:+    1100            0     
       Src Latency:+       0            0     
       Net Latency:+       0 (I)        0 (I) 
           Arrival:=    1100            0     
                                              
             Setup:-     121                  
     Required Time:=     979                  
      Launch Clock:-       0                  
         Data Path:-     755                  
             Slack:=     224                  

#--------------------------------------------------------------------------------------------
#   Timing Point     Flags   Arc   Edge    Cell     Fanout Load Trans Delay Arrival Instance 
#                                                          (fF)  (ps)  (ps)   (ps)  Location 
#--------------------------------------------------------------------------------------------
  cnt_reg[0]/CK      -       -     R     (arrival)      55    -     0     0       0    (-,-) 
  cnt_reg[0]/Q       -       CK->Q R     DFFHQX1LVT      5 10.4   154   188     188    (-,-) 
  g1869/Y            -       A->Y  F     INVX1           1  3.7   128   152     340    (-,-) 
  g1866__2802/Y      -       A->Y  F     OR2X8LVT       49 91.5   216   240     580    (-,-) 
  g1792__5122/Y      -       S0->Y R     MX2X1LVT        1  3.1    56   175     755    (-,-) 
  out_sr_reg[2][9]/D -       -     R     DFFTRXLLVT      1    -     -     0     755    (-,-) 
#--------------------------------------------------------------------------------------------



Path 45: MET (224 ps) Setup Check with Pin out_sr_reg[2][8]/CK->D
          Group: clock
     Startpoint: (R) cnt_reg[0]/CK
          Clock: (R) clock
       Endpoint: (R) out_sr_reg[2][8]/D
          Clock: (R) clock

                     Capture       Launch     
        Clock Edge:+    1100            0     
       Src Latency:+       0            0     
       Net Latency:+       0 (I)        0 (I) 
           Arrival:=    1100            0     
                                              
             Setup:-     121                  
     Required Time:=     979                  
      Launch Clock:-       0                  
         Data Path:-     755                  
             Slack:=     224                  

#--------------------------------------------------------------------------------------------
#   Timing Point     Flags   Arc   Edge    Cell     Fanout Load Trans Delay Arrival Instance 
#                                                          (fF)  (ps)  (ps)   (ps)  Location 
#--------------------------------------------------------------------------------------------
  cnt_reg[0]/CK      -       -     R     (arrival)      55    -     0     0       0    (-,-) 
  cnt_reg[0]/Q       -       CK->Q R     DFFHQX1LVT      5 10.4   154   188     188    (-,-) 
  g1869/Y            -       A->Y  F     INVX1           1  3.7   128   152     340    (-,-) 
  g1866__2802/Y      -       A->Y  F     OR2X8LVT       49 91.5   216   240     580    (-,-) 
  g1795__6131/Y      -       S0->Y R     MX2X1LVT        1  3.1    56   175     755    (-,-) 
  out_sr_reg[2][8]/D -       -     R     DFFTRXLLVT      1    -     -     0     755    (-,-) 
#--------------------------------------------------------------------------------------------



Path 46: MET (224 ps) Setup Check with Pin out_sr_reg[2][7]/CK->D
          Group: clock
     Startpoint: (R) cnt_reg[0]/CK
          Clock: (R) clock
       Endpoint: (R) out_sr_reg[2][7]/D
          Clock: (R) clock

                     Capture       Launch     
        Clock Edge:+    1100            0     
       Src Latency:+       0            0     
       Net Latency:+       0 (I)        0 (I) 
           Arrival:=    1100            0     
                                              
             Setup:-     121                  
     Required Time:=     979                  
      Launch Clock:-       0                  
         Data Path:-     755                  
             Slack:=     224                  

#--------------------------------------------------------------------------------------------
#   Timing Point     Flags   Arc   Edge    Cell     Fanout Load Trans Delay Arrival Instance 
#                                                          (fF)  (ps)  (ps)   (ps)  Location 
#--------------------------------------------------------------------------------------------
  cnt_reg[0]/CK      -       -     R     (arrival)      55    -     0     0       0    (-,-) 
  cnt_reg[0]/Q       -       CK->Q R     DFFHQX1LVT      5 10.4   154   188     188    (-,-) 
  g1869/Y            -       A->Y  F     INVX1           1  3.7   128   152     340    (-,-) 
  g1866__2802/Y      -       A->Y  F     OR2X8LVT       49 91.5   216   240     580    (-,-) 
  g1794__7098/Y      -       S0->Y R     MX2X1LVT        1  3.1    56   175     755    (-,-) 
  out_sr_reg[2][7]/D -       -     R     DFFTRXLLVT      1    -     -     0     755    (-,-) 
#--------------------------------------------------------------------------------------------



Path 47: MET (224 ps) Setup Check with Pin out_sr_reg[1][14]/CK->D
          Group: clock
     Startpoint: (R) cnt_reg[0]/CK
          Clock: (R) clock
       Endpoint: (R) out_sr_reg[1][14]/D
          Clock: (R) clock

                     Capture       Launch     
        Clock Edge:+    1100            0     
       Src Latency:+       0            0     
       Net Latency:+       0 (I)        0 (I) 
           Arrival:=    1100            0     
                                              
             Setup:-     121                  
     Required Time:=     979                  
      Launch Clock:-       0                  
         Data Path:-     755                  
             Slack:=     224                  

#---------------------------------------------------------------------------------------------
#    Timing Point     Flags   Arc   Edge    Cell     Fanout Load Trans Delay Arrival Instance 
#                                                           (fF)  (ps)  (ps)   (ps)  Location 
#---------------------------------------------------------------------------------------------
  cnt_reg[0]/CK       -       -     R     (arrival)      55    -     0     0       0    (-,-) 
  cnt_reg[0]/Q        -       CK->Q R     DFFHQX1LVT      5 10.4   154   188     188    (-,-) 
  g1869/Y             -       A->Y  F     INVX1           1  3.7   128   152     340    (-,-) 
  g1866__2802/Y       -       A->Y  F     OR2X8LVT       49 91.5   216   240     580    (-,-) 
  g6151/Y             -       S0->Y R     MX2X1LVT        1  3.1    56   175     755    (-,-) 
  out_sr_reg[1][14]/D -       -     R     DFFTRXLLVT      1    -     -     0     755    (-,-) 
#---------------------------------------------------------------------------------------------



Path 48: MET (224 ps) Setup Check with Pin out_sr_reg[1][13]/CK->D
          Group: clock
     Startpoint: (R) cnt_reg[0]/CK
          Clock: (R) clock
       Endpoint: (R) out_sr_reg[1][13]/D
          Clock: (R) clock

                     Capture       Launch     
        Clock Edge:+    1100            0     
       Src Latency:+       0            0     
       Net Latency:+       0 (I)        0 (I) 
           Arrival:=    1100            0     
                                              
             Setup:-     121                  
     Required Time:=     979                  
      Launch Clock:-       0                  
         Data Path:-     755                  
             Slack:=     224                  

#---------------------------------------------------------------------------------------------
#    Timing Point     Flags   Arc   Edge    Cell     Fanout Load Trans Delay Arrival Instance 
#                                                           (fF)  (ps)  (ps)   (ps)  Location 
#---------------------------------------------------------------------------------------------
  cnt_reg[0]/CK       -       -     R     (arrival)      55    -     0     0       0    (-,-) 
  cnt_reg[0]/Q        -       CK->Q R     DFFHQX1LVT      5 10.4   154   188     188    (-,-) 
  g1869/Y             -       A->Y  F     INVX1           1  3.7   128   152     340    (-,-) 
  g1866__2802/Y       -       A->Y  F     OR2X8LVT       49 91.5   216   240     580    (-,-) 
  g2/Y                -       S0->Y R     MX2X1LVT        1  3.1    56   175     755    (-,-) 
  out_sr_reg[1][13]/D -       -     R     DFFTRXLLVT      1    -     -     0     755    (-,-) 
#---------------------------------------------------------------------------------------------



Path 49: MET (224 ps) Setup Check with Pin out_sr_reg[1][11]/CK->D
          Group: clock
     Startpoint: (R) cnt_reg[0]/CK
          Clock: (R) clock
       Endpoint: (R) out_sr_reg[1][11]/D
          Clock: (R) clock

                     Capture       Launch     
        Clock Edge:+    1100            0     
       Src Latency:+       0            0     
       Net Latency:+       0 (I)        0 (I) 
           Arrival:=    1100            0     
                                              
             Setup:-     121                  
     Required Time:=     979                  
      Launch Clock:-       0                  
         Data Path:-     755                  
             Slack:=     224                  

#---------------------------------------------------------------------------------------------
#    Timing Point     Flags   Arc   Edge    Cell     Fanout Load Trans Delay Arrival Instance 
#                                                           (fF)  (ps)  (ps)   (ps)  Location 
#---------------------------------------------------------------------------------------------
  cnt_reg[0]/CK       -       -     R     (arrival)      55    -     0     0       0    (-,-) 
  cnt_reg[0]/Q        -       CK->Q R     DFFHQX1LVT      5 10.4   154   188     188    (-,-) 
  g1869/Y             -       A->Y  F     INVX1           1  3.7   128   152     340    (-,-) 
  g1866__2802/Y       -       A->Y  F     OR2X8LVT       49 91.5   216   240     580    (-,-) 
  g1755__4733/Y       -       S0->Y R     MX2X1LVT        1  3.1    56   175     755    (-,-) 
  out_sr_reg[1][11]/D -       -     R     DFFTRXLLVT      1    -     -     0     755    (-,-) 
#---------------------------------------------------------------------------------------------



Path 50: MET (224 ps) Setup Check with Pin out_sr_reg[1][10]/CK->D
          Group: clock
     Startpoint: (R) cnt_reg[0]/CK
          Clock: (R) clock
       Endpoint: (R) out_sr_reg[1][10]/D
          Clock: (R) clock

                     Capture       Launch     
        Clock Edge:+    1100            0     
       Src Latency:+       0            0     
       Net Latency:+       0 (I)        0 (I) 
           Arrival:=    1100            0     
                                              
             Setup:-     121                  
     Required Time:=     979                  
      Launch Clock:-       0                  
         Data Path:-     755                  
             Slack:=     224                  

#---------------------------------------------------------------------------------------------
#    Timing Point     Flags   Arc   Edge    Cell     Fanout Load Trans Delay Arrival Instance 
#                                                           (fF)  (ps)  (ps)   (ps)  Location 
#---------------------------------------------------------------------------------------------
  cnt_reg[0]/CK       -       -     R     (arrival)      55    -     0     0       0    (-,-) 
  cnt_reg[0]/Q        -       CK->Q R     DFFHQX1LVT      5 10.4   154   188     188    (-,-) 
  g1869/Y             -       A->Y  F     INVX1           1  3.7   128   152     340    (-,-) 
  g1866__2802/Y       -       A->Y  F     OR2X8LVT       49 91.5   216   240     580    (-,-) 
  g1750__7098/Y       -       S0->Y R     MX2X1LVT        1  3.1    56   175     755    (-,-) 
  out_sr_reg[1][10]/D -       -     R     DFFTRXLLVT      1    -     -     0     755    (-,-) 
#---------------------------------------------------------------------------------------------

