============================================================
  Generated by:           Genus(TM) Synthesis Solution 23.10-p004_1
  Generated on:           Oct 08 2026  10:06:53 pm
  Module:                 fir_serial_parallel
  Technology libraries:   slow_vdd1v0 1.0
                          physical_cells 
                          slow_vdd1v0 1.0
                          physical_cells 
  Operating conditions:   PVT_0P9V_125C 
  Interconnect mode:      global
  Area mode:              physical library
============================================================

Timing
--------

Clock Period 
-------------
clock 1100.0 


         Cost           Critical         Violating 
        Group          Path Slack  TNS     Paths   
---------------------------------------------------
cg_enable_group_clock        66.9   0.0          0 
clock                        15.0   0.0          0 
default                  No paths   0.0            
---------------------------------------------------
Total                               0.0          0 

Instance Count
--------------
Leaf Instance Count             887 
Physical Instance count           0 
Sequential Instance Count       183 
Combinational Instance Count    704 
Hierarchical Instance Count       5 

Area
----
Cell Area                          3978.828
Physical Cell Area                 0.000
Total Cell Area (Cell+Physical)    3978.828
Net Area                           1321.422
Total Area (Cell+Physical+Net)     5300.250

Runtime                            0.0 seconds
Elapsed Runtime                    107 seconds
Genus peak memory usage            2067.54 
Innovus peak memory usage          no_value 
Hostname                           fiubarh01
