============================================================
  Generated by:           Genus(TM) Synthesis Solution 23.10-p004_1
  Generated on:           Oct 08 2026  09:33:03 pm
  Module:                 fir_serial
  Technology libraries:   slow_vdd1v0 1.0
                          physical_cells 
                          slow_vdd1v0 1.0
                          physical_cells 
  Operating conditions:   PVT_0P9V_125C 
  Interconnect mode:      global
  Area mode:              physical library
============================================================

Timing
--------

Clock Period 
-------------
clock 1800.0 


  Cost    Critical            Violating 
 Group   Path Slack    TNS      Paths   
----------------------------------------
clock        -103.9   -340.8          4 
default    No paths      0.0            
----------------------------------------
Total                 -340.8          4 

Instance Count
--------------
Leaf Instance Count             1227 
Physical Instance count            0 
Sequential Instance Count         80 
Combinational Instance Count    1147 
Hierarchical Instance Count        1 

Area
----
Cell Area                          3811.128
Physical Cell Area                 0.000
Total Cell Area (Cell+Physical)    3811.128
Net Area                           12.943
Total Area (Cell+Physical+Net)     3824.071

Runtime                            0.0 seconds
Elapsed Runtime                    39 seconds
Genus peak memory usage            1960.03 
Innovus peak memory usage          no_value 
Hostname                           fiubarh01
