============================================================
  Generated by:           Genus(TM) Synthesis Solution 23.10-p004_1
  Generated on:           Oct 08 2026  09:33:16 pm
  Module:                 fir_serial
  Technology libraries:   slow_vdd1v0 1.0
                          physical_cells 
                          slow_vdd1v0 1.0
                          physical_cells 
  Operating conditions:   PVT_0P9V_125C 
  Interconnect mode:      global
  Area mode:              physical library
============================================================

Timing
--------

Clock Period 
-------------
clock 1800.0 


  Cost    Critical         Violating 
 Group   Path Slack  TNS     Paths   
-------------------------------------
clock           0.1   0.0          0 
default    No paths   0.0            
-------------------------------------
Total                 0.0          0 

Instance Count
--------------
Leaf Instance Count             326 
Physical Instance count           0 
Sequential Instance Count        80 
Combinational Instance Count    246 
Hierarchical Instance Count       0 

Area
----
Cell Area                          1528.056
Physical Cell Area                 0.000
Total Cell Area (Cell+Physical)    1528.056
Net Area                           400.549
Total Area (Cell+Physical+Net)     1928.605

Runtime                            0.0 seconds
Elapsed Runtime                    52 seconds
Genus peak memory usage            1947.31 
Innovus peak memory usage          no_value 
Hostname                           fiubarh01
