============================================================
  Generated by:           Genus(TM) Synthesis Solution 23.10-p004_1
  Generated on:           Oct 08 2026  09:33:16 pm
  Module:                 fir_serial
  Technology libraries:   slow_vdd1v0 1.0
                          physical_cells 
                          slow_vdd1v0 1.0
                          physical_cells 
  Operating conditions:   PVT_0P9V_125C 
  Interconnect mode:      global
  Area mode:              physical library
============================================================

                                    Leakage  
    Gate      Instances    Area   Power (nW)     Library    
------------------------------------------------------------
ADDFHX1LVT           36   270.864     24.176    slow_vdd1v0 
ADDFHX2LVT           16   131.328     15.212    slow_vdd1v0 
ADDFX1LVT            53   271.890     27.806    slow_vdd1v0 
ADDHX1LVT             2     7.524      1.144    slow_vdd1v0 
AND2X1LVT             1     1.368      0.197    slow_vdd1v0 
AND2X4LVT             1     2.736      0.757    slow_vdd1v0 
AOI21X2LVT            2     5.472      0.840    slow_vdd1v0 
AOI21X4LVT            4    20.520      3.615    slow_vdd1v0 
AOI221X4LVT           1     7.866      1.043    slow_vdd1v0 
AOI2BB1X4LVT          1     4.104      0.989    slow_vdd1v0 
BUFX2LVT              1     1.710      0.327    slow_vdd1v0 
BUFX3LVT              1     2.052      0.546    slow_vdd1v0 
CLKAND2X3LVT          2     6.156      1.278    slow_vdd1v0 
CLKAND2X6LVT          2     9.576      2.805    slow_vdd1v0 
CLKINVX4LVT          10    17.100      5.878    slow_vdd1v0 
CLKINVX6LVT          10    23.940      9.120    slow_vdd1v0 
CLKXOR2X1LVT          5    13.680      1.932    slow_vdd1v0 
DFFHQX1LVT           21   114.912     13.637    slow_vdd1v0 
DFFHQX4LVT            2    16.416      2.439    slow_vdd1v0 
DFFQX1LVT             1     5.814      0.511    slow_vdd1v0 
DFFQX2LVT            21   136.458     14.370    slow_vdd1v0 
DFFQX4LVT            35   251.370     39.025    slow_vdd1v0 
INVX1                 2     1.368      0.042    slow_vdd1v0 
INVX1LVT             20    13.680      2.486    slow_vdd1v0 
INVX2                 2     2.052      0.086    slow_vdd1v0 
INVX2LVT             15    15.390      3.969    slow_vdd1v0 
INVX3LVT              6     8.208      2.549    slow_vdd1v0 
NAND2BX1LVT           1     1.368      0.252    slow_vdd1v0 
NAND2X1LVT            1     1.026      0.137    slow_vdd1v0 
NAND2X2LVT            3     5.130      0.936    slow_vdd1v0 
NAND2X4LVT            3    10.260      2.011    slow_vdd1v0 
NAND2X6LVT            1     4.788      1.056    slow_vdd1v0 
NAND2X8LVT            5    27.360      8.685    slow_vdd1v0 
NAND3X8LVT            1     8.208      1.400    slow_vdd1v0 
NOR2BX1LVT            4     5.472      1.015    slow_vdd1v0 
NOR2X1LVT             2     2.052      0.372    slow_vdd1v0 
NOR2X2LVT             2     3.420      0.683    slow_vdd1v0 
NOR2X4LVT            10    30.780      7.137    slow_vdd1v0 
NOR2X6LVT             6    24.624      6.720    slow_vdd1v0 
OAI21X2LVT            2     6.156      0.895    slow_vdd1v0 
OAI21X4LVT            2     9.576      1.792    slow_vdd1v0 
OAI2BB1X2LVT          1     3.078      0.483    slow_vdd1v0 
OR2X1LVT              3     4.104      0.618    slow_vdd1v0 
OR2X6LVT              2     7.524      2.288    slow_vdd1v0 
XNOR2X1LVT            4     9.576      1.511    slow_vdd1v0 
------------------------------------------------------------
total               326  1528.056    214.770                


                                           Leakage  Leakage 
     Type      Instances   Area   Area % Power (nW) Power % 
------------------------------------------------------------
sequential            80  524.970   34.4     69.982    32.6 
inverter              65   81.738    5.3     24.130    11.2 
buffer                 2    3.762    0.2      0.873     0.4 
logic                179  917.586   60.0    119.784    55.8 
physical_cells         0    0.000    0.0      0.000     0.0 
------------------------------------------------------------
total                326 1528.056  100.0    214.770   100.0 

