============================================================
  Generated by:           Genus(TM) Synthesis Solution 23.10-p004_1
  Generated on:           Oct 08 2026  09:33:20 pm
  Module:                 fir_serial
  Technology libraries:   slow_vdd1v0 1.0
                          physical_cells 
                          slow_vdd1v0 1.0
                          physical_cells 
  Operating conditions:   PVT_0P9V_125C 
  Interconnect mode:      global
  Area mode:              physical library
============================================================

                                    Leakage  
    Gate      Instances    Area   Power (nW)     Library    
------------------------------------------------------------
ADDFHX1LVT           28   210.672     18.801    slow_vdd1v0 
ADDFHX2LVT           15   123.120     14.263    slow_vdd1v0 
ADDFX1LVT            62   318.060     32.529    slow_vdd1v0 
ADDHX1LVT             2     7.524      1.144    slow_vdd1v0 
AND2X1LVT             1     1.368      0.197    slow_vdd1v0 
AOI21X2LVT            2     5.472      0.840    slow_vdd1v0 
AOI21X4LVT            4    20.520      3.615    slow_vdd1v0 
AOI221X4LVT           1     7.866      1.043    slow_vdd1v0 
AOI2BB1X4LVT          1     4.104      0.989    slow_vdd1v0 
BUFX2LVT              1     1.710      0.327    slow_vdd1v0 
BUFX3LVT              1     2.052      0.546    slow_vdd1v0 
CLKAND2X2LVT          2     4.104      0.762    slow_vdd1v0 
CLKAND2X3LVT          1     3.078      0.639    slow_vdd1v0 
CLKAND2X6LVT          2     9.576      2.805    slow_vdd1v0 
CLKINVX4LVT           2     3.420      1.177    slow_vdd1v0 
CLKINVX6LVT           5    11.970      4.538    slow_vdd1v0 
CLKXOR2X1LVT          5    13.680      1.932    slow_vdd1v0 
DFFHQX1LVT           21   114.912     13.637    slow_vdd1v0 
DFFQX1LVT             1     5.814      0.511    slow_vdd1v0 
DFFQX2LVT            12    77.976      8.212    slow_vdd1v0 
DFFQX4LVT             9    64.638     10.035    slow_vdd1v0 
DFFX1LVT             24   172.368     16.760    slow_vdd1v0 
DFFX2LVT              8    65.664      8.090    slow_vdd1v0 
DFFX4LVT              5    46.170      9.139    slow_vdd1v0 
INVX1                 1     0.684      0.021    slow_vdd1v0 
INVX1LVT              9     6.156      1.114    slow_vdd1v0 
INVX2LVT              5     5.130      1.338    slow_vdd1v0 
INVX3LVT              4     5.472      1.702    slow_vdd1v0 
NAND2BX1LVT           1     1.368      0.252    slow_vdd1v0 
NAND2X1LVT            1     1.026      0.137    slow_vdd1v0 
NAND2X2LVT            3     5.130      0.936    slow_vdd1v0 
NAND2X4LVT            3    10.260      2.011    slow_vdd1v0 
NAND2X6LVT            1     4.788      1.056    slow_vdd1v0 
NAND2X8LVT            5    27.360      8.685    slow_vdd1v0 
NAND3X8LVT            1     8.208      1.400    slow_vdd1v0 
NOR2BX1LVT            4     5.472      1.015    slow_vdd1v0 
NOR2X1LVT             2     2.052      0.372    slow_vdd1v0 
NOR2X2LVT             2     3.420      0.683    slow_vdd1v0 
NOR2X4LVT            10    30.780      7.137    slow_vdd1v0 
NOR2X6LVT             6    24.624      6.720    slow_vdd1v0 
OAI21X2LVT            2     6.156      0.895    slow_vdd1v0 
OAI21X4LVT            2     9.576      1.792    slow_vdd1v0 
OAI2BB1X2LVT          1     3.078      0.483    slow_vdd1v0 
OR2X1LVT              3     4.104      0.618    slow_vdd1v0 
OR2X6LVT              2     7.524      2.288    slow_vdd1v0 
XNOR2X1LVT            4     9.576      1.511    slow_vdd1v0 
------------------------------------------------------------
total               287  1477.782    194.697                


                                           Leakage  Leakage 
     Type      Instances   Area   Area % Power (nW) Power % 
------------------------------------------------------------
sequential            80  547.542   37.1     66.384    34.1 
inverter              26   32.832    2.2      9.890     5.1 
buffer                 2    3.762    0.3      0.873     0.4 
logic                179  893.646   60.5    117.549    60.4 
physical_cells         0    0.000    0.0      0.000     0.0 
------------------------------------------------------------
total                287 1477.782  100.0    194.697   100.0 

