

Working Directory = /home/mmarando/dcid1-tps/practico_4/ejercicios_clase/fir_serial/synth
QoS Summary for fir_serial
==========================================================================================
Metric                          generic         map             syn_opt         final          
==========================================================================================
Slack (ps):                      -304            -199             -31             -31
  R2R (ps):                      -304            -199             -31             -31
  I2R (ps):                     1,031           1,033           1,033           1,033
  R2O (ps):                       922             916             916             916
  I2O (ps):                  no_value        no_value        no_value        no_value
  CG  (ps):                  no_value        no_value        no_value        no_value
TNS (ps):                      -1,757          -1,291            -189            -189
  R2R (ps):                    -1,757          -1,291            -189            -189
  I2R (ps):                         0               0               0               0
  R2O (ps):                         0               0               0               0
  I2O (ps):                  no_value        no_value        no_value        no_value
  CG  (ps):                  no_value        no_value        no_value        no_value
Failing Paths:                      8               8               7               7
Cell Area:                      3,816           1,720           3,393           3,393
Total Cell Area:                3,816           1,720           3,393           3,393
Leaf Instances:                 1,224             365             753             753
Total Instances:                1,224             365             753             753
Utilization (%):                 0.00            0.00            0.00            0.00
Tot. Net Length (um):        no_value        no_value        no_value        no_value
Avg. Net Length (um):        no_value        no_value        no_value        no_value
Route Overflow H (%):        no_value        no_value        no_value        no_value
Route Overflow V (%):        no_value        no_value        no_value        no_value
MBCI(%) (bits/gate) :            0.00            0.00            0.00            0.00
Norm Cong Hotspot Area:
  Max Cong:                  no_value        no_value        no_value        no_value
  Tot Cong:                  no_value        no_value        no_value        no_value
==========================================================================================
CPU  Runtime (h:m:s):        00:00:40        00:00:21        00:05:10        00:00:00
Real Runtime (h:m:s):        00:00:36        00:00:14        00:05:11        00:00:01
CPU  Elapsed (h:m:s):        00:00:42        00:01:03        00:06:13        00:06:13
Real Elapsed (h:m:s):        00:00:36        00:00:50        00:06:01        00:06:02
Memory (MB):                  1950.41         1939.51         1960.15         1968.16
==========================================================================================
==========================================================================================
Flow Settings:
==========================================================================================
Total Runtime (h:m:s): 00:06:02
Total Memory (MB):     1968.16
Executable Version:    23.10-p004_1
==========================================================================================
Total Cell Area =  Cell Area + Physical Cell Area
Total Instances =  Leaf Instances + Physical Instances


