============================================================
  Generated by:           Genus(TM) Synthesis Solution 23.10-p004_1
  Generated on:           Oct 08 2026  09:20:54 pm
  Module:                 fir_serial
  Technology libraries:   slow_vdd1v0 1.0
                          physical_cells 
                          slow_vdd1v0 1.0
                          physical_cells 
  Operating conditions:   PVT_0P9V_125C 
  Interconnect mode:      global
  Area mode:              physical library
============================================================

Timing
--------

Clock Period 
-------------
clock 1600.0 


  Cost    Critical            Violating 
 Group   Path Slack    TNS      Paths   
----------------------------------------
clock         -30.8   -188.8          7 
default    No paths      0.0            
----------------------------------------
Total                 -188.8          7 

Instance Count
--------------
Leaf Instance Count             753 
Physical Instance count           0 
Sequential Instance Count        80 
Combinational Instance Count    673 
Hierarchical Instance Count       0 

Area
----
Cell Area                          3393.324
Physical Cell Area                 0.000
Total Cell Area (Cell+Physical)    3393.324
Net Area                           848.042
Total Area (Cell+Physical+Net)     4241.366

Runtime                            0.0 seconds
Elapsed Runtime                    365 seconds
Genus peak memory usage            1968.16 
Innovus peak memory usage          no_value 
Hostname                           fiubarh01
