============================================================
  Generated by:           Genus(TM) Synthesis Solution 23.10-p004_1
  Generated on:           Oct 08 2026  09:15:42 pm
  Module:                 fir_serial
  Technology libraries:   slow_vdd1v0 1.0
                          physical_cells 
                          slow_vdd1v0 1.0
                          physical_cells 
  Operating conditions:   PVT_0P9V_125C 
  Interconnect mode:      global
  Area mode:              physical library
============================================================

Timing
--------

Clock Period 
-------------
clock 1600.0 


  Cost    Critical             Violating 
 Group   Path Slack    TNS       Paths   
-----------------------------------------
clock        -198.9   -1291.3          8 
default    No paths       0.0            
-----------------------------------------
Total                 -1291.3          8 

Instance Count
--------------
Leaf Instance Count             365 
Physical Instance count           0 
Sequential Instance Count        80 
Combinational Instance Count    285 
Hierarchical Instance Count       0 

Area
----
Cell Area                          1719.576
Physical Cell Area                 0.000
Total Cell Area (Cell+Physical)    1719.576
Net Area                           434.835
Total Area (Cell+Physical+Net)     2154.411

Runtime                            0.0 seconds
Elapsed Runtime                    53 seconds
Genus peak memory usage            1947.52 
Innovus peak memory usage          no_value 
Hostname                           fiubarh01
