============================================================
  Generated by:           Genus(TM) Synthesis Solution 23.10-p004_1
  Generated on:           Oct 08 2026  09:15:42 pm
  Module:                 fir_serial
  Technology libraries:   slow_vdd1v0 1.0
                          physical_cells 
                          slow_vdd1v0 1.0
                          physical_cells 
  Operating conditions:   PVT_0P9V_125C 
  Interconnect mode:      global
  Area mode:              physical library
============================================================

                                    Leakage  
    Gate      Instances    Area   Power (nW)     Library    
------------------------------------------------------------
ADDFHX1LVT           42   316.008     28.200    slow_vdd1v0 
ADDFHX2LVT           22   180.576     20.923    slow_vdd1v0 
ADDFHX4LVT            1     9.576      1.721    slow_vdd1v0 
ADDFX1LVT            39   200.070     20.460    slow_vdd1v0 
ADDHX1LVT             1     3.762      0.572    slow_vdd1v0 
AND2X6LVT             1     3.762      1.269    slow_vdd1v0 
AOI21X4LVT            3    15.390      2.664    slow_vdd1v0 
AOI2BB1X2LVT          1     3.078      0.462    slow_vdd1v0 
AOI2BB1X4LVT          1     4.104      0.989    slow_vdd1v0 
AOI31X4LVT            1     6.498      0.916    slow_vdd1v0 
BUFX12LVT             1     5.130      2.432    slow_vdd1v0 
BUFX2LVT              3     5.130      0.981    slow_vdd1v0 
BUFX3LVT              5    10.260      2.733    slow_vdd1v0 
BUFX6LVT              2     6.156      2.468    slow_vdd1v0 
CLKAND2X3LVT          1     3.078      0.639    slow_vdd1v0 
CLKAND2X4LVT          1     3.420      0.820    slow_vdd1v0 
CLKAND2X6LVT          2     9.576      2.805    slow_vdd1v0 
CLKINVX4LVT          11    18.810      6.480    slow_vdd1v0 
CLKINVX6LVT          15    35.910     13.736    slow_vdd1v0 
CLKINVX8LVT           1     3.078      1.250    slow_vdd1v0 
CLKXOR2X1LVT          6    16.416      2.256    slow_vdd1v0 
DFFHQX1LVT           22   120.384     14.287    slow_vdd1v0 
DFFHQX4LVT           10    82.080     12.195    slow_vdd1v0 
DFFQX1LVT             2    11.628      1.022    slow_vdd1v0 
DFFQX2LVT            28   181.944     19.160    slow_vdd1v0 
DFFQX4LVT            18   129.276     20.070    slow_vdd1v0 
INVX1                 5     3.420      0.104    slow_vdd1v0 
INVX1LVT             14     9.576      1.738    slow_vdd1v0 
INVX2                 5     5.130      0.216    slow_vdd1v0 
INVX2LVT              6     6.156      1.592    slow_vdd1v0 
INVX3                19    25.992      1.298    slow_vdd1v0 
INVX3HVT              1     1.368      0.043    slow_vdd1v0 
INVX3LVT              8    10.944      3.370    slow_vdd1v0 
NAND2BX1LVT           1     1.368      0.252    slow_vdd1v0 
NAND2X1LVT            4     4.104      0.662    slow_vdd1v0 
NAND2X2LVT            2     3.420      0.703    slow_vdd1v0 
NAND2X4LVT            4    13.680      3.019    slow_vdd1v0 
NAND2X6LVT            5    23.940      5.380    slow_vdd1v0 
NAND2X8LVT            9    49.248     14.089    slow_vdd1v0 
NOR2BX1LVT            1     1.368      0.254    slow_vdd1v0 
NOR2BX2LVT            1     2.736      0.355    slow_vdd1v0 
NOR2X1LVT             1     1.026      0.186    slow_vdd1v0 
NOR2X2LVT             4     6.840      1.366    slow_vdd1v0 
NOR2X4LVT             8    24.624      5.593    slow_vdd1v0 
NOR2X6LVT             2     8.208      2.172    slow_vdd1v0 
NOR2X8LVT             7    38.304     11.067    slow_vdd1v0 
NOR3X8LVT             1     8.892      1.743    slow_vdd1v0 
OAI21X4LVT            5    23.940      4.850    slow_vdd1v0 
OAI22X4LVT            1     6.498      1.000    slow_vdd1v0 
OAI2BB1X2LVT          1     3.078      0.479    slow_vdd1v0 
OAI2BB2X4LVT          4    34.200      4.984    slow_vdd1v0 
OR2X1                 1     1.368      0.035    slow_vdd1v0 
OR2X1LVT              1     1.368      0.215    slow_vdd1v0 
OR2X6LVT              3    11.286      3.436    slow_vdd1v0 
XNOR2X1LVT            1     2.394      0.380    slow_vdd1v0 
------------------------------------------------------------
total               365  1719.576    252.090                


                                           Leakage  Leakage 
     Type      Instances   Area   Area % Power (nW) Power % 
------------------------------------------------------------
sequential            80  525.312   30.5     66.735    26.5 
inverter              85  120.384    7.0     29.828    11.8 
buffer                11   26.676    1.6      8.613     3.4 
logic                189 1047.204   60.9    146.914    58.3 
physical_cells         0    0.000    0.0      0.000     0.0 
------------------------------------------------------------
total                365 1719.576  100.0    252.090   100.0 

