============================================================
  Generated by:           Genus(TM) Synthesis Solution 23.10-p004_1
  Generated on:           Oct 08 2026  09:20:53 pm
  Module:                 fir_serial
  Technology libraries:   slow_vdd1v0 1.0
                          physical_cells 
                          slow_vdd1v0 1.0
                          physical_cells 
  Operating conditions:   PVT_0P9V_125C 
  Interconnect mode:      global
  Area mode:              physical library
============================================================

                                     Leakage  
     Gate      Instances    Area   Power (nW)     Library    
-------------------------------------------------------------
ADDFHX1LVT            25   188.100     16.785    slow_vdd1v0 
ADDFHX2LVT            24   196.992     22.817    slow_vdd1v0 
ADDFHX4LVT             2    19.152      3.431    slow_vdd1v0 
ADDFX1LVT             18    92.340      9.444    slow_vdd1v0 
ADDHX1LVT              1     3.762      0.572    slow_vdd1v0 
AND2X2LVT              1     1.710      0.343    slow_vdd1v0 
AND2X6LVT              2     7.524      2.535    slow_vdd1v0 
AO21X1LVT              1     2.394      0.219    slow_vdd1v0 
AO21X2LVT              1     2.736      0.356    slow_vdd1v0 
AOI21X4LVT            10    51.300      8.543    slow_vdd1v0 
AOI2BB1X1LVT           1     2.052      0.228    slow_vdd1v0 
AOI2BB1X2LVT           1     3.078      0.462    slow_vdd1v0 
AOI2BB1X4LVT           3    12.312      2.845    slow_vdd1v0 
AOI31X4LVT             1     6.498      0.953    slow_vdd1v0 
BUFX12LVT              1     5.130      2.307    slow_vdd1v0 
BUFX2                  1     1.710      0.054    slow_vdd1v0 
BUFX2LVT              10    17.100      3.272    slow_vdd1v0 
BUFX3LVT               6    12.312      3.291    slow_vdd1v0 
BUFX4LVT               4     9.576      2.884    slow_vdd1v0 
BUFX6LVT              14    43.092     16.544    slow_vdd1v0 
CLKAND2X12LVT          3    22.572      8.021    slow_vdd1v0 
CLKAND2X2LVT           3     6.156      1.144    slow_vdd1v0 
CLKAND2X3LVT           2     6.156      1.270    slow_vdd1v0 
CLKAND2X6LVT          10    47.880     14.006    slow_vdd1v0 
CLKBUFX2LVT            2     3.420      0.658    slow_vdd1v0 
CLKBUFX6LVT            1     3.078      1.241    slow_vdd1v0 
CLKBUFX8LVT            1     3.762      1.559    slow_vdd1v0 
CLKINVX12LVT          12    49.248     22.783    slow_vdd1v0 
CLKINVX4               1     1.710      0.094    slow_vdd1v0 
CLKINVX4LVT           23    39.330     13.501    slow_vdd1v0 
CLKINVX6               1     2.394      0.145    slow_vdd1v0 
CLKINVX6LVT           55   131.670     50.295    slow_vdd1v0 
CLKINVX8LVT           16    49.248     19.821    slow_vdd1v0 
CLKMX2X3LVT            1     4.104      0.694    slow_vdd1v0 
CLKXOR2X1LVT           3     8.208      1.123    slow_vdd1v0 
DFFHQX1LVT            16    87.552     10.392    slow_vdd1v0 
DFFHQX4LVT            19   155.952     23.171    slow_vdd1v0 
DFFHQX8LVT             7    64.638     14.554    slow_vdd1v0 
DFFQX2LVT              4    25.992      2.737    slow_vdd1v0 
DFFX1LVT               2    14.364      1.397    slow_vdd1v0 
DFFX2LVT               5    41.040      5.057    slow_vdd1v0 
DFFX4LVT              27   249.318     49.350    slow_vdd1v0 
INVX1                  1     0.684      0.021    slow_vdd1v0 
INVX1LVT               9     6.156      1.119    slow_vdd1v0 
INVX2LVT              20    20.520      5.315    slow_vdd1v0 
INVX3                  2     2.736      0.135    slow_vdd1v0 
INVX3LVT              17    23.256      7.157    slow_vdd1v0 
INVXLLVT               1     0.684      0.063    slow_vdd1v0 
NAND2BX1LVT            1     1.368      0.252    slow_vdd1v0 
NAND2BX4LVT            2     7.524      1.526    slow_vdd1v0 
NAND2X1LVT             1     1.026      0.137    slow_vdd1v0 
NAND2X2LVT             8    13.680      2.423    slow_vdd1v0 
NAND2X4LVT            31   106.020     21.246    slow_vdd1v0 
NAND2X6LVT            31   148.428     35.014    slow_vdd1v0 
NAND2X8LVT            38   207.936     62.600    slow_vdd1v0 
NAND3BX4LVT            1     5.130      0.912    slow_vdd1v0 
NAND3X4LVT             2     9.576      1.423    slow_vdd1v0 
NAND3X6LVT             6    43.092      9.470    slow_vdd1v0 
NAND3X8LVT             1     8.208      1.220    slow_vdd1v0 
NOR2BX1LVT             1     1.368      0.238    slow_vdd1v0 
NOR2BX2LVT             3     8.208      1.242    slow_vdd1v0 
NOR2BX4LVT             2     7.524      1.399    slow_vdd1v0 
NOR2X1LVT              1     1.026      0.185    slow_vdd1v0 
NOR2X2LVT              7    11.970      2.312    slow_vdd1v0 
NOR2X4LVT             42   129.276     29.421    slow_vdd1v0 
NOR2X6LVT             39   160.056     44.016    slow_vdd1v0 
NOR2X8LVT             46   251.712     71.022    slow_vdd1v0 
NOR3BX4LVT             2    11.628      1.382    slow_vdd1v0 
NOR3X2LVT              4    10.944      1.027    slow_vdd1v0 
NOR3X4LVT              6    30.780      3.806    slow_vdd1v0 
NOR3X6LVT              5    35.910      5.976    slow_vdd1v0 
NOR3X8LVT              5    44.460      8.825    slow_vdd1v0 
NOR4X8LVT              1    10.602      1.324    slow_vdd1v0 
OA21X1LVT              1     2.052      0.216    slow_vdd1v0 
OAI21X2LVT             3     9.234      1.255    slow_vdd1v0 
OAI21X4LVT            30   143.640     27.090    slow_vdd1v0 
OAI22X2LVT             2     6.840      0.907    slow_vdd1v0 
OAI22X4LVT             4    25.992      3.996    slow_vdd1v0 
OAI2BB1X4LVT           5    22.230      4.866    slow_vdd1v0 
OAI2BB2X4LVT           2    17.100      2.491    slow_vdd1v0 
OAI32X4LVT             1     8.208      1.117    slow_vdd1v0 
OR2X1LVT               1     1.368      0.192    slow_vdd1v0 
OR2X4LVT               4    10.944      2.855    slow_vdd1v0 
OR2X6LVT               8    30.096      9.667    slow_vdd1v0 
XNOR2X1LVT             3     7.182      1.125    slow_vdd1v0 
XNOR3X1LVT             4    30.096      4.329    slow_vdd1v0 
XOR3X1LVT              8    60.192      8.627    slow_vdd1v0 
-------------------------------------------------------------
total                753  3393.324    731.837                


                                           Leakage  Leakage 
     Type      Instances   Area   Area % Power (nW) Power % 
------------------------------------------------------------
sequential            80  638.856   18.8    106.658    14.6 
inverter             158  327.636    9.7    120.449    16.5 
buffer                40   99.180    2.9     31.809     4.3 
logic                475 2327.652   68.6    472.922    64.6 
physical_cells         0    0.000    0.0      0.000     0.0 
------------------------------------------------------------
total                753 3393.324  100.0    731.837   100.0 

