============================================================
  Generated by:           Genus(TM) Synthesis Solution 23.10-p004_1
  Generated on:           Sep 30 2026  11:15:24 pm
  Module:                 practico_3
  Operating conditions:   PVT_0P9V_125C 
  Interconnect mode:      global
  Area mode:              physical library
============================================================


Path 1: MET (486 ps) Clock Gating Setup Check at pin u_mux/g20/in_1
          Group: ck
     Startpoint: (R) u_div2_r_div_reg/clk
          Clock: (R) ck
       Endpoint: (R) u_mux/g20/in_1
          Clock: (F) ck

                     Capture       Launch     
        Clock Edge:+     750            0     
       Src Latency:+       0            0     
       Net Latency:+       0 (I)        0 (I) 
           Arrival:=     750            0     
                                              
  Gate Check Setup:-       0                  
     Required Time:=     750                  
      Launch Clock:-       0                  
         Data Path:-     264                  
             Slack:=     486                  

Exceptions/Constraints:
  output_delay              0              clk_gating_check_15 

#-----------------------------------------------------------------------------------------------------
#    Timing Point      Flags    Arc    Edge      Cell        Fanout Load Trans Delay Arrival Instance 
#                                                                   (fF)  (ps)  (ps)   (ps)  Location 
#-----------------------------------------------------------------------------------------------------
  u_div2_r_div_reg/clk -       -       R     (arrival)            4    -     0     0       0    (-,-) 
  u_div2_r_div_reg/q   (u)     clk->q  F     unmapped_d_flop      4  2.0     0   212     212    (-,-) 
  u_mux/g25/z          (u)     in_0->z R     unmapped_nand2       1  0.5     0    52     264    (-,-) 
  u_mux/g20/in_1       (b)     -       R     unmapped_nand2       -    -     -     0     264    (-,-) 
#-----------------------------------------------------------------------------------------------------

(u) : Net has unmapped pin(s).
(b) : Timing paths are broken.



Path 2: MET (491 ps) Clock Gating Setup Check at pin u_mux/g21/in_0
          Group: ck
     Startpoint: (R) u_div4_r_count_reg[1]/clk
          Clock: (R) ck
       Endpoint: (R) u_mux/g21/in_0
          Clock: (F) ck

                     Capture       Launch     
        Clock Edge:+     750            0     
       Src Latency:+       0            0     
       Net Latency:+       0 (I)        0 (I) 
           Arrival:=     750            0     
                                              
  Gate Check Setup:-       0                  
     Required Time:=     750                  
      Launch Clock:-       0                  
         Data Path:-     259                  
             Slack:=     491                  

Exceptions/Constraints:
  output_delay              0              clk_gating_check_14 

#------------------------------------------------------------------------------------------------------------
#       Timing Point        Flags    Arc    Edge       Cell         Fanout Load Trans Delay Arrival Instance 
#                                                                          (fF)  (ps)  (ps)   (ps)  Location 
#------------------------------------------------------------------------------------------------------------
  u_div4_r_count_reg[1]/clk -       -       R     (arrival)              4    -     0     0       0    (-,-) 
  u_div4_r_count_reg[1]/q   (u)     clk->q  F     unmapped_d_flop        3  1.5     0   207     207    (-,-) 
  u_mux/g23/z               (u)     in_1->z R     unmapped_complex2      1  0.5     0    52     259    (-,-) 
  u_mux/g21/in_0            (b)     -       R     unmapped_nand2         -    -     -     0     259    (-,-) 
#------------------------------------------------------------------------------------------------------------

(u) : Net has unmapped pin(s).
(b) : Timing paths are broken.



Path 3: MET (1114 ps) Setup Check with Pin u_div4_r_count_reg[1]/clk->d
          Group: ck
     Startpoint: (R) u_div2_r_div_reg/clk
          Clock: (R) ck
       Endpoint: (R) u_div4_r_count_reg[1]/d
          Clock: (R) ck

                     Capture       Launch     
        Clock Edge:+    1500            0     
       Src Latency:+       0            0     
       Net Latency:+       0 (I)        0 (I) 
           Arrival:=    1500            0     
                                              
             Setup:-      69                  
     Required Time:=    1431                  
      Launch Clock:-       0                  
         Data Path:-     316                  
             Slack:=    1114                  

#----------------------------------------------------------------------------------------------------------
#      Timing Point       Flags    Arc    Edge       Cell         Fanout Load Trans Delay Arrival Instance 
#                                                                        (fF)  (ps)  (ps)   (ps)  Location 
#----------------------------------------------------------------------------------------------------------
  u_div2_r_div_reg/clk    -       -       R     (arrival)              4    -     0     0       0    (-,-) 
  u_div2_r_div_reg/q      (u)     clk->q  R     unmapped_d_flop        4  2.0     0   212     212    (-,-) 
  g11/z                   (u)     in_0->z F     unmapped_complex2      1  0.5     0    52     264    (-,-) 
  g12/z                   (u)     in_1->z R     unmapped_nand2         1  0.5     0    52     316    (-,-) 
  u_div4_r_count_reg[1]/d -       -       R     unmapped_d_flop        1    -     -     0     316    (-,-) 
#----------------------------------------------------------------------------------------------------------

(u) : Net has unmapped pin(s).



Path 4: MET (1188 ps) Setup Check with Pin u_div2_r_div_reg/clk->d
          Group: ck
     Startpoint: (R) u_div2_r_div_reg/clk
          Clock: (R) ck
       Endpoint: (R) u_div2_r_div_reg/d
          Clock: (R) ck

                     Capture       Launch     
        Clock Edge:+    1500            0     
       Src Latency:+       0            0     
       Net Latency:+       0 (I)        0 (I) 
           Arrival:=    1500            0     
                                              
             Setup:-      69                  
     Required Time:=    1431                  
      Launch Clock:-       0                  
         Data Path:-     242                  
             Slack:=    1188                  

#-----------------------------------------------------------------------------------------------------
#    Timing Point      Flags    Arc    Edge      Cell        Fanout Load Trans Delay Arrival Instance 
#                                                                   (fF)  (ps)  (ps)   (ps)  Location 
#-----------------------------------------------------------------------------------------------------
  u_div2_r_div_reg/clk -       -       R     (arrival)            4    -     0     0       0    (-,-) 
  u_div2_r_div_reg/q   (u)     clk->q  F     unmapped_d_flop      4  2.0     0   212     212    (-,-) 
  u_div2_g1/z          (u)     in_0->z R     unmapped_not         1  0.5     0    31     242    (-,-) 
  u_div2_r_div_reg/d   -       -       R     unmapped_d_flop      1    -     -     0     242    (-,-) 
#-----------------------------------------------------------------------------------------------------

(u) : Net has unmapped pin(s).



Path 5: MET (1234 ps) Setup Check with Pin r_ff2_reg/clk->d
          Group: ck_mux_direct
     Startpoint: (R) r_ff1_reg/clk
          Clock: (R) ck_mux_direct
       Endpoint: (R) r_ff2_reg/d
          Clock: (R) ck_mux_direct

                     Capture       Launch     
        Clock Edge:+    1500            0     
       Src Latency:+       0            0     
       Net Latency:+       0 (I)        0 (I) 
           Arrival:=    1500            0     
                                              
             Setup:-      69                  
     Required Time:=    1431                  
      Launch Clock:-       0                  
         Data Path:-     196                  
             Slack:=    1234                  

#----------------------------------------------------------------------------------------------
# Timing Point   Flags    Arc   Edge      Cell        Fanout Load Trans Delay Arrival Instance 
#                                                            (fF)  (ps)  (ps)   (ps)  Location 
#----------------------------------------------------------------------------------------------
  r_ff1_reg/clk  -       -      R     (arrival)            2    -     0     0       0    (-,-) 
  r_ff1_reg/q    (u)     clk->q R     unmapped_d_flop      1  0.5     0   196     196    (-,-) 
  r_ff2_reg/d    -       -      R     unmapped_d_flop      1    -     -     0     196    (-,-) 
#----------------------------------------------------------------------------------------------

(u) : Net has unmapped pin(s).

Some unconstrained paths have not been displayed.
Use -unconstrained or set the root attribute 'timing_report_unconstrained' to 'true' to see only these unconstrained paths.

