============================================================
  Generated by:           Genus(TM) Synthesis Solution 23.10-p004_1
  Generated on:           Sep 30 2026  11:15:28 pm
  Module:                 practico_3
  Technology libraries:   slow_vdd1v0 1.0
                          physical_cells 
  Operating conditions:   PVT_0P9V_125C 
  Interconnect mode:      global
  Area mode:              physical library
============================================================

Timing
--------

    Clock     Period 
---------------------
ck            1500.0 
ck_mux_direct 1500.0 


     Cost       Critical         Violating 
    Group      Path Slack  TNS     Paths   
-------------------------------------------
ck                 1090.0   0.0          0 
ck_mux_direct      1288.1   0.0          0 
default          No paths   0.0            
-------------------------------------------
Total                       0.0          0 

Instance Count
--------------
Leaf Instance Count             12 
Physical Instance count          0 
Sequential Instance Count        4 
Combinational Instance Count     8 
Hierarchical Instance Count      1 

Area
----
Cell Area                          34.884
Physical Cell Area                 0.000
Total Cell Area (Cell+Physical)    34.884
Net Area                           12.905
Total Area (Cell+Physical+Net)     47.789

Runtime                            0.0 seconds
Elapsed Runtime                    37 seconds
Genus peak memory usage            1911.58 
Innovus peak memory usage          no_value 
Hostname                           fiubarh01
