============================================================
  Generated by:           Genus(TM) Synthesis Solution 23.10-p004_1
  Generated on:           Sep 30 2026  11:15:18 pm
  Module:                 practico_3
  Technology libraries:   slow_vdd1v0 1.0
                          physical_cells 
  Operating conditions:   PVT_0P9V_125C 
  Interconnect mode:      global
  Area mode:              physical library
============================================================


 Clock Description
 ----------------- 

 Clock                           Clock    Source     No of   
 Name    Period  Rise   Fall     Domain  Pin/Port  Registers 
-------------------------------------------------------------
 ck      1500.0   0.0   750.0   domain_1   i_ck            3 

 Clock Network Latency / Setup Uncertainty
 ----------------------------------------- 

        Network   Network   Source   Source     Setup        Setup    
Clock   Latency   Latency  Latency  Latency  Uncertainty  Uncertainty 
 Name    Rise      Fall      Rise     Fall       Rise         Fall    
----------------------------------------------------------------------
ck          0.0       0.0      0.0      0.0          0.0          0.0 

 Clock Relationship (with uncertainty & latency)
 ----------------------------------------------- 

  From   To    R->R     R->F    F->R    F->F  
----------------------------------------------
  ck     ck   1500.0   750.0   750.0   1500.0 
