Command: report datapath reports_Oct08-21:32:42/generic/fir_serial_datapath.rpt
Warning: '-sort' is not specified. By default, 'report datapath' orders the components based on instance name
============================================================
  Generated by:           Genus(TM) Synthesis Solution 23.10-p004_1
  Generated on:           Oct 08 2026  09:33:02 pm
  Module:                 fir_serial
  Technology libraries:   slow_vdd1v0 1.0
                          physical_cells 
                          slow_vdd1v0 1.0
                          physical_cells 
  Operating conditions:   PVT_0P9V_125C 
  Interconnect mode:      global
  Area mode:              physical library
============================================================


Inferred components

                  Operator   Signedness Architecture   Inputs   Outputs CellArea LogicLevels 
=============================================================================================
fir_serial
csa_tree_ADD_TC_OP_13_groupi module:csa_tree_ADD_TC_OP_13_group_2
 equation: assign out_0 = (((((((($signed(in_6) * 4'sb1001) + ($signed(in_7) * 5'sb10010)) + ($signed(in_5) * 6'sb010100)) + ($signed(in_4) * 7'sb0111000)) + ($signed(in_3) * 7'sb0111000)) + ($signed(in_2) * 6'sb010100)) + ($signed(in_1) * 5'sb10010)) + ($signed(in_0) * 4'sb1001));
               csa_and_adder            very_fast    8x8x8x8x8x 17       3063.32          28 
                                                     8x8x8                                   

  Related RTL operators:
  add_64_27_I6       +       signed     very_fast    18x13      19                        11 
=============================================================================================

      Type       CellArea Percentage 
-------------------------------------
datapath modules  3063.32      80.38 
external muxes       0.00       0.00 
others             747.81      19.62 
-------------------------------------
total             3811.13     100.00 

