

Working Directory = /home/mmarando/dcid1-tps/practico_4/fir_serial_parallel/synth
QoS Summary for fir_serial_parallel
==========================================================================================
Metric                          generic         map             syn_opt         final          
==========================================================================================
Slack (ps):                       202              37              12              12
  R2R (ps):                       323              37              12              12
  I2R (ps):                       268              79              81              81
  R2O (ps):                       222             216             216             216
  I2O (ps):                  no_value        no_value        no_value        no_value
  CG  (ps):                       202             118              45              45
TNS (ps):                           0               0               0               0
  R2R (ps):                         0               0               0               0
  I2R (ps):                         0               0               0               0
  R2O (ps):                         0               0               0               0
  I2O (ps):                  no_value        no_value        no_value        no_value
  CG  (ps):                         0               0               0               0
Failing Paths:                      0               0               0               0
Cell Area:                         32           4,276           4,065           4,065
Total Cell Area:                   32           4,276           4,065           4,065
Leaf Instances:                 4,909           1,201           1,003           1,003
Total Instances:                4,909           1,201           1,003           1,003
Utilization (%):                 0.00            0.00            0.00            0.00
Tot. Net Length (um):        no_value        no_value        no_value        no_value
Avg. Net Length (um):        no_value        no_value        no_value        no_value
Route Overflow H (%):        no_value        no_value        no_value        no_value
Route Overflow V (%):        no_value        no_value        no_value        no_value
MBCI(%) (bits/gate) :            0.00            0.00            0.00            0.00
Norm Cong Hotspot Area:
  Max Cong:                  no_value        no_value        no_value        no_value
  Tot Cong:                  no_value        no_value        no_value        no_value
==========================================================================================
CPU  Runtime (h:m:s):        00:01:16        00:00:58        00:00:07        00:00:00
Real Runtime (h:m:s):        00:01:08        00:00:33        00:00:07        00:00:01
CPU  Elapsed (h:m:s):        00:01:19        00:02:16        00:02:23        00:02:23
Real Elapsed (h:m:s):        00:01:08        00:01:41        00:01:48        00:01:49
Memory (MB):                  2060.19         2049.39         2063.21         2071.21
==========================================================================================
==========================================================================================
Flow Settings:
==========================================================================================
Total Runtime (h:m:s): 00:01:50
Total Memory (MB):     2071.21
Executable Version:    23.10-p004_1
==========================================================================================
Total Cell Area =  Cell Area + Physical Cell Area
Total Instances =  Leaf Instances + Physical Instances


