============================================================
  Generated by:           Genus(TM) Synthesis Solution 23.10-p004_1
  Generated on:           Oct 08 2026  10:18:56 pm
  Module:                 fir_serial_parallel
  Operating conditions:   PVT_0P9V_125C 
  Interconnect mode:      global
  Area mode:              physical library
============================================================


Path 1: MET (12 ps) Setup Check with Pin out_sr_reg[1][14]/CK->D
          Group: clock
     Startpoint: (R) cnt_reg[1]/CK
          Clock: (R) clock
       Endpoint: (R) out_sr_reg[1][14]/D
          Clock: (R) clock

                     Capture       Launch     
        Clock Edge:+     900            0     
       Src Latency:+       0            0     
       Net Latency:+       0 (I)        0 (I) 
           Arrival:=     900            0     
                                              
             Setup:-     126                  
     Required Time:=     774                  
      Launch Clock:-       0                  
         Data Path:-     761                  
             Slack:=      12                  

#---------------------------------------------------------------------------------------------
#    Timing Point     Flags   Arc   Edge    Cell     Fanout Load Trans Delay Arrival Instance 
#                                                           (fF)  (ps)  (ps)   (ps)  Location 
#---------------------------------------------------------------------------------------------
  cnt_reg[1]/CK       -       -     R     (arrival)      55    -     0     0       0    (-,-) 
  cnt_reg[1]/Q        -       CK->Q R     DFFHQX1LVT      4  9.1   136   177     177    (-,-) 
  g1873__4733/Y       -       A->Y  R     AND2X6LVT      25 50.4   139   196     373    (-,-) 
  g1764__5477/Y       -       S0->Y F     MX2X1           1  3.2    98   234     607    (-,-) 
  g1748__5122/Y       -       B->Y  R     NOR2X1          1  3.2   173   154     761    (-,-) 
  out_sr_reg[1][14]/D -       -     R     DFFHQX1LVT      1    -     -     0     761    (-,-) 
#---------------------------------------------------------------------------------------------



Path 2: MET (12 ps) Setup Check with Pin out_sr_reg[1][13]/CK->D
          Group: clock
     Startpoint: (R) cnt_reg[1]/CK
          Clock: (R) clock
       Endpoint: (R) out_sr_reg[1][13]/D
          Clock: (R) clock

                     Capture       Launch     
        Clock Edge:+     900            0     
       Src Latency:+       0            0     
       Net Latency:+       0 (I)        0 (I) 
           Arrival:=     900            0     
                                              
             Setup:-     126                  
     Required Time:=     774                  
      Launch Clock:-       0                  
         Data Path:-     761                  
             Slack:=      12                  

#---------------------------------------------------------------------------------------------
#    Timing Point     Flags   Arc   Edge    Cell     Fanout Load Trans Delay Arrival Instance 
#                                                           (fF)  (ps)  (ps)   (ps)  Location 
#---------------------------------------------------------------------------------------------
  cnt_reg[1]/CK       -       -     R     (arrival)      55    -     0     0       0    (-,-) 
  cnt_reg[1]/Q        -       CK->Q R     DFFHQX1LVT      4  9.1   136   177     177    (-,-) 
  g1873__4733/Y       -       A->Y  R     AND2X6LVT      25 50.4   139   196     373    (-,-) 
  g1763__6417/Y       -       S0->Y F     MX2X1           1  3.2    98   234     607    (-,-) 
  g1747__1705/Y       -       B->Y  R     NOR2X1          1  3.2   173   154     761    (-,-) 
  out_sr_reg[1][13]/D -       -     R     DFFHQX1LVT      1    -     -     0     761    (-,-) 
#---------------------------------------------------------------------------------------------



Path 3: MET (17 ps) Setup Check with Pin out_sr_reg[0][4]/CK->D
          Group: clock
     Startpoint: (R) cnt_reg[1]/CK
          Clock: (R) clock
       Endpoint: (R) out_sr_reg[0][4]/D
          Clock: (R) clock

                     Capture       Launch     
        Clock Edge:+     900            0     
       Src Latency:+       0            0     
       Net Latency:+       0 (I)        0 (I) 
           Arrival:=     900            0     
                                              
             Setup:-     108                  
     Required Time:=     792                  
      Launch Clock:-       0                  
         Data Path:-     775                  
             Slack:=      17                  

#---------------------------------------------------------------------------------------------
#   Timing Point     Flags   Arc   Edge    Cell      Fanout Load Trans Delay Arrival Instance 
#                                                           (fF)  (ps)  (ps)   (ps)  Location 
#---------------------------------------------------------------------------------------------
  cnt_reg[1]/CK      -       -     R     (arrival)       55    -     0     0       0    (-,-) 
  cnt_reg[1]/Q       -       CK->Q R     DFFHQX1LVT       4  9.1   136   177     177    (-,-) 
  g1873__4733/Y      -       A->Y  R     AND2X6LVT       25 50.4   139   196     373    (-,-) 
  g1857/Y            -       A->Y  F     CLKINVX8LVT     25 52.0   143   117     490    (-,-) 
  g1597__1666/Y      -       S0->Y F     MXI2X1LVT        1  3.3   156   150     640    (-,-) 
  g1393__6417/Y      -       B->Y  R     NOR2X1LVT        1  3.2   124   135     775    (-,-) 
  out_sr_reg[0][4]/D -       -     R     DFFHQX1LVT       1    -     -     0     775    (-,-) 
#---------------------------------------------------------------------------------------------



Path 4: MET (17 ps) Setup Check with Pin out_sr_reg[0][3]/CK->D
          Group: clock
     Startpoint: (R) cnt_reg[1]/CK
          Clock: (R) clock
       Endpoint: (R) out_sr_reg[0][3]/D
          Clock: (R) clock

                     Capture       Launch     
        Clock Edge:+     900            0     
       Src Latency:+       0            0     
       Net Latency:+       0 (I)        0 (I) 
           Arrival:=     900            0     
                                              
             Setup:-     108                  
     Required Time:=     792                  
      Launch Clock:-       0                  
         Data Path:-     775                  
             Slack:=      17                  

#---------------------------------------------------------------------------------------------
#   Timing Point     Flags   Arc   Edge    Cell      Fanout Load Trans Delay Arrival Instance 
#                                                           (fF)  (ps)  (ps)   (ps)  Location 
#---------------------------------------------------------------------------------------------
  cnt_reg[1]/CK      -       -     R     (arrival)       55    -     0     0       0    (-,-) 
  cnt_reg[1]/Q       -       CK->Q R     DFFHQX1LVT       4  9.1   136   177     177    (-,-) 
  g1873__4733/Y      -       A->Y  R     AND2X6LVT       25 50.4   139   196     373    (-,-) 
  g1857/Y            -       A->Y  F     CLKINVX8LVT     25 52.0   143   117     490    (-,-) 
  g2__2346/Y         -       S0->Y F     MXI2X1LVT        1  3.3   156   150     640    (-,-) 
  g1391__1666/Y      -       B->Y  R     NOR2X1LVT        1  3.2   124   135     775    (-,-) 
  out_sr_reg[0][3]/D -       -     R     DFFHQX1LVT       1    -     -     0     775    (-,-) 
#---------------------------------------------------------------------------------------------



Path 5: MET (17 ps) Setup Check with Pin out_sr_reg[0][2]/CK->D
          Group: clock
     Startpoint: (R) cnt_reg[1]/CK
          Clock: (R) clock
       Endpoint: (R) out_sr_reg[0][2]/D
          Clock: (R) clock

                     Capture       Launch     
        Clock Edge:+     900            0     
       Src Latency:+       0            0     
       Net Latency:+       0 (I)        0 (I) 
           Arrival:=     900            0     
                                              
             Setup:-     108                  
     Required Time:=     792                  
      Launch Clock:-       0                  
         Data Path:-     775                  
             Slack:=      17                  

#---------------------------------------------------------------------------------------------
#   Timing Point     Flags   Arc   Edge    Cell      Fanout Load Trans Delay Arrival Instance 
#                                                           (fF)  (ps)  (ps)   (ps)  Location 
#---------------------------------------------------------------------------------------------
  cnt_reg[1]/CK      -       -     R     (arrival)       55    -     0     0       0    (-,-) 
  cnt_reg[1]/Q       -       CK->Q R     DFFHQX1LVT       4  9.1   136   177     177    (-,-) 
  g1873__4733/Y      -       A->Y  R     AND2X6LVT       25 50.4   139   196     373    (-,-) 
  g1857/Y            -       A->Y  F     CLKINVX8LVT     25 52.0   143   117     490    (-,-) 
  g1459__5122/Y      -       S0->Y F     MXI2X1LVT        1  3.3   156   150     640    (-,-) 
  g1390__2346/Y      -       B->Y  R     NOR2X1LVT        1  3.2   124   135     775    (-,-) 
  out_sr_reg[0][2]/D -       -     R     DFFHQX1LVT       1    -     -     0     775    (-,-) 
#---------------------------------------------------------------------------------------------



Path 6: MET (17 ps) Setup Check with Pin out_sr_reg[0][1]/CK->D
          Group: clock
     Startpoint: (R) cnt_reg[1]/CK
          Clock: (R) clock
       Endpoint: (R) out_sr_reg[0][1]/D
          Clock: (R) clock

                     Capture       Launch     
        Clock Edge:+     900            0     
       Src Latency:+       0            0     
       Net Latency:+       0 (I)        0 (I) 
           Arrival:=     900            0     
                                              
             Setup:-     108                  
     Required Time:=     792                  
      Launch Clock:-       0                  
         Data Path:-     775                  
             Slack:=      17                  

#---------------------------------------------------------------------------------------------
#   Timing Point     Flags   Arc   Edge    Cell      Fanout Load Trans Delay Arrival Instance 
#                                                           (fF)  (ps)  (ps)   (ps)  Location 
#---------------------------------------------------------------------------------------------
  cnt_reg[1]/CK      -       -     R     (arrival)       55    -     0     0       0    (-,-) 
  cnt_reg[1]/Q       -       CK->Q R     DFFHQX1LVT       4  9.1   136   177     177    (-,-) 
  g1873__4733/Y      -       A->Y  R     AND2X6LVT       25 50.4   139   196     373    (-,-) 
  g1857/Y            -       A->Y  F     CLKINVX8LVT     25 52.0   143   117     490    (-,-) 
  g1458__1705/Y      -       S0->Y F     MXI2X1LVT        1  3.3   156   150     640    (-,-) 
  g1389__2883/Y      -       B->Y  R     NOR2X1LVT        1  3.2   124   135     775    (-,-) 
  out_sr_reg[0][1]/D -       -     R     DFFHQX1LVT       1    -     -     0     775    (-,-) 
#---------------------------------------------------------------------------------------------



Path 7: MET (17 ps) Setup Check with Pin out_sr_reg[0][0]/CK->D
          Group: clock
     Startpoint: (R) cnt_reg[1]/CK
          Clock: (R) clock
       Endpoint: (R) out_sr_reg[0][0]/D
          Clock: (R) clock

                     Capture       Launch     
        Clock Edge:+     900            0     
       Src Latency:+       0            0     
       Net Latency:+       0 (I)        0 (I) 
           Arrival:=     900            0     
                                              
             Setup:-     108                  
     Required Time:=     792                  
      Launch Clock:-       0                  
         Data Path:-     775                  
             Slack:=      17                  

#---------------------------------------------------------------------------------------------
#   Timing Point     Flags   Arc   Edge    Cell      Fanout Load Trans Delay Arrival Instance 
#                                                           (fF)  (ps)  (ps)   (ps)  Location 
#---------------------------------------------------------------------------------------------
  cnt_reg[1]/CK      -       -     R     (arrival)       55    -     0     0       0    (-,-) 
  cnt_reg[1]/Q       -       CK->Q R     DFFHQX1LVT       4  9.1   136   177     177    (-,-) 
  g1873__4733/Y      -       A->Y  R     AND2X6LVT       25 50.4   139   196     373    (-,-) 
  g1857/Y            -       A->Y  F     CLKINVX8LVT     25 52.0   143   117     490    (-,-) 
  g1457__2802/Y      -       S0->Y F     MXI2X1LVT        1  3.3   156   150     640    (-,-) 
  g1392__7410/Y      -       B->Y  R     NOR2X1LVT        1  3.2   124   135     775    (-,-) 
  out_sr_reg[0][0]/D -       -     R     DFFHQX1LVT       1    -     -     0     775    (-,-) 
#---------------------------------------------------------------------------------------------



Path 8: MET (17 ps) Setup Check with Pin out_sr_reg[2][3]/CK->D
          Group: clock
     Startpoint: (R) cnt_reg[1]/CK
          Clock: (R) clock
       Endpoint: (R) out_sr_reg[2][3]/D
          Clock: (R) clock

                     Capture       Launch     
        Clock Edge:+     900            0     
       Src Latency:+       0            0     
       Net Latency:+       0 (I)        0 (I) 
           Arrival:=     900            0     
                                              
             Setup:-     108                  
     Required Time:=     792                  
      Launch Clock:-       0                  
         Data Path:-     775                  
             Slack:=      17                  

#---------------------------------------------------------------------------------------------
#   Timing Point     Flags   Arc   Edge    Cell      Fanout Load Trans Delay Arrival Instance 
#                                                           (fF)  (ps)  (ps)   (ps)  Location 
#---------------------------------------------------------------------------------------------
  cnt_reg[1]/CK      -       -     R     (arrival)       55    -     0     0       0    (-,-) 
  cnt_reg[1]/Q       -       CK->Q R     DFFHQX1LVT       4  9.1   136   177     177    (-,-) 
  g1873__4733/Y      -       A->Y  R     AND2X6LVT       25 50.4   139   196     373    (-,-) 
  g1857/Y            -       A->Y  F     CLKINVX8LVT     25 52.0   143   117     490    (-,-) 
  g1807__6417/Y      -       S0->Y F     MXI2X1LVT        1  3.3   156   150     640    (-,-) 
  g1791__1705/Y      -       B->Y  R     NOR2X1LVT        1  3.2   124   135     775    (-,-) 
  out_sr_reg[2][3]/D -       -     R     DFFHQX1LVT       1    -     -     0     775    (-,-) 
#---------------------------------------------------------------------------------------------



Path 9: MET (17 ps) Setup Check with Pin out_sr_reg[2][2]/CK->D
          Group: clock
     Startpoint: (R) cnt_reg[1]/CK
          Clock: (R) clock
       Endpoint: (R) out_sr_reg[2][2]/D
          Clock: (R) clock

                     Capture       Launch     
        Clock Edge:+     900            0     
       Src Latency:+       0            0     
       Net Latency:+       0 (I)        0 (I) 
           Arrival:=     900            0     
                                              
             Setup:-     108                  
     Required Time:=     792                  
      Launch Clock:-       0                  
         Data Path:-     775                  
             Slack:=      17                  

#---------------------------------------------------------------------------------------------
#   Timing Point     Flags   Arc   Edge    Cell      Fanout Load Trans Delay Arrival Instance 
#                                                           (fF)  (ps)  (ps)   (ps)  Location 
#---------------------------------------------------------------------------------------------
  cnt_reg[1]/CK      -       -     R     (arrival)       55    -     0     0       0    (-,-) 
  cnt_reg[1]/Q       -       CK->Q R     DFFHQX1LVT       4  9.1   136   177     177    (-,-) 
  g1873__4733/Y      -       A->Y  R     AND2X6LVT       25 50.4   139   196     373    (-,-) 
  g1857/Y            -       A->Y  F     CLKINVX8LVT     25 52.0   143   117     490    (-,-) 
  g1806__7410/Y      -       S0->Y F     MXI2X1LVT        1  3.3   156   150     640    (-,-) 
  g1790__2802/Y      -       B->Y  R     NOR2X1LVT        1  3.2   124   135     775    (-,-) 
  out_sr_reg[2][2]/D -       -     R     DFFHQX1LVT       1    -     -     0     775    (-,-) 
#---------------------------------------------------------------------------------------------



Path 10: MET (17 ps) Setup Check with Pin out_sr_reg[2][1]/CK->D
          Group: clock
     Startpoint: (R) cnt_reg[1]/CK
          Clock: (R) clock
       Endpoint: (R) out_sr_reg[2][1]/D
          Clock: (R) clock

                     Capture       Launch     
        Clock Edge:+     900            0     
       Src Latency:+       0            0     
       Net Latency:+       0 (I)        0 (I) 
           Arrival:=     900            0     
                                              
             Setup:-     108                  
     Required Time:=     792                  
      Launch Clock:-       0                  
         Data Path:-     775                  
             Slack:=      17                  

#---------------------------------------------------------------------------------------------
#   Timing Point     Flags   Arc   Edge    Cell      Fanout Load Trans Delay Arrival Instance 
#                                                           (fF)  (ps)  (ps)   (ps)  Location 
#---------------------------------------------------------------------------------------------
  cnt_reg[1]/CK      -       -     R     (arrival)       55    -     0     0       0    (-,-) 
  cnt_reg[1]/Q       -       CK->Q R     DFFHQX1LVT       4  9.1   136   177     177    (-,-) 
  g1873__4733/Y      -       A->Y  R     AND2X6LVT       25 50.4   139   196     373    (-,-) 
  g1857/Y            -       A->Y  F     CLKINVX8LVT     25 52.0   143   117     490    (-,-) 
  g1801__9315/Y      -       S0->Y F     MXI2X1LVT        1  3.3   156   150     640    (-,-) 
  g1785__8428/Y      -       B->Y  R     NOR2X1LVT        1  3.2   124   135     775    (-,-) 
  out_sr_reg[2][1]/D -       -     R     DFFHQX1LVT       1    -     -     0     775    (-,-) 
#---------------------------------------------------------------------------------------------



Path 11: MET (17 ps) Setup Check with Pin out_sr_reg[2][0]/CK->D
          Group: clock
     Startpoint: (R) cnt_reg[1]/CK
          Clock: (R) clock
       Endpoint: (R) out_sr_reg[2][0]/D
          Clock: (R) clock

                     Capture       Launch     
        Clock Edge:+     900            0     
       Src Latency:+       0            0     
       Net Latency:+       0 (I)        0 (I) 
           Arrival:=     900            0     
                                              
             Setup:-     108                  
     Required Time:=     792                  
      Launch Clock:-       0                  
         Data Path:-     775                  
             Slack:=      17                  

#---------------------------------------------------------------------------------------------
#   Timing Point     Flags   Arc   Edge    Cell      Fanout Load Trans Delay Arrival Instance 
#                                                           (fF)  (ps)  (ps)   (ps)  Location 
#---------------------------------------------------------------------------------------------
  cnt_reg[1]/CK      -       -     R     (arrival)       55    -     0     0       0    (-,-) 
  cnt_reg[1]/Q       -       CK->Q R     DFFHQX1LVT       4  9.1   136   177     177    (-,-) 
  g1873__4733/Y      -       A->Y  R     AND2X6LVT       25 50.4   139   196     373    (-,-) 
  g1857/Y            -       A->Y  F     CLKINVX8LVT     25 52.0   143   117     490    (-,-) 
  g1804__2346/Y      -       S0->Y F     MXI2X1LVT        1  3.3   156   150     640    (-,-) 
  g1788__3680/Y      -       B->Y  R     NOR2X1LVT        1  3.2   124   135     775    (-,-) 
  out_sr_reg[2][0]/D -       -     R     DFFHQX1LVT       1    -     -     0     775    (-,-) 
#---------------------------------------------------------------------------------------------



Path 12: MET (17 ps) Setup Check with Pin out_sr_reg[1][3]/CK->D
          Group: clock
     Startpoint: (R) cnt_reg[1]/CK
          Clock: (R) clock
       Endpoint: (R) out_sr_reg[1][3]/D
          Clock: (R) clock

                     Capture       Launch     
        Clock Edge:+     900            0     
       Src Latency:+       0            0     
       Net Latency:+       0 (I)        0 (I) 
           Arrival:=     900            0     
                                              
             Setup:-     108                  
     Required Time:=     792                  
      Launch Clock:-       0                  
         Data Path:-     775                  
             Slack:=      17                  

#---------------------------------------------------------------------------------------------
#   Timing Point     Flags   Arc   Edge    Cell      Fanout Load Trans Delay Arrival Instance 
#                                                           (fF)  (ps)  (ps)   (ps)  Location 
#---------------------------------------------------------------------------------------------
  cnt_reg[1]/CK      -       -     R     (arrival)       55    -     0     0       0    (-,-) 
  cnt_reg[1]/Q       -       CK->Q R     DFFHQX1LVT       4  9.1   136   177     177    (-,-) 
  g1873__4733/Y      -       A->Y  R     AND2X6LVT       25 50.4   139   196     373    (-,-) 
  g1857/Y            -       A->Y  F     CLKINVX8LVT     25 52.0   143   117     490    (-,-) 
  g1757__9315/Y      -       S0->Y F     MXI2X1LVT        1  3.3   156   150     640    (-,-) 
  g1741__8428/Y      -       B->Y  R     NOR2X1LVT        1  3.2   124   135     775    (-,-) 
  out_sr_reg[1][3]/D -       -     R     DFFHQX1LVT       1    -     -     0     775    (-,-) 
#---------------------------------------------------------------------------------------------



Path 13: MET (17 ps) Setup Check with Pin out_sr_reg[1][2]/CK->D
          Group: clock
     Startpoint: (R) cnt_reg[1]/CK
          Clock: (R) clock
       Endpoint: (R) out_sr_reg[1][2]/D
          Clock: (R) clock

                     Capture       Launch     
        Clock Edge:+     900            0     
       Src Latency:+       0            0     
       Net Latency:+       0 (I)        0 (I) 
           Arrival:=     900            0     
                                              
             Setup:-     108                  
     Required Time:=     792                  
      Launch Clock:-       0                  
         Data Path:-     775                  
             Slack:=      17                  

#---------------------------------------------------------------------------------------------
#   Timing Point     Flags   Arc   Edge    Cell      Fanout Load Trans Delay Arrival Instance 
#                                                           (fF)  (ps)  (ps)   (ps)  Location 
#---------------------------------------------------------------------------------------------
  cnt_reg[1]/CK      -       -     R     (arrival)       55    -     0     0       0    (-,-) 
  cnt_reg[1]/Q       -       CK->Q R     DFFHQX1LVT       4  9.1   136   177     177    (-,-) 
  g1873__4733/Y      -       A->Y  R     AND2X6LVT       25 50.4   139   196     373    (-,-) 
  g1857/Y            -       A->Y  F     CLKINVX8LVT     25 52.0   143   117     490    (-,-) 
  g1768__4319/Y      -       S0->Y F     MXI2X1LVT        1  3.3   156   150     640    (-,-) 
  g1752__1881/Y      -       B->Y  R     NOR2X1LVT        1  3.2   124   135     775    (-,-) 
  out_sr_reg[1][2]/D -       -     R     DFFHQX1LVT       1    -     -     0     775    (-,-) 
#---------------------------------------------------------------------------------------------



Path 14: MET (17 ps) Setup Check with Pin out_sr_reg[1][1]/CK->D
          Group: clock
     Startpoint: (R) cnt_reg[1]/CK
          Clock: (R) clock
       Endpoint: (R) out_sr_reg[1][1]/D
          Clock: (R) clock

                     Capture       Launch     
        Clock Edge:+     900            0     
       Src Latency:+       0            0     
       Net Latency:+       0 (I)        0 (I) 
           Arrival:=     900            0     
                                              
             Setup:-     108                  
     Required Time:=     792                  
      Launch Clock:-       0                  
         Data Path:-     775                  
             Slack:=      17                  

#---------------------------------------------------------------------------------------------
#   Timing Point     Flags   Arc   Edge    Cell      Fanout Load Trans Delay Arrival Instance 
#                                                           (fF)  (ps)  (ps)   (ps)  Location 
#---------------------------------------------------------------------------------------------
  cnt_reg[1]/CK      -       -     R     (arrival)       55    -     0     0       0    (-,-) 
  cnt_reg[1]/Q       -       CK->Q R     DFFHQX1LVT       4  9.1   136   177     177    (-,-) 
  g1873__4733/Y      -       A->Y  R     AND2X6LVT       25 50.4   139   196     373    (-,-) 
  g1857/Y            -       A->Y  F     CLKINVX8LVT     25 52.0   143   117     490    (-,-) 
  g1767__6260/Y      -       S0->Y F     MXI2X1LVT        1  3.3   156   150     640    (-,-) 
  g1751__6131/Y      -       B->Y  R     NOR2X1LVT        1  3.2   124   135     775    (-,-) 
  out_sr_reg[1][1]/D -       -     R     DFFHQX1LVT       1    -     -     0     775    (-,-) 
#---------------------------------------------------------------------------------------------



Path 15: MET (17 ps) Setup Check with Pin out_sr_reg[1][0]/CK->D
          Group: clock
     Startpoint: (R) cnt_reg[1]/CK
          Clock: (R) clock
       Endpoint: (R) out_sr_reg[1][0]/D
          Clock: (R) clock

                     Capture       Launch     
        Clock Edge:+     900            0     
       Src Latency:+       0            0     
       Net Latency:+       0 (I)        0 (I) 
           Arrival:=     900            0     
                                              
             Setup:-     108                  
     Required Time:=     792                  
      Launch Clock:-       0                  
         Data Path:-     775                  
             Slack:=      17                  

#---------------------------------------------------------------------------------------------
#   Timing Point     Flags   Arc   Edge    Cell      Fanout Load Trans Delay Arrival Instance 
#                                                           (fF)  (ps)  (ps)   (ps)  Location 
#---------------------------------------------------------------------------------------------
  cnt_reg[1]/CK      -       -     R     (arrival)       55    -     0     0       0    (-,-) 
  cnt_reg[1]/Q       -       CK->Q R     DFFHQX1LVT       4  9.1   136   177     177    (-,-) 
  g1873__4733/Y      -       A->Y  R     AND2X6LVT       25 50.4   139   196     373    (-,-) 
  g1857/Y            -       A->Y  F     CLKINVX8LVT     25 52.0   143   117     490    (-,-) 
  g1766__5107/Y      -       S0->Y F     MXI2X1LVT        1  3.3   156   150     640    (-,-) 
  g1750__7098/Y      -       B->Y  R     NOR2X1LVT        1  3.2   124   135     775    (-,-) 
  out_sr_reg[1][0]/D -       -     R     DFFHQX1LVT       1    -     -     0     775    (-,-) 
#---------------------------------------------------------------------------------------------



Path 16: MET (18 ps) Setup Check with Pin out_sr_reg[0][15]/CK->D
          Group: clock
     Startpoint: (R) cnt_reg[1]/CK
          Clock: (R) clock
       Endpoint: (R) out_sr_reg[0][15]/D
          Clock: (R) clock

                     Capture       Launch     
        Clock Edge:+     900            0     
       Src Latency:+       0            0     
       Net Latency:+       0 (I)        0 (I) 
           Arrival:=     900            0     
                                              
             Setup:-     105                  
     Required Time:=     795                  
      Launch Clock:-       0                  
         Data Path:-     777                  
             Slack:=      18                  

#----------------------------------------------------------------------------------------------
#    Timing Point     Flags   Arc   Edge    Cell      Fanout Load Trans Delay Arrival Instance 
#                                                            (fF)  (ps)  (ps)   (ps)  Location 
#----------------------------------------------------------------------------------------------
  cnt_reg[1]/CK       -       -     R     (arrival)       55    -     0     0       0    (-,-) 
  cnt_reg[1]/Q        -       CK->Q R     DFFHQX1LVT       4  9.1   136   177     177    (-,-) 
  g1873__4733/Y       -       A->Y  R     AND2X6LVT       25 50.4   139   196     373    (-,-) 
  g1857/Y             -       A->Y  F     CLKINVX8LVT     25 52.0   143   117     490    (-,-) 
  g6062/Y             -       S0->Y F     MXI2X1LVT        1  3.3   156   150     640    (-,-) 
  g6061/Y             -       A->Y  R     NOR2X1LVT        1  3.2   116   137     777    (-,-) 
  out_sr_reg[0][15]/D -       -     R     DFFHQX1LVT       1    -     -     0     777    (-,-) 
#----------------------------------------------------------------------------------------------



Path 17: MET (18 ps) Setup Check with Pin out_sr_reg[0][14]/CK->D
          Group: clock
     Startpoint: (R) cnt_reg[1]/CK
          Clock: (R) clock
       Endpoint: (R) out_sr_reg[0][14]/D
          Clock: (R) clock

                     Capture       Launch     
        Clock Edge:+     900            0     
       Src Latency:+       0            0     
       Net Latency:+       0 (I)        0 (I) 
           Arrival:=     900            0     
                                              
             Setup:-     105                  
     Required Time:=     795                  
      Launch Clock:-       0                  
         Data Path:-     777                  
             Slack:=      18                  

#----------------------------------------------------------------------------------------------
#    Timing Point     Flags   Arc   Edge    Cell      Fanout Load Trans Delay Arrival Instance 
#                                                            (fF)  (ps)  (ps)   (ps)  Location 
#----------------------------------------------------------------------------------------------
  cnt_reg[1]/CK       -       -     R     (arrival)       55    -     0     0       0    (-,-) 
  cnt_reg[1]/Q        -       CK->Q R     DFFHQX1LVT       4  9.1   136   177     177    (-,-) 
  g1873__4733/Y       -       A->Y  R     AND2X6LVT       25 50.4   139   196     373    (-,-) 
  g1857/Y             -       A->Y  F     CLKINVX8LVT     25 52.0   143   117     490    (-,-) 
  g6060/Y             -       S0->Y F     MXI2X1LVT        1  3.3   156   150     640    (-,-) 
  g6059/Y             -       A->Y  R     NOR2X1LVT        1  3.2   116   137     777    (-,-) 
  out_sr_reg[0][14]/D -       -     R     DFFHQX1LVT       1    -     -     0     777    (-,-) 
#----------------------------------------------------------------------------------------------



Path 18: MET (18 ps) Setup Check with Pin out_sr_reg[0][13]/CK->D
          Group: clock
     Startpoint: (R) cnt_reg[1]/CK
          Clock: (R) clock
       Endpoint: (R) out_sr_reg[0][13]/D
          Clock: (R) clock

                     Capture       Launch     
        Clock Edge:+     900            0     
       Src Latency:+       0            0     
       Net Latency:+       0 (I)        0 (I) 
           Arrival:=     900            0     
                                              
             Setup:-     105                  
     Required Time:=     795                  
      Launch Clock:-       0                  
         Data Path:-     777                  
             Slack:=      18                  

#----------------------------------------------------------------------------------------------
#    Timing Point     Flags   Arc   Edge    Cell      Fanout Load Trans Delay Arrival Instance 
#                                                            (fF)  (ps)  (ps)   (ps)  Location 
#----------------------------------------------------------------------------------------------
  cnt_reg[1]/CK       -       -     R     (arrival)       55    -     0     0       0    (-,-) 
  cnt_reg[1]/Q        -       CK->Q R     DFFHQX1LVT       4  9.1   136   177     177    (-,-) 
  g1873__4733/Y       -       A->Y  R     AND2X6LVT       25 50.4   139   196     373    (-,-) 
  g1857/Y             -       A->Y  F     CLKINVX8LVT     25 52.0   143   117     490    (-,-) 
  g6058/Y             -       S0->Y F     MXI2X1LVT        1  3.3   156   150     640    (-,-) 
  g6057/Y             -       A->Y  R     NOR2X1LVT        1  3.2   116   137     777    (-,-) 
  out_sr_reg[0][13]/D -       -     R     DFFHQX1LVT       1    -     -     0     777    (-,-) 
#----------------------------------------------------------------------------------------------



Path 19: MET (18 ps) Setup Check with Pin out_sr_reg[0][12]/CK->D
          Group: clock
     Startpoint: (R) cnt_reg[1]/CK
          Clock: (R) clock
       Endpoint: (R) out_sr_reg[0][12]/D
          Clock: (R) clock

                     Capture       Launch     
        Clock Edge:+     900            0     
       Src Latency:+       0            0     
       Net Latency:+       0 (I)        0 (I) 
           Arrival:=     900            0     
                                              
             Setup:-     105                  
     Required Time:=     795                  
      Launch Clock:-       0                  
         Data Path:-     777                  
             Slack:=      18                  

#----------------------------------------------------------------------------------------------
#    Timing Point     Flags   Arc   Edge    Cell      Fanout Load Trans Delay Arrival Instance 
#                                                            (fF)  (ps)  (ps)   (ps)  Location 
#----------------------------------------------------------------------------------------------
  cnt_reg[1]/CK       -       -     R     (arrival)       55    -     0     0       0    (-,-) 
  cnt_reg[1]/Q        -       CK->Q R     DFFHQX1LVT       4  9.1   136   177     177    (-,-) 
  g1873__4733/Y       -       A->Y  R     AND2X6LVT       25 50.4   139   196     373    (-,-) 
  g1857/Y             -       A->Y  F     CLKINVX8LVT     25 52.0   143   117     490    (-,-) 
  g6054/Y             -       S0->Y F     MXI2X1LVT        1  3.3   156   150     640    (-,-) 
  g6053/Y             -       A->Y  R     NOR2X1LVT        1  3.2   116   137     777    (-,-) 
  out_sr_reg[0][12]/D -       -     R     DFFHQX1LVT       1    -     -     0     777    (-,-) 
#----------------------------------------------------------------------------------------------



Path 20: MET (18 ps) Setup Check with Pin out_sr_reg[0][11]/CK->D
          Group: clock
     Startpoint: (R) cnt_reg[1]/CK
          Clock: (R) clock
       Endpoint: (R) out_sr_reg[0][11]/D
          Clock: (R) clock

                     Capture       Launch     
        Clock Edge:+     900            0     
       Src Latency:+       0            0     
       Net Latency:+       0 (I)        0 (I) 
           Arrival:=     900            0     
                                              
             Setup:-     105                  
     Required Time:=     795                  
      Launch Clock:-       0                  
         Data Path:-     777                  
             Slack:=      18                  

#----------------------------------------------------------------------------------------------
#    Timing Point     Flags   Arc   Edge    Cell      Fanout Load Trans Delay Arrival Instance 
#                                                            (fF)  (ps)  (ps)   (ps)  Location 
#----------------------------------------------------------------------------------------------
  cnt_reg[1]/CK       -       -     R     (arrival)       55    -     0     0       0    (-,-) 
  cnt_reg[1]/Q        -       CK->Q R     DFFHQX1LVT       4  9.1   136   177     177    (-,-) 
  g1873__4733/Y       -       A->Y  R     AND2X6LVT       25 50.4   139   196     373    (-,-) 
  g1857/Y             -       A->Y  F     CLKINVX8LVT     25 52.0   143   117     490    (-,-) 
  g6052/Y             -       S0->Y F     MXI2X1LVT        1  3.3   156   150     640    (-,-) 
  g6051/Y             -       A->Y  R     NOR2X1LVT        1  3.2   116   137     777    (-,-) 
  out_sr_reg[0][11]/D -       -     R     DFFHQX1LVT       1    -     -     0     777    (-,-) 
#----------------------------------------------------------------------------------------------



Path 21: MET (18 ps) Setup Check with Pin out_sr_reg[0][10]/CK->D
          Group: clock
     Startpoint: (R) cnt_reg[1]/CK
          Clock: (R) clock
       Endpoint: (R) out_sr_reg[0][10]/D
          Clock: (R) clock

                     Capture       Launch     
        Clock Edge:+     900            0     
       Src Latency:+       0            0     
       Net Latency:+       0 (I)        0 (I) 
           Arrival:=     900            0     
                                              
             Setup:-     105                  
     Required Time:=     795                  
      Launch Clock:-       0                  
         Data Path:-     777                  
             Slack:=      18                  

#----------------------------------------------------------------------------------------------
#    Timing Point     Flags   Arc   Edge    Cell      Fanout Load Trans Delay Arrival Instance 
#                                                            (fF)  (ps)  (ps)   (ps)  Location 
#----------------------------------------------------------------------------------------------
  cnt_reg[1]/CK       -       -     R     (arrival)       55    -     0     0       0    (-,-) 
  cnt_reg[1]/Q        -       CK->Q R     DFFHQX1LVT       4  9.1   136   177     177    (-,-) 
  g1873__4733/Y       -       A->Y  R     AND2X6LVT       25 50.4   139   196     373    (-,-) 
  g1857/Y             -       A->Y  F     CLKINVX8LVT     25 52.0   143   117     490    (-,-) 
  g6048/Y             -       S0->Y F     MXI2X1LVT        1  3.3   156   150     640    (-,-) 
  g6047/Y             -       A->Y  R     NOR2X1LVT        1  3.2   116   137     777    (-,-) 
  out_sr_reg[0][10]/D -       -     R     DFFHQX1LVT       1    -     -     0     777    (-,-) 
#----------------------------------------------------------------------------------------------



Path 22: MET (18 ps) Setup Check with Pin out_sr_reg[0][9]/CK->D
          Group: clock
     Startpoint: (R) cnt_reg[1]/CK
          Clock: (R) clock
       Endpoint: (R) out_sr_reg[0][9]/D
          Clock: (R) clock

                     Capture       Launch     
        Clock Edge:+     900            0     
       Src Latency:+       0            0     
       Net Latency:+       0 (I)        0 (I) 
           Arrival:=     900            0     
                                              
             Setup:-     105                  
     Required Time:=     795                  
      Launch Clock:-       0                  
         Data Path:-     777                  
             Slack:=      18                  

#---------------------------------------------------------------------------------------------
#   Timing Point     Flags   Arc   Edge    Cell      Fanout Load Trans Delay Arrival Instance 
#                                                           (fF)  (ps)  (ps)   (ps)  Location 
#---------------------------------------------------------------------------------------------
  cnt_reg[1]/CK      -       -     R     (arrival)       55    -     0     0       0    (-,-) 
  cnt_reg[1]/Q       -       CK->Q R     DFFHQX1LVT       4  9.1   136   177     177    (-,-) 
  g1873__4733/Y      -       A->Y  R     AND2X6LVT       25 50.4   139   196     373    (-,-) 
  g1857/Y            -       A->Y  F     CLKINVX8LVT     25 52.0   143   117     490    (-,-) 
  g6050/Y            -       S0->Y F     MXI2X1LVT        1  3.3   156   150     640    (-,-) 
  g6049/Y            -       A->Y  R     NOR2X1LVT        1  3.2   116   137     777    (-,-) 
  out_sr_reg[0][9]/D -       -     R     DFFHQX1LVT       1    -     -     0     777    (-,-) 
#---------------------------------------------------------------------------------------------



Path 23: MET (18 ps) Setup Check with Pin out_sr_reg[0][8]/CK->D
          Group: clock
     Startpoint: (R) cnt_reg[1]/CK
          Clock: (R) clock
       Endpoint: (R) out_sr_reg[0][8]/D
          Clock: (R) clock

                     Capture       Launch     
        Clock Edge:+     900            0     
       Src Latency:+       0            0     
       Net Latency:+       0 (I)        0 (I) 
           Arrival:=     900            0     
                                              
             Setup:-     105                  
     Required Time:=     795                  
      Launch Clock:-       0                  
         Data Path:-     777                  
             Slack:=      18                  

#---------------------------------------------------------------------------------------------
#   Timing Point     Flags   Arc   Edge    Cell      Fanout Load Trans Delay Arrival Instance 
#                                                           (fF)  (ps)  (ps)   (ps)  Location 
#---------------------------------------------------------------------------------------------
  cnt_reg[1]/CK      -       -     R     (arrival)       55    -     0     0       0    (-,-) 
  cnt_reg[1]/Q       -       CK->Q R     DFFHQX1LVT       4  9.1   136   177     177    (-,-) 
  g1873__4733/Y      -       A->Y  R     AND2X6LVT       25 50.4   139   196     373    (-,-) 
  g1857/Y            -       A->Y  F     CLKINVX8LVT     25 52.0   143   117     490    (-,-) 
  g6056/Y            -       S0->Y F     MXI2X1LVT        1  3.3   156   150     640    (-,-) 
  g6055/Y            -       A->Y  R     NOR2X1LVT        1  3.2   116   137     777    (-,-) 
  out_sr_reg[0][8]/D -       -     R     DFFHQX1LVT       1    -     -     0     777    (-,-) 
#---------------------------------------------------------------------------------------------



Path 24: MET (18 ps) Setup Check with Pin out_sr_reg[0][7]/CK->D
          Group: clock
     Startpoint: (R) cnt_reg[1]/CK
          Clock: (R) clock
       Endpoint: (R) out_sr_reg[0][7]/D
          Clock: (R) clock

                     Capture       Launch     
        Clock Edge:+     900            0     
       Src Latency:+       0            0     
       Net Latency:+       0 (I)        0 (I) 
           Arrival:=     900            0     
                                              
             Setup:-     105                  
     Required Time:=     795                  
      Launch Clock:-       0                  
         Data Path:-     777                  
             Slack:=      18                  

#---------------------------------------------------------------------------------------------
#   Timing Point     Flags   Arc   Edge    Cell      Fanout Load Trans Delay Arrival Instance 
#                                                           (fF)  (ps)  (ps)   (ps)  Location 
#---------------------------------------------------------------------------------------------
  cnt_reg[1]/CK      -       -     R     (arrival)       55    -     0     0       0    (-,-) 
  cnt_reg[1]/Q       -       CK->Q R     DFFHQX1LVT       4  9.1   136   177     177    (-,-) 
  g1873__4733/Y      -       A->Y  R     AND2X6LVT       25 50.4   139   196     373    (-,-) 
  g1857/Y            -       A->Y  F     CLKINVX8LVT     25 52.0   143   117     490    (-,-) 
  g6046/Y            -       S0->Y F     MXI2X1LVT        1  3.3   156   150     640    (-,-) 
  g6045/Y            -       A->Y  R     NOR2X1LVT        1  3.2   116   137     777    (-,-) 
  out_sr_reg[0][7]/D -       -     R     DFFHQX1LVT       1    -     -     0     777    (-,-) 
#---------------------------------------------------------------------------------------------



Path 25: MET (18 ps) Setup Check with Pin out_sr_reg[0][6]/CK->D
          Group: clock
     Startpoint: (R) cnt_reg[1]/CK
          Clock: (R) clock
       Endpoint: (R) out_sr_reg[0][6]/D
          Clock: (R) clock

                     Capture       Launch     
        Clock Edge:+     900            0     
       Src Latency:+       0            0     
       Net Latency:+       0 (I)        0 (I) 
           Arrival:=     900            0     
                                              
             Setup:-     105                  
     Required Time:=     795                  
      Launch Clock:-       0                  
         Data Path:-     777                  
             Slack:=      18                  

#---------------------------------------------------------------------------------------------
#   Timing Point     Flags   Arc   Edge    Cell      Fanout Load Trans Delay Arrival Instance 
#                                                           (fF)  (ps)  (ps)   (ps)  Location 
#---------------------------------------------------------------------------------------------
  cnt_reg[1]/CK      -       -     R     (arrival)       55    -     0     0       0    (-,-) 
  cnt_reg[1]/Q       -       CK->Q R     DFFHQX1LVT       4  9.1   136   177     177    (-,-) 
  g1873__4733/Y      -       A->Y  R     AND2X6LVT       25 50.4   139   196     373    (-,-) 
  g1857/Y            -       A->Y  F     CLKINVX8LVT     25 52.0   143   117     490    (-,-) 
  g6044/Y            -       S0->Y F     MXI2X1LVT        1  3.3   156   150     640    (-,-) 
  g6043/Y            -       A->Y  R     NOR2X1LVT        1  3.2   116   137     777    (-,-) 
  out_sr_reg[0][6]/D -       -     R     DFFHQX1LVT       1    -     -     0     777    (-,-) 
#---------------------------------------------------------------------------------------------



Path 26: MET (18 ps) Setup Check with Pin out_sr_reg[0][5]/CK->D
          Group: clock
     Startpoint: (R) cnt_reg[1]/CK
          Clock: (R) clock
       Endpoint: (R) out_sr_reg[0][5]/D
          Clock: (R) clock

                     Capture       Launch     
        Clock Edge:+     900            0     
       Src Latency:+       0            0     
       Net Latency:+       0 (I)        0 (I) 
           Arrival:=     900            0     
                                              
             Setup:-     105                  
     Required Time:=     795                  
      Launch Clock:-       0                  
         Data Path:-     777                  
             Slack:=      18                  

#---------------------------------------------------------------------------------------------
#   Timing Point     Flags   Arc   Edge    Cell      Fanout Load Trans Delay Arrival Instance 
#                                                           (fF)  (ps)  (ps)   (ps)  Location 
#---------------------------------------------------------------------------------------------
  cnt_reg[1]/CK      -       -     R     (arrival)       55    -     0     0       0    (-,-) 
  cnt_reg[1]/Q       -       CK->Q R     DFFHQX1LVT       4  9.1   136   177     177    (-,-) 
  g1873__4733/Y      -       A->Y  R     AND2X6LVT       25 50.4   139   196     373    (-,-) 
  g1857/Y            -       A->Y  F     CLKINVX8LVT     25 52.0   143   117     490    (-,-) 
  g3/Y               -       S0->Y F     MXI2X1LVT        1  3.3   156   150     640    (-,-) 
  g2/Y               -       A->Y  R     NOR2X1LVT        1  3.2   116   137     777    (-,-) 
  out_sr_reg[0][5]/D -       -     R     DFFHQX1LVT       1    -     -     0     777    (-,-) 
#---------------------------------------------------------------------------------------------



Path 27: MET (45 ps) Clock Gating Setup Check at cgic pin RC_CG_HIER_INST0/RC_CGIC_INST/E
          Group: cg_enable_group_clock
     Startpoint: (F) i_reset
          Clock: (R) clock
       Endpoint: (R) RC_CG_HIER_INST0/RC_CGIC_INST/E
          Clock: (R) clock

                     Capture       Launch     
        Clock Edge:+     900            0     
        Drv Adjust:+       0            0     
       Src Latency:+       0            0     
       Net Latency:+       0 (I)        0 (I) 
           Arrival:=     900            0     
                                              
  Gate Check Setup:-     256                  
     Required Time:=     644                  
      Launch Clock:-       0                  
       Input Delay:-     500                  
         Data Path:-      99                  
             Slack:=      45                  

Exceptions/Constraints:
  input_delay             500             fir_serial_parallel._line_2_8_1 

#--------------------------------------------------------------------------------------------------------------
#          Timing Point           Flags   Arc   Edge      Cell       Fanout  Load Trans Delay Arrival Instance 
#                                                                            (fF)  (ps)  (ps)   (ps)  Location 
#--------------------------------------------------------------------------------------------------------------
  i_reset                         -       -     F     (arrival)         132 243.4     0     0     500    (-,-) 
  g1836__5122/Y                   -       C->Y  R     NOR3X1LVT           1   3.1   169    99     599    (-,-) 
  RC_CG_HIER_INST0/RC_CGIC_INST/E -       -     R     TLATNTSCAX2HVT      1     -     -     0     599    (-,-) 
#--------------------------------------------------------------------------------------------------------------



Path 28: MET (60 ps) Setup Check with Pin out_sr_reg[1][4]/CK->D
          Group: clock
     Startpoint: (R) cnt_reg[1]/CK
          Clock: (R) clock
       Endpoint: (R) out_sr_reg[1][4]/D
          Clock: (R) clock

                     Capture       Launch     
        Clock Edge:+     900            0     
       Src Latency:+       0            0     
       Net Latency:+       0 (I)        0 (I) 
           Arrival:=     900            0     
                                              
             Setup:-     103                  
     Required Time:=     797                  
      Launch Clock:-       0                  
         Data Path:-     737                  
             Slack:=      60                  

#---------------------------------------------------------------------------------------------
#   Timing Point     Flags   Arc   Edge    Cell      Fanout Load Trans Delay Arrival Instance 
#                                                           (fF)  (ps)  (ps)   (ps)  Location 
#---------------------------------------------------------------------------------------------
  cnt_reg[1]/CK      -       -     R     (arrival)       55    -     0     0       0    (-,-) 
  cnt_reg[1]/Q       -       CK->Q R     DFFHQX1LVT       4  9.1   136   177     177    (-,-) 
  g1873__4733/Y      -       A->Y  R     AND2X6LVT       25 50.4   139   196     373    (-,-) 
  g1857/Y            -       A->Y  F     CLKINVX8LVT     25 52.0   143   117     490    (-,-) 
  g1754__7482/Y      -       S0->Y F     MXI2X2LVT        1  3.3    36   165     656    (-,-) 
  g1738__5107/Y      -       B->Y  R     NOR2X1LVT        1  3.2   110    82     737    (-,-) 
  out_sr_reg[1][4]/D -       -     R     DFFHQX1LVT       1    -     -     0     737    (-,-) 
#---------------------------------------------------------------------------------------------



Path 29: MET (73 ps) Setup Check with Pin out_sr_reg[2][15]/CK->D
          Group: clock
     Startpoint: (R) cnt_reg[1]/CK
          Clock: (R) clock
       Endpoint: (R) out_sr_reg[2][15]/D
          Clock: (R) clock

                     Capture       Launch     
        Clock Edge:+     900            0     
       Src Latency:+       0            0     
       Net Latency:+       0 (I)        0 (I) 
           Arrival:=     900            0     
                                              
             Setup:-     110                  
     Required Time:=     790                  
      Launch Clock:-       0                  
         Data Path:-     717                  
             Slack:=      73                  

#---------------------------------------------------------------------------------------------
#    Timing Point     Flags   Arc   Edge    Cell     Fanout Load Trans Delay Arrival Instance 
#                                                           (fF)  (ps)  (ps)   (ps)  Location 
#---------------------------------------------------------------------------------------------
  cnt_reg[1]/CK       -       -     R     (arrival)      55    -     0     0       0    (-,-) 
  cnt_reg[1]/Q        -       CK->Q R     DFFHQX1LVT      4  9.1   136   177     177    (-,-) 
  g1873__4733/Y       -       A->Y  R     AND2X6LVT      25 50.4   139   196     373    (-,-) 
  g1803__2883/Y       -       S0->Y F     MX2X1           1  3.3   101   235     608    (-,-) 
  g1787__6783/Y       -       B->Y  R     NOR2X1LVT       1  3.1   115   109     717    (-,-) 
  out_sr_reg[2][15]/D -       -     R     DFFRX1LVT       1    -     -     0     717    (-,-) 
#---------------------------------------------------------------------------------------------



Path 30: MET (73 ps) Setup Check with Pin out_sr_reg[2][14]/CK->D
          Group: clock
     Startpoint: (R) cnt_reg[1]/CK
          Clock: (R) clock
       Endpoint: (R) out_sr_reg[2][14]/D
          Clock: (R) clock

                     Capture       Launch     
        Clock Edge:+     900            0     
       Src Latency:+       0            0     
       Net Latency:+       0 (I)        0 (I) 
           Arrival:=     900            0     
                                              
             Setup:-     110                  
     Required Time:=     790                  
      Launch Clock:-       0                  
         Data Path:-     717                  
             Slack:=      73                  

#---------------------------------------------------------------------------------------------
#    Timing Point     Flags   Arc   Edge    Cell     Fanout Load Trans Delay Arrival Instance 
#                                                           (fF)  (ps)  (ps)   (ps)  Location 
#---------------------------------------------------------------------------------------------
  cnt_reg[1]/CK       -       -     R     (arrival)      55    -     0     0       0    (-,-) 
  cnt_reg[1]/Q        -       CK->Q R     DFFHQX1LVT      4  9.1   136   177     177    (-,-) 
  g1873__4733/Y       -       A->Y  R     AND2X6LVT      25 50.4   139   196     373    (-,-) 
  g1802__9945/Y       -       S0->Y F     MX2X1           1  3.3   101   235     608    (-,-) 
  g1786__5526/Y       -       B->Y  R     NOR2X1LVT       1  3.1   115   109     717    (-,-) 
  out_sr_reg[2][14]/D -       -     R     DFFRX1LVT       1    -     -     0     717    (-,-) 
#---------------------------------------------------------------------------------------------



Path 31: MET (73 ps) Setup Check with Pin out_sr_reg[2][13]/CK->D
          Group: clock
     Startpoint: (R) cnt_reg[1]/CK
          Clock: (R) clock
       Endpoint: (R) out_sr_reg[2][13]/D
          Clock: (R) clock

                     Capture       Launch     
        Clock Edge:+     900            0     
       Src Latency:+       0            0     
       Net Latency:+       0 (I)        0 (I) 
           Arrival:=     900            0     
                                              
             Setup:-     110                  
     Required Time:=     790                  
      Launch Clock:-       0                  
         Data Path:-     717                  
             Slack:=      73                  

#---------------------------------------------------------------------------------------------
#    Timing Point     Flags   Arc   Edge    Cell     Fanout Load Trans Delay Arrival Instance 
#                                                           (fF)  (ps)  (ps)   (ps)  Location 
#---------------------------------------------------------------------------------------------
  cnt_reg[1]/CK       -       -     R     (arrival)      55    -     0     0       0    (-,-) 
  cnt_reg[1]/Q        -       CK->Q R     DFFHQX1LVT      4  9.1   136   177     177    (-,-) 
  g1873__4733/Y       -       A->Y  R     AND2X6LVT      25 50.4   139   196     373    (-,-) 
  g1805__1666/Y       -       S0->Y F     MX2X1           1  3.3   101   235     608    (-,-) 
  g1789__1617/Y       -       B->Y  R     NOR2X1LVT       1  3.1   115   109     717    (-,-) 
  out_sr_reg[2][13]/D -       -     R     DFFRX1LVT       1    -     -     0     717    (-,-) 
#---------------------------------------------------------------------------------------------



Path 32: MET (73 ps) Setup Check with Pin out_sr_reg[2][12]/CK->D
          Group: clock
     Startpoint: (R) cnt_reg[1]/CK
          Clock: (R) clock
       Endpoint: (R) out_sr_reg[2][12]/D
          Clock: (R) clock

                     Capture       Launch     
        Clock Edge:+     900            0     
       Src Latency:+       0            0     
       Net Latency:+       0 (I)        0 (I) 
           Arrival:=     900            0     
                                              
             Setup:-     110                  
     Required Time:=     790                  
      Launch Clock:-       0                  
         Data Path:-     717                  
             Slack:=      73                  

#---------------------------------------------------------------------------------------------
#    Timing Point     Flags   Arc   Edge    Cell     Fanout Load Trans Delay Arrival Instance 
#                                                           (fF)  (ps)  (ps)   (ps)  Location 
#---------------------------------------------------------------------------------------------
  cnt_reg[1]/CK       -       -     R     (arrival)      55    -     0     0       0    (-,-) 
  cnt_reg[1]/Q        -       CK->Q R     DFFHQX1LVT      4  9.1   136   177     177    (-,-) 
  g1873__4733/Y       -       A->Y  R     AND2X6LVT      25 50.4   139   196     373    (-,-) 
  g1816__3680/Y       -       S0->Y F     MX2X1           1  3.3   101   235     608    (-,-) 
  g1800__6161/Y       -       B->Y  R     NOR2X1LVT       1  3.1   115   109     717    (-,-) 
  out_sr_reg[2][12]/D -       -     R     DFFRX1LVT       1    -     -     0     717    (-,-) 
#---------------------------------------------------------------------------------------------



Path 33: MET (73 ps) Setup Check with Pin out_sr_reg[2][11]/CK->D
          Group: clock
     Startpoint: (R) cnt_reg[1]/CK
          Clock: (R) clock
       Endpoint: (R) out_sr_reg[2][11]/D
          Clock: (R) clock

                     Capture       Launch     
        Clock Edge:+     900            0     
       Src Latency:+       0            0     
       Net Latency:+       0 (I)        0 (I) 
           Arrival:=     900            0     
                                              
             Setup:-     110                  
     Required Time:=     790                  
      Launch Clock:-       0                  
         Data Path:-     717                  
             Slack:=      73                  

#---------------------------------------------------------------------------------------------
#    Timing Point     Flags   Arc   Edge    Cell     Fanout Load Trans Delay Arrival Instance 
#                                                           (fF)  (ps)  (ps)   (ps)  Location 
#---------------------------------------------------------------------------------------------
  cnt_reg[1]/CK       -       -     R     (arrival)      55    -     0     0       0    (-,-) 
  cnt_reg[1]/Q        -       CK->Q R     DFFHQX1LVT      4  9.1   136   177     177    (-,-) 
  g1873__4733/Y       -       A->Y  R     AND2X6LVT      25 50.4   139   196     373    (-,-) 
  g1815__6783/Y       -       S0->Y F     MX2X1           1  3.3   101   235     608    (-,-) 
  g1799__4733/Y       -       B->Y  R     NOR2X1LVT       1  3.1   115   109     717    (-,-) 
  out_sr_reg[2][11]/D -       -     R     DFFRX1LVT       1    -     -     0     717    (-,-) 
#---------------------------------------------------------------------------------------------



Path 34: MET (73 ps) Setup Check with Pin out_sr_reg[2][10]/CK->D
          Group: clock
     Startpoint: (R) cnt_reg[1]/CK
          Clock: (R) clock
       Endpoint: (R) out_sr_reg[2][10]/D
          Clock: (R) clock

                     Capture       Launch     
        Clock Edge:+     900            0     
       Src Latency:+       0            0     
       Net Latency:+       0 (I)        0 (I) 
           Arrival:=     900            0     
                                              
             Setup:-     110                  
     Required Time:=     790                  
      Launch Clock:-       0                  
         Data Path:-     717                  
             Slack:=      73                  

#---------------------------------------------------------------------------------------------
#    Timing Point     Flags   Arc   Edge    Cell     Fanout Load Trans Delay Arrival Instance 
#                                                           (fF)  (ps)  (ps)   (ps)  Location 
#---------------------------------------------------------------------------------------------
  cnt_reg[1]/CK       -       -     R     (arrival)      55    -     0     0       0    (-,-) 
  cnt_reg[1]/Q        -       CK->Q R     DFFHQX1LVT      4  9.1   136   177     177    (-,-) 
  g1873__4733/Y       -       A->Y  R     AND2X6LVT      25 50.4   139   196     373    (-,-) 
  g1814__5526/Y       -       S0->Y F     MX2X1           1  3.3   101   235     608    (-,-) 
  g1798__7482/Y       -       B->Y  R     NOR2X1LVT       1  3.1   115   109     717    (-,-) 
  out_sr_reg[2][10]/D -       -     R     DFFRX1LVT       1    -     -     0     717    (-,-) 
#---------------------------------------------------------------------------------------------



Path 35: MET (73 ps) Setup Check with Pin out_sr_reg[2][9]/CK->D
          Group: clock
     Startpoint: (R) cnt_reg[1]/CK
          Clock: (R) clock
       Endpoint: (R) out_sr_reg[2][9]/D
          Clock: (R) clock

                     Capture       Launch     
        Clock Edge:+     900            0     
       Src Latency:+       0            0     
       Net Latency:+       0 (I)        0 (I) 
           Arrival:=     900            0     
                                              
             Setup:-     110                  
     Required Time:=     790                  
      Launch Clock:-       0                  
         Data Path:-     717                  
             Slack:=      73                  

#--------------------------------------------------------------------------------------------
#   Timing Point     Flags   Arc   Edge    Cell     Fanout Load Trans Delay Arrival Instance 
#                                                          (fF)  (ps)  (ps)   (ps)  Location 
#--------------------------------------------------------------------------------------------
  cnt_reg[1]/CK      -       -     R     (arrival)      55    -     0     0       0    (-,-) 
  cnt_reg[1]/Q       -       CK->Q R     DFFHQX1LVT      4  9.1   136   177     177    (-,-) 
  g1873__4733/Y      -       A->Y  R     AND2X6LVT      25 50.4   139   196     373    (-,-) 
  g1809__2398/Y      -       S0->Y F     MX2X1           1  3.3   101   235     608    (-,-) 
  g1793__8246/Y      -       B->Y  R     NOR2X1LVT       1  3.1   115   109     717    (-,-) 
  out_sr_reg[2][9]/D -       -     R     DFFRX1LVT       1    -     -     0     717    (-,-) 
#--------------------------------------------------------------------------------------------



Path 36: MET (73 ps) Setup Check with Pin out_sr_reg[2][8]/CK->D
          Group: clock
     Startpoint: (R) cnt_reg[1]/CK
          Clock: (R) clock
       Endpoint: (R) out_sr_reg[2][8]/D
          Clock: (R) clock

                     Capture       Launch     
        Clock Edge:+     900            0     
       Src Latency:+       0            0     
       Net Latency:+       0 (I)        0 (I) 
           Arrival:=     900            0     
                                              
             Setup:-     110                  
     Required Time:=     790                  
      Launch Clock:-       0                  
         Data Path:-     717                  
             Slack:=      73                  

#--------------------------------------------------------------------------------------------
#   Timing Point     Flags   Arc   Edge    Cell     Fanout Load Trans Delay Arrival Instance 
#                                                          (fF)  (ps)  (ps)   (ps)  Location 
#--------------------------------------------------------------------------------------------
  cnt_reg[1]/CK      -       -     R     (arrival)      55    -     0     0       0    (-,-) 
  cnt_reg[1]/Q       -       CK->Q R     DFFHQX1LVT      4  9.1   136   177     177    (-,-) 
  g1873__4733/Y      -       A->Y  R     AND2X6LVT      25 50.4   139   196     373    (-,-) 
  g1812__4319/Y      -       S0->Y F     MX2X1           1  3.3   101   235     608    (-,-) 
  g1796__1881/Y      -       B->Y  R     NOR2X1LVT       1  3.1   115   109     717    (-,-) 
  out_sr_reg[2][8]/D -       -     R     DFFRX1LVT       1    -     -     0     717    (-,-) 
#--------------------------------------------------------------------------------------------



Path 37: MET (73 ps) Setup Check with Pin out_sr_reg[2][7]/CK->D
          Group: clock
     Startpoint: (R) cnt_reg[1]/CK
          Clock: (R) clock
       Endpoint: (R) out_sr_reg[2][7]/D
          Clock: (R) clock

                     Capture       Launch     
        Clock Edge:+     900            0     
       Src Latency:+       0            0     
       Net Latency:+       0 (I)        0 (I) 
           Arrival:=     900            0     
                                              
             Setup:-     110                  
     Required Time:=     790                  
      Launch Clock:-       0                  
         Data Path:-     717                  
             Slack:=      73                  

#--------------------------------------------------------------------------------------------
#   Timing Point     Flags   Arc   Edge    Cell     Fanout Load Trans Delay Arrival Instance 
#                                                          (fF)  (ps)  (ps)   (ps)  Location 
#--------------------------------------------------------------------------------------------
  cnt_reg[1]/CK      -       -     R     (arrival)      55    -     0     0       0    (-,-) 
  cnt_reg[1]/Q       -       CK->Q R     DFFHQX1LVT      4  9.1   136   177     177    (-,-) 
  g1873__4733/Y      -       A->Y  R     AND2X6LVT      25 50.4   139   196     373    (-,-) 
  g1811__6260/Y      -       S0->Y F     MX2X1           1  3.3   101   235     608    (-,-) 
  g1795__6131/Y      -       B->Y  R     NOR2X1LVT       1  3.1   115   109     717    (-,-) 
  out_sr_reg[2][7]/D -       -     R     DFFRX1LVT       1    -     -     0     717    (-,-) 
#--------------------------------------------------------------------------------------------



Path 38: MET (73 ps) Setup Check with Pin out_sr_reg[2][6]/CK->D
          Group: clock
     Startpoint: (R) cnt_reg[1]/CK
          Clock: (R) clock
       Endpoint: (R) out_sr_reg[2][6]/D
          Clock: (R) clock

                     Capture       Launch     
        Clock Edge:+     900            0     
       Src Latency:+       0            0     
       Net Latency:+       0 (I)        0 (I) 
           Arrival:=     900            0     
                                              
             Setup:-     110                  
     Required Time:=     790                  
      Launch Clock:-       0                  
         Data Path:-     717                  
             Slack:=      73                  

#--------------------------------------------------------------------------------------------
#   Timing Point     Flags   Arc   Edge    Cell     Fanout Load Trans Delay Arrival Instance 
#                                                          (fF)  (ps)  (ps)   (ps)  Location 
#--------------------------------------------------------------------------------------------
  cnt_reg[1]/CK      -       -     R     (arrival)      55    -     0     0       0    (-,-) 
  cnt_reg[1]/Q       -       CK->Q R     DFFHQX1LVT      4  9.1   136   177     177    (-,-) 
  g1873__4733/Y      -       A->Y  R     AND2X6LVT      25 50.4   139   196     373    (-,-) 
  g1810__5107/Y      -       S0->Y F     MX2X1           1  3.3   101   235     608    (-,-) 
  g1794__7098/Y      -       B->Y  R     NOR2X1LVT       1  3.1   115   109     717    (-,-) 
  out_sr_reg[2][6]/D -       -     R     DFFRX1LVT       1    -     -     0     717    (-,-) 
#--------------------------------------------------------------------------------------------



Path 39: MET (73 ps) Setup Check with Pin out_sr_reg[2][5]/CK->D
          Group: clock
     Startpoint: (R) cnt_reg[1]/CK
          Clock: (R) clock
       Endpoint: (R) out_sr_reg[2][5]/D
          Clock: (R) clock

                     Capture       Launch     
        Clock Edge:+     900            0     
       Src Latency:+       0            0     
       Net Latency:+       0 (I)        0 (I) 
           Arrival:=     900            0     
                                              
             Setup:-     110                  
     Required Time:=     790                  
      Launch Clock:-       0                  
         Data Path:-     717                  
             Slack:=      73                  

#--------------------------------------------------------------------------------------------
#   Timing Point     Flags   Arc   Edge    Cell     Fanout Load Trans Delay Arrival Instance 
#                                                          (fF)  (ps)  (ps)   (ps)  Location 
#--------------------------------------------------------------------------------------------
  cnt_reg[1]/CK      -       -     R     (arrival)      55    -     0     0       0    (-,-) 
  cnt_reg[1]/Q       -       CK->Q R     DFFHQX1LVT      4  9.1   136   177     177    (-,-) 
  g1873__4733/Y      -       A->Y  R     AND2X6LVT      25 50.4   139   196     373    (-,-) 
  g1813__8428/Y      -       S0->Y F     MX2X1           1  3.3   101   235     608    (-,-) 
  g1797__5115/Y      -       B->Y  R     NOR2X1LVT       1  3.1   115   109     717    (-,-) 
  out_sr_reg[2][5]/D -       -     R     DFFRX1LVT       1    -     -     0     717    (-,-) 
#--------------------------------------------------------------------------------------------



Path 40: MET (76 ps) Setup Check with Pin out_sr_reg[1][15]/CK->D
          Group: clock
     Startpoint: (R) cnt_reg[1]/CK
          Clock: (R) clock
       Endpoint: (R) out_sr_reg[1][15]/D
          Clock: (R) clock

                     Capture       Launch     
        Clock Edge:+     900            0     
       Src Latency:+       0            0     
       Net Latency:+       0 (I)        0 (I) 
           Arrival:=     900            0     
                                              
             Setup:-     106                  
     Required Time:=     794                  
      Launch Clock:-       0                  
         Data Path:-     718                  
             Slack:=      76                  

#---------------------------------------------------------------------------------------------
#    Timing Point     Flags   Arc   Edge    Cell     Fanout Load Trans Delay Arrival Instance 
#                                                           (fF)  (ps)  (ps)   (ps)  Location 
#---------------------------------------------------------------------------------------------
  cnt_reg[1]/CK       -       -     R     (arrival)      55    -     0     0       0    (-,-) 
  cnt_reg[1]/Q        -       CK->Q R     DFFHQX1LVT      4  9.1   136   177     177    (-,-) 
  g1873__4733/Y       -       A->Y  R     AND2X6LVT      25 50.4   139   196     373    (-,-) 
  g1761__1666/Y       -       S0->Y F     MX2X1           1  3.3   100   235     608    (-,-) 
  g1745__1617/Y       -       B->Y  R     NOR2X1LVT       1  3.2   118   110     718    (-,-) 
  out_sr_reg[1][15]/D -       -     R     DFFHQX1LVT      1    -     -     0     718    (-,-) 
#---------------------------------------------------------------------------------------------



Path 41: MET (76 ps) Setup Check with Pin out_sr_reg[1][12]/CK->D
          Group: clock
     Startpoint: (R) cnt_reg[1]/CK
          Clock: (R) clock
       Endpoint: (R) out_sr_reg[1][12]/D
          Clock: (R) clock

                     Capture       Launch     
        Clock Edge:+     900            0     
       Src Latency:+       0            0     
       Net Latency:+       0 (I)        0 (I) 
           Arrival:=     900            0     
                                              
             Setup:-     106                  
     Required Time:=     794                  
      Launch Clock:-       0                  
         Data Path:-     718                  
             Slack:=      76                  

#---------------------------------------------------------------------------------------------
#    Timing Point     Flags   Arc   Edge    Cell     Fanout Load Trans Delay Arrival Instance 
#                                                           (fF)  (ps)  (ps)   (ps)  Location 
#---------------------------------------------------------------------------------------------
  cnt_reg[1]/CK       -       -     R     (arrival)      55    -     0     0       0    (-,-) 
  cnt_reg[1]/Q        -       CK->Q R     DFFHQX1LVT      4  9.1   136   177     177    (-,-) 
  g1873__4733/Y       -       A->Y  R     AND2X6LVT      25 50.4   139   196     373    (-,-) 
  g1762__7410/Y       -       S0->Y F     MX2X1           1  3.3   100   235     608    (-,-) 
  g1746__2802/Y       -       B->Y  R     NOR2X1LVT       1  3.2   118   110     718    (-,-) 
  out_sr_reg[1][12]/D -       -     R     DFFHQX1LVT      1    -     -     0     718    (-,-) 
#---------------------------------------------------------------------------------------------



Path 42: MET (76 ps) Setup Check with Pin out_sr_reg[1][11]/CK->D
          Group: clock
     Startpoint: (R) cnt_reg[1]/CK
          Clock: (R) clock
       Endpoint: (R) out_sr_reg[1][11]/D
          Clock: (R) clock

                     Capture       Launch     
        Clock Edge:+     900            0     
       Src Latency:+       0            0     
       Net Latency:+       0 (I)        0 (I) 
           Arrival:=     900            0     
                                              
             Setup:-     106                  
     Required Time:=     794                  
      Launch Clock:-       0                  
         Data Path:-     718                  
             Slack:=      76                  

#---------------------------------------------------------------------------------------------
#    Timing Point     Flags   Arc   Edge    Cell     Fanout Load Trans Delay Arrival Instance 
#                                                           (fF)  (ps)  (ps)   (ps)  Location 
#---------------------------------------------------------------------------------------------
  cnt_reg[1]/CK       -       -     R     (arrival)      55    -     0     0       0    (-,-) 
  cnt_reg[1]/Q        -       CK->Q R     DFFHQX1LVT      4  9.1   136   177     177    (-,-) 
  g1873__4733/Y       -       A->Y  R     AND2X6LVT      25 50.4   139   196     373    (-,-) 
  g1765__2398/Y       -       S0->Y F     MX2X1           1  3.3   100   235     608    (-,-) 
  g1749__8246/Y       -       B->Y  R     NOR2X1LVT       1  3.2   118   110     718    (-,-) 
  out_sr_reg[1][11]/D -       -     R     DFFHQX1LVT      1    -     -     0     718    (-,-) 
#---------------------------------------------------------------------------------------------



Path 43: MET (76 ps) Setup Check with Pin out_sr_reg[1][10]/CK->D
          Group: clock
     Startpoint: (R) cnt_reg[1]/CK
          Clock: (R) clock
       Endpoint: (R) out_sr_reg[1][10]/D
          Clock: (R) clock

                     Capture       Launch     
        Clock Edge:+     900            0     
       Src Latency:+       0            0     
       Net Latency:+       0 (I)        0 (I) 
           Arrival:=     900            0     
                                              
             Setup:-     106                  
     Required Time:=     794                  
      Launch Clock:-       0                  
         Data Path:-     718                  
             Slack:=      76                  

#---------------------------------------------------------------------------------------------
#    Timing Point     Flags   Arc   Edge    Cell     Fanout Load Trans Delay Arrival Instance 
#                                                           (fF)  (ps)  (ps)   (ps)  Location 
#---------------------------------------------------------------------------------------------
  cnt_reg[1]/CK       -       -     R     (arrival)      55    -     0     0       0    (-,-) 
  cnt_reg[1]/Q        -       CK->Q R     DFFHQX1LVT      4  9.1   136   177     177    (-,-) 
  g1873__4733/Y       -       A->Y  R     AND2X6LVT      25 50.4   139   196     373    (-,-) 
  g1760__2346/Y       -       S0->Y F     MX2X1           1  3.3   100   235     608    (-,-) 
  g1744__3680/Y       -       B->Y  R     NOR2X1LVT       1  3.2   118   110     718    (-,-) 
  out_sr_reg[1][10]/D -       -     R     DFFHQX1LVT      1    -     -     0     718    (-,-) 
#---------------------------------------------------------------------------------------------



Path 44: MET (76 ps) Setup Check with Pin out_sr_reg[1][9]/CK->D
          Group: clock
     Startpoint: (R) cnt_reg[1]/CK
          Clock: (R) clock
       Endpoint: (R) out_sr_reg[1][9]/D
          Clock: (R) clock

                     Capture       Launch     
        Clock Edge:+     900            0     
       Src Latency:+       0            0     
       Net Latency:+       0 (I)        0 (I) 
           Arrival:=     900            0     
                                              
             Setup:-     106                  
     Required Time:=     794                  
      Launch Clock:-       0                  
         Data Path:-     718                  
             Slack:=      76                  

#--------------------------------------------------------------------------------------------
#   Timing Point     Flags   Arc   Edge    Cell     Fanout Load Trans Delay Arrival Instance 
#                                                          (fF)  (ps)  (ps)   (ps)  Location 
#--------------------------------------------------------------------------------------------
  cnt_reg[1]/CK      -       -     R     (arrival)      55    -     0     0       0    (-,-) 
  cnt_reg[1]/Q       -       CK->Q R     DFFHQX1LVT      4  9.1   136   177     177    (-,-) 
  g1873__4733/Y      -       A->Y  R     AND2X6LVT      25 50.4   139   196     373    (-,-) 
  g1759__2883/Y      -       S0->Y F     MX2X1           1  3.3   100   235     608    (-,-) 
  g1743__6783/Y      -       B->Y  R     NOR2X1LVT       1  3.2   118   110     718    (-,-) 
  out_sr_reg[1][9]/D -       -     R     DFFHQX1LVT      1    -     -     0     718    (-,-) 
#--------------------------------------------------------------------------------------------



Path 45: MET (76 ps) Setup Check with Pin out_sr_reg[1][8]/CK->D
          Group: clock
     Startpoint: (R) cnt_reg[1]/CK
          Clock: (R) clock
       Endpoint: (R) out_sr_reg[1][8]/D
          Clock: (R) clock

                     Capture       Launch     
        Clock Edge:+     900            0     
       Src Latency:+       0            0     
       Net Latency:+       0 (I)        0 (I) 
           Arrival:=     900            0     
                                              
             Setup:-     106                  
     Required Time:=     794                  
      Launch Clock:-       0                  
         Data Path:-     718                  
             Slack:=      76                  

#--------------------------------------------------------------------------------------------
#   Timing Point     Flags   Arc   Edge    Cell     Fanout Load Trans Delay Arrival Instance 
#                                                          (fF)  (ps)  (ps)   (ps)  Location 
#--------------------------------------------------------------------------------------------
  cnt_reg[1]/CK      -       -     R     (arrival)      55    -     0     0       0    (-,-) 
  cnt_reg[1]/Q       -       CK->Q R     DFFHQX1LVT      4  9.1   136   177     177    (-,-) 
  g1873__4733/Y      -       A->Y  R     AND2X6LVT      25 50.4   139   196     373    (-,-) 
  g1758__9945/Y      -       S0->Y F     MX2X1           1  3.3   100   235     608    (-,-) 
  g1742__5526/Y      -       B->Y  R     NOR2X1LVT       1  3.2   118   110     718    (-,-) 
  out_sr_reg[1][8]/D -       -     R     DFFHQX1LVT      1    -     -     0     718    (-,-) 
#--------------------------------------------------------------------------------------------



Path 46: MET (76 ps) Setup Check with Pin out_sr_reg[1][7]/CK->D
          Group: clock
     Startpoint: (R) cnt_reg[1]/CK
          Clock: (R) clock
       Endpoint: (R) out_sr_reg[1][7]/D
          Clock: (R) clock

                     Capture       Launch     
        Clock Edge:+     900            0     
       Src Latency:+       0            0     
       Net Latency:+       0 (I)        0 (I) 
           Arrival:=     900            0     
                                              
             Setup:-     106                  
     Required Time:=     794                  
      Launch Clock:-       0                  
         Data Path:-     718                  
             Slack:=      76                  

#--------------------------------------------------------------------------------------------
#   Timing Point     Flags   Arc   Edge    Cell     Fanout Load Trans Delay Arrival Instance 
#                                                          (fF)  (ps)  (ps)   (ps)  Location 
#--------------------------------------------------------------------------------------------
  cnt_reg[1]/CK      -       -     R     (arrival)      55    -     0     0       0    (-,-) 
  cnt_reg[1]/Q       -       CK->Q R     DFFHQX1LVT      4  9.1   136   177     177    (-,-) 
  g1873__4733/Y      -       A->Y  R     AND2X6LVT      25 50.4   139   196     373    (-,-) 
  g1753__5115/Y      -       S0->Y F     MX2X1           1  3.3   100   235     608    (-,-) 
  g1737__2398/Y      -       B->Y  R     NOR2X1LVT       1  3.2   118   110     718    (-,-) 
  out_sr_reg[1][7]/D -       -     R     DFFHQX1LVT      1    -     -     0     718    (-,-) 
#--------------------------------------------------------------------------------------------



Path 47: MET (76 ps) Setup Check with Pin out_sr_reg[1][6]/CK->D
          Group: clock
     Startpoint: (R) cnt_reg[1]/CK
          Clock: (R) clock
       Endpoint: (R) out_sr_reg[1][6]/D
          Clock: (R) clock

                     Capture       Launch     
        Clock Edge:+     900            0     
       Src Latency:+       0            0     
       Net Latency:+       0 (I)        0 (I) 
           Arrival:=     900            0     
                                              
             Setup:-     106                  
     Required Time:=     794                  
      Launch Clock:-       0                  
         Data Path:-     718                  
             Slack:=      76                  

#--------------------------------------------------------------------------------------------
#   Timing Point     Flags   Arc   Edge    Cell     Fanout Load Trans Delay Arrival Instance 
#                                                          (fF)  (ps)  (ps)   (ps)  Location 
#--------------------------------------------------------------------------------------------
  cnt_reg[1]/CK      -       -     R     (arrival)      55    -     0     0       0    (-,-) 
  cnt_reg[1]/Q       -       CK->Q R     DFFHQX1LVT      4  9.1   136   177     177    (-,-) 
  g1873__4733/Y      -       A->Y  R     AND2X6LVT      25 50.4   139   196     373    (-,-) 
  g1756__6161/Y      -       S0->Y F     MX2X1           1  3.3   100   235     608    (-,-) 
  g1740__4319/Y      -       B->Y  R     NOR2X1LVT       1  3.2   118   110     718    (-,-) 
  out_sr_reg[1][6]/D -       -     R     DFFHQX1LVT      1    -     -     0     718    (-,-) 
#--------------------------------------------------------------------------------------------



Path 48: MET (81 ps) Setup Check with Pin xs_reg[10][6]/CK->D
          Group: clock
     Startpoint: (F) i_reset
          Clock: (R) clock
       Endpoint: (R) xs_reg[10][6]/D
          Clock: (R) clock

                     Capture       Launch     
        Clock Edge:+     900            0     
        Drv Adjust:+       0            0     
       Src Latency:+       0            0     
       Net Latency:+       0 (I)        0 (I) 
           Arrival:=     900            0     
                                              
             Setup:-     193                  
     Required Time:=     707                  
      Launch Clock:-       0                  
       Input Delay:-     500                  
         Data Path:-     126                  
             Slack:=      81                  

Exceptions/Constraints:
  input_delay             500             fir_serial_parallel._line_2_8_1 

#------------------------------------------------------------------------------------------
#  Timing Point   Flags   Arc   Edge    Cell     Fanout  Load Trans Delay Arrival Instance 
#                                                        (fF)  (ps)  (ps)   (ps)  Location 
#------------------------------------------------------------------------------------------
  i_reset         -       -     F     (arrival)     132 243.4     0     0     500    (-,-) 
  g1596/Y         -       A->Y  R     INVX3LVT       27  45.5   218   126     626    (-,-) 
  xs_reg[10][6]/D -       -     R     DFFTRX2LVT     27     -     -     0     626    (-,-) 
#------------------------------------------------------------------------------------------



Path 49: MET (81 ps) Setup Check with Pin xs_reg[9][7]/CK->D
          Group: clock
     Startpoint: (F) i_reset
          Clock: (R) clock
       Endpoint: (R) xs_reg[9][7]/D
          Clock: (R) clock

                     Capture       Launch     
        Clock Edge:+     900            0     
        Drv Adjust:+       0            0     
       Src Latency:+       0            0     
       Net Latency:+       0 (I)        0 (I) 
           Arrival:=     900            0     
                                              
             Setup:-     193                  
     Required Time:=     707                  
      Launch Clock:-       0                  
       Input Delay:-     500                  
         Data Path:-     126                  
             Slack:=      81                  

Exceptions/Constraints:
  input_delay             500             fir_serial_parallel._line_2_8_1 

#-----------------------------------------------------------------------------------------
# Timing Point   Flags   Arc   Edge    Cell     Fanout  Load Trans Delay Arrival Instance 
#                                                       (fF)  (ps)  (ps)   (ps)  Location 
#-----------------------------------------------------------------------------------------
  i_reset        -       -     F     (arrival)     132 243.4     0     0     500    (-,-) 
  g1596/Y        -       A->Y  R     INVX3LVT       27  45.5   218   126     626    (-,-) 
  xs_reg[9][7]/D -       -     R     DFFTRX2LVT     27     -     -     0     626    (-,-) 
#-----------------------------------------------------------------------------------------



Path 50: MET (81 ps) Setup Check with Pin xs_reg[9][6]/CK->D
          Group: clock
     Startpoint: (F) i_reset
          Clock: (R) clock
       Endpoint: (R) xs_reg[9][6]/D
          Clock: (R) clock

                     Capture       Launch     
        Clock Edge:+     900            0     
        Drv Adjust:+       0            0     
       Src Latency:+       0            0     
       Net Latency:+       0 (I)        0 (I) 
           Arrival:=     900            0     
                                              
             Setup:-     193                  
     Required Time:=     707                  
      Launch Clock:-       0                  
       Input Delay:-     500                  
         Data Path:-     126                  
             Slack:=      81                  

Exceptions/Constraints:
  input_delay             500             fir_serial_parallel._line_2_8_1 

#-----------------------------------------------------------------------------------------
# Timing Point   Flags   Arc   Edge    Cell     Fanout  Load Trans Delay Arrival Instance 
#                                                       (fF)  (ps)  (ps)   (ps)  Location 
#-----------------------------------------------------------------------------------------
  i_reset        -       -     F     (arrival)     132 243.4     0     0     500    (-,-) 
  g1596/Y        -       A->Y  R     INVX3LVT       27  45.5   218   126     626    (-,-) 
  xs_reg[9][6]/D -       -     R     DFFTRX2LVT     27     -     -     0     626    (-,-) 
#-----------------------------------------------------------------------------------------

