============================================================
  Generated by:           Genus(TM) Synthesis Solution 23.10-p004_1
  Generated on:           Oct 08 2026  10:18:48 pm
  Module:                 fir_serial_parallel
  Technology libraries:   slow_vdd1v0 1.0
                          physical_cells 
                          slow_vdd1v0 1.0
                          physical_cells 
  Operating conditions:   PVT_0P9V_125C 
  Interconnect mode:      global
  Area mode:              physical library
============================================================

Timing
--------

Clock Period 
-------------
clock  900.0 


         Cost           Critical         Violating 
        Group          Path Slack  TNS     Paths   
---------------------------------------------------
cg_enable_group_clock       117.5   0.0          0 
clock                        37.0   0.0          0 
default                  No paths   0.0            
---------------------------------------------------
Total                               0.0          0 

Instance Count
--------------
Leaf Instance Count             1201 
Physical Instance count            0 
Sequential Instance Count        183 
Combinational Instance Count    1018 
Hierarchical Instance Count        5 

Area
----
Cell Area                          4275.684
Physical Cell Area                 0.000
Total Cell Area (Cell+Physical)    4275.684
Net Area                           1558.178
Total Area (Cell+Physical+Net)     5833.862

Runtime                            0.0 seconds
Elapsed Runtime                    104 seconds
Genus peak memory usage            2057.39 
Innovus peak memory usage          no_value 
Hostname                           fiubarh01
