============================================================
  Generated by:           Genus(TM) Synthesis Solution 23.10-p004_1
  Generated on:           Oct 08 2026  10:18:48 pm
  Module:                 fir_serial_parallel
  Operating conditions:   PVT_0P9V_125C 
  Interconnect mode:      global
  Area mode:              physical library
============================================================


Path 1: MET (37 ps) Setup Check with Pin out_sr_reg[0][15]/CK->D
          Group: clock
     Startpoint: (R) cnt_reg[1]/CK
          Clock: (R) clock
       Endpoint: (R) out_sr_reg[0][15]/D
          Clock: (R) clock

                     Capture       Launch     
        Clock Edge:+     900            0     
       Src Latency:+       0            0     
       Net Latency:+       0 (I)        0 (I) 
           Arrival:=     900            0     
                                              
             Setup:-      88                  
     Required Time:=     812                  
      Launch Clock:-       0                  
         Data Path:-     775                  
             Slack:=      37                  

#-----------------------------------------------------------------------------------------------
#    Timing Point     Flags   Arc   Edge     Cell      Fanout Load Trans Delay Arrival Instance 
#                                                             (fF)  (ps)  (ps)   (ps)  Location 
#-----------------------------------------------------------------------------------------------
  cnt_reg[1]/CK       -       -     R     (arrival)        55    -     0     0       0    (-,-) 
  cnt_reg[1]/Q        -       CK->Q R     DFFHQX1LVT        4 10.3   153   187     187    (-,-) 
  g1873__4733/Y       -       A->Y  R     CLKAND2X6LVT     11 28.3    81   141     328    (-,-) 
  g1857/Y             -       A->Y  F     CLKINVX16LVT     37 75.9   104    83     411    (-,-) 
  g1550__2802/Y       -       B->Y  R     NOR2BX1           1  3.8   200   173     584    (-,-) 
  g1472__2883/Y       -       B0->Y F     AOI21X2LVT        1  3.7    98   112     696    (-,-) 
  g1403__1617/Y       -       B->Y  R     NOR2X2LVT         1  3.2    71    79     775    (-,-) 
  out_sr_reg[0][15]/D -       -     R     DFFHQX1LVT        1    -     -     0     775    (-,-) 
#-----------------------------------------------------------------------------------------------



Path 2: MET (37 ps) Setup Check with Pin out_sr_reg[0][14]/CK->D
          Group: clock
     Startpoint: (R) cnt_reg[1]/CK
          Clock: (R) clock
       Endpoint: (R) out_sr_reg[0][14]/D
          Clock: (R) clock

                     Capture       Launch     
        Clock Edge:+     900            0     
       Src Latency:+       0            0     
       Net Latency:+       0 (I)        0 (I) 
           Arrival:=     900            0     
                                              
             Setup:-      88                  
     Required Time:=     812                  
      Launch Clock:-       0                  
         Data Path:-     775                  
             Slack:=      37                  

#-----------------------------------------------------------------------------------------------
#    Timing Point     Flags   Arc   Edge     Cell      Fanout Load Trans Delay Arrival Instance 
#                                                             (fF)  (ps)  (ps)   (ps)  Location 
#-----------------------------------------------------------------------------------------------
  cnt_reg[1]/CK       -       -     R     (arrival)        55    -     0     0       0    (-,-) 
  cnt_reg[1]/Q        -       CK->Q R     DFFHQX1LVT        4 10.3   153   187     187    (-,-) 
  g1873__4733/Y       -       A->Y  R     CLKAND2X6LVT     11 28.3    81   141     328    (-,-) 
  g1857/Y             -       A->Y  F     CLKINVX16LVT     37 75.9   104    83     411    (-,-) 
  g1590__9945/Y       -       B->Y  R     NOR2BX1           1  3.8   200   173     584    (-,-) 
  g1471__9945/Y       -       B0->Y F     AOI21X2LVT        1  3.7    98   112     696    (-,-) 
  g1402__3680/Y       -       B->Y  R     NOR2X2LVT         1  3.2    71    79     775    (-,-) 
  out_sr_reg[0][14]/D -       -     R     DFFHQX1LVT        1    -     -     0     775    (-,-) 
#-----------------------------------------------------------------------------------------------



Path 3: MET (37 ps) Setup Check with Pin out_sr_reg[0][13]/CK->D
          Group: clock
     Startpoint: (R) cnt_reg[1]/CK
          Clock: (R) clock
       Endpoint: (R) out_sr_reg[0][13]/D
          Clock: (R) clock

                     Capture       Launch     
        Clock Edge:+     900            0     
       Src Latency:+       0            0     
       Net Latency:+       0 (I)        0 (I) 
           Arrival:=     900            0     
                                              
             Setup:-      88                  
     Required Time:=     812                  
      Launch Clock:-       0                  
         Data Path:-     775                  
             Slack:=      37                  

#-----------------------------------------------------------------------------------------------
#    Timing Point     Flags   Arc   Edge     Cell      Fanout Load Trans Delay Arrival Instance 
#                                                             (fF)  (ps)  (ps)   (ps)  Location 
#-----------------------------------------------------------------------------------------------
  cnt_reg[1]/CK       -       -     R     (arrival)        55    -     0     0       0    (-,-) 
  cnt_reg[1]/Q        -       CK->Q R     DFFHQX1LVT        4 10.3   153   187     187    (-,-) 
  g1873__4733/Y       -       A->Y  R     CLKAND2X6LVT     11 28.3    81   141     328    (-,-) 
  g1857/Y             -       A->Y  F     CLKINVX16LVT     37 75.9   104    83     411    (-,-) 
  g1589__9315/Y       -       B->Y  R     NOR2BX1           1  3.8   200   173     584    (-,-) 
  g1470__9315/Y       -       B0->Y F     AOI21X2LVT        1  3.7    98   112     696    (-,-) 
  g1401__6783/Y       -       B->Y  R     NOR2X2LVT         1  3.2    71    79     775    (-,-) 
  out_sr_reg[0][13]/D -       -     R     DFFHQX1LVT        1    -     -     0     775    (-,-) 
#-----------------------------------------------------------------------------------------------



Path 4: MET (37 ps) Setup Check with Pin out_sr_reg[0][12]/CK->D
          Group: clock
     Startpoint: (R) cnt_reg[1]/CK
          Clock: (R) clock
       Endpoint: (R) out_sr_reg[0][12]/D
          Clock: (R) clock

                     Capture       Launch     
        Clock Edge:+     900            0     
       Src Latency:+       0            0     
       Net Latency:+       0 (I)        0 (I) 
           Arrival:=     900            0     
                                              
             Setup:-      88                  
     Required Time:=     812                  
      Launch Clock:-       0                  
         Data Path:-     775                  
             Slack:=      37                  

#-----------------------------------------------------------------------------------------------
#    Timing Point     Flags   Arc   Edge     Cell      Fanout Load Trans Delay Arrival Instance 
#                                                             (fF)  (ps)  (ps)   (ps)  Location 
#-----------------------------------------------------------------------------------------------
  cnt_reg[1]/CK       -       -     R     (arrival)        55    -     0     0       0    (-,-) 
  cnt_reg[1]/Q        -       CK->Q R     DFFHQX1LVT        4 10.3   153   187     187    (-,-) 
  g1873__4733/Y       -       A->Y  R     CLKAND2X6LVT     11 28.3    81   141     328    (-,-) 
  g1857/Y             -       A->Y  F     CLKINVX16LVT     37 75.9   104    83     411    (-,-) 
  g1588__6161/Y       -       B->Y  R     NOR2BX1           1  3.8   200   173     584    (-,-) 
  g1469__6161/Y       -       B0->Y F     AOI21X2LVT        1  3.7    98   112     696    (-,-) 
  g1399__8428/Y       -       B->Y  R     NOR2X2LVT         1  3.2    71    79     775    (-,-) 
  out_sr_reg[0][12]/D -       -     R     DFFHQX1LVT        1    -     -     0     775    (-,-) 
#-----------------------------------------------------------------------------------------------



Path 5: MET (37 ps) Setup Check with Pin out_sr_reg[0][11]/CK->D
          Group: clock
     Startpoint: (R) cnt_reg[1]/CK
          Clock: (R) clock
       Endpoint: (R) out_sr_reg[0][11]/D
          Clock: (R) clock

                     Capture       Launch     
        Clock Edge:+     900            0     
       Src Latency:+       0            0     
       Net Latency:+       0 (I)        0 (I) 
           Arrival:=     900            0     
                                              
             Setup:-      88                  
     Required Time:=     812                  
      Launch Clock:-       0                  
         Data Path:-     775                  
             Slack:=      37                  

#-----------------------------------------------------------------------------------------------
#    Timing Point     Flags   Arc   Edge     Cell      Fanout Load Trans Delay Arrival Instance 
#                                                             (fF)  (ps)  (ps)   (ps)  Location 
#-----------------------------------------------------------------------------------------------
  cnt_reg[1]/CK       -       -     R     (arrival)        55    -     0     0       0    (-,-) 
  cnt_reg[1]/Q        -       CK->Q R     DFFHQX1LVT        4 10.3   153   187     187    (-,-) 
  g1873__4733/Y       -       A->Y  R     CLKAND2X6LVT     11 28.3    81   141     328    (-,-) 
  g1857/Y             -       A->Y  F     CLKINVX16LVT     37 75.9   104    83     411    (-,-) 
  g1587__4733/Y       -       B->Y  R     NOR2BX1           1  3.8   200   173     584    (-,-) 
  g1468__4733/Y       -       B0->Y F     AOI21X2LVT        1  3.7    98   112     696    (-,-) 
  g1398__4319/Y       -       B->Y  R     NOR2X2LVT         1  3.2    71    79     775    (-,-) 
  out_sr_reg[0][11]/D -       -     R     DFFHQX1LVT        1    -     -     0     775    (-,-) 
#-----------------------------------------------------------------------------------------------



Path 6: MET (41 ps) Setup Check with Pin out_sr_reg[0][10]/CK->D
          Group: clock
     Startpoint: (R) cnt_reg[1]/CK
          Clock: (R) clock
       Endpoint: (R) out_sr_reg[0][10]/D
          Clock: (R) clock

                     Capture       Launch     
        Clock Edge:+     900            0     
       Src Latency:+       0            0     
       Net Latency:+       0 (I)        0 (I) 
           Arrival:=     900            0     
                                              
             Setup:-     108                  
     Required Time:=     792                  
      Launch Clock:-       0                  
         Data Path:-     751                  
             Slack:=      41                  

#-----------------------------------------------------------------------------------------------
#    Timing Point     Flags   Arc   Edge     Cell      Fanout Load Trans Delay Arrival Instance 
#                                                             (fF)  (ps)  (ps)   (ps)  Location 
#-----------------------------------------------------------------------------------------------
  cnt_reg[1]/CK       -       -     R     (arrival)        55    -     0     0       0    (-,-) 
  cnt_reg[1]/Q        -       CK->Q R     DFFHQX1LVT        4 10.3   153   187     187    (-,-) 
  g1873__4733/Y       -       A->Y  R     CLKAND2X6LVT     11 28.3    81   141     328    (-,-) 
  g1857/Y             -       A->Y  F     CLKINVX16LVT     37 75.9   104    83     411    (-,-) 
  g1586__7482/Y       -       B->Y  R     NOR2BX1LVT        1  3.3   121   114     525    (-,-) 
  g1467__7482/Y       -       B0->Y F     AOI21X1LVT        1  3.3   147    96     620    (-,-) 
  g1396__5107/Y       -       B->Y  R     NOR2X1LVT         1  3.2   123   131     751    (-,-) 
  out_sr_reg[0][10]/D -       -     R     DFFHQX1LVT        1    -     -     0     751    (-,-) 
#-----------------------------------------------------------------------------------------------



Path 7: MET (41 ps) Setup Check with Pin out_sr_reg[0][9]/CK->D
          Group: clock
     Startpoint: (R) cnt_reg[1]/CK
          Clock: (R) clock
       Endpoint: (R) out_sr_reg[0][9]/D
          Clock: (R) clock

                     Capture       Launch     
        Clock Edge:+     900            0     
       Src Latency:+       0            0     
       Net Latency:+       0 (I)        0 (I) 
           Arrival:=     900            0     
                                              
             Setup:-     108                  
     Required Time:=     792                  
      Launch Clock:-       0                  
         Data Path:-     751                  
             Slack:=      41                  

#----------------------------------------------------------------------------------------------
#   Timing Point     Flags   Arc   Edge     Cell      Fanout Load Trans Delay Arrival Instance 
#                                                            (fF)  (ps)  (ps)   (ps)  Location 
#----------------------------------------------------------------------------------------------
  cnt_reg[1]/CK      -       -     R     (arrival)        55    -     0     0       0    (-,-) 
  cnt_reg[1]/Q       -       CK->Q R     DFFHQX1LVT        4 10.3   153   187     187    (-,-) 
  g1873__4733/Y      -       A->Y  R     CLKAND2X6LVT     11 28.3    81   141     328    (-,-) 
  g1857/Y            -       A->Y  F     CLKINVX16LVT     37 75.9   104    83     411    (-,-) 
  g1569__2398/Y      -       B->Y  R     NOR2BX1LVT        1  3.3   121   114     525    (-,-) 
  g1466__5115/Y      -       B0->Y F     AOI21X1LVT        1  3.3   147    96     620    (-,-) 
  g1397__6260/Y      -       B->Y  R     NOR2X1LVT         1  3.2   123   131     751    (-,-) 
  out_sr_reg[0][9]/D -       -     R     DFFHQX1LVT        1    -     -     0     751    (-,-) 
#----------------------------------------------------------------------------------------------



Path 8: MET (41 ps) Setup Check with Pin out_sr_reg[0][8]/CK->D
          Group: clock
     Startpoint: (R) cnt_reg[1]/CK
          Clock: (R) clock
       Endpoint: (R) out_sr_reg[0][8]/D
          Clock: (R) clock

                     Capture       Launch     
        Clock Edge:+     900            0     
       Src Latency:+       0            0     
       Net Latency:+       0 (I)        0 (I) 
           Arrival:=     900            0     
                                              
             Setup:-     108                  
     Required Time:=     792                  
      Launch Clock:-       0                  
         Data Path:-     751                  
             Slack:=      41                  

#----------------------------------------------------------------------------------------------
#   Timing Point     Flags   Arc   Edge     Cell      Fanout Load Trans Delay Arrival Instance 
#                                                            (fF)  (ps)  (ps)   (ps)  Location 
#----------------------------------------------------------------------------------------------
  cnt_reg[1]/CK      -       -     R     (arrival)        55    -     0     0       0    (-,-) 
  cnt_reg[1]/Q       -       CK->Q R     DFFHQX1LVT        4 10.3   153   187     187    (-,-) 
  g1873__4733/Y      -       A->Y  R     CLKAND2X6LVT     11 28.3    81   141     328    (-,-) 
  g1857/Y            -       A->Y  F     CLKINVX16LVT     37 75.9   104    83     411    (-,-) 
  g1585__5115/Y      -       B->Y  R     NOR2BX1LVT        1  3.3   121   114     525    (-,-) 
  g1465__1881/Y      -       B0->Y F     AOI21X1LVT        1  3.3   147    96     620    (-,-) 
  g1400__5526/Y      -       B->Y  R     NOR2X1LVT         1  3.2   123   131     751    (-,-) 
  out_sr_reg[0][8]/D -       -     R     DFFHQX1LVT        1    -     -     0     751    (-,-) 
#----------------------------------------------------------------------------------------------



Path 9: MET (41 ps) Setup Check with Pin out_sr_reg[0][7]/CK->D
          Group: clock
     Startpoint: (R) cnt_reg[1]/CK
          Clock: (R) clock
       Endpoint: (R) out_sr_reg[0][7]/D
          Clock: (R) clock

                     Capture       Launch     
        Clock Edge:+     900            0     
       Src Latency:+       0            0     
       Net Latency:+       0 (I)        0 (I) 
           Arrival:=     900            0     
                                              
             Setup:-     108                  
     Required Time:=     792                  
      Launch Clock:-       0                  
         Data Path:-     751                  
             Slack:=      41                  

#----------------------------------------------------------------------------------------------
#   Timing Point     Flags   Arc   Edge     Cell      Fanout Load Trans Delay Arrival Instance 
#                                                            (fF)  (ps)  (ps)   (ps)  Location 
#----------------------------------------------------------------------------------------------
  cnt_reg[1]/CK      -       -     R     (arrival)        55    -     0     0       0    (-,-) 
  cnt_reg[1]/Q       -       CK->Q R     DFFHQX1LVT        4 10.3   153   187     187    (-,-) 
  g1873__4733/Y      -       A->Y  R     CLKAND2X6LVT     11 28.3    81   141     328    (-,-) 
  g1857/Y            -       A->Y  F     CLKINVX16LVT     37 75.9   104    83     411    (-,-) 
  g1584__1881/Y      -       B->Y  R     NOR2BX1LVT        1  3.3   121   114     525    (-,-) 
  g1464__6131/Y      -       B0->Y F     AOI21X1LVT        1  3.3   147    96     620    (-,-) 
  g1395__2398/Y      -       B->Y  R     NOR2X1LVT         1  3.2   123   131     751    (-,-) 
  out_sr_reg[0][7]/D -       -     R     DFFHQX1LVT        1    -     -     0     751    (-,-) 
#----------------------------------------------------------------------------------------------



Path 10: MET (41 ps) Setup Check with Pin out_sr_reg[0][6]/CK->D
          Group: clock
     Startpoint: (R) cnt_reg[1]/CK
          Clock: (R) clock
       Endpoint: (R) out_sr_reg[0][6]/D
          Clock: (R) clock

                     Capture       Launch     
        Clock Edge:+     900            0     
       Src Latency:+       0            0     
       Net Latency:+       0 (I)        0 (I) 
           Arrival:=     900            0     
                                              
             Setup:-     108                  
     Required Time:=     792                  
      Launch Clock:-       0                  
         Data Path:-     751                  
             Slack:=      41                  

#----------------------------------------------------------------------------------------------
#   Timing Point     Flags   Arc   Edge     Cell      Fanout Load Trans Delay Arrival Instance 
#                                                            (fF)  (ps)  (ps)   (ps)  Location 
#----------------------------------------------------------------------------------------------
  cnt_reg[1]/CK      -       -     R     (arrival)        55    -     0     0       0    (-,-) 
  cnt_reg[1]/Q       -       CK->Q R     DFFHQX1LVT        4 10.3   153   187     187    (-,-) 
  g1873__4733/Y      -       A->Y  R     CLKAND2X6LVT     11 28.3    81   141     328    (-,-) 
  g1857/Y            -       A->Y  F     CLKINVX16LVT     37 75.9   104    83     411    (-,-) 
  g1580__5122/Y      -       B->Y  R     NOR2BX1LVT        1  3.3   121   114     525    (-,-) 
  g1463__7098/Y      -       B0->Y F     AOI21X1LVT        1  3.3   147    96     620    (-,-) 
  g1394__5477/Y      -       B->Y  R     NOR2X1LVT         1  3.2   123   131     751    (-,-) 
  out_sr_reg[0][6]/D -       -     R     DFFHQX1LVT        1    -     -     0     751    (-,-) 
#----------------------------------------------------------------------------------------------



Path 11: MET (41 ps) Setup Check with Pin out_sr_reg[0][5]/CK->D
          Group: clock
     Startpoint: (R) cnt_reg[1]/CK
          Clock: (R) clock
       Endpoint: (R) out_sr_reg[0][5]/D
          Clock: (R) clock

                     Capture       Launch     
        Clock Edge:+     900            0     
       Src Latency:+       0            0     
       Net Latency:+       0 (I)        0 (I) 
           Arrival:=     900            0     
                                              
             Setup:-     108                  
     Required Time:=     792                  
      Launch Clock:-       0                  
         Data Path:-     751                  
             Slack:=      41                  

#----------------------------------------------------------------------------------------------
#   Timing Point     Flags   Arc   Edge     Cell      Fanout Load Trans Delay Arrival Instance 
#                                                            (fF)  (ps)  (ps)   (ps)  Location 
#----------------------------------------------------------------------------------------------
  cnt_reg[1]/CK      -       -     R     (arrival)        55    -     0     0       0    (-,-) 
  cnt_reg[1]/Q       -       CK->Q R     DFFHQX1LVT        4 10.3   153   187     187    (-,-) 
  g1873__4733/Y      -       A->Y  R     CLKAND2X6LVT     11 28.3    81   141     328    (-,-) 
  g1857/Y            -       A->Y  F     CLKINVX16LVT     37 75.9   104    83     411    (-,-) 
  g1577__1617/Y      -       B->Y  R     NOR2BX1LVT        1  3.3   121   114     525    (-,-) 
  g1462__8246/Y      -       B0->Y F     AOI21X1LVT        1  3.3   147    96     620    (-,-) 
  g1388__9945/Y      -       B->Y  R     NOR2X1LVT         1  3.2   123   131     751    (-,-) 
  out_sr_reg[0][5]/D -       -     R     DFFHQX1LVT        1    -     -     0     751    (-,-) 
#----------------------------------------------------------------------------------------------



Path 12: MET (56 ps) Setup Check with Pin out_sr_reg[2][15]/CK->D
          Group: clock
     Startpoint: (R) cnt_reg[1]/CK
          Clock: (R) clock
       Endpoint: (R) out_sr_reg[2][15]/D
          Clock: (R) clock

                     Capture       Launch     
        Clock Edge:+     900            0     
       Src Latency:+       0            0     
       Net Latency:+       0 (I)        0 (I) 
           Arrival:=     900            0     
                                              
             Setup:-     108                  
     Required Time:=     792                  
      Launch Clock:-       0                  
         Data Path:-     736                  
             Slack:=      56                  

#-----------------------------------------------------------------------------------------------
#    Timing Point     Flags   Arc   Edge     Cell      Fanout Load Trans Delay Arrival Instance 
#                                                             (fF)  (ps)  (ps)   (ps)  Location 
#-----------------------------------------------------------------------------------------------
  cnt_reg[1]/CK       -       -     R     (arrival)        55    -     0     0       0    (-,-) 
  cnt_reg[1]/Q        -       CK->Q F     DFFHQX1LVT        4 10.2   170   210     210    (-,-) 
  g1873__4733/Y       -       A->Y  F     CLKAND2X6LVT     11 27.3    91   157     367    (-,-) 
  g1857/Y             -       A->Y  R     CLKINVX16LVT     37 78.8    94    82     449    (-,-) 
  g1854/Y             -       A->Y  F     CLKINVX8LVT      14 27.1    82    71     520    (-,-) 
  g1803__2883/Y       -       S0->Y F     CLKMX2X2LVT       1  3.3    46   132     652    (-,-) 
  g1787__6783/Y       -       B->Y  R     NOR2X1LVT         1  3.1   108    84     736    (-,-) 
  out_sr_reg[2][15]/D -       -     R     DFFRX1LVT         1    -     -     0     736    (-,-) 
#-----------------------------------------------------------------------------------------------



Path 13: MET (56 ps) Setup Check with Pin out_sr_reg[2][14]/CK->D
          Group: clock
     Startpoint: (R) cnt_reg[1]/CK
          Clock: (R) clock
       Endpoint: (R) out_sr_reg[2][14]/D
          Clock: (R) clock

                     Capture       Launch     
        Clock Edge:+     900            0     
       Src Latency:+       0            0     
       Net Latency:+       0 (I)        0 (I) 
           Arrival:=     900            0     
                                              
             Setup:-     108                  
     Required Time:=     792                  
      Launch Clock:-       0                  
         Data Path:-     736                  
             Slack:=      56                  

#-----------------------------------------------------------------------------------------------
#    Timing Point     Flags   Arc   Edge     Cell      Fanout Load Trans Delay Arrival Instance 
#                                                             (fF)  (ps)  (ps)   (ps)  Location 
#-----------------------------------------------------------------------------------------------
  cnt_reg[1]/CK       -       -     R     (arrival)        55    -     0     0       0    (-,-) 
  cnt_reg[1]/Q        -       CK->Q F     DFFHQX1LVT        4 10.2   170   210     210    (-,-) 
  g1873__4733/Y       -       A->Y  F     CLKAND2X6LVT     11 27.3    91   157     367    (-,-) 
  g1857/Y             -       A->Y  R     CLKINVX16LVT     37 78.8    94    82     449    (-,-) 
  g1854/Y             -       A->Y  F     CLKINVX8LVT      14 27.1    82    71     520    (-,-) 
  g1802__9945/Y       -       S0->Y F     CLKMX2X2LVT       1  3.3    46   132     652    (-,-) 
  g1786__5526/Y       -       B->Y  R     NOR2X1LVT         1  3.1   108    84     736    (-,-) 
  out_sr_reg[2][14]/D -       -     R     DFFRX1LVT         1    -     -     0     736    (-,-) 
#-----------------------------------------------------------------------------------------------



Path 14: MET (56 ps) Setup Check with Pin out_sr_reg[2][13]/CK->D
          Group: clock
     Startpoint: (R) cnt_reg[1]/CK
          Clock: (R) clock
       Endpoint: (R) out_sr_reg[2][13]/D
          Clock: (R) clock

                     Capture       Launch     
        Clock Edge:+     900            0     
       Src Latency:+       0            0     
       Net Latency:+       0 (I)        0 (I) 
           Arrival:=     900            0     
                                              
             Setup:-     108                  
     Required Time:=     792                  
      Launch Clock:-       0                  
         Data Path:-     736                  
             Slack:=      56                  

#-----------------------------------------------------------------------------------------------
#    Timing Point     Flags   Arc   Edge     Cell      Fanout Load Trans Delay Arrival Instance 
#                                                             (fF)  (ps)  (ps)   (ps)  Location 
#-----------------------------------------------------------------------------------------------
  cnt_reg[1]/CK       -       -     R     (arrival)        55    -     0     0       0    (-,-) 
  cnt_reg[1]/Q        -       CK->Q F     DFFHQX1LVT        4 10.2   170   210     210    (-,-) 
  g1873__4733/Y       -       A->Y  F     CLKAND2X6LVT     11 27.3    91   157     367    (-,-) 
  g1857/Y             -       A->Y  R     CLKINVX16LVT     37 78.8    94    82     449    (-,-) 
  g1854/Y             -       A->Y  F     CLKINVX8LVT      14 27.1    82    71     520    (-,-) 
  g1805__1666/Y       -       S0->Y F     CLKMX2X2LVT       1  3.3    46   132     652    (-,-) 
  g1789__1617/Y       -       B->Y  R     NOR2X1LVT         1  3.1   108    84     736    (-,-) 
  out_sr_reg[2][13]/D -       -     R     DFFRX1LVT         1    -     -     0     736    (-,-) 
#-----------------------------------------------------------------------------------------------



Path 15: MET (56 ps) Setup Check with Pin out_sr_reg[2][12]/CK->D
          Group: clock
     Startpoint: (R) cnt_reg[1]/CK
          Clock: (R) clock
       Endpoint: (R) out_sr_reg[2][12]/D
          Clock: (R) clock

                     Capture       Launch     
        Clock Edge:+     900            0     
       Src Latency:+       0            0     
       Net Latency:+       0 (I)        0 (I) 
           Arrival:=     900            0     
                                              
             Setup:-     108                  
     Required Time:=     792                  
      Launch Clock:-       0                  
         Data Path:-     736                  
             Slack:=      56                  

#-----------------------------------------------------------------------------------------------
#    Timing Point     Flags   Arc   Edge     Cell      Fanout Load Trans Delay Arrival Instance 
#                                                             (fF)  (ps)  (ps)   (ps)  Location 
#-----------------------------------------------------------------------------------------------
  cnt_reg[1]/CK       -       -     R     (arrival)        55    -     0     0       0    (-,-) 
  cnt_reg[1]/Q        -       CK->Q F     DFFHQX1LVT        4 10.2   170   210     210    (-,-) 
  g1873__4733/Y       -       A->Y  F     CLKAND2X6LVT     11 27.3    91   157     367    (-,-) 
  g1857/Y             -       A->Y  R     CLKINVX16LVT     37 78.8    94    82     449    (-,-) 
  g1854/Y             -       A->Y  F     CLKINVX8LVT      14 27.1    82    71     520    (-,-) 
  g1816__3680/Y       -       S0->Y F     CLKMX2X2LVT       1  3.3    46   132     652    (-,-) 
  g1800__6161/Y       -       B->Y  R     NOR2X1LVT         1  3.1   108    84     736    (-,-) 
  out_sr_reg[2][12]/D -       -     R     DFFRX1LVT         1    -     -     0     736    (-,-) 
#-----------------------------------------------------------------------------------------------



Path 16: MET (56 ps) Setup Check with Pin out_sr_reg[2][11]/CK->D
          Group: clock
     Startpoint: (R) cnt_reg[1]/CK
          Clock: (R) clock
       Endpoint: (R) out_sr_reg[2][11]/D
          Clock: (R) clock

                     Capture       Launch     
        Clock Edge:+     900            0     
       Src Latency:+       0            0     
       Net Latency:+       0 (I)        0 (I) 
           Arrival:=     900            0     
                                              
             Setup:-     108                  
     Required Time:=     792                  
      Launch Clock:-       0                  
         Data Path:-     736                  
             Slack:=      56                  

#-----------------------------------------------------------------------------------------------
#    Timing Point     Flags   Arc   Edge     Cell      Fanout Load Trans Delay Arrival Instance 
#                                                             (fF)  (ps)  (ps)   (ps)  Location 
#-----------------------------------------------------------------------------------------------
  cnt_reg[1]/CK       -       -     R     (arrival)        55    -     0     0       0    (-,-) 
  cnt_reg[1]/Q        -       CK->Q F     DFFHQX1LVT        4 10.2   170   210     210    (-,-) 
  g1873__4733/Y       -       A->Y  F     CLKAND2X6LVT     11 27.3    91   157     367    (-,-) 
  g1857/Y             -       A->Y  R     CLKINVX16LVT     37 78.8    94    82     449    (-,-) 
  g1854/Y             -       A->Y  F     CLKINVX8LVT      14 27.1    82    71     520    (-,-) 
  g1815__6783/Y       -       S0->Y F     CLKMX2X2LVT       1  3.3    46   132     652    (-,-) 
  g1799__4733/Y       -       B->Y  R     NOR2X1LVT         1  3.1   108    84     736    (-,-) 
  out_sr_reg[2][11]/D -       -     R     DFFRX1LVT         1    -     -     0     736    (-,-) 
#-----------------------------------------------------------------------------------------------



Path 17: MET (56 ps) Setup Check with Pin out_sr_reg[2][8]/CK->D
          Group: clock
     Startpoint: (R) cnt_reg[1]/CK
          Clock: (R) clock
       Endpoint: (R) out_sr_reg[2][8]/D
          Clock: (R) clock

                     Capture       Launch     
        Clock Edge:+     900            0     
       Src Latency:+       0            0     
       Net Latency:+       0 (I)        0 (I) 
           Arrival:=     900            0     
                                              
             Setup:-     108                  
     Required Time:=     792                  
      Launch Clock:-       0                  
         Data Path:-     736                  
             Slack:=      56                  

#----------------------------------------------------------------------------------------------
#   Timing Point     Flags   Arc   Edge     Cell      Fanout Load Trans Delay Arrival Instance 
#                                                            (fF)  (ps)  (ps)   (ps)  Location 
#----------------------------------------------------------------------------------------------
  cnt_reg[1]/CK      -       -     R     (arrival)        55    -     0     0       0    (-,-) 
  cnt_reg[1]/Q       -       CK->Q F     DFFHQX1LVT        4 10.2   170   210     210    (-,-) 
  g1873__4733/Y      -       A->Y  F     CLKAND2X6LVT     11 27.3    91   157     367    (-,-) 
  g1857/Y            -       A->Y  R     CLKINVX16LVT     37 78.8    94    82     449    (-,-) 
  g1854/Y            -       A->Y  F     CLKINVX8LVT      14 27.1    82    71     520    (-,-) 
  g1812__4319/Y      -       S0->Y F     CLKMX2X2LVT       1  3.3    46   132     652    (-,-) 
  g1796__1881/Y      -       B->Y  R     NOR2X1LVT         1  3.1   108    84     736    (-,-) 
  out_sr_reg[2][8]/D -       -     R     DFFRX1LVT         1    -     -     0     736    (-,-) 
#----------------------------------------------------------------------------------------------



Path 18: MET (56 ps) Setup Check with Pin out_sr_reg[2][5]/CK->D
          Group: clock
     Startpoint: (R) cnt_reg[1]/CK
          Clock: (R) clock
       Endpoint: (R) out_sr_reg[2][5]/D
          Clock: (R) clock

                     Capture       Launch     
        Clock Edge:+     900            0     
       Src Latency:+       0            0     
       Net Latency:+       0 (I)        0 (I) 
           Arrival:=     900            0     
                                              
             Setup:-     108                  
     Required Time:=     792                  
      Launch Clock:-       0                  
         Data Path:-     736                  
             Slack:=      56                  

#----------------------------------------------------------------------------------------------
#   Timing Point     Flags   Arc   Edge     Cell      Fanout Load Trans Delay Arrival Instance 
#                                                            (fF)  (ps)  (ps)   (ps)  Location 
#----------------------------------------------------------------------------------------------
  cnt_reg[1]/CK      -       -     R     (arrival)        55    -     0     0       0    (-,-) 
  cnt_reg[1]/Q       -       CK->Q F     DFFHQX1LVT        4 10.2   170   210     210    (-,-) 
  g1873__4733/Y      -       A->Y  F     CLKAND2X6LVT     11 27.3    91   157     367    (-,-) 
  g1857/Y            -       A->Y  R     CLKINVX16LVT     37 78.8    94    82     449    (-,-) 
  g1854/Y            -       A->Y  F     CLKINVX8LVT      14 27.1    82    71     520    (-,-) 
  g1813__8428/Y      -       S0->Y F     CLKMX2X2LVT       1  3.3    46   132     652    (-,-) 
  g1797__5115/Y      -       B->Y  R     NOR2X1LVT         1  3.1   108    84     736    (-,-) 
  out_sr_reg[2][5]/D -       -     R     DFFRX1LVT         1    -     -     0     736    (-,-) 
#----------------------------------------------------------------------------------------------



Path 19: MET (59 ps) Setup Check with Pin out_sr_reg[1][15]/CK->D
          Group: clock
     Startpoint: (R) cnt_reg[1]/CK
          Clock: (R) clock
       Endpoint: (R) out_sr_reg[1][15]/D
          Clock: (R) clock

                     Capture       Launch     
        Clock Edge:+     900            0     
       Src Latency:+       0            0     
       Net Latency:+       0 (I)        0 (I) 
           Arrival:=     900            0     
                                              
             Setup:-     103                  
     Required Time:=     797                  
      Launch Clock:-       0                  
         Data Path:-     738                  
             Slack:=      59                  

#-----------------------------------------------------------------------------------------------
#    Timing Point     Flags   Arc   Edge     Cell      Fanout Load Trans Delay Arrival Instance 
#                                                             (fF)  (ps)  (ps)   (ps)  Location 
#-----------------------------------------------------------------------------------------------
  cnt_reg[1]/CK       -       -     R     (arrival)        55    -     0     0       0    (-,-) 
  cnt_reg[1]/Q        -       CK->Q F     DFFHQX1LVT        4 10.2   170   210     210    (-,-) 
  g1873__4733/Y       -       A->Y  F     CLKAND2X6LVT     11 27.3    91   157     367    (-,-) 
  g1857/Y             -       A->Y  R     CLKINVX16LVT     37 78.8    94    82     449    (-,-) 
  g1854/Y             -       A->Y  F     CLKINVX8LVT      14 27.1    82    71     520    (-,-) 
  g1761__1666/Y       -       S0->Y F     CLKMX2X2LVT       1  3.3    46   132     652    (-,-) 
  g1745__1617/Y       -       B->Y  R     NOR2X1LVT         1  3.2   111    86     738    (-,-) 
  out_sr_reg[1][15]/D -       -     R     DFFHQX1LVT        1    -     -     0     738    (-,-) 
#-----------------------------------------------------------------------------------------------



Path 20: MET (59 ps) Setup Check with Pin out_sr_reg[1][12]/CK->D
          Group: clock
     Startpoint: (R) cnt_reg[1]/CK
          Clock: (R) clock
       Endpoint: (R) out_sr_reg[1][12]/D
          Clock: (R) clock

                     Capture       Launch     
        Clock Edge:+     900            0     
       Src Latency:+       0            0     
       Net Latency:+       0 (I)        0 (I) 
           Arrival:=     900            0     
                                              
             Setup:-     103                  
     Required Time:=     797                  
      Launch Clock:-       0                  
         Data Path:-     738                  
             Slack:=      59                  

#-----------------------------------------------------------------------------------------------
#    Timing Point     Flags   Arc   Edge     Cell      Fanout Load Trans Delay Arrival Instance 
#                                                             (fF)  (ps)  (ps)   (ps)  Location 
#-----------------------------------------------------------------------------------------------
  cnt_reg[1]/CK       -       -     R     (arrival)        55    -     0     0       0    (-,-) 
  cnt_reg[1]/Q        -       CK->Q F     DFFHQX1LVT        4 10.2   170   210     210    (-,-) 
  g1873__4733/Y       -       A->Y  F     CLKAND2X6LVT     11 27.3    91   157     367    (-,-) 
  g1857/Y             -       A->Y  R     CLKINVX16LVT     37 78.8    94    82     449    (-,-) 
  g1854/Y             -       A->Y  F     CLKINVX8LVT      14 27.1    82    71     520    (-,-) 
  g1762__7410/Y       -       S0->Y F     CLKMX2X2LVT       1  3.3    46   132     652    (-,-) 
  g1746__2802/Y       -       B->Y  R     NOR2X1LVT         1  3.2   111    86     738    (-,-) 
  out_sr_reg[1][12]/D -       -     R     DFFHQX1LVT        1    -     -     0     738    (-,-) 
#-----------------------------------------------------------------------------------------------



Path 21: MET (59 ps) Setup Check with Pin out_sr_reg[1][11]/CK->D
          Group: clock
     Startpoint: (R) cnt_reg[1]/CK
          Clock: (R) clock
       Endpoint: (R) out_sr_reg[1][11]/D
          Clock: (R) clock

                     Capture       Launch     
        Clock Edge:+     900            0     
       Src Latency:+       0            0     
       Net Latency:+       0 (I)        0 (I) 
           Arrival:=     900            0     
                                              
             Setup:-     103                  
     Required Time:=     797                  
      Launch Clock:-       0                  
         Data Path:-     738                  
             Slack:=      59                  

#-----------------------------------------------------------------------------------------------
#    Timing Point     Flags   Arc   Edge     Cell      Fanout Load Trans Delay Arrival Instance 
#                                                             (fF)  (ps)  (ps)   (ps)  Location 
#-----------------------------------------------------------------------------------------------
  cnt_reg[1]/CK       -       -     R     (arrival)        55    -     0     0       0    (-,-) 
  cnt_reg[1]/Q        -       CK->Q F     DFFHQX1LVT        4 10.2   170   210     210    (-,-) 
  g1873__4733/Y       -       A->Y  F     CLKAND2X6LVT     11 27.3    91   157     367    (-,-) 
  g1857/Y             -       A->Y  R     CLKINVX16LVT     37 78.8    94    82     449    (-,-) 
  g1854/Y             -       A->Y  F     CLKINVX8LVT      14 27.1    82    71     520    (-,-) 
  g1765__2398/Y       -       S0->Y F     CLKMX2X2LVT       1  3.3    46   132     652    (-,-) 
  g1749__8246/Y       -       B->Y  R     NOR2X1LVT         1  3.2   111    86     738    (-,-) 
  out_sr_reg[1][11]/D -       -     R     DFFHQX1LVT        1    -     -     0     738    (-,-) 
#-----------------------------------------------------------------------------------------------



Path 22: MET (59 ps) Setup Check with Pin out_sr_reg[1][10]/CK->D
          Group: clock
     Startpoint: (R) cnt_reg[1]/CK
          Clock: (R) clock
       Endpoint: (R) out_sr_reg[1][10]/D
          Clock: (R) clock

                     Capture       Launch     
        Clock Edge:+     900            0     
       Src Latency:+       0            0     
       Net Latency:+       0 (I)        0 (I) 
           Arrival:=     900            0     
                                              
             Setup:-     103                  
     Required Time:=     797                  
      Launch Clock:-       0                  
         Data Path:-     738                  
             Slack:=      59                  

#-----------------------------------------------------------------------------------------------
#    Timing Point     Flags   Arc   Edge     Cell      Fanout Load Trans Delay Arrival Instance 
#                                                             (fF)  (ps)  (ps)   (ps)  Location 
#-----------------------------------------------------------------------------------------------
  cnt_reg[1]/CK       -       -     R     (arrival)        55    -     0     0       0    (-,-) 
  cnt_reg[1]/Q        -       CK->Q F     DFFHQX1LVT        4 10.2   170   210     210    (-,-) 
  g1873__4733/Y       -       A->Y  F     CLKAND2X6LVT     11 27.3    91   157     367    (-,-) 
  g1857/Y             -       A->Y  R     CLKINVX16LVT     37 78.8    94    82     449    (-,-) 
  g1854/Y             -       A->Y  F     CLKINVX8LVT      14 27.1    82    71     520    (-,-) 
  g1760__2346/Y       -       S0->Y F     CLKMX2X2LVT       1  3.3    46   132     652    (-,-) 
  g1744__3680/Y       -       B->Y  R     NOR2X1LVT         1  3.2   111    86     738    (-,-) 
  out_sr_reg[1][10]/D -       -     R     DFFHQX1LVT        1    -     -     0     738    (-,-) 
#-----------------------------------------------------------------------------------------------



Path 23: MET (59 ps) Setup Check with Pin out_sr_reg[1][9]/CK->D
          Group: clock
     Startpoint: (R) cnt_reg[1]/CK
          Clock: (R) clock
       Endpoint: (R) out_sr_reg[1][9]/D
          Clock: (R) clock

                     Capture       Launch     
        Clock Edge:+     900            0     
       Src Latency:+       0            0     
       Net Latency:+       0 (I)        0 (I) 
           Arrival:=     900            0     
                                              
             Setup:-     103                  
     Required Time:=     797                  
      Launch Clock:-       0                  
         Data Path:-     738                  
             Slack:=      59                  

#----------------------------------------------------------------------------------------------
#   Timing Point     Flags   Arc   Edge     Cell      Fanout Load Trans Delay Arrival Instance 
#                                                            (fF)  (ps)  (ps)   (ps)  Location 
#----------------------------------------------------------------------------------------------
  cnt_reg[1]/CK      -       -     R     (arrival)        55    -     0     0       0    (-,-) 
  cnt_reg[1]/Q       -       CK->Q F     DFFHQX1LVT        4 10.2   170   210     210    (-,-) 
  g1873__4733/Y      -       A->Y  F     CLKAND2X6LVT     11 27.3    91   157     367    (-,-) 
  g1857/Y            -       A->Y  R     CLKINVX16LVT     37 78.8    94    82     449    (-,-) 
  g1854/Y            -       A->Y  F     CLKINVX8LVT      14 27.1    82    71     520    (-,-) 
  g1759__2883/Y      -       S0->Y F     CLKMX2X2LVT       1  3.3    46   132     652    (-,-) 
  g1743__6783/Y      -       B->Y  R     NOR2X1LVT         1  3.2   111    86     738    (-,-) 
  out_sr_reg[1][9]/D -       -     R     DFFHQX1LVT        1    -     -     0     738    (-,-) 
#----------------------------------------------------------------------------------------------



Path 24: MET (59 ps) Setup Check with Pin out_sr_reg[1][8]/CK->D
          Group: clock
     Startpoint: (R) cnt_reg[1]/CK
          Clock: (R) clock
       Endpoint: (R) out_sr_reg[1][8]/D
          Clock: (R) clock

                     Capture       Launch     
        Clock Edge:+     900            0     
       Src Latency:+       0            0     
       Net Latency:+       0 (I)        0 (I) 
           Arrival:=     900            0     
                                              
             Setup:-     103                  
     Required Time:=     797                  
      Launch Clock:-       0                  
         Data Path:-     738                  
             Slack:=      59                  

#----------------------------------------------------------------------------------------------
#   Timing Point     Flags   Arc   Edge     Cell      Fanout Load Trans Delay Arrival Instance 
#                                                            (fF)  (ps)  (ps)   (ps)  Location 
#----------------------------------------------------------------------------------------------
  cnt_reg[1]/CK      -       -     R     (arrival)        55    -     0     0       0    (-,-) 
  cnt_reg[1]/Q       -       CK->Q F     DFFHQX1LVT        4 10.2   170   210     210    (-,-) 
  g1873__4733/Y      -       A->Y  F     CLKAND2X6LVT     11 27.3    91   157     367    (-,-) 
  g1857/Y            -       A->Y  R     CLKINVX16LVT     37 78.8    94    82     449    (-,-) 
  g1854/Y            -       A->Y  F     CLKINVX8LVT      14 27.1    82    71     520    (-,-) 
  g1758__9945/Y      -       S0->Y F     CLKMX2X2LVT       1  3.3    46   132     652    (-,-) 
  g1742__5526/Y      -       B->Y  R     NOR2X1LVT         1  3.2   111    86     738    (-,-) 
  out_sr_reg[1][8]/D -       -     R     DFFHQX1LVT        1    -     -     0     738    (-,-) 
#----------------------------------------------------------------------------------------------



Path 25: MET (59 ps) Setup Check with Pin out_sr_reg[1][7]/CK->D
          Group: clock
     Startpoint: (R) cnt_reg[1]/CK
          Clock: (R) clock
       Endpoint: (R) out_sr_reg[1][7]/D
          Clock: (R) clock

                     Capture       Launch     
        Clock Edge:+     900            0     
       Src Latency:+       0            0     
       Net Latency:+       0 (I)        0 (I) 
           Arrival:=     900            0     
                                              
             Setup:-     103                  
     Required Time:=     797                  
      Launch Clock:-       0                  
         Data Path:-     738                  
             Slack:=      59                  

#----------------------------------------------------------------------------------------------
#   Timing Point     Flags   Arc   Edge     Cell      Fanout Load Trans Delay Arrival Instance 
#                                                            (fF)  (ps)  (ps)   (ps)  Location 
#----------------------------------------------------------------------------------------------
  cnt_reg[1]/CK      -       -     R     (arrival)        55    -     0     0       0    (-,-) 
  cnt_reg[1]/Q       -       CK->Q F     DFFHQX1LVT        4 10.2   170   210     210    (-,-) 
  g1873__4733/Y      -       A->Y  F     CLKAND2X6LVT     11 27.3    91   157     367    (-,-) 
  g1857/Y            -       A->Y  R     CLKINVX16LVT     37 78.8    94    82     449    (-,-) 
  g1854/Y            -       A->Y  F     CLKINVX8LVT      14 27.1    82    71     520    (-,-) 
  g1753__5115/Y      -       S0->Y F     CLKMX2X2LVT       1  3.3    46   132     652    (-,-) 
  g1737__2398/Y      -       B->Y  R     NOR2X1LVT         1  3.2   111    86     738    (-,-) 
  out_sr_reg[1][7]/D -       -     R     DFFHQX1LVT        1    -     -     0     738    (-,-) 
#----------------------------------------------------------------------------------------------



Path 26: MET (70 ps) Setup Check with Pin out_sr_reg[1][14]/CK->D
          Group: clock
     Startpoint: (R) cnt_reg[1]/CK
          Clock: (R) clock
       Endpoint: (R) out_sr_reg[1][14]/D
          Clock: (R) clock

                     Capture       Launch     
        Clock Edge:+     900            0     
       Src Latency:+       0            0     
       Net Latency:+       0 (I)        0 (I) 
           Arrival:=     900            0     
                                              
             Setup:-     126                  
     Required Time:=     774                  
      Launch Clock:-       0                  
         Data Path:-     704                  
             Slack:=      70                  

#-----------------------------------------------------------------------------------------------
#    Timing Point     Flags   Arc   Edge     Cell      Fanout Load Trans Delay Arrival Instance 
#                                                             (fF)  (ps)  (ps)   (ps)  Location 
#-----------------------------------------------------------------------------------------------
  cnt_reg[1]/CK       -       -     R     (arrival)        55    -     0     0       0    (-,-) 
  cnt_reg[1]/Q        -       CK->Q F     DFFHQX1LVT        4 10.2   170   210     210    (-,-) 
  g1873__4733/Y       -       A->Y  F     CLKAND2X6LVT     11 27.3    91   157     367    (-,-) 
  g1764__5477/Y       -       S0->Y F     MX2X1             1  3.2    98   183     550    (-,-) 
  g1748__5122/Y       -       B->Y  R     NOR2X1            1  3.2   173   154     704    (-,-) 
  out_sr_reg[1][14]/D -       -     R     DFFHQX1LVT        1    -     -     0     704    (-,-) 
#-----------------------------------------------------------------------------------------------



Path 27: MET (70 ps) Setup Check with Pin out_sr_reg[1][13]/CK->D
          Group: clock
     Startpoint: (R) cnt_reg[1]/CK
          Clock: (R) clock
       Endpoint: (R) out_sr_reg[1][13]/D
          Clock: (R) clock

                     Capture       Launch     
        Clock Edge:+     900            0     
       Src Latency:+       0            0     
       Net Latency:+       0 (I)        0 (I) 
           Arrival:=     900            0     
                                              
             Setup:-     126                  
     Required Time:=     774                  
      Launch Clock:-       0                  
         Data Path:-     704                  
             Slack:=      70                  

#-----------------------------------------------------------------------------------------------
#    Timing Point     Flags   Arc   Edge     Cell      Fanout Load Trans Delay Arrival Instance 
#                                                             (fF)  (ps)  (ps)   (ps)  Location 
#-----------------------------------------------------------------------------------------------
  cnt_reg[1]/CK       -       -     R     (arrival)        55    -     0     0       0    (-,-) 
  cnt_reg[1]/Q        -       CK->Q F     DFFHQX1LVT        4 10.2   170   210     210    (-,-) 
  g1873__4733/Y       -       A->Y  F     CLKAND2X6LVT     11 27.3    91   157     367    (-,-) 
  g1763__6417/Y       -       S0->Y F     MX2X1             1  3.2    98   183     550    (-,-) 
  g1747__1705/Y       -       B->Y  R     NOR2X1            1  3.2   173   154     704    (-,-) 
  out_sr_reg[1][13]/D -       -     R     DFFHQX1LVT        1    -     -     0     704    (-,-) 
#-----------------------------------------------------------------------------------------------



Path 28: MET (79 ps) Setup Check with Pin out_sr_reg[3][15]/CK->RN
          Group: clock
     Startpoint: (F) i_reset
          Clock: (R) clock
       Endpoint: (R) out_sr_reg[3][15]/RN
          Clock: (R) clock

                     Capture       Launch     
        Clock Edge:+     900            0     
        Drv Adjust:+       0            0     
       Src Latency:+       0            0     
       Net Latency:+       0 (I)        0 (I) 
           Arrival:=     900            0     
                                              
             Setup:-     194                  
     Required Time:=     706                  
      Launch Clock:-       0                  
       Input Delay:-     500                  
         Data Path:-     128                  
             Slack:=      79                  

Exceptions/Constraints:
  input_delay             500             fir_serial_parallel._line_2_8_1 

#-----------------------------------------------------------------------------------------------
#    Timing Point      Flags   Arc   Edge    Cell     Fanout  Load Trans Delay Arrival Instance 
#                                                             (fF)  (ps)  (ps)   (ps)  Location 
#-----------------------------------------------------------------------------------------------
  i_reset              -       -     F     (arrival)     133 248.3     0     0     500    (-,-) 
  g1897/Y              -       A->Y  R     INVX2          12  21.0   221   128     628    (-,-) 
  out_sr_reg[3][15]/RN -       -     R     DFFTRXLLVT     12     -     -     0     628    (-,-) 
#-----------------------------------------------------------------------------------------------



Path 29: MET (79 ps) Setup Check with Pin out_sr_reg[3][14]/CK->RN
          Group: clock
     Startpoint: (F) i_reset
          Clock: (R) clock
       Endpoint: (R) out_sr_reg[3][14]/RN
          Clock: (R) clock

                     Capture       Launch     
        Clock Edge:+     900            0     
        Drv Adjust:+       0            0     
       Src Latency:+       0            0     
       Net Latency:+       0 (I)        0 (I) 
           Arrival:=     900            0     
                                              
             Setup:-     194                  
     Required Time:=     706                  
      Launch Clock:-       0                  
       Input Delay:-     500                  
         Data Path:-     128                  
             Slack:=      79                  

Exceptions/Constraints:
  input_delay             500             fir_serial_parallel._line_2_8_1 

#-----------------------------------------------------------------------------------------------
#    Timing Point      Flags   Arc   Edge    Cell     Fanout  Load Trans Delay Arrival Instance 
#                                                             (fF)  (ps)  (ps)   (ps)  Location 
#-----------------------------------------------------------------------------------------------
  i_reset              -       -     F     (arrival)     133 248.3     0     0     500    (-,-) 
  g1897/Y              -       A->Y  R     INVX2          12  21.0   221   128     628    (-,-) 
  out_sr_reg[3][14]/RN -       -     R     DFFTRXLLVT     12     -     -     0     628    (-,-) 
#-----------------------------------------------------------------------------------------------



Path 30: MET (79 ps) Setup Check with Pin out_sr_reg[3][13]/CK->RN
          Group: clock
     Startpoint: (F) i_reset
          Clock: (R) clock
       Endpoint: (R) out_sr_reg[3][13]/RN
          Clock: (R) clock

                     Capture       Launch     
        Clock Edge:+     900            0     
        Drv Adjust:+       0            0     
       Src Latency:+       0            0     
       Net Latency:+       0 (I)        0 (I) 
           Arrival:=     900            0     
                                              
             Setup:-     194                  
     Required Time:=     706                  
      Launch Clock:-       0                  
       Input Delay:-     500                  
         Data Path:-     128                  
             Slack:=      79                  

Exceptions/Constraints:
  input_delay             500             fir_serial_parallel._line_2_8_1 

#-----------------------------------------------------------------------------------------------
#    Timing Point      Flags   Arc   Edge    Cell     Fanout  Load Trans Delay Arrival Instance 
#                                                             (fF)  (ps)  (ps)   (ps)  Location 
#-----------------------------------------------------------------------------------------------
  i_reset              -       -     F     (arrival)     133 248.3     0     0     500    (-,-) 
  g1897/Y              -       A->Y  R     INVX2          12  21.0   221   128     628    (-,-) 
  out_sr_reg[3][13]/RN -       -     R     DFFTRXLLVT     12     -     -     0     628    (-,-) 
#-----------------------------------------------------------------------------------------------



Path 31: MET (79 ps) Setup Check with Pin out_sr_reg[3][12]/CK->RN
          Group: clock
     Startpoint: (F) i_reset
          Clock: (R) clock
       Endpoint: (R) out_sr_reg[3][12]/RN
          Clock: (R) clock

                     Capture       Launch     
        Clock Edge:+     900            0     
        Drv Adjust:+       0            0     
       Src Latency:+       0            0     
       Net Latency:+       0 (I)        0 (I) 
           Arrival:=     900            0     
                                              
             Setup:-     194                  
     Required Time:=     706                  
      Launch Clock:-       0                  
       Input Delay:-     500                  
         Data Path:-     128                  
             Slack:=      79                  

Exceptions/Constraints:
  input_delay             500             fir_serial_parallel._line_2_8_1 

#-----------------------------------------------------------------------------------------------
#    Timing Point      Flags   Arc   Edge    Cell     Fanout  Load Trans Delay Arrival Instance 
#                                                             (fF)  (ps)  (ps)   (ps)  Location 
#-----------------------------------------------------------------------------------------------
  i_reset              -       -     F     (arrival)     133 248.3     0     0     500    (-,-) 
  g1897/Y              -       A->Y  R     INVX2          12  21.0   221   128     628    (-,-) 
  out_sr_reg[3][12]/RN -       -     R     DFFTRXLLVT     12     -     -     0     628    (-,-) 
#-----------------------------------------------------------------------------------------------



Path 32: MET (79 ps) Setup Check with Pin out_sr_reg[3][11]/CK->RN
          Group: clock
     Startpoint: (F) i_reset
          Clock: (R) clock
       Endpoint: (R) out_sr_reg[3][11]/RN
          Clock: (R) clock

                     Capture       Launch     
        Clock Edge:+     900            0     
        Drv Adjust:+       0            0     
       Src Latency:+       0            0     
       Net Latency:+       0 (I)        0 (I) 
           Arrival:=     900            0     
                                              
             Setup:-     194                  
     Required Time:=     706                  
      Launch Clock:-       0                  
       Input Delay:-     500                  
         Data Path:-     128                  
             Slack:=      79                  

Exceptions/Constraints:
  input_delay             500             fir_serial_parallel._line_2_8_1 

#-----------------------------------------------------------------------------------------------
#    Timing Point      Flags   Arc   Edge    Cell     Fanout  Load Trans Delay Arrival Instance 
#                                                             (fF)  (ps)  (ps)   (ps)  Location 
#-----------------------------------------------------------------------------------------------
  i_reset              -       -     F     (arrival)     133 248.3     0     0     500    (-,-) 
  g1897/Y              -       A->Y  R     INVX2          12  21.0   221   128     628    (-,-) 
  out_sr_reg[3][11]/RN -       -     R     DFFTRXLLVT     12     -     -     0     628    (-,-) 
#-----------------------------------------------------------------------------------------------



Path 33: MET (79 ps) Setup Check with Pin out_sr_reg[3][10]/CK->RN
          Group: clock
     Startpoint: (F) i_reset
          Clock: (R) clock
       Endpoint: (R) out_sr_reg[3][10]/RN
          Clock: (R) clock

                     Capture       Launch     
        Clock Edge:+     900            0     
        Drv Adjust:+       0            0     
       Src Latency:+       0            0     
       Net Latency:+       0 (I)        0 (I) 
           Arrival:=     900            0     
                                              
             Setup:-     194                  
     Required Time:=     706                  
      Launch Clock:-       0                  
       Input Delay:-     500                  
         Data Path:-     128                  
             Slack:=      79                  

Exceptions/Constraints:
  input_delay             500             fir_serial_parallel._line_2_8_1 

#-----------------------------------------------------------------------------------------------
#    Timing Point      Flags   Arc   Edge    Cell     Fanout  Load Trans Delay Arrival Instance 
#                                                             (fF)  (ps)  (ps)   (ps)  Location 
#-----------------------------------------------------------------------------------------------
  i_reset              -       -     F     (arrival)     133 248.3     0     0     500    (-,-) 
  g1897/Y              -       A->Y  R     INVX2          12  21.0   221   128     628    (-,-) 
  out_sr_reg[3][10]/RN -       -     R     DFFTRXLLVT     12     -     -     0     628    (-,-) 
#-----------------------------------------------------------------------------------------------



Path 34: MET (79 ps) Setup Check with Pin out_sr_reg[3][9]/CK->RN
          Group: clock
     Startpoint: (F) i_reset
          Clock: (R) clock
       Endpoint: (R) out_sr_reg[3][9]/RN
          Clock: (R) clock

                     Capture       Launch     
        Clock Edge:+     900            0     
        Drv Adjust:+       0            0     
       Src Latency:+       0            0     
       Net Latency:+       0 (I)        0 (I) 
           Arrival:=     900            0     
                                              
             Setup:-     194                  
     Required Time:=     706                  
      Launch Clock:-       0                  
       Input Delay:-     500                  
         Data Path:-     128                  
             Slack:=      79                  

Exceptions/Constraints:
  input_delay             500             fir_serial_parallel._line_2_8_1 

#----------------------------------------------------------------------------------------------
#    Timing Point     Flags   Arc   Edge    Cell     Fanout  Load Trans Delay Arrival Instance 
#                                                            (fF)  (ps)  (ps)   (ps)  Location 
#----------------------------------------------------------------------------------------------
  i_reset             -       -     F     (arrival)     133 248.3     0     0     500    (-,-) 
  g1897/Y             -       A->Y  R     INVX2          12  21.0   221   128     628    (-,-) 
  out_sr_reg[3][9]/RN -       -     R     DFFTRXLLVT     12     -     -     0     628    (-,-) 
#----------------------------------------------------------------------------------------------



Path 35: MET (79 ps) Setup Check with Pin out_sr_reg[3][8]/CK->RN
          Group: clock
     Startpoint: (F) i_reset
          Clock: (R) clock
       Endpoint: (R) out_sr_reg[3][8]/RN
          Clock: (R) clock

                     Capture       Launch     
        Clock Edge:+     900            0     
        Drv Adjust:+       0            0     
       Src Latency:+       0            0     
       Net Latency:+       0 (I)        0 (I) 
           Arrival:=     900            0     
                                              
             Setup:-     194                  
     Required Time:=     706                  
      Launch Clock:-       0                  
       Input Delay:-     500                  
         Data Path:-     128                  
             Slack:=      79                  

Exceptions/Constraints:
  input_delay             500             fir_serial_parallel._line_2_8_1 

#----------------------------------------------------------------------------------------------
#    Timing Point     Flags   Arc   Edge    Cell     Fanout  Load Trans Delay Arrival Instance 
#                                                            (fF)  (ps)  (ps)   (ps)  Location 
#----------------------------------------------------------------------------------------------
  i_reset             -       -     F     (arrival)     133 248.3     0     0     500    (-,-) 
  g1897/Y             -       A->Y  R     INVX2          12  21.0   221   128     628    (-,-) 
  out_sr_reg[3][8]/RN -       -     R     DFFTRXLLVT     12     -     -     0     628    (-,-) 
#----------------------------------------------------------------------------------------------



Path 36: MET (79 ps) Setup Check with Pin out_sr_reg[3][7]/CK->RN
          Group: clock
     Startpoint: (F) i_reset
          Clock: (R) clock
       Endpoint: (R) out_sr_reg[3][7]/RN
          Clock: (R) clock

                     Capture       Launch     
        Clock Edge:+     900            0     
        Drv Adjust:+       0            0     
       Src Latency:+       0            0     
       Net Latency:+       0 (I)        0 (I) 
           Arrival:=     900            0     
                                              
             Setup:-     194                  
     Required Time:=     706                  
      Launch Clock:-       0                  
       Input Delay:-     500                  
         Data Path:-     128                  
             Slack:=      79                  

Exceptions/Constraints:
  input_delay             500             fir_serial_parallel._line_2_8_1 

#----------------------------------------------------------------------------------------------
#    Timing Point     Flags   Arc   Edge    Cell     Fanout  Load Trans Delay Arrival Instance 
#                                                            (fF)  (ps)  (ps)   (ps)  Location 
#----------------------------------------------------------------------------------------------
  i_reset             -       -     F     (arrival)     133 248.3     0     0     500    (-,-) 
  g1897/Y             -       A->Y  R     INVX2          12  21.0   221   128     628    (-,-) 
  out_sr_reg[3][7]/RN -       -     R     DFFTRXLLVT     12     -     -     0     628    (-,-) 
#----------------------------------------------------------------------------------------------



Path 37: MET (79 ps) Setup Check with Pin out_sr_reg[3][6]/CK->RN
          Group: clock
     Startpoint: (F) i_reset
          Clock: (R) clock
       Endpoint: (R) out_sr_reg[3][6]/RN
          Clock: (R) clock

                     Capture       Launch     
        Clock Edge:+     900            0     
        Drv Adjust:+       0            0     
       Src Latency:+       0            0     
       Net Latency:+       0 (I)        0 (I) 
           Arrival:=     900            0     
                                              
             Setup:-     194                  
     Required Time:=     706                  
      Launch Clock:-       0                  
       Input Delay:-     500                  
         Data Path:-     128                  
             Slack:=      79                  

Exceptions/Constraints:
  input_delay             500             fir_serial_parallel._line_2_8_1 

#----------------------------------------------------------------------------------------------
#    Timing Point     Flags   Arc   Edge    Cell     Fanout  Load Trans Delay Arrival Instance 
#                                                            (fF)  (ps)  (ps)   (ps)  Location 
#----------------------------------------------------------------------------------------------
  i_reset             -       -     F     (arrival)     133 248.3     0     0     500    (-,-) 
  g1897/Y             -       A->Y  R     INVX2          12  21.0   221   128     628    (-,-) 
  out_sr_reg[3][6]/RN -       -     R     DFFTRXLLVT     12     -     -     0     628    (-,-) 
#----------------------------------------------------------------------------------------------



Path 38: MET (79 ps) Setup Check with Pin out_sr_reg[3][5]/CK->RN
          Group: clock
     Startpoint: (F) i_reset
          Clock: (R) clock
       Endpoint: (R) out_sr_reg[3][5]/RN
          Clock: (R) clock

                     Capture       Launch     
        Clock Edge:+     900            0     
        Drv Adjust:+       0            0     
       Src Latency:+       0            0     
       Net Latency:+       0 (I)        0 (I) 
           Arrival:=     900            0     
                                              
             Setup:-     194                  
     Required Time:=     706                  
      Launch Clock:-       0                  
       Input Delay:-     500                  
         Data Path:-     128                  
             Slack:=      79                  

Exceptions/Constraints:
  input_delay             500             fir_serial_parallel._line_2_8_1 

#----------------------------------------------------------------------------------------------
#    Timing Point     Flags   Arc   Edge    Cell     Fanout  Load Trans Delay Arrival Instance 
#                                                            (fF)  (ps)  (ps)   (ps)  Location 
#----------------------------------------------------------------------------------------------
  i_reset             -       -     F     (arrival)     133 248.3     0     0     500    (-,-) 
  g1897/Y             -       A->Y  R     INVX2          12  21.0   221   128     628    (-,-) 
  out_sr_reg[3][5]/RN -       -     R     DFFTRXLLVT     12     -     -     0     628    (-,-) 
#----------------------------------------------------------------------------------------------



Path 39: MET (79 ps) Setup Check with Pin out_sr_reg[3][4]/CK->RN
          Group: clock
     Startpoint: (F) i_reset
          Clock: (R) clock
       Endpoint: (R) out_sr_reg[3][4]/RN
          Clock: (R) clock

                     Capture       Launch     
        Clock Edge:+     900            0     
        Drv Adjust:+       0            0     
       Src Latency:+       0            0     
       Net Latency:+       0 (I)        0 (I) 
           Arrival:=     900            0     
                                              
             Setup:-     194                  
     Required Time:=     706                  
      Launch Clock:-       0                  
       Input Delay:-     500                  
         Data Path:-     128                  
             Slack:=      79                  

Exceptions/Constraints:
  input_delay             500             fir_serial_parallel._line_2_8_1 

#----------------------------------------------------------------------------------------------
#    Timing Point     Flags   Arc   Edge    Cell     Fanout  Load Trans Delay Arrival Instance 
#                                                            (fF)  (ps)  (ps)   (ps)  Location 
#----------------------------------------------------------------------------------------------
  i_reset             -       -     F     (arrival)     133 248.3     0     0     500    (-,-) 
  g1897/Y             -       A->Y  R     INVX2          12  21.0   221   128     628    (-,-) 
  out_sr_reg[3][4]/RN -       -     R     DFFTRXLLVT     12     -     -     0     628    (-,-) 
#----------------------------------------------------------------------------------------------



Path 40: MET (84 ps) Setup Check with Pin out_sr_reg[0][4]/CK->D
          Group: clock
     Startpoint: (R) cnt_reg[1]/CK
          Clock: (R) clock
       Endpoint: (R) out_sr_reg[0][4]/D
          Clock: (R) clock

                     Capture       Launch     
        Clock Edge:+     900            0     
       Src Latency:+       0            0     
       Net Latency:+       0 (I)        0 (I) 
           Arrival:=     900            0     
                                              
             Setup:-     108                  
     Required Time:=     792                  
      Launch Clock:-       0                  
         Data Path:-     709                  
             Slack:=      84                  

#----------------------------------------------------------------------------------------------
#   Timing Point     Flags   Arc   Edge     Cell      Fanout Load Trans Delay Arrival Instance 
#                                                            (fF)  (ps)  (ps)   (ps)  Location 
#----------------------------------------------------------------------------------------------
  cnt_reg[1]/CK      -       -     R     (arrival)        55    -     0     0       0    (-,-) 
  cnt_reg[1]/Q       -       CK->Q F     DFFHQX1LVT        4 10.2   170   210     210    (-,-) 
  g1873__4733/Y      -       A->Y  F     CLKAND2X6LVT     11 27.3    91   157     367    (-,-) 
  g1857/Y            -       A->Y  R     CLKINVX16LVT     37 78.8    94    82     449    (-,-) 
  g1597__1666/Y      -       S0->Y F     MXI2X1LVT         1  3.3   152   127     576    (-,-) 
  g1393__6417/Y      -       B->Y  R     NOR2X1LVT         1  3.2   124   133     709    (-,-) 
  out_sr_reg[0][4]/D -       -     R     DFFHQX1LVT        1    -     -     0     709    (-,-) 
#----------------------------------------------------------------------------------------------



Path 41: MET (84 ps) Setup Check with Pin out_sr_reg[0][3]/CK->D
          Group: clock
     Startpoint: (R) cnt_reg[1]/CK
          Clock: (R) clock
       Endpoint: (R) out_sr_reg[0][3]/D
          Clock: (R) clock

                     Capture       Launch     
        Clock Edge:+     900            0     
       Src Latency:+       0            0     
       Net Latency:+       0 (I)        0 (I) 
           Arrival:=     900            0     
                                              
             Setup:-     108                  
     Required Time:=     792                  
      Launch Clock:-       0                  
         Data Path:-     709                  
             Slack:=      84                  

#----------------------------------------------------------------------------------------------
#   Timing Point     Flags   Arc   Edge     Cell      Fanout Load Trans Delay Arrival Instance 
#                                                            (fF)  (ps)  (ps)   (ps)  Location 
#----------------------------------------------------------------------------------------------
  cnt_reg[1]/CK      -       -     R     (arrival)        55    -     0     0       0    (-,-) 
  cnt_reg[1]/Q       -       CK->Q F     DFFHQX1LVT        4 10.2   170   210     210    (-,-) 
  g1873__4733/Y      -       A->Y  F     CLKAND2X6LVT     11 27.3    91   157     367    (-,-) 
  g1857/Y            -       A->Y  R     CLKINVX16LVT     37 78.8    94    82     449    (-,-) 
  g2__2346/Y         -       S0->Y F     MXI2X1LVT         1  3.3   152   127     576    (-,-) 
  g1391__1666/Y      -       B->Y  R     NOR2X1LVT         1  3.2   124   133     709    (-,-) 
  out_sr_reg[0][3]/D -       -     R     DFFHQX1LVT        1    -     -     0     709    (-,-) 
#----------------------------------------------------------------------------------------------



Path 42: MET (84 ps) Setup Check with Pin out_sr_reg[0][2]/CK->D
          Group: clock
     Startpoint: (R) cnt_reg[1]/CK
          Clock: (R) clock
       Endpoint: (R) out_sr_reg[0][2]/D
          Clock: (R) clock

                     Capture       Launch     
        Clock Edge:+     900            0     
       Src Latency:+       0            0     
       Net Latency:+       0 (I)        0 (I) 
           Arrival:=     900            0     
                                              
             Setup:-     108                  
     Required Time:=     792                  
      Launch Clock:-       0                  
         Data Path:-     709                  
             Slack:=      84                  

#----------------------------------------------------------------------------------------------
#   Timing Point     Flags   Arc   Edge     Cell      Fanout Load Trans Delay Arrival Instance 
#                                                            (fF)  (ps)  (ps)   (ps)  Location 
#----------------------------------------------------------------------------------------------
  cnt_reg[1]/CK      -       -     R     (arrival)        55    -     0     0       0    (-,-) 
  cnt_reg[1]/Q       -       CK->Q F     DFFHQX1LVT        4 10.2   170   210     210    (-,-) 
  g1873__4733/Y      -       A->Y  F     CLKAND2X6LVT     11 27.3    91   157     367    (-,-) 
  g1857/Y            -       A->Y  R     CLKINVX16LVT     37 78.8    94    82     449    (-,-) 
  g1459__5122/Y      -       S0->Y F     MXI2X1LVT         1  3.3   152   127     576    (-,-) 
  g1390__2346/Y      -       B->Y  R     NOR2X1LVT         1  3.2   124   133     709    (-,-) 
  out_sr_reg[0][2]/D -       -     R     DFFHQX1LVT        1    -     -     0     709    (-,-) 
#----------------------------------------------------------------------------------------------



Path 43: MET (84 ps) Setup Check with Pin out_sr_reg[0][1]/CK->D
          Group: clock
     Startpoint: (R) cnt_reg[1]/CK
          Clock: (R) clock
       Endpoint: (R) out_sr_reg[0][1]/D
          Clock: (R) clock

                     Capture       Launch     
        Clock Edge:+     900            0     
       Src Latency:+       0            0     
       Net Latency:+       0 (I)        0 (I) 
           Arrival:=     900            0     
                                              
             Setup:-     108                  
     Required Time:=     792                  
      Launch Clock:-       0                  
         Data Path:-     709                  
             Slack:=      84                  

#----------------------------------------------------------------------------------------------
#   Timing Point     Flags   Arc   Edge     Cell      Fanout Load Trans Delay Arrival Instance 
#                                                            (fF)  (ps)  (ps)   (ps)  Location 
#----------------------------------------------------------------------------------------------
  cnt_reg[1]/CK      -       -     R     (arrival)        55    -     0     0       0    (-,-) 
  cnt_reg[1]/Q       -       CK->Q F     DFFHQX1LVT        4 10.2   170   210     210    (-,-) 
  g1873__4733/Y      -       A->Y  F     CLKAND2X6LVT     11 27.3    91   157     367    (-,-) 
  g1857/Y            -       A->Y  R     CLKINVX16LVT     37 78.8    94    82     449    (-,-) 
  g1458__1705/Y      -       S0->Y F     MXI2X1LVT         1  3.3   152   127     576    (-,-) 
  g1389__2883/Y      -       B->Y  R     NOR2X1LVT         1  3.2   124   133     709    (-,-) 
  out_sr_reg[0][1]/D -       -     R     DFFHQX1LVT        1    -     -     0     709    (-,-) 
#----------------------------------------------------------------------------------------------



Path 44: MET (84 ps) Setup Check with Pin out_sr_reg[0][0]/CK->D
          Group: clock
     Startpoint: (R) cnt_reg[1]/CK
          Clock: (R) clock
       Endpoint: (R) out_sr_reg[0][0]/D
          Clock: (R) clock

                     Capture       Launch     
        Clock Edge:+     900            0     
       Src Latency:+       0            0     
       Net Latency:+       0 (I)        0 (I) 
           Arrival:=     900            0     
                                              
             Setup:-     108                  
     Required Time:=     792                  
      Launch Clock:-       0                  
         Data Path:-     709                  
             Slack:=      84                  

#----------------------------------------------------------------------------------------------
#   Timing Point     Flags   Arc   Edge     Cell      Fanout Load Trans Delay Arrival Instance 
#                                                            (fF)  (ps)  (ps)   (ps)  Location 
#----------------------------------------------------------------------------------------------
  cnt_reg[1]/CK      -       -     R     (arrival)        55    -     0     0       0    (-,-) 
  cnt_reg[1]/Q       -       CK->Q F     DFFHQX1LVT        4 10.2   170   210     210    (-,-) 
  g1873__4733/Y      -       A->Y  F     CLKAND2X6LVT     11 27.3    91   157     367    (-,-) 
  g1857/Y            -       A->Y  R     CLKINVX16LVT     37 78.8    94    82     449    (-,-) 
  g1457__2802/Y      -       S0->Y F     MXI2X1LVT         1  3.3   152   127     576    (-,-) 
  g1392__7410/Y      -       B->Y  R     NOR2X1LVT         1  3.2   124   133     709    (-,-) 
  out_sr_reg[0][0]/D -       -     R     DFFHQX1LVT        1    -     -     0     709    (-,-) 
#----------------------------------------------------------------------------------------------



Path 45: MET (84 ps) Setup Check with Pin out_sr_reg[2][3]/CK->D
          Group: clock
     Startpoint: (R) cnt_reg[1]/CK
          Clock: (R) clock
       Endpoint: (R) out_sr_reg[2][3]/D
          Clock: (R) clock

                     Capture       Launch     
        Clock Edge:+     900            0     
       Src Latency:+       0            0     
       Net Latency:+       0 (I)        0 (I) 
           Arrival:=     900            0     
                                              
             Setup:-     108                  
     Required Time:=     792                  
      Launch Clock:-       0                  
         Data Path:-     709                  
             Slack:=      84                  

#----------------------------------------------------------------------------------------------
#   Timing Point     Flags   Arc   Edge     Cell      Fanout Load Trans Delay Arrival Instance 
#                                                            (fF)  (ps)  (ps)   (ps)  Location 
#----------------------------------------------------------------------------------------------
  cnt_reg[1]/CK      -       -     R     (arrival)        55    -     0     0       0    (-,-) 
  cnt_reg[1]/Q       -       CK->Q F     DFFHQX1LVT        4 10.2   170   210     210    (-,-) 
  g1873__4733/Y      -       A->Y  F     CLKAND2X6LVT     11 27.3    91   157     367    (-,-) 
  g1857/Y            -       A->Y  R     CLKINVX16LVT     37 78.8    94    82     449    (-,-) 
  g1807__6417/Y      -       S0->Y F     MXI2X1LVT         1  3.3   152   127     576    (-,-) 
  g1791__1705/Y      -       B->Y  R     NOR2X1LVT         1  3.2   124   133     709    (-,-) 
  out_sr_reg[2][3]/D -       -     R     DFFHQX1LVT        1    -     -     0     709    (-,-) 
#----------------------------------------------------------------------------------------------



Path 46: MET (84 ps) Setup Check with Pin out_sr_reg[2][2]/CK->D
          Group: clock
     Startpoint: (R) cnt_reg[1]/CK
          Clock: (R) clock
       Endpoint: (R) out_sr_reg[2][2]/D
          Clock: (R) clock

                     Capture       Launch     
        Clock Edge:+     900            0     
       Src Latency:+       0            0     
       Net Latency:+       0 (I)        0 (I) 
           Arrival:=     900            0     
                                              
             Setup:-     108                  
     Required Time:=     792                  
      Launch Clock:-       0                  
         Data Path:-     709                  
             Slack:=      84                  

#----------------------------------------------------------------------------------------------
#   Timing Point     Flags   Arc   Edge     Cell      Fanout Load Trans Delay Arrival Instance 
#                                                            (fF)  (ps)  (ps)   (ps)  Location 
#----------------------------------------------------------------------------------------------
  cnt_reg[1]/CK      -       -     R     (arrival)        55    -     0     0       0    (-,-) 
  cnt_reg[1]/Q       -       CK->Q F     DFFHQX1LVT        4 10.2   170   210     210    (-,-) 
  g1873__4733/Y      -       A->Y  F     CLKAND2X6LVT     11 27.3    91   157     367    (-,-) 
  g1857/Y            -       A->Y  R     CLKINVX16LVT     37 78.8    94    82     449    (-,-) 
  g1806__7410/Y      -       S0->Y F     MXI2X1LVT         1  3.3   152   127     576    (-,-) 
  g1790__2802/Y      -       B->Y  R     NOR2X1LVT         1  3.2   124   133     709    (-,-) 
  out_sr_reg[2][2]/D -       -     R     DFFHQX1LVT        1    -     -     0     709    (-,-) 
#----------------------------------------------------------------------------------------------



Path 47: MET (84 ps) Setup Check with Pin out_sr_reg[2][1]/CK->D
          Group: clock
     Startpoint: (R) cnt_reg[1]/CK
          Clock: (R) clock
       Endpoint: (R) out_sr_reg[2][1]/D
          Clock: (R) clock

                     Capture       Launch     
        Clock Edge:+     900            0     
       Src Latency:+       0            0     
       Net Latency:+       0 (I)        0 (I) 
           Arrival:=     900            0     
                                              
             Setup:-     108                  
     Required Time:=     792                  
      Launch Clock:-       0                  
         Data Path:-     709                  
             Slack:=      84                  

#----------------------------------------------------------------------------------------------
#   Timing Point     Flags   Arc   Edge     Cell      Fanout Load Trans Delay Arrival Instance 
#                                                            (fF)  (ps)  (ps)   (ps)  Location 
#----------------------------------------------------------------------------------------------
  cnt_reg[1]/CK      -       -     R     (arrival)        55    -     0     0       0    (-,-) 
  cnt_reg[1]/Q       -       CK->Q F     DFFHQX1LVT        4 10.2   170   210     210    (-,-) 
  g1873__4733/Y      -       A->Y  F     CLKAND2X6LVT     11 27.3    91   157     367    (-,-) 
  g1857/Y            -       A->Y  R     CLKINVX16LVT     37 78.8    94    82     449    (-,-) 
  g1801__9315/Y      -       S0->Y F     MXI2X1LVT         1  3.3   152   127     576    (-,-) 
  g1785__8428/Y      -       B->Y  R     NOR2X1LVT         1  3.2   124   133     709    (-,-) 
  out_sr_reg[2][1]/D -       -     R     DFFHQX1LVT        1    -     -     0     709    (-,-) 
#----------------------------------------------------------------------------------------------



Path 48: MET (84 ps) Setup Check with Pin out_sr_reg[2][0]/CK->D
          Group: clock
     Startpoint: (R) cnt_reg[1]/CK
          Clock: (R) clock
       Endpoint: (R) out_sr_reg[2][0]/D
          Clock: (R) clock

                     Capture       Launch     
        Clock Edge:+     900            0     
       Src Latency:+       0            0     
       Net Latency:+       0 (I)        0 (I) 
           Arrival:=     900            0     
                                              
             Setup:-     108                  
     Required Time:=     792                  
      Launch Clock:-       0                  
         Data Path:-     709                  
             Slack:=      84                  

#----------------------------------------------------------------------------------------------
#   Timing Point     Flags   Arc   Edge     Cell      Fanout Load Trans Delay Arrival Instance 
#                                                            (fF)  (ps)  (ps)   (ps)  Location 
#----------------------------------------------------------------------------------------------
  cnt_reg[1]/CK      -       -     R     (arrival)        55    -     0     0       0    (-,-) 
  cnt_reg[1]/Q       -       CK->Q F     DFFHQX1LVT        4 10.2   170   210     210    (-,-) 
  g1873__4733/Y      -       A->Y  F     CLKAND2X6LVT     11 27.3    91   157     367    (-,-) 
  g1857/Y            -       A->Y  R     CLKINVX16LVT     37 78.8    94    82     449    (-,-) 
  g1804__2346/Y      -       S0->Y F     MXI2X1LVT         1  3.3   152   127     576    (-,-) 
  g1788__3680/Y      -       B->Y  R     NOR2X1LVT         1  3.2   124   133     709    (-,-) 
  out_sr_reg[2][0]/D -       -     R     DFFHQX1LVT        1    -     -     0     709    (-,-) 
#----------------------------------------------------------------------------------------------



Path 49: MET (84 ps) Setup Check with Pin out_sr_reg[1][3]/CK->D
          Group: clock
     Startpoint: (R) cnt_reg[1]/CK
          Clock: (R) clock
       Endpoint: (R) out_sr_reg[1][3]/D
          Clock: (R) clock

                     Capture       Launch     
        Clock Edge:+     900            0     
       Src Latency:+       0            0     
       Net Latency:+       0 (I)        0 (I) 
           Arrival:=     900            0     
                                              
             Setup:-     108                  
     Required Time:=     792                  
      Launch Clock:-       0                  
         Data Path:-     709                  
             Slack:=      84                  

#----------------------------------------------------------------------------------------------
#   Timing Point     Flags   Arc   Edge     Cell      Fanout Load Trans Delay Arrival Instance 
#                                                            (fF)  (ps)  (ps)   (ps)  Location 
#----------------------------------------------------------------------------------------------
  cnt_reg[1]/CK      -       -     R     (arrival)        55    -     0     0       0    (-,-) 
  cnt_reg[1]/Q       -       CK->Q F     DFFHQX1LVT        4 10.2   170   210     210    (-,-) 
  g1873__4733/Y      -       A->Y  F     CLKAND2X6LVT     11 27.3    91   157     367    (-,-) 
  g1857/Y            -       A->Y  R     CLKINVX16LVT     37 78.8    94    82     449    (-,-) 
  g1757__9315/Y      -       S0->Y F     MXI2X1LVT         1  3.3   152   127     576    (-,-) 
  g1741__8428/Y      -       B->Y  R     NOR2X1LVT         1  3.2   124   133     709    (-,-) 
  out_sr_reg[1][3]/D -       -     R     DFFHQX1LVT        1    -     -     0     709    (-,-) 
#----------------------------------------------------------------------------------------------



Path 50: MET (84 ps) Setup Check with Pin out_sr_reg[1][2]/CK->D
          Group: clock
     Startpoint: (R) cnt_reg[1]/CK
          Clock: (R) clock
       Endpoint: (R) out_sr_reg[1][2]/D
          Clock: (R) clock

                     Capture       Launch     
        Clock Edge:+     900            0     
       Src Latency:+       0            0     
       Net Latency:+       0 (I)        0 (I) 
           Arrival:=     900            0     
                                              
             Setup:-     108                  
     Required Time:=     792                  
      Launch Clock:-       0                  
         Data Path:-     709                  
             Slack:=      84                  

#----------------------------------------------------------------------------------------------
#   Timing Point     Flags   Arc   Edge     Cell      Fanout Load Trans Delay Arrival Instance 
#                                                            (fF)  (ps)  (ps)   (ps)  Location 
#----------------------------------------------------------------------------------------------
  cnt_reg[1]/CK      -       -     R     (arrival)        55    -     0     0       0    (-,-) 
  cnt_reg[1]/Q       -       CK->Q F     DFFHQX1LVT        4 10.2   170   210     210    (-,-) 
  g1873__4733/Y      -       A->Y  F     CLKAND2X6LVT     11 27.3    91   157     367    (-,-) 
  g1857/Y            -       A->Y  R     CLKINVX16LVT     37 78.8    94    82     449    (-,-) 
  g1768__4319/Y      -       S0->Y F     MXI2X1LVT         1  3.3   152   127     576    (-,-) 
  g1752__1881/Y      -       B->Y  R     NOR2X1LVT         1  3.2   124   133     709    (-,-) 
  out_sr_reg[1][2]/D -       -     R     DFFHQX1LVT        1    -     -     0     709    (-,-) 
#----------------------------------------------------------------------------------------------

