============================================================
  Generated by:           Genus(TM) Synthesis Solution 23.10-p004_1
  Generated on:           Oct 08 2026  10:18:48 pm
  Module:                 fir_serial_parallel
  Technology libraries:   slow_vdd1v0 1.0
                          physical_cells 
                          slow_vdd1v0 1.0
                          physical_cells 
  Operating conditions:   PVT_0P9V_125C 
  Interconnect mode:      global
  Area mode:              physical library
============================================================

                                      Leakage  
     Gate       Instances    Area   Power (nW)     Library    
--------------------------------------------------------------
ADDFX1LVT             429  2200.770    225.083    slow_vdd1v0 
ADDHX1LVT              18    67.716     10.866    slow_vdd1v0 
AND2X1LVT               7     9.576      1.428    slow_vdd1v0 
AND4X1LVT               1     2.394      0.212    slow_vdd1v0 
AO21X1LVT               2     4.788      0.436    slow_vdd1v0 
AOI21X1LVT             17    29.070      3.513    slow_vdd1v0 
AOI21X2LVT              5    13.680      2.264    slow_vdd1v0 
CLKAND2X6LVT            1     4.788      1.396    slow_vdd1v0 
CLKINVX16LVT            1     5.472      2.321    slow_vdd1v0 
CLKINVX4LVT             1     1.710      0.525    slow_vdd1v0 
CLKINVX8LVT             1     3.078      1.329    slow_vdd1v0 
CLKMX2X2LVT            14    43.092      5.993    slow_vdd1v0 
CLKXOR2X1LVT            4    10.944      1.450    slow_vdd1v0 
DFFHQX1LVT             74   404.928     48.730    slow_vdd1v0 
DFFHQX8LVT             33   304.722     64.510    slow_vdd1v0 
DFFQX2LVT               7    45.486      4.814    slow_vdd1v0 
DFFQX4LVT              26   186.732     27.838    slow_vdd1v0 
DFFRX1LVT              11    75.240      8.304    slow_vdd1v0 
DFFTRX2LVT             15   123.120     16.509    slow_vdd1v0 
DFFTRXLLVT             12    94.392      7.634    slow_vdd1v0 
INVX1                  25    17.100      0.504    slow_vdd1v0 
INVX1LVT              190   129.960     24.167    slow_vdd1v0 
INVX2                   2     2.052      0.086    slow_vdd1v0 
INVX2LVT                1     1.026      0.264    slow_vdd1v0 
MX2X1                   7    16.758      0.366    slow_vdd1v0 
MX2X1LVT                2     4.788      0.578    slow_vdd1v0 
MXI2X1LVT              13    35.568      3.600    slow_vdd1v0 
MXI2X2LVT               1     4.446      0.502    slow_vdd1v0 
NAND2BX1LVT            10    13.680      2.441    slow_vdd1v0 
NAND2BX2LVT             2     4.788      0.706    slow_vdd1v0 
NAND2X1LVT             19    19.494      2.800    slow_vdd1v0 
NOR2BX1                 5     6.840      0.165    slow_vdd1v0 
NOR2BX1LVT             92   125.856     26.208    slow_vdd1v0 
NOR2X1                  2     2.052      0.071    slow_vdd1v0 
NOR2X1LVT              66    67.716     11.513    slow_vdd1v0 
NOR2X2LVT               7    11.970      2.555    slow_vdd1v0 
NOR3X2LVT               1     2.736      0.367    slow_vdd1v0 
OA21X1LVT               8    16.416      1.862    slow_vdd1v0 
OAI211X2LVT             1     4.104      0.509    slow_vdd1v0 
OAI21X1LVT             11    18.810      2.287    slow_vdd1v0 
OAI22X1LVT              3     6.156      0.682    slow_vdd1v0 
OAI2BB1X1LVT            9    15.390      2.044    slow_vdd1v0 
OR2X1                   1     1.368      0.035    slow_vdd1v0 
OR2X1LVT               10    13.680      2.027    slow_vdd1v0 
OR3X1LVT                1     2.052      0.228    slow_vdd1v0 
OR4X1LVT                1     2.052      0.202    slow_vdd1v0 
TLATNTSCAX2HVT          5    32.490      0.403    slow_vdd1v0 
XNOR2X1LVT             27    64.638     10.046    slow_vdd1v0 
--------------------------------------------------------------
total                1201  4275.684    532.375                


                                                         Leakage  Leakage 
            Type             Instances   Area   Area % Power (nW) Power % 
--------------------------------------------------------------------------
sequential                         178 1234.620   28.9    178.340    33.5 
inverter                           221  160.398    3.8     29.196     5.5 
clock_gating_integrated_cell         5   32.490    0.8      0.403     0.1 
logic                              797 2848.176   66.6    324.436    60.9 
physical_cells                       0    0.000    0.0      0.000     0.0 
--------------------------------------------------------------------------
total                             1201 4275.684  100.0    532.375   100.0 

