============================================================
  Generated by:           Genus(TM) Synthesis Solution 23.10-p004_1
  Generated on:           Oct 08 2026  10:18:55 pm
  Module:                 fir_serial_parallel
  Technology libraries:   slow_vdd1v0 1.0
                          physical_cells 
                          slow_vdd1v0 1.0
                          physical_cells 
  Operating conditions:   PVT_0P9V_125C 
  Interconnect mode:      global
  Area mode:              physical library
============================================================

                                      Leakage  
     Gate       Instances    Area   Power (nW)     Library    
--------------------------------------------------------------
ADDFX1LVT             429  2200.770    225.083    slow_vdd1v0 
ADDHX1LVT              18    67.716     10.866    slow_vdd1v0 
AND2X1LVT               7     9.576      1.428    slow_vdd1v0 
AND2X6LVT               1     3.762      1.262    slow_vdd1v0 
AND4X1LVT               1     2.394      0.212    slow_vdd1v0 
AO21X1LVT               2     4.788      0.436    slow_vdd1v0 
AOI21X1LVT             11    18.810      2.223    slow_vdd1v0 
CLKINVX8LVT             1     3.078      1.130    slow_vdd1v0 
CLKXOR2X1LVT           17    46.512      6.376    slow_vdd1v0 
DFFHQX1LVT             74   404.928     48.727    slow_vdd1v0 
DFFQX2LVT               2    12.996      1.367    slow_vdd1v0 
DFFRX1LVT              11    75.240      8.304    slow_vdd1v0 
DFFTRX2LVT              4    32.832      4.402    slow_vdd1v0 
DFFTRXLLVT             23   180.918     14.967    slow_vdd1v0 
DFFX1                  10    71.820      1.259    slow_vdd1v0 
DFFX1LVT               47   337.554     33.200    slow_vdd1v0 
DFFX4LVT                7    64.638     12.882    slow_vdd1v0 
INVX1                   6     4.104      0.126    slow_vdd1v0 
INVX1LVT               26    17.784      3.250    slow_vdd1v0 
INVX3LVT                1     1.368      0.389    slow_vdd1v0 
MX2X1                  21    50.274      1.097    slow_vdd1v0 
MX2X1LVT                2     4.788      0.578    slow_vdd1v0 
MXI2X1LVT              24    65.664      6.647    slow_vdd1v0 
MXI2X2LVT               1     4.446      0.502    slow_vdd1v0 
NAND2BX1LVT            12    16.416      2.841    slow_vdd1v0 
NAND2X1LVT             19    19.494      2.800    slow_vdd1v0 
NOR2BX1LVT             86   117.648     25.138    slow_vdd1v0 
NOR2X1                  2     2.052      0.071    slow_vdd1v0 
NOR2X1LVT              73    74.898     12.627    slow_vdd1v0 
NOR3X1LVT               1     1.710      0.175    slow_vdd1v0 
OA21X1LVT               7    14.364      1.614    slow_vdd1v0 
OAI211X2LVT             1     4.104      0.509    slow_vdd1v0 
OAI21X1LVT             12    20.520      2.529    slow_vdd1v0 
OAI22X1LVT              3     6.156      0.682    slow_vdd1v0 
OAI2BB1X1LVT            9    15.390      2.044    slow_vdd1v0 
OR2X1                   1     1.368      0.035    slow_vdd1v0 
OR2X1LVT               10    13.680      2.027    slow_vdd1v0 
OR3X1LVT                1     2.052      0.228    slow_vdd1v0 
OR4X1LVT                1     2.052      0.202    slow_vdd1v0 
TLATNTSCAX2HVT          5    32.490      0.403    slow_vdd1v0 
XNOR2X1LVT             14    33.516      5.196    slow_vdd1v0 
--------------------------------------------------------------
total                1003  4064.670    445.834                


                                                         Leakage  Leakage 
            Type             Instances   Area   Area % Power (nW) Power % 
--------------------------------------------------------------------------
sequential                         178 1180.926   29.1    125.109    28.1 
inverter                            34   26.334    0.6      4.894     1.1 
clock_gating_integrated_cell         5   32.490    0.8      0.403     0.1 
logic                              786 2824.920   69.5    315.427    70.8 
physical_cells                       0    0.000    0.0      0.000     0.0 
--------------------------------------------------------------------------
total                             1003 4064.670  100.0    445.834   100.0 

