

Working Directory = /home/mmarando/dcid1-tps/practico_4/fir_serial_parallel/synth
QoS Summary for fir_serial_parallel
==========================================================================================
Metric                          generic         map             syn_opt         final          
==========================================================================================
Slack (ps):                       -98             -56             -56             -56
  R2R (ps):                        23             -26             -11             -11
  I2R (ps):                       -32             -26             -23             -23
  R2O (ps):                       -78             -56             -56             -56
  I2O (ps):                  no_value        no_value        no_value        no_value
  CG  (ps):                       -98             -27             -25             -25
TNS (ps):                      -7,137          -2,411          -1,681          -1,681
  R2R (ps):                         0            -959             -11             -11
  I2R (ps):                    -5,233          -1,478            -762            -762
  R2O (ps):                    -1,472            -876            -868            -868
  I2O (ps):                  no_value        no_value        no_value        no_value
  CG  (ps):                      -432             -54             -51             -51
Failing Paths:                    186             174             167             167
Cell Area:                         32           5,359           5,118           5,118
Total Cell Area:                   32           5,359           5,118           5,118
Leaf Instances:                 4,914           1,395           1,250           1,250
Total Instances:                4,914           1,395           1,250           1,250
Utilization (%):                 0.00            0.00            0.00            0.00
Tot. Net Length (um):        no_value        no_value        no_value        no_value
Avg. Net Length (um):        no_value        no_value        no_value        no_value
Route Overflow H (%):        no_value        no_value        no_value        no_value
Route Overflow V (%):        no_value        no_value        no_value        no_value
MBCI(%) (bits/gate) :            0.00            0.00            0.00            0.00
Norm Cong Hotspot Area:
  Max Cong:                  no_value        no_value        no_value        no_value
  Tot Cong:                  no_value        no_value        no_value        no_value
==========================================================================================
CPU  Runtime (h:m:s):        00:01:13        00:01:03        00:00:19        00:00:00
Real Runtime (h:m:s):        00:01:02        00:00:36        00:00:19        00:00:02
CPU  Elapsed (h:m:s):        00:01:16        00:02:18        00:02:37        00:02:38
Real Elapsed (h:m:s):        00:01:03        00:01:38        00:01:57        00:01:59
Memory (MB):                  2052.70         2040.72         2053.54         2061.54
==========================================================================================
==========================================================================================
Flow Settings:
==========================================================================================
Total Runtime (h:m:s): 00:01:59
Total Memory (MB):     2061.54
Executable Version:    23.10-p004_1
==========================================================================================
Total Cell Area =  Cell Area + Physical Cell Area
Total Instances =  Leaf Instances + Physical Instances


