============================================================
  Generated by:           Genus(TM) Synthesis Solution 23.10-p004_1
  Generated on:           Oct 08 2026  10:21:05 pm
  Module:                 fir_serial_parallel
  Technology libraries:   slow_vdd1v0 1.0
                          physical_cells 
                          slow_vdd1v0 1.0
                          physical_cells 
  Operating conditions:   PVT_0P9V_125C 
  Interconnect mode:      global
  Area mode:              physical library
============================================================

Timing
--------

Clock Period 
-------------
clock  600.0 


         Cost           Critical             Violating 
        Group          Path Slack    TNS       Paths   
-------------------------------------------------------
cg_enable_group_clock       -97.7    -432.1          5 
clock                       -77.5   -6705.1        181 
default                  No paths       0.0            
-------------------------------------------------------
Total                               -7137.2        186 

Instance Count
--------------
Leaf Instance Count             4914 
Physical Instance count            0 
Sequential Instance Count        183 
Combinational Instance Count    4731 
Hierarchical Instance Count        9 

Area
----
Cell Area                          14330.230
Physical Cell Area                 0.000
Total Cell Area (Cell+Physical)    14330.230
Net Area                           16.269
Total Area (Cell+Physical+Net)     14346.499

Runtime                            0.0 seconds
Elapsed Runtime                    65 seconds
Genus peak memory usage            2060.70 
Innovus peak memory usage          no_value 
Hostname                           fiubarh01
