============================================================
  Generated by:           Genus(TM) Synthesis Solution 23.10-p004_1
  Generated on:           Oct 08 2026  10:21:40 pm
  Module:                 fir_serial_parallel
  Operating conditions:   PVT_0P9V_125C 
  Interconnect mode:      global
  Area mode:              physical library
============================================================


Path 1: VIOLATED (-56 ps) Late External Delay Assertion at pin o_data[15]
          Group: clock
     Startpoint: (R) out_sr_reg[0][15]/CK
          Clock: (R) clock
       Endpoint: (F) o_data[15]
          Clock: (R) clock

                     Capture       Launch     
        Clock Edge:+     600            0     
       Src Latency:+       0            0     
       Net Latency:+       0 (I)        0 (I) 
           Arrival:=     600            0     
                                              
      Output Delay:-     500                  
     Required Time:=     100                  
      Launch Clock:-       0                  
         Data Path:-     156                  
             Slack:=     -56                  

Exceptions/Constraints:
  output_delay             500             fir_serial_parallel._line_3_10_1 

#----------------------------------------------------------------------------------------------
#    Timing Point      Flags   Arc   Edge    Cell     Fanout Load Trans Delay Arrival Instance 
#                                                            (fF)  (ps)  (ps)   (ps)  Location 
#----------------------------------------------------------------------------------------------
  out_sr_reg[0][15]/CK -       -     R     (arrival)      55    -     0     0       0    (-,-) 
  out_sr_reg[0][15]/Q  -       CK->Q F     DFFHQX4LVT      4  7.2    40   156     156    (-,-) 
  o_data[15]           -       -     F     (port)          -    -     -     0     156    (-,-) 
#----------------------------------------------------------------------------------------------



Path 2: VIOLATED (-56 ps) Late External Delay Assertion at pin o_data[16]
          Group: clock
     Startpoint: (R) out_sr_reg[0][15]/CK
          Clock: (R) clock
       Endpoint: (F) o_data[16]
          Clock: (R) clock

                     Capture       Launch     
        Clock Edge:+     600            0     
       Src Latency:+       0            0     
       Net Latency:+       0 (I)        0 (I) 
           Arrival:=     600            0     
                                              
      Output Delay:-     500                  
     Required Time:=     100                  
      Launch Clock:-       0                  
         Data Path:-     156                  
             Slack:=     -56                  

Exceptions/Constraints:
  output_delay             500             fir_serial_parallel._line_3_9_1 

#----------------------------------------------------------------------------------------------
#    Timing Point      Flags   Arc   Edge    Cell     Fanout Load Trans Delay Arrival Instance 
#                                                            (fF)  (ps)  (ps)   (ps)  Location 
#----------------------------------------------------------------------------------------------
  out_sr_reg[0][15]/CK -       -     R     (arrival)      55    -     0     0       0    (-,-) 
  out_sr_reg[0][15]/Q  -       CK->Q F     DFFHQX4LVT      4  7.2    40   156     156    (-,-) 
  o_data[16]           -       -     F     (port)          -    -     -     0     156    (-,-) 
#----------------------------------------------------------------------------------------------



Path 3: VIOLATED (-56 ps) Late External Delay Assertion at pin o_data[17]
          Group: clock
     Startpoint: (R) out_sr_reg[0][15]/CK
          Clock: (R) clock
       Endpoint: (F) o_data[17]
          Clock: (R) clock

                     Capture       Launch     
        Clock Edge:+     600            0     
       Src Latency:+       0            0     
       Net Latency:+       0 (I)        0 (I) 
           Arrival:=     600            0     
                                              
      Output Delay:-     500                  
     Required Time:=     100                  
      Launch Clock:-       0                  
         Data Path:-     156                  
             Slack:=     -56                  

Exceptions/Constraints:
  output_delay             500             fir_serial_parallel._line_3_8_1 

#----------------------------------------------------------------------------------------------
#    Timing Point      Flags   Arc   Edge    Cell     Fanout Load Trans Delay Arrival Instance 
#                                                            (fF)  (ps)  (ps)   (ps)  Location 
#----------------------------------------------------------------------------------------------
  out_sr_reg[0][15]/CK -       -     R     (arrival)      55    -     0     0       0    (-,-) 
  out_sr_reg[0][15]/Q  -       CK->Q F     DFFHQX4LVT      4  7.2    40   156     156    (-,-) 
  o_data[17]           -       -     F     (port)          -    -     -     0     156    (-,-) 
#----------------------------------------------------------------------------------------------



Path 4: VIOLATED (-56 ps) Late External Delay Assertion at pin o_data[18]
          Group: clock
     Startpoint: (R) out_sr_reg[0][15]/CK
          Clock: (R) clock
       Endpoint: (F) o_data[18]
          Clock: (R) clock

                     Capture       Launch     
        Clock Edge:+     600            0     
       Src Latency:+       0            0     
       Net Latency:+       0 (I)        0 (I) 
           Arrival:=     600            0     
                                              
      Output Delay:-     500                  
     Required Time:=     100                  
      Launch Clock:-       0                  
         Data Path:-     156                  
             Slack:=     -56                  

Exceptions/Constraints:
  output_delay             500             fir_serial_parallel._line_3 

#----------------------------------------------------------------------------------------------
#    Timing Point      Flags   Arc   Edge    Cell     Fanout Load Trans Delay Arrival Instance 
#                                                            (fF)  (ps)  (ps)   (ps)  Location 
#----------------------------------------------------------------------------------------------
  out_sr_reg[0][15]/CK -       -     R     (arrival)      55    -     0     0       0    (-,-) 
  out_sr_reg[0][15]/Q  -       CK->Q F     DFFHQX4LVT      4  7.2    40   156     156    (-,-) 
  o_data[18]           -       -     F     (port)          -    -     -     0     156    (-,-) 
#----------------------------------------------------------------------------------------------



Path 5: VIOLATED (-44 ps) Late External Delay Assertion at pin o_data[0]
          Group: clock
     Startpoint: (R) out_sr_reg[0][0]/CK
          Clock: (R) clock
       Endpoint: (F) o_data[0]
          Clock: (R) clock

                     Capture       Launch     
        Clock Edge:+     600            0     
       Src Latency:+       0            0     
       Net Latency:+       0 (I)        0 (I) 
           Arrival:=     600            0     
                                              
      Output Delay:-     500                  
     Required Time:=     100                  
      Launch Clock:-       0                  
         Data Path:-     144                  
             Slack:=     -44                  

Exceptions/Constraints:
  output_delay             500             fir_serial_parallel._line_3_25_1 

#---------------------------------------------------------------------------------------------
#    Timing Point     Flags   Arc   Edge    Cell     Fanout Load Trans Delay Arrival Instance 
#                                                           (fF)  (ps)  (ps)   (ps)  Location 
#---------------------------------------------------------------------------------------------
  out_sr_reg[0][0]/CK -       -     R     (arrival)      55    -     0     0       0    (-,-) 
  out_sr_reg[0][0]/Q  -       CK->Q F     DFFHQX2LVT      1  2.9    32   144     144    (-,-) 
  o_data[0]           -       -     F     (port)          -    -     -     0     144    (-,-) 
#---------------------------------------------------------------------------------------------



Path 6: VIOLATED (-44 ps) Late External Delay Assertion at pin o_data[1]
          Group: clock
     Startpoint: (R) out_sr_reg[0][1]/CK
          Clock: (R) clock
       Endpoint: (F) o_data[1]
          Clock: (R) clock

                     Capture       Launch     
        Clock Edge:+     600            0     
       Src Latency:+       0            0     
       Net Latency:+       0 (I)        0 (I) 
           Arrival:=     600            0     
                                              
      Output Delay:-     500                  
     Required Time:=     100                  
      Launch Clock:-       0                  
         Data Path:-     144                  
             Slack:=     -44                  

Exceptions/Constraints:
  output_delay             500             fir_serial_parallel._line_3_24_1 

#---------------------------------------------------------------------------------------------
#    Timing Point     Flags   Arc   Edge    Cell     Fanout Load Trans Delay Arrival Instance 
#                                                           (fF)  (ps)  (ps)   (ps)  Location 
#---------------------------------------------------------------------------------------------
  out_sr_reg[0][1]/CK -       -     R     (arrival)      55    -     0     0       0    (-,-) 
  out_sr_reg[0][1]/Q  -       CK->Q F     DFFHQX2LVT      1  2.9    32   144     144    (-,-) 
  o_data[1]           -       -     F     (port)          -    -     -     0     144    (-,-) 
#---------------------------------------------------------------------------------------------



Path 7: VIOLATED (-44 ps) Late External Delay Assertion at pin o_data[2]
          Group: clock
     Startpoint: (R) out_sr_reg[0][2]/CK
          Clock: (R) clock
       Endpoint: (F) o_data[2]
          Clock: (R) clock

                     Capture       Launch     
        Clock Edge:+     600            0     
       Src Latency:+       0            0     
       Net Latency:+       0 (I)        0 (I) 
           Arrival:=     600            0     
                                              
      Output Delay:-     500                  
     Required Time:=     100                  
      Launch Clock:-       0                  
         Data Path:-     144                  
             Slack:=     -44                  

Exceptions/Constraints:
  output_delay             500             fir_serial_parallel._line_3_23_1 

#---------------------------------------------------------------------------------------------
#    Timing Point     Flags   Arc   Edge    Cell     Fanout Load Trans Delay Arrival Instance 
#                                                           (fF)  (ps)  (ps)   (ps)  Location 
#---------------------------------------------------------------------------------------------
  out_sr_reg[0][2]/CK -       -     R     (arrival)      55    -     0     0       0    (-,-) 
  out_sr_reg[0][2]/Q  -       CK->Q F     DFFHQX2LVT      1  2.9    32   144     144    (-,-) 
  o_data[2]           -       -     F     (port)          -    -     -     0     144    (-,-) 
#---------------------------------------------------------------------------------------------



Path 8: VIOLATED (-44 ps) Late External Delay Assertion at pin o_data[3]
          Group: clock
     Startpoint: (R) out_sr_reg[0][3]/CK
          Clock: (R) clock
       Endpoint: (F) o_data[3]
          Clock: (R) clock

                     Capture       Launch     
        Clock Edge:+     600            0     
       Src Latency:+       0            0     
       Net Latency:+       0 (I)        0 (I) 
           Arrival:=     600            0     
                                              
      Output Delay:-     500                  
     Required Time:=     100                  
      Launch Clock:-       0                  
         Data Path:-     144                  
             Slack:=     -44                  

Exceptions/Constraints:
  output_delay             500             fir_serial_parallel._line_3_22_1 

#---------------------------------------------------------------------------------------------
#    Timing Point     Flags   Arc   Edge    Cell     Fanout Load Trans Delay Arrival Instance 
#                                                           (fF)  (ps)  (ps)   (ps)  Location 
#---------------------------------------------------------------------------------------------
  out_sr_reg[0][3]/CK -       -     R     (arrival)      55    -     0     0       0    (-,-) 
  out_sr_reg[0][3]/Q  -       CK->Q F     DFFHQX2LVT      1  2.9    32   144     144    (-,-) 
  o_data[3]           -       -     F     (port)          -    -     -     0     144    (-,-) 
#---------------------------------------------------------------------------------------------



Path 9: VIOLATED (-44 ps) Late External Delay Assertion at pin o_data[4]
          Group: clock
     Startpoint: (R) out_sr_reg[0][4]/CK
          Clock: (R) clock
       Endpoint: (F) o_data[4]
          Clock: (R) clock

                     Capture       Launch     
        Clock Edge:+     600            0     
       Src Latency:+       0            0     
       Net Latency:+       0 (I)        0 (I) 
           Arrival:=     600            0     
                                              
      Output Delay:-     500                  
     Required Time:=     100                  
      Launch Clock:-       0                  
         Data Path:-     144                  
             Slack:=     -44                  

Exceptions/Constraints:
  output_delay             500             fir_serial_parallel._line_3_21_1 

#---------------------------------------------------------------------------------------------
#    Timing Point     Flags   Arc   Edge    Cell     Fanout Load Trans Delay Arrival Instance 
#                                                           (fF)  (ps)  (ps)   (ps)  Location 
#---------------------------------------------------------------------------------------------
  out_sr_reg[0][4]/CK -       -     R     (arrival)      55    -     0     0       0    (-,-) 
  out_sr_reg[0][4]/Q  -       CK->Q F     DFFHQX2LVT      1  2.9    32   144     144    (-,-) 
  o_data[4]           -       -     F     (port)          -    -     -     0     144    (-,-) 
#---------------------------------------------------------------------------------------------



Path 10: VIOLATED (-44 ps) Late External Delay Assertion at pin o_data[5]
          Group: clock
     Startpoint: (R) out_sr_reg[0][5]/CK
          Clock: (R) clock
       Endpoint: (F) o_data[5]
          Clock: (R) clock

                     Capture       Launch     
        Clock Edge:+     600            0     
       Src Latency:+       0            0     
       Net Latency:+       0 (I)        0 (I) 
           Arrival:=     600            0     
                                              
      Output Delay:-     500                  
     Required Time:=     100                  
      Launch Clock:-       0                  
         Data Path:-     144                  
             Slack:=     -44                  

Exceptions/Constraints:
  output_delay             500             fir_serial_parallel._line_3_20_1 

#---------------------------------------------------------------------------------------------
#    Timing Point     Flags   Arc   Edge    Cell     Fanout Load Trans Delay Arrival Instance 
#                                                           (fF)  (ps)  (ps)   (ps)  Location 
#---------------------------------------------------------------------------------------------
  out_sr_reg[0][5]/CK -       -     R     (arrival)      55    -     0     0       0    (-,-) 
  out_sr_reg[0][5]/Q  -       CK->Q F     DFFHQX2LVT      1  2.9    32   144     144    (-,-) 
  o_data[5]           -       -     F     (port)          -    -     -     0     144    (-,-) 
#---------------------------------------------------------------------------------------------



Path 11: VIOLATED (-44 ps) Late External Delay Assertion at pin o_data[6]
          Group: clock
     Startpoint: (R) out_sr_reg[0][6]/CK
          Clock: (R) clock
       Endpoint: (F) o_data[6]
          Clock: (R) clock

                     Capture       Launch     
        Clock Edge:+     600            0     
       Src Latency:+       0            0     
       Net Latency:+       0 (I)        0 (I) 
           Arrival:=     600            0     
                                              
      Output Delay:-     500                  
     Required Time:=     100                  
      Launch Clock:-       0                  
         Data Path:-     144                  
             Slack:=     -44                  

Exceptions/Constraints:
  output_delay             500             fir_serial_parallel._line_3_19_1 

#---------------------------------------------------------------------------------------------
#    Timing Point     Flags   Arc   Edge    Cell     Fanout Load Trans Delay Arrival Instance 
#                                                           (fF)  (ps)  (ps)   (ps)  Location 
#---------------------------------------------------------------------------------------------
  out_sr_reg[0][6]/CK -       -     R     (arrival)      55    -     0     0       0    (-,-) 
  out_sr_reg[0][6]/Q  -       CK->Q F     DFFHQX2LVT      1  2.9    32   144     144    (-,-) 
  o_data[6]           -       -     F     (port)          -    -     -     0     144    (-,-) 
#---------------------------------------------------------------------------------------------



Path 12: VIOLATED (-44 ps) Late External Delay Assertion at pin o_data[7]
          Group: clock
     Startpoint: (R) out_sr_reg[0][7]/CK
          Clock: (R) clock
       Endpoint: (F) o_data[7]
          Clock: (R) clock

                     Capture       Launch     
        Clock Edge:+     600            0     
       Src Latency:+       0            0     
       Net Latency:+       0 (I)        0 (I) 
           Arrival:=     600            0     
                                              
      Output Delay:-     500                  
     Required Time:=     100                  
      Launch Clock:-       0                  
         Data Path:-     144                  
             Slack:=     -44                  

Exceptions/Constraints:
  output_delay             500             fir_serial_parallel._line_3_18_1 

#---------------------------------------------------------------------------------------------
#    Timing Point     Flags   Arc   Edge    Cell     Fanout Load Trans Delay Arrival Instance 
#                                                           (fF)  (ps)  (ps)   (ps)  Location 
#---------------------------------------------------------------------------------------------
  out_sr_reg[0][7]/CK -       -     R     (arrival)      55    -     0     0       0    (-,-) 
  out_sr_reg[0][7]/Q  -       CK->Q F     DFFHQX2LVT      1  2.9    32   144     144    (-,-) 
  o_data[7]           -       -     F     (port)          -    -     -     0     144    (-,-) 
#---------------------------------------------------------------------------------------------



Path 13: VIOLATED (-44 ps) Late External Delay Assertion at pin o_data[8]
          Group: clock
     Startpoint: (R) out_sr_reg[0][8]/CK
          Clock: (R) clock
       Endpoint: (F) o_data[8]
          Clock: (R) clock

                     Capture       Launch     
        Clock Edge:+     600            0     
       Src Latency:+       0            0     
       Net Latency:+       0 (I)        0 (I) 
           Arrival:=     600            0     
                                              
      Output Delay:-     500                  
     Required Time:=     100                  
      Launch Clock:-       0                  
         Data Path:-     144                  
             Slack:=     -44                  

Exceptions/Constraints:
  output_delay             500             fir_serial_parallel._line_3_17_1 

#---------------------------------------------------------------------------------------------
#    Timing Point     Flags   Arc   Edge    Cell     Fanout Load Trans Delay Arrival Instance 
#                                                           (fF)  (ps)  (ps)   (ps)  Location 
#---------------------------------------------------------------------------------------------
  out_sr_reg[0][8]/CK -       -     R     (arrival)      55    -     0     0       0    (-,-) 
  out_sr_reg[0][8]/Q  -       CK->Q F     DFFHQX2LVT      1  2.9    32   144     144    (-,-) 
  o_data[8]           -       -     F     (port)          -    -     -     0     144    (-,-) 
#---------------------------------------------------------------------------------------------



Path 14: VIOLATED (-44 ps) Late External Delay Assertion at pin o_data[9]
          Group: clock
     Startpoint: (R) out_sr_reg[0][9]/CK
          Clock: (R) clock
       Endpoint: (F) o_data[9]
          Clock: (R) clock

                     Capture       Launch     
        Clock Edge:+     600            0     
       Src Latency:+       0            0     
       Net Latency:+       0 (I)        0 (I) 
           Arrival:=     600            0     
                                              
      Output Delay:-     500                  
     Required Time:=     100                  
      Launch Clock:-       0                  
         Data Path:-     144                  
             Slack:=     -44                  

Exceptions/Constraints:
  output_delay             500             fir_serial_parallel._line_3_16_1 

#---------------------------------------------------------------------------------------------
#    Timing Point     Flags   Arc   Edge    Cell     Fanout Load Trans Delay Arrival Instance 
#                                                           (fF)  (ps)  (ps)   (ps)  Location 
#---------------------------------------------------------------------------------------------
  out_sr_reg[0][9]/CK -       -     R     (arrival)      55    -     0     0       0    (-,-) 
  out_sr_reg[0][9]/Q  -       CK->Q F     DFFHQX2LVT      1  2.9    32   144     144    (-,-) 
  o_data[9]           -       -     F     (port)          -    -     -     0     144    (-,-) 
#---------------------------------------------------------------------------------------------



Path 15: VIOLATED (-44 ps) Late External Delay Assertion at pin o_data[10]
          Group: clock
     Startpoint: (R) out_sr_reg[0][10]/CK
          Clock: (R) clock
       Endpoint: (F) o_data[10]
          Clock: (R) clock

                     Capture       Launch     
        Clock Edge:+     600            0     
       Src Latency:+       0            0     
       Net Latency:+       0 (I)        0 (I) 
           Arrival:=     600            0     
                                              
      Output Delay:-     500                  
     Required Time:=     100                  
      Launch Clock:-       0                  
         Data Path:-     144                  
             Slack:=     -44                  

Exceptions/Constraints:
  output_delay             500             fir_serial_parallel._line_3_15_1 

#----------------------------------------------------------------------------------------------
#    Timing Point      Flags   Arc   Edge    Cell     Fanout Load Trans Delay Arrival Instance 
#                                                            (fF)  (ps)  (ps)   (ps)  Location 
#----------------------------------------------------------------------------------------------
  out_sr_reg[0][10]/CK -       -     R     (arrival)      55    -     0     0       0    (-,-) 
  out_sr_reg[0][10]/Q  -       CK->Q F     DFFHQX2LVT      1  2.9    32   144     144    (-,-) 
  o_data[10]           -       -     F     (port)          -    -     -     0     144    (-,-) 
#----------------------------------------------------------------------------------------------



Path 16: VIOLATED (-44 ps) Late External Delay Assertion at pin o_data[11]
          Group: clock
     Startpoint: (R) out_sr_reg[0][11]/CK
          Clock: (R) clock
       Endpoint: (F) o_data[11]
          Clock: (R) clock

                     Capture       Launch     
        Clock Edge:+     600            0     
       Src Latency:+       0            0     
       Net Latency:+       0 (I)        0 (I) 
           Arrival:=     600            0     
                                              
      Output Delay:-     500                  
     Required Time:=     100                  
      Launch Clock:-       0                  
         Data Path:-     144                  
             Slack:=     -44                  

Exceptions/Constraints:
  output_delay             500             fir_serial_parallel._line_3_14_1 

#----------------------------------------------------------------------------------------------
#    Timing Point      Flags   Arc   Edge    Cell     Fanout Load Trans Delay Arrival Instance 
#                                                            (fF)  (ps)  (ps)   (ps)  Location 
#----------------------------------------------------------------------------------------------
  out_sr_reg[0][11]/CK -       -     R     (arrival)      55    -     0     0       0    (-,-) 
  out_sr_reg[0][11]/Q  -       CK->Q F     DFFHQX2LVT      1  2.9    32   144     144    (-,-) 
  o_data[11]           -       -     F     (port)          -    -     -     0     144    (-,-) 
#----------------------------------------------------------------------------------------------



Path 17: VIOLATED (-44 ps) Late External Delay Assertion at pin o_data[12]
          Group: clock
     Startpoint: (R) out_sr_reg[0][12]/CK
          Clock: (R) clock
       Endpoint: (F) o_data[12]
          Clock: (R) clock

                     Capture       Launch     
        Clock Edge:+     600            0     
       Src Latency:+       0            0     
       Net Latency:+       0 (I)        0 (I) 
           Arrival:=     600            0     
                                              
      Output Delay:-     500                  
     Required Time:=     100                  
      Launch Clock:-       0                  
         Data Path:-     144                  
             Slack:=     -44                  

Exceptions/Constraints:
  output_delay             500             fir_serial_parallel._line_3_13_1 

#----------------------------------------------------------------------------------------------
#    Timing Point      Flags   Arc   Edge    Cell     Fanout Load Trans Delay Arrival Instance 
#                                                            (fF)  (ps)  (ps)   (ps)  Location 
#----------------------------------------------------------------------------------------------
  out_sr_reg[0][12]/CK -       -     R     (arrival)      55    -     0     0       0    (-,-) 
  out_sr_reg[0][12]/Q  -       CK->Q F     DFFHQX2LVT      1  2.9    32   144     144    (-,-) 
  o_data[12]           -       -     F     (port)          -    -     -     0     144    (-,-) 
#----------------------------------------------------------------------------------------------



Path 18: VIOLATED (-44 ps) Late External Delay Assertion at pin o_data[13]
          Group: clock
     Startpoint: (R) out_sr_reg[0][13]/CK
          Clock: (R) clock
       Endpoint: (F) o_data[13]
          Clock: (R) clock

                     Capture       Launch     
        Clock Edge:+     600            0     
       Src Latency:+       0            0     
       Net Latency:+       0 (I)        0 (I) 
           Arrival:=     600            0     
                                              
      Output Delay:-     500                  
     Required Time:=     100                  
      Launch Clock:-       0                  
         Data Path:-     144                  
             Slack:=     -44                  

Exceptions/Constraints:
  output_delay             500             fir_serial_parallel._line_3_12_1 

#----------------------------------------------------------------------------------------------
#    Timing Point      Flags   Arc   Edge    Cell     Fanout Load Trans Delay Arrival Instance 
#                                                            (fF)  (ps)  (ps)   (ps)  Location 
#----------------------------------------------------------------------------------------------
  out_sr_reg[0][13]/CK -       -     R     (arrival)      55    -     0     0       0    (-,-) 
  out_sr_reg[0][13]/Q  -       CK->Q F     DFFHQX2LVT      1  2.9    32   144     144    (-,-) 
  o_data[13]           -       -     F     (port)          -    -     -     0     144    (-,-) 
#----------------------------------------------------------------------------------------------



Path 19: VIOLATED (-44 ps) Late External Delay Assertion at pin o_data[14]
          Group: clock
     Startpoint: (R) out_sr_reg[0][14]/CK
          Clock: (R) clock
       Endpoint: (F) o_data[14]
          Clock: (R) clock

                     Capture       Launch     
        Clock Edge:+     600            0     
       Src Latency:+       0            0     
       Net Latency:+       0 (I)        0 (I) 
           Arrival:=     600            0     
                                              
      Output Delay:-     500                  
     Required Time:=     100                  
      Launch Clock:-       0                  
         Data Path:-     144                  
             Slack:=     -44                  

Exceptions/Constraints:
  output_delay             500             fir_serial_parallel._line_3_11_1 

#----------------------------------------------------------------------------------------------
#    Timing Point      Flags   Arc   Edge    Cell     Fanout Load Trans Delay Arrival Instance 
#                                                            (fF)  (ps)  (ps)   (ps)  Location 
#----------------------------------------------------------------------------------------------
  out_sr_reg[0][14]/CK -       -     R     (arrival)      55    -     0     0       0    (-,-) 
  out_sr_reg[0][14]/Q  -       CK->Q F     DFFHQX2LVT      1  2.9    32   144     144    (-,-) 
  o_data[14]           -       -     F     (port)          -    -     -     0     144    (-,-) 
#----------------------------------------------------------------------------------------------



Path 20: VIOLATED (-27 ps) Clock Gating Setup Check at cgic pin RC_CG_HIER_INST4/RC_CGIC_INST/E
          Group: cg_enable_group_clock
     Startpoint: (F) i_reset
          Clock: (R) clock
       Endpoint: (F) RC_CG_HIER_INST4/RC_CGIC_INST/E
          Clock: (R) clock

                     Capture       Launch     
        Clock Edge:+     600            0     
        Drv Adjust:+       0            0     
       Src Latency:+       0            0     
       Net Latency:+       0 (I)        0 (I) 
           Arrival:=     600            0     
                                              
  Gate Check Setup:-      72                  
     Required Time:=     528                  
      Launch Clock:-       0                  
       Input Delay:-     500                  
         Data Path:-      55                  
             Slack:=     -27                  

Exceptions/Constraints:
  input_delay             500             fir_serial_parallel._line_2_8_1 

#--------------------------------------------------------------------------------------------------------------
#          Timing Point           Flags   Arc   Edge      Cell       Fanout  Load Trans Delay Arrival Instance 
#                                                                            (fF)  (ps)  (ps)   (ps)  Location 
#--------------------------------------------------------------------------------------------------------------
  i_reset                         -       -     F     (arrival)         158 463.4     0     0     500    (-,-) 
  g1833__6131/Y                   -       B->Y  R     NOR2X8LVT           1   5.6    40    26     526    (-,-) 
  g1824/Y                         -       A->Y  F     CLKINVX6LVT         2   4.8    26    29     555    (-,-) 
  RC_CG_HIER_INST4/RC_CGIC_INST/E -       -     F     TLATNTSCAX2LVT      2     -     -     0     555    (-,-) 
#--------------------------------------------------------------------------------------------------------------



Path 21: VIOLATED (-27 ps) Clock Gating Setup Check at cgic pin RC_CG_HIER_INST3/RC_CGIC_INST/E
          Group: cg_enable_group_clock
     Startpoint: (F) i_reset
          Clock: (R) clock
       Endpoint: (F) RC_CG_HIER_INST3/RC_CGIC_INST/E
          Clock: (R) clock

                     Capture       Launch     
        Clock Edge:+     600            0     
        Drv Adjust:+       0            0     
       Src Latency:+       0            0     
       Net Latency:+       0 (I)        0 (I) 
           Arrival:=     600            0     
                                              
  Gate Check Setup:-      72                  
     Required Time:=     528                  
      Launch Clock:-       0                  
       Input Delay:-     500                  
         Data Path:-      55                  
             Slack:=     -27                  

Exceptions/Constraints:
  input_delay             500             fir_serial_parallel._line_2_8_1 

#--------------------------------------------------------------------------------------------------------------
#          Timing Point           Flags   Arc   Edge      Cell       Fanout  Load Trans Delay Arrival Instance 
#                                                                            (fF)  (ps)  (ps)   (ps)  Location 
#--------------------------------------------------------------------------------------------------------------
  i_reset                         -       -     F     (arrival)         158 463.4     0     0     500    (-,-) 
  g1833__6131/Y                   -       B->Y  R     NOR2X8LVT           1   5.6    40    26     526    (-,-) 
  g1824/Y                         -       A->Y  F     CLKINVX6LVT         2   4.8    26    29     555    (-,-) 
  RC_CG_HIER_INST3/RC_CGIC_INST/E -       -     F     TLATNTSCAX2LVT      2     -     -     0     555    (-,-) 
#--------------------------------------------------------------------------------------------------------------



Path 22: VIOLATED (-26 ps) Setup Check with Pin out_sr_reg[0][15]/CK->D
          Group: clock
     Startpoint: (R) cnt_reg[0]/CK
          Clock: (R) clock
       Endpoint: (R) out_sr_reg[0][15]/D
          Clock: (R) clock

                     Capture       Launch     
        Clock Edge:+     600            0     
       Src Latency:+       0            0     
       Net Latency:+       0 (I)        0 (I) 
           Arrival:=     600            0     
                                              
             Setup:-      86                  
     Required Time:=     514                  
      Launch Clock:-       0                  
         Data Path:-     539                  
             Slack:=     -26                  

#----------------------------------------------------------------------------------------------
#    Timing Point     Flags   Arc   Edge    Cell     Fanout  Load Trans Delay Arrival Instance 
#                                                            (fF)  (ps)  (ps)   (ps)  Location 
#----------------------------------------------------------------------------------------------
  cnt_reg[0]/CK       -       -     R     (arrival)      55     -     0     0       0    (-,-) 
  cnt_reg[0]/Q        -       CK->Q F     DFFHQX4LVT      6  14.1    68   171     171    (-,-) 
  g1893__1617/Y       -       B->Y  F     AND2X6LVT       1  10.7    42    82     253    (-,-) 
  g1870/Y             -       A->Y  R     INVX20LVT      31 112.2    97    77     330    (-,-) 
  g1570__8428/Y       -       B->Y  F     NAND2X6LVT      1   4.5    60    67     397    (-,-) 
  g1433__6131/Y       -       B0->Y R     OAI21X4LVT      1   3.1    58    36     433    (-,-) 
  g1364__6417/Y       -       AN->Y R     NOR2BX2LVT      1   3.2    61   106     539    (-,-) 
  out_sr_reg[0][15]/D -       -     R     DFFHQX4LVT      1     -     -     0     539    (-,-) 
#----------------------------------------------------------------------------------------------



Path 23: VIOLATED (-24 ps) Setup Check with Pin out_sr_reg[0][13]/CK->D
          Group: clock
     Startpoint: (R) cnt_reg[0]/CK
          Clock: (R) clock
       Endpoint: (R) out_sr_reg[0][13]/D
          Clock: (R) clock

                     Capture       Launch     
        Clock Edge:+     600            0     
       Src Latency:+       0            0     
       Net Latency:+       0 (I)        0 (I) 
           Arrival:=     600            0     
                                              
             Setup:-      85                  
     Required Time:=     515                  
      Launch Clock:-       0                  
         Data Path:-     539                  
             Slack:=     -24                  

#----------------------------------------------------------------------------------------------
#    Timing Point     Flags   Arc   Edge    Cell     Fanout  Load Trans Delay Arrival Instance 
#                                                            (fF)  (ps)  (ps)   (ps)  Location 
#----------------------------------------------------------------------------------------------
  cnt_reg[0]/CK       -       -     R     (arrival)      55     -     0     0       0    (-,-) 
  cnt_reg[0]/Q        -       CK->Q F     DFFHQX4LVT      6  14.1    68   171     171    (-,-) 
  g1893__1617/Y       -       B->Y  F     AND2X6LVT       1  10.7    42    82     253    (-,-) 
  g1870/Y             -       A->Y  R     INVX20LVT      31 112.2    97    77     330    (-,-) 
  g1568__6260/Y       -       B->Y  F     NAND2X6LVT      1   4.5    60    67     397    (-,-) 
  g1431__8246/Y       -       B0->Y R     OAI21X4LVT      1   3.1    58    36     433    (-,-) 
  g1362__1666/Y       -       AN->Y R     NOR2BX2LVT      1   3.2    61   106     539    (-,-) 
  out_sr_reg[0][13]/D -       -     R     DFFHQX2LVT      1     -     -     0     539    (-,-) 
#----------------------------------------------------------------------------------------------



Path 24: VIOLATED (-24 ps) Setup Check with Pin out_sr_reg[0][12]/CK->D
          Group: clock
     Startpoint: (R) cnt_reg[0]/CK
          Clock: (R) clock
       Endpoint: (R) out_sr_reg[0][12]/D
          Clock: (R) clock

                     Capture       Launch     
        Clock Edge:+     600            0     
       Src Latency:+       0            0     
       Net Latency:+       0 (I)        0 (I) 
           Arrival:=     600            0     
                                              
             Setup:-      85                  
     Required Time:=     515                  
      Launch Clock:-       0                  
         Data Path:-     539                  
             Slack:=     -24                  

#----------------------------------------------------------------------------------------------
#    Timing Point     Flags   Arc   Edge    Cell     Fanout  Load Trans Delay Arrival Instance 
#                                                            (fF)  (ps)  (ps)   (ps)  Location 
#----------------------------------------------------------------------------------------------
  cnt_reg[0]/CK       -       -     R     (arrival)      55     -     0     0       0    (-,-) 
  cnt_reg[0]/Q        -       CK->Q F     DFFHQX4LVT      6  14.1    68   171     171    (-,-) 
  g1893__1617/Y       -       B->Y  F     AND2X6LVT       1  10.7    42    82     253    (-,-) 
  g1870/Y             -       A->Y  R     INVX20LVT      31 112.2    97    77     330    (-,-) 
  g1567__5107/Y       -       B->Y  F     NAND2X6LVT      1   4.5    60    67     397    (-,-) 
  g1430__5122/Y       -       B0->Y R     OAI21X4LVT      1   3.1    58    36     433    (-,-) 
  g1360__2883/Y       -       AN->Y R     NOR2BX2LVT      1   3.2    61   106     539    (-,-) 
  out_sr_reg[0][12]/D -       -     R     DFFHQX2LVT      1     -     -     0     539    (-,-) 
#----------------------------------------------------------------------------------------------



Path 25: VIOLATED (-24 ps) Setup Check with Pin out_sr_reg[0][10]/CK->D
          Group: clock
     Startpoint: (R) cnt_reg[0]/CK
          Clock: (R) clock
       Endpoint: (R) out_sr_reg[0][10]/D
          Clock: (R) clock

                     Capture       Launch     
        Clock Edge:+     600            0     
       Src Latency:+       0            0     
       Net Latency:+       0 (I)        0 (I) 
           Arrival:=     600            0     
                                              
             Setup:-      85                  
     Required Time:=     515                  
      Launch Clock:-       0                  
         Data Path:-     539                  
             Slack:=     -24                  

#----------------------------------------------------------------------------------------------
#    Timing Point     Flags   Arc   Edge    Cell     Fanout  Load Trans Delay Arrival Instance 
#                                                            (fF)  (ps)  (ps)   (ps)  Location 
#----------------------------------------------------------------------------------------------
  cnt_reg[0]/CK       -       -     R     (arrival)      55     -     0     0       0    (-,-) 
  cnt_reg[0]/Q        -       CK->Q F     DFFHQX4LVT      6  14.1    68   171     171    (-,-) 
  g1893__1617/Y       -       B->Y  F     AND2X6LVT       1  10.7    42    82     253    (-,-) 
  g1870/Y             -       A->Y  R     INVX20LVT      31 112.2    97    77     330    (-,-) 
  g1563__7410/Y       -       B->Y  F     NAND2X6LVT      1   4.5    60    67     397    (-,-) 
  g1428__2802/Y       -       B0->Y R     OAI21X4LVT      1   3.1    58    36     433    (-,-) 
  g1357__6161/Y       -       AN->Y R     NOR2BX2LVT      1   3.2    61   106     539    (-,-) 
  out_sr_reg[0][10]/D -       -     R     DFFHQX2LVT      1     -     -     0     539    (-,-) 
#----------------------------------------------------------------------------------------------



Path 26: VIOLATED (-24 ps) Setup Check with Pin out_sr_reg[0][9]/CK->D
          Group: clock
     Startpoint: (R) cnt_reg[0]/CK
          Clock: (R) clock
       Endpoint: (R) out_sr_reg[0][9]/D
          Clock: (R) clock

                     Capture       Launch     
        Clock Edge:+     600            0     
       Src Latency:+       0            0     
       Net Latency:+       0 (I)        0 (I) 
           Arrival:=     600            0     
                                              
             Setup:-      85                  
     Required Time:=     515                  
      Launch Clock:-       0                  
         Data Path:-     539                  
             Slack:=     -24                  

#---------------------------------------------------------------------------------------------
#   Timing Point     Flags   Arc   Edge    Cell     Fanout  Load Trans Delay Arrival Instance 
#                                                           (fF)  (ps)  (ps)   (ps)  Location 
#---------------------------------------------------------------------------------------------
  cnt_reg[0]/CK      -       -     R     (arrival)      55     -     0     0       0    (-,-) 
  cnt_reg[0]/Q       -       CK->Q F     DFFHQX4LVT      6  14.1    68   171     171    (-,-) 
  g1893__1617/Y      -       B->Y  F     AND2X6LVT       1  10.7    42    82     253    (-,-) 
  g1870/Y            -       A->Y  R     INVX20LVT      31 112.2    97    77     330    (-,-) 
  g1560__2883/Y      -       B->Y  F     NAND2X6LVT      1   4.5    60    67     397    (-,-) 
  g1427__1617/Y      -       B0->Y R     OAI21X4LVT      1   3.1    58    36     433    (-,-) 
  g1358__9315/Y      -       AN->Y R     NOR2BX2LVT      1   3.2    61   106     539    (-,-) 
  out_sr_reg[0][9]/D -       -     R     DFFHQX2LVT      1     -     -     0     539    (-,-) 
#---------------------------------------------------------------------------------------------



Path 27: VIOLATED (-24 ps) Setup Check with Pin out_sr_reg[0][8]/CK->D
          Group: clock
     Startpoint: (R) cnt_reg[0]/CK
          Clock: (R) clock
       Endpoint: (R) out_sr_reg[0][8]/D
          Clock: (R) clock

                     Capture       Launch     
        Clock Edge:+     600            0     
       Src Latency:+       0            0     
       Net Latency:+       0 (I)        0 (I) 
           Arrival:=     600            0     
                                              
             Setup:-      85                  
     Required Time:=     515                  
      Launch Clock:-       0                  
         Data Path:-     539                  
             Slack:=     -24                  

#---------------------------------------------------------------------------------------------
#   Timing Point     Flags   Arc   Edge    Cell     Fanout  Load Trans Delay Arrival Instance 
#                                                           (fF)  (ps)  (ps)   (ps)  Location 
#---------------------------------------------------------------------------------------------
  cnt_reg[0]/CK      -       -     R     (arrival)      55     -     0     0       0    (-,-) 
  cnt_reg[0]/Q       -       CK->Q F     DFFHQX4LVT      6  14.1    68   171     171    (-,-) 
  g1893__1617/Y      -       B->Y  F     AND2X6LVT       1  10.7    42    82     253    (-,-) 
  g1870/Y            -       A->Y  R     INVX20LVT      31 112.2    97    77     330    (-,-) 
  g1559__9945/Y      -       B->Y  F     NAND2X6LVT      1   4.5    60    67     397    (-,-) 
  g1426__3680/Y      -       B0->Y R     OAI21X4LVT      1   3.1    58    36     433    (-,-) 
  g1361__2346/Y      -       AN->Y R     NOR2BX2LVT      1   3.2    61   106     539    (-,-) 
  out_sr_reg[0][8]/D -       -     R     DFFHQX2LVT      1     -     -     0     539    (-,-) 
#---------------------------------------------------------------------------------------------



Path 28: VIOLATED (-24 ps) Setup Check with Pin out_sr_reg[0][7]/CK->D
          Group: clock
     Startpoint: (R) cnt_reg[0]/CK
          Clock: (R) clock
       Endpoint: (R) out_sr_reg[0][7]/D
          Clock: (R) clock

                     Capture       Launch     
        Clock Edge:+     600            0     
       Src Latency:+       0            0     
       Net Latency:+       0 (I)        0 (I) 
           Arrival:=     600            0     
                                              
             Setup:-      85                  
     Required Time:=     515                  
      Launch Clock:-       0                  
         Data Path:-     539                  
             Slack:=     -24                  

#---------------------------------------------------------------------------------------------
#   Timing Point     Flags   Arc   Edge    Cell     Fanout  Load Trans Delay Arrival Instance 
#                                                           (fF)  (ps)  (ps)   (ps)  Location 
#---------------------------------------------------------------------------------------------
  cnt_reg[0]/CK      -       -     R     (arrival)      55     -     0     0       0    (-,-) 
  cnt_reg[0]/Q       -       CK->Q F     DFFHQX4LVT      6  14.1    68   171     171    (-,-) 
  g1893__1617/Y      -       B->Y  F     AND2X6LVT       1  10.7    42    82     253    (-,-) 
  g1870/Y            -       A->Y  R     INVX20LVT      31 112.2    97    77     330    (-,-) 
  g1557__6161/Y      -       B->Y  F     NAND2X6LVT      1   4.5    60    67     397    (-,-) 
  g1425__6783/Y      -       B0->Y R     OAI21X4LVT      1   3.1    58    36     433    (-,-) 
  g1356__4733/Y      -       AN->Y R     NOR2BX2LVT      1   3.2    61   106     539    (-,-) 
  out_sr_reg[0][7]/D -       -     R     DFFHQX2LVT      1     -     -     0     539    (-,-) 
#---------------------------------------------------------------------------------------------



Path 29: VIOLATED (-24 ps) Setup Check with Pin out_sr_reg[0][6]/CK->D
          Group: clock
     Startpoint: (R) cnt_reg[0]/CK
          Clock: (R) clock
       Endpoint: (R) out_sr_reg[0][6]/D
          Clock: (R) clock

                     Capture       Launch     
        Clock Edge:+     600            0     
       Src Latency:+       0            0     
       Net Latency:+       0 (I)        0 (I) 
           Arrival:=     600            0     
                                              
             Setup:-      85                  
     Required Time:=     515                  
      Launch Clock:-       0                  
         Data Path:-     539                  
             Slack:=     -24                  

#---------------------------------------------------------------------------------------------
#   Timing Point     Flags   Arc   Edge    Cell     Fanout  Load Trans Delay Arrival Instance 
#                                                           (fF)  (ps)  (ps)   (ps)  Location 
#---------------------------------------------------------------------------------------------
  cnt_reg[0]/CK      -       -     R     (arrival)      55     -     0     0       0    (-,-) 
  cnt_reg[0]/Q       -       CK->Q F     DFFHQX4LVT      6  14.1    68   171     171    (-,-) 
  g1893__1617/Y      -       B->Y  F     AND2X6LVT       1  10.7    42    82     253    (-,-) 
  g1870/Y            -       A->Y  R     INVX20LVT      31 112.2    97    77     330    (-,-) 
  g1552__6131/Y      -       B->Y  F     NAND2X6LVT      1   4.5    60    67     397    (-,-) 
  g1424__5526/Y      -       B0->Y R     OAI21X4LVT      1   3.1    58    36     433    (-,-) 
  g1355__7482/Y      -       AN->Y R     NOR2BX2LVT      1   3.2    61   106     539    (-,-) 
  out_sr_reg[0][6]/D -       -     R     DFFHQX2LVT      1     -     -     0     539    (-,-) 
#---------------------------------------------------------------------------------------------



Path 30: VIOLATED (-24 ps) Setup Check with Pin out_sr_reg[0][5]/CK->D
          Group: clock
     Startpoint: (R) cnt_reg[0]/CK
          Clock: (R) clock
       Endpoint: (R) out_sr_reg[0][5]/D
          Clock: (R) clock

                     Capture       Launch     
        Clock Edge:+     600            0     
       Src Latency:+       0            0     
       Net Latency:+       0 (I)        0 (I) 
           Arrival:=     600            0     
                                              
             Setup:-      85                  
     Required Time:=     515                  
      Launch Clock:-       0                  
         Data Path:-     539                  
             Slack:=     -24                  

#---------------------------------------------------------------------------------------------
#   Timing Point     Flags   Arc   Edge    Cell     Fanout  Load Trans Delay Arrival Instance 
#                                                           (fF)  (ps)  (ps)   (ps)  Location 
#---------------------------------------------------------------------------------------------
  cnt_reg[0]/CK      -       -     R     (arrival)      55     -     0     0       0    (-,-) 
  cnt_reg[0]/Q       -       CK->Q F     DFFHQX4LVT      6  14.1    68   171     171    (-,-) 
  g1893__1617/Y      -       B->Y  F     AND2X6LVT       1  10.7    42    82     253    (-,-) 
  g1870/Y            -       A->Y  R     INVX20LVT      31 112.2    97    77     330    (-,-) 
  g1550__8246/Y      -       B->Y  F     NAND2X6LVT      1   4.5    60    67     397    (-,-) 
  g1423__8428/Y      -       B0->Y R     OAI21X4LVT      1   3.1    58    36     433    (-,-) 
  g1349__5122/Y      -       AN->Y R     NOR2BX2LVT      1   3.2    61   106     539    (-,-) 
  out_sr_reg[0][5]/D -       -     R     DFFHQX2LVT      1     -     -     0     539    (-,-) 
#---------------------------------------------------------------------------------------------



Path 31: VIOLATED (-24 ps) Setup Check with Pin out_sr_reg[0][4]/CK->D
          Group: clock
     Startpoint: (R) cnt_reg[0]/CK
          Clock: (R) clock
       Endpoint: (R) out_sr_reg[0][4]/D
          Clock: (R) clock

                     Capture       Launch     
        Clock Edge:+     600            0     
       Src Latency:+       0            0     
       Net Latency:+       0 (I)        0 (I) 
           Arrival:=     600            0     
                                              
             Setup:-      85                  
     Required Time:=     515                  
      Launch Clock:-       0                  
         Data Path:-     539                  
             Slack:=     -24                  

#---------------------------------------------------------------------------------------------
#   Timing Point     Flags   Arc   Edge    Cell     Fanout  Load Trans Delay Arrival Instance 
#                                                           (fF)  (ps)  (ps)   (ps)  Location 
#---------------------------------------------------------------------------------------------
  cnt_reg[0]/CK      -       -     R     (arrival)      55     -     0     0       0    (-,-) 
  cnt_reg[0]/Q       -       CK->Q F     DFFHQX4LVT      6  14.1    68   171     171    (-,-) 
  g1893__1617/Y      -       B->Y  F     AND2X6LVT       1  10.7    42    82     253    (-,-) 
  g1870/Y            -       A->Y  R     INVX20LVT      31 112.2    97    77     330    (-,-) 
  g1539__5107/Y      -       B->Y  F     NAND2X6LVT      1   4.5    60    67     397    (-,-) 
  g1422__4319/Y      -       B0->Y R     OAI21X4LVT      1   3.1    58    36     433    (-,-) 
  g1354__5115/Y      -       AN->Y R     NOR2BX2LVT      1   3.2    61   106     539    (-,-) 
  out_sr_reg[0][4]/D -       -     R     DFFHQX2LVT      1     -     -     0     539    (-,-) 
#---------------------------------------------------------------------------------------------



Path 32: VIOLATED (-24 ps) Setup Check with Pin out_sr_reg[0][2]/CK->D
          Group: clock
     Startpoint: (R) cnt_reg[0]/CK
          Clock: (R) clock
       Endpoint: (R) out_sr_reg[0][2]/D
          Clock: (R) clock

                     Capture       Launch     
        Clock Edge:+     600            0     
       Src Latency:+       0            0     
       Net Latency:+       0 (I)        0 (I) 
           Arrival:=     600            0     
                                              
             Setup:-      85                  
     Required Time:=     515                  
      Launch Clock:-       0                  
         Data Path:-     539                  
             Slack:=     -24                  

#---------------------------------------------------------------------------------------------
#   Timing Point     Flags   Arc   Edge    Cell     Fanout  Load Trans Delay Arrival Instance 
#                                                           (fF)  (ps)  (ps)   (ps)  Location 
#---------------------------------------------------------------------------------------------
  cnt_reg[0]/CK      -       -     R     (arrival)      55     -     0     0       0    (-,-) 
  cnt_reg[0]/Q       -       CK->Q F     DFFHQX4LVT      6  14.1    68   171     171    (-,-) 
  g1893__1617/Y      -       B->Y  F     AND2X6LVT       1  10.7    42    82     253    (-,-) 
  g1870/Y            -       A->Y  R     INVX20LVT      31 112.2    97    77     330    (-,-) 
  g1535__7410/Y      -       B->Y  F     NAND2X6LVT      1   4.5    60    67     397    (-,-) 
  g1420__5107/Y      -       B0->Y R     OAI21X4LVT      1   3.1    58    36     433    (-,-) 
  g1351__7098/Y      -       AN->Y R     NOR2BX2LVT      1   3.2    61   106     539    (-,-) 
  out_sr_reg[0][2]/D -       -     R     DFFHQX2LVT      1     -     -     0     539    (-,-) 
#---------------------------------------------------------------------------------------------



Path 33: VIOLATED (-24 ps) Setup Check with Pin out_sr_reg[0][0]/CK->D
          Group: clock
     Startpoint: (R) cnt_reg[0]/CK
          Clock: (R) clock
       Endpoint: (R) out_sr_reg[0][0]/D
          Clock: (R) clock

                     Capture       Launch     
        Clock Edge:+     600            0     
       Src Latency:+       0            0     
       Net Latency:+       0 (I)        0 (I) 
           Arrival:=     600            0     
                                              
             Setup:-      85                  
     Required Time:=     515                  
      Launch Clock:-       0                  
         Data Path:-     539                  
             Slack:=     -24                  

#---------------------------------------------------------------------------------------------
#   Timing Point     Flags   Arc   Edge    Cell     Fanout  Load Trans Delay Arrival Instance 
#                                                           (fF)  (ps)  (ps)   (ps)  Location 
#---------------------------------------------------------------------------------------------
  cnt_reg[0]/CK      -       -     R     (arrival)      55     -     0     0       0    (-,-) 
  cnt_reg[0]/Q       -       CK->Q F     DFFHQX4LVT      6  14.1    68   171     171    (-,-) 
  g1893__1617/Y      -       B->Y  F     AND2X6LVT       1  10.7    42    82     253    (-,-) 
  g1870/Y            -       A->Y  R     INVX20LVT      31 112.2    97    77     330    (-,-) 
  g1531__9945/Y      -       B->Y  F     NAND2X6LVT      1   4.5    60    67     397    (-,-) 
  g1418__5477/Y      -       B0->Y R     OAI21X4LVT      1   3.1    58    36     433    (-,-) 
  g1353__1881/Y      -       AN->Y R     NOR2BX2LVT      1   3.2    61   106     539    (-,-) 
  out_sr_reg[0][0]/D -       -     R     DFFHQX2LVT      1     -     -     0     539    (-,-) 
#---------------------------------------------------------------------------------------------



Path 34: VIOLATED (-24 ps) Setup Check with Pin out_sr_reg[0][14]/CK->D
          Group: clock
     Startpoint: (F) i_reset
          Clock: (R) clock
       Endpoint: (R) out_sr_reg[0][14]/D
          Clock: (R) clock

                     Capture       Launch     
        Clock Edge:+     600            0     
        Drv Adjust:+       0            0     
       Src Latency:+       0            0     
       Net Latency:+       0 (I)        0 (I) 
           Arrival:=     600            0     
                                              
             Setup:-      85                  
     Required Time:=     515                  
      Launch Clock:-       0                  
       Input Delay:-     500                  
         Data Path:-      39                  
             Slack:=     -24                  

Exceptions/Constraints:
  input_delay             500             fir_serial_parallel._line_2_8_1 

#----------------------------------------------------------------------------------------------
#    Timing Point     Flags   Arc   Edge    Cell     Fanout  Load Trans Delay Arrival Instance 
#                                                            (fF)  (ps)  (ps)   (ps)  Location 
#----------------------------------------------------------------------------------------------
  i_reset             -       -     F     (arrival)     158 463.4     0     0     500    (-,-) 
  g1363__7410/Y       -       B->Y  R     NOR2BX2LVT      1   3.2    61    39     539    (-,-) 
  out_sr_reg[0][14]/D -       -     R     DFFHQX2LVT      1     -     -     0     539    (-,-) 
#----------------------------------------------------------------------------------------------



Path 35: VIOLATED (-24 ps) Setup Check with Pin out_sr_reg[0][11]/CK->D
          Group: clock
     Startpoint: (F) i_reset
          Clock: (R) clock
       Endpoint: (R) out_sr_reg[0][11]/D
          Clock: (R) clock

                     Capture       Launch     
        Clock Edge:+     600            0     
        Drv Adjust:+       0            0     
       Src Latency:+       0            0     
       Net Latency:+       0 (I)        0 (I) 
           Arrival:=     600            0     
                                              
             Setup:-      85                  
     Required Time:=     515                  
      Launch Clock:-       0                  
       Input Delay:-     500                  
         Data Path:-      39                  
             Slack:=     -24                  

Exceptions/Constraints:
  input_delay             500             fir_serial_parallel._line_2_8_1 

#----------------------------------------------------------------------------------------------
#    Timing Point     Flags   Arc   Edge    Cell     Fanout  Load Trans Delay Arrival Instance 
#                                                            (fF)  (ps)  (ps)   (ps)  Location 
#----------------------------------------------------------------------------------------------
  i_reset             -       -     F     (arrival)     158 463.4     0     0     500    (-,-) 
  g1359__9945/Y       -       B->Y  R     NOR2BX2LVT      1   3.2    61    39     539    (-,-) 
  out_sr_reg[0][11]/D -       -     R     DFFHQX2LVT      1     -     -     0     539    (-,-) 
#----------------------------------------------------------------------------------------------



Path 36: VIOLATED (-23 ps) Setup Check with Pin out_sr_reg[2][15]/CK->D
          Group: clock
     Startpoint: (F) i_reset
          Clock: (R) clock
       Endpoint: (R) out_sr_reg[2][15]/D
          Clock: (R) clock

                     Capture       Launch     
        Clock Edge:+     600            0     
        Drv Adjust:+       0            0     
       Src Latency:+       0            0     
       Net Latency:+       0 (I)        0 (I) 
           Arrival:=     600            0     
                                              
             Setup:-      84                  
     Required Time:=     516                  
      Launch Clock:-       0                  
       Input Delay:-     500                  
         Data Path:-      39                  
             Slack:=     -23                  

Exceptions/Constraints:
  input_delay             500             fir_serial_parallel._line_2_8_1 

#----------------------------------------------------------------------------------------------
#    Timing Point     Flags   Arc   Edge    Cell     Fanout  Load Trans Delay Arrival Instance 
#                                                            (fF)  (ps)  (ps)   (ps)  Location 
#----------------------------------------------------------------------------------------------
  i_reset             -       -     F     (arrival)     158 463.4     0     0     500    (-,-) 
  g1768__2883/Y       -       B->Y  R     NOR2BX2LVT      1   3.2    61    39     539    (-,-) 
  out_sr_reg[2][15]/D -       -     R     DFFHQX1LVT      1     -     -     0     539    (-,-) 
#----------------------------------------------------------------------------------------------



Path 37: VIOLATED (-23 ps) Setup Check with Pin out_sr_reg[2][14]/CK->D
          Group: clock
     Startpoint: (F) i_reset
          Clock: (R) clock
       Endpoint: (R) out_sr_reg[2][14]/D
          Clock: (R) clock

                     Capture       Launch     
        Clock Edge:+     600            0     
        Drv Adjust:+       0            0     
       Src Latency:+       0            0     
       Net Latency:+       0 (I)        0 (I) 
           Arrival:=     600            0     
                                              
             Setup:-      84                  
     Required Time:=     516                  
      Launch Clock:-       0                  
       Input Delay:-     500                  
         Data Path:-      39                  
             Slack:=     -23                  

Exceptions/Constraints:
  input_delay             500             fir_serial_parallel._line_2_8_1 

#----------------------------------------------------------------------------------------------
#    Timing Point     Flags   Arc   Edge    Cell     Fanout  Load Trans Delay Arrival Instance 
#                                                            (fF)  (ps)  (ps)   (ps)  Location 
#----------------------------------------------------------------------------------------------
  i_reset             -       -     F     (arrival)     158 463.4     0     0     500    (-,-) 
  g1767__9945/Y       -       B->Y  R     NOR2BX2LVT      1   3.2    61    39     539    (-,-) 
  out_sr_reg[2][14]/D -       -     R     DFFHQX1LVT      1     -     -     0     539    (-,-) 
#----------------------------------------------------------------------------------------------



Path 38: VIOLATED (-23 ps) Setup Check with Pin out_sr_reg[2][13]/CK->D
          Group: clock
     Startpoint: (F) i_reset
          Clock: (R) clock
       Endpoint: (R) out_sr_reg[2][13]/D
          Clock: (R) clock

                     Capture       Launch     
        Clock Edge:+     600            0     
        Drv Adjust:+       0            0     
       Src Latency:+       0            0     
       Net Latency:+       0 (I)        0 (I) 
           Arrival:=     600            0     
                                              
             Setup:-      84                  
     Required Time:=     516                  
      Launch Clock:-       0                  
       Input Delay:-     500                  
         Data Path:-      39                  
             Slack:=     -23                  

Exceptions/Constraints:
  input_delay             500             fir_serial_parallel._line_2_8_1 

#----------------------------------------------------------------------------------------------
#    Timing Point     Flags   Arc   Edge    Cell     Fanout  Load Trans Delay Arrival Instance 
#                                                            (fF)  (ps)  (ps)   (ps)  Location 
#----------------------------------------------------------------------------------------------
  i_reset             -       -     F     (arrival)     158 463.4     0     0     500    (-,-) 
  g1770__1666/Y       -       B->Y  R     NOR2BX2LVT      1   3.2    61    39     539    (-,-) 
  out_sr_reg[2][13]/D -       -     R     DFFHQX1LVT      1     -     -     0     539    (-,-) 
#----------------------------------------------------------------------------------------------



Path 39: VIOLATED (-23 ps) Setup Check with Pin out_sr_reg[2][12]/CK->D
          Group: clock
     Startpoint: (F) i_reset
          Clock: (R) clock
       Endpoint: (R) out_sr_reg[2][12]/D
          Clock: (R) clock

                     Capture       Launch     
        Clock Edge:+     600            0     
        Drv Adjust:+       0            0     
       Src Latency:+       0            0     
       Net Latency:+       0 (I)        0 (I) 
           Arrival:=     600            0     
                                              
             Setup:-      84                  
     Required Time:=     516                  
      Launch Clock:-       0                  
       Input Delay:-     500                  
         Data Path:-      39                  
             Slack:=     -23                  

Exceptions/Constraints:
  input_delay             500             fir_serial_parallel._line_2_8_1 

#----------------------------------------------------------------------------------------------
#    Timing Point     Flags   Arc   Edge    Cell     Fanout  Load Trans Delay Arrival Instance 
#                                                            (fF)  (ps)  (ps)   (ps)  Location 
#----------------------------------------------------------------------------------------------
  i_reset             -       -     F     (arrival)     158 463.4     0     0     500    (-,-) 
  g1781__3680/Y       -       B->Y  R     NOR2BX2LVT      1   3.2    61    39     539    (-,-) 
  out_sr_reg[2][12]/D -       -     R     DFFHQX1LVT      1     -     -     0     539    (-,-) 
#----------------------------------------------------------------------------------------------



Path 40: VIOLATED (-23 ps) Setup Check with Pin out_sr_reg[2][11]/CK->D
          Group: clock
     Startpoint: (F) i_reset
          Clock: (R) clock
       Endpoint: (R) out_sr_reg[2][11]/D
          Clock: (R) clock

                     Capture       Launch     
        Clock Edge:+     600            0     
        Drv Adjust:+       0            0     
       Src Latency:+       0            0     
       Net Latency:+       0 (I)        0 (I) 
           Arrival:=     600            0     
                                              
             Setup:-      84                  
     Required Time:=     516                  
      Launch Clock:-       0                  
       Input Delay:-     500                  
         Data Path:-      39                  
             Slack:=     -23                  

Exceptions/Constraints:
  input_delay             500             fir_serial_parallel._line_2_8_1 

#----------------------------------------------------------------------------------------------
#    Timing Point     Flags   Arc   Edge    Cell     Fanout  Load Trans Delay Arrival Instance 
#                                                            (fF)  (ps)  (ps)   (ps)  Location 
#----------------------------------------------------------------------------------------------
  i_reset             -       -     F     (arrival)     158 463.4     0     0     500    (-,-) 
  g1780__6783/Y       -       B->Y  R     NOR2BX2LVT      1   3.2    61    39     539    (-,-) 
  out_sr_reg[2][11]/D -       -     R     DFFHQX1LVT      1     -     -     0     539    (-,-) 
#----------------------------------------------------------------------------------------------



Path 41: VIOLATED (-23 ps) Setup Check with Pin out_sr_reg[2][10]/CK->D
          Group: clock
     Startpoint: (F) i_reset
          Clock: (R) clock
       Endpoint: (R) out_sr_reg[2][10]/D
          Clock: (R) clock

                     Capture       Launch     
        Clock Edge:+     600            0     
        Drv Adjust:+       0            0     
       Src Latency:+       0            0     
       Net Latency:+       0 (I)        0 (I) 
           Arrival:=     600            0     
                                              
             Setup:-      84                  
     Required Time:=     516                  
      Launch Clock:-       0                  
       Input Delay:-     500                  
         Data Path:-      39                  
             Slack:=     -23                  

Exceptions/Constraints:
  input_delay             500             fir_serial_parallel._line_2_8_1 

#----------------------------------------------------------------------------------------------
#    Timing Point     Flags   Arc   Edge    Cell     Fanout  Load Trans Delay Arrival Instance 
#                                                            (fF)  (ps)  (ps)   (ps)  Location 
#----------------------------------------------------------------------------------------------
  i_reset             -       -     F     (arrival)     158 463.4     0     0     500    (-,-) 
  g1779__5526/Y       -       B->Y  R     NOR2BX2LVT      1   3.2    61    39     539    (-,-) 
  out_sr_reg[2][10]/D -       -     R     DFFHQX1LVT      1     -     -     0     539    (-,-) 
#----------------------------------------------------------------------------------------------



Path 42: VIOLATED (-23 ps) Setup Check with Pin out_sr_reg[2][9]/CK->D
          Group: clock
     Startpoint: (F) i_reset
          Clock: (R) clock
       Endpoint: (R) out_sr_reg[2][9]/D
          Clock: (R) clock

                     Capture       Launch     
        Clock Edge:+     600            0     
        Drv Adjust:+       0            0     
       Src Latency:+       0            0     
       Net Latency:+       0 (I)        0 (I) 
           Arrival:=     600            0     
                                              
             Setup:-      84                  
     Required Time:=     516                  
      Launch Clock:-       0                  
       Input Delay:-     500                  
         Data Path:-      39                  
             Slack:=     -23                  

Exceptions/Constraints:
  input_delay             500             fir_serial_parallel._line_2_8_1 

#---------------------------------------------------------------------------------------------
#   Timing Point     Flags   Arc   Edge    Cell     Fanout  Load Trans Delay Arrival Instance 
#                                                           (fF)  (ps)  (ps)   (ps)  Location 
#---------------------------------------------------------------------------------------------
  i_reset            -       -     F     (arrival)     158 463.4     0     0     500    (-,-) 
  g1774__2398/Y      -       B->Y  R     NOR2BX2LVT      1   3.2    61    39     539    (-,-) 
  out_sr_reg[2][9]/D -       -     R     DFFHQX1LVT      1     -     -     0     539    (-,-) 
#---------------------------------------------------------------------------------------------



Path 43: VIOLATED (-23 ps) Setup Check with Pin out_sr_reg[2][8]/CK->D
          Group: clock
     Startpoint: (F) i_reset
          Clock: (R) clock
       Endpoint: (R) out_sr_reg[2][8]/D
          Clock: (R) clock

                     Capture       Launch     
        Clock Edge:+     600            0     
        Drv Adjust:+       0            0     
       Src Latency:+       0            0     
       Net Latency:+       0 (I)        0 (I) 
           Arrival:=     600            0     
                                              
             Setup:-      84                  
     Required Time:=     516                  
      Launch Clock:-       0                  
       Input Delay:-     500                  
         Data Path:-      39                  
             Slack:=     -23                  

Exceptions/Constraints:
  input_delay             500             fir_serial_parallel._line_2_8_1 

#---------------------------------------------------------------------------------------------
#   Timing Point     Flags   Arc   Edge    Cell     Fanout  Load Trans Delay Arrival Instance 
#                                                           (fF)  (ps)  (ps)   (ps)  Location 
#---------------------------------------------------------------------------------------------
  i_reset            -       -     F     (arrival)     158 463.4     0     0     500    (-,-) 
  g1777__4319/Y      -       B->Y  R     NOR2BX2LVT      1   3.2    61    39     539    (-,-) 
  out_sr_reg[2][8]/D -       -     R     DFFHQX1LVT      1     -     -     0     539    (-,-) 
#---------------------------------------------------------------------------------------------



Path 44: VIOLATED (-23 ps) Setup Check with Pin out_sr_reg[2][7]/CK->D
          Group: clock
     Startpoint: (F) i_reset
          Clock: (R) clock
       Endpoint: (R) out_sr_reg[2][7]/D
          Clock: (R) clock

                     Capture       Launch     
        Clock Edge:+     600            0     
        Drv Adjust:+       0            0     
       Src Latency:+       0            0     
       Net Latency:+       0 (I)        0 (I) 
           Arrival:=     600            0     
                                              
             Setup:-      84                  
     Required Time:=     516                  
      Launch Clock:-       0                  
       Input Delay:-     500                  
         Data Path:-      39                  
             Slack:=     -23                  

Exceptions/Constraints:
  input_delay             500             fir_serial_parallel._line_2_8_1 

#---------------------------------------------------------------------------------------------
#   Timing Point     Flags   Arc   Edge    Cell     Fanout  Load Trans Delay Arrival Instance 
#                                                           (fF)  (ps)  (ps)   (ps)  Location 
#---------------------------------------------------------------------------------------------
  i_reset            -       -     F     (arrival)     158 463.4     0     0     500    (-,-) 
  g1776__6260/Y      -       B->Y  R     NOR2BX2LVT      1   3.2    61    39     539    (-,-) 
  out_sr_reg[2][7]/D -       -     R     DFFHQX1LVT      1     -     -     0     539    (-,-) 
#---------------------------------------------------------------------------------------------



Path 45: VIOLATED (-23 ps) Setup Check with Pin out_sr_reg[2][6]/CK->D
          Group: clock
     Startpoint: (F) i_reset
          Clock: (R) clock
       Endpoint: (R) out_sr_reg[2][6]/D
          Clock: (R) clock

                     Capture       Launch     
        Clock Edge:+     600            0     
        Drv Adjust:+       0            0     
       Src Latency:+       0            0     
       Net Latency:+       0 (I)        0 (I) 
           Arrival:=     600            0     
                                              
             Setup:-      84                  
     Required Time:=     516                  
      Launch Clock:-       0                  
       Input Delay:-     500                  
         Data Path:-      39                  
             Slack:=     -23                  

Exceptions/Constraints:
  input_delay             500             fir_serial_parallel._line_2_8_1 

#---------------------------------------------------------------------------------------------
#   Timing Point     Flags   Arc   Edge    Cell     Fanout  Load Trans Delay Arrival Instance 
#                                                           (fF)  (ps)  (ps)   (ps)  Location 
#---------------------------------------------------------------------------------------------
  i_reset            -       -     F     (arrival)     158 463.4     0     0     500    (-,-) 
  g1775__5107/Y      -       B->Y  R     NOR2BX2LVT      1   3.2    61    39     539    (-,-) 
  out_sr_reg[2][6]/D -       -     R     DFFHQX1LVT      1     -     -     0     539    (-,-) 
#---------------------------------------------------------------------------------------------



Path 46: VIOLATED (-23 ps) Setup Check with Pin out_sr_reg[2][5]/CK->D
          Group: clock
     Startpoint: (F) i_reset
          Clock: (R) clock
       Endpoint: (R) out_sr_reg[2][5]/D
          Clock: (R) clock

                     Capture       Launch     
        Clock Edge:+     600            0     
        Drv Adjust:+       0            0     
       Src Latency:+       0            0     
       Net Latency:+       0 (I)        0 (I) 
           Arrival:=     600            0     
                                              
             Setup:-      84                  
     Required Time:=     516                  
      Launch Clock:-       0                  
       Input Delay:-     500                  
         Data Path:-      39                  
             Slack:=     -23                  

Exceptions/Constraints:
  input_delay             500             fir_serial_parallel._line_2_8_1 

#---------------------------------------------------------------------------------------------
#   Timing Point     Flags   Arc   Edge    Cell     Fanout  Load Trans Delay Arrival Instance 
#                                                           (fF)  (ps)  (ps)   (ps)  Location 
#---------------------------------------------------------------------------------------------
  i_reset            -       -     F     (arrival)     158 463.4     0     0     500    (-,-) 
  g1778__8428/Y      -       B->Y  R     NOR2BX2LVT      1   3.2    61    39     539    (-,-) 
  out_sr_reg[2][5]/D -       -     R     DFFHQX1LVT      1     -     -     0     539    (-,-) 
#---------------------------------------------------------------------------------------------



Path 47: VIOLATED (-23 ps) Setup Check with Pin out_sr_reg[2][4]/CK->D
          Group: clock
     Startpoint: (F) i_reset
          Clock: (R) clock
       Endpoint: (R) out_sr_reg[2][4]/D
          Clock: (R) clock

                     Capture       Launch     
        Clock Edge:+     600            0     
        Drv Adjust:+       0            0     
       Src Latency:+       0            0     
       Net Latency:+       0 (I)        0 (I) 
           Arrival:=     600            0     
                                              
             Setup:-      84                  
     Required Time:=     516                  
      Launch Clock:-       0                  
       Input Delay:-     500                  
         Data Path:-      39                  
             Slack:=     -23                  

Exceptions/Constraints:
  input_delay             500             fir_serial_parallel._line_2_8_1 

#---------------------------------------------------------------------------------------------
#   Timing Point     Flags   Arc   Edge    Cell     Fanout  Load Trans Delay Arrival Instance 
#                                                           (fF)  (ps)  (ps)   (ps)  Location 
#---------------------------------------------------------------------------------------------
  i_reset            -       -     F     (arrival)     158 463.4     0     0     500    (-,-) 
  g1773__5477/Y      -       B->Y  R     NOR2BX2LVT      1   3.2    61    39     539    (-,-) 
  out_sr_reg[2][4]/D -       -     R     DFFHQX1LVT      1     -     -     0     539    (-,-) 
#---------------------------------------------------------------------------------------------



Path 48: VIOLATED (-23 ps) Setup Check with Pin out_sr_reg[2][3]/CK->D
          Group: clock
     Startpoint: (F) i_reset
          Clock: (R) clock
       Endpoint: (R) out_sr_reg[2][3]/D
          Clock: (R) clock

                     Capture       Launch     
        Clock Edge:+     600            0     
        Drv Adjust:+       0            0     
       Src Latency:+       0            0     
       Net Latency:+       0 (I)        0 (I) 
           Arrival:=     600            0     
                                              
             Setup:-      84                  
     Required Time:=     516                  
      Launch Clock:-       0                  
       Input Delay:-     500                  
         Data Path:-      39                  
             Slack:=     -23                  

Exceptions/Constraints:
  input_delay             500             fir_serial_parallel._line_2_8_1 

#---------------------------------------------------------------------------------------------
#   Timing Point     Flags   Arc   Edge    Cell     Fanout  Load Trans Delay Arrival Instance 
#                                                           (fF)  (ps)  (ps)   (ps)  Location 
#---------------------------------------------------------------------------------------------
  i_reset            -       -     F     (arrival)     158 463.4     0     0     500    (-,-) 
  g1772__6417/Y      -       B->Y  R     NOR2BX2LVT      1   3.2    61    39     539    (-,-) 
  out_sr_reg[2][3]/D -       -     R     DFFHQX1LVT      1     -     -     0     539    (-,-) 
#---------------------------------------------------------------------------------------------



Path 49: VIOLATED (-23 ps) Setup Check with Pin out_sr_reg[2][2]/CK->D
          Group: clock
     Startpoint: (F) i_reset
          Clock: (R) clock
       Endpoint: (R) out_sr_reg[2][2]/D
          Clock: (R) clock

                     Capture       Launch     
        Clock Edge:+     600            0     
        Drv Adjust:+       0            0     
       Src Latency:+       0            0     
       Net Latency:+       0 (I)        0 (I) 
           Arrival:=     600            0     
                                              
             Setup:-      84                  
     Required Time:=     516                  
      Launch Clock:-       0                  
       Input Delay:-     500                  
         Data Path:-      39                  
             Slack:=     -23                  

Exceptions/Constraints:
  input_delay             500             fir_serial_parallel._line_2_8_1 

#---------------------------------------------------------------------------------------------
#   Timing Point     Flags   Arc   Edge    Cell     Fanout  Load Trans Delay Arrival Instance 
#                                                           (fF)  (ps)  (ps)   (ps)  Location 
#---------------------------------------------------------------------------------------------
  i_reset            -       -     F     (arrival)     158 463.4     0     0     500    (-,-) 
  g1771__7410/Y      -       B->Y  R     NOR2BX2LVT      1   3.2    61    39     539    (-,-) 
  out_sr_reg[2][2]/D -       -     R     DFFHQX1LVT      1     -     -     0     539    (-,-) 
#---------------------------------------------------------------------------------------------



Path 50: VIOLATED (-23 ps) Setup Check with Pin out_sr_reg[2][1]/CK->D
          Group: clock
     Startpoint: (F) i_reset
          Clock: (R) clock
       Endpoint: (R) out_sr_reg[2][1]/D
          Clock: (R) clock

                     Capture       Launch     
        Clock Edge:+     600            0     
        Drv Adjust:+       0            0     
       Src Latency:+       0            0     
       Net Latency:+       0 (I)        0 (I) 
           Arrival:=     600            0     
                                              
             Setup:-      84                  
     Required Time:=     516                  
      Launch Clock:-       0                  
       Input Delay:-     500                  
         Data Path:-      39                  
             Slack:=     -23                  

Exceptions/Constraints:
  input_delay             500             fir_serial_parallel._line_2_8_1 

#---------------------------------------------------------------------------------------------
#   Timing Point     Flags   Arc   Edge    Cell     Fanout  Load Trans Delay Arrival Instance 
#                                                           (fF)  (ps)  (ps)   (ps)  Location 
#---------------------------------------------------------------------------------------------
  i_reset            -       -     F     (arrival)     158 463.4     0     0     500    (-,-) 
  g1766__9315/Y      -       B->Y  R     NOR2BX2LVT      1   3.2    61    39     539    (-,-) 
  out_sr_reg[2][1]/D -       -     R     DFFHQX1LVT      1     -     -     0     539    (-,-) 
#---------------------------------------------------------------------------------------------

