============================================================
  Generated by:           Genus(TM) Synthesis Solution 23.10-p004_1
  Generated on:           Oct 08 2026  10:21:41 pm
  Module:                 fir_serial_parallel
  Technology libraries:   slow_vdd1v0 1.0
                          physical_cells 
                          slow_vdd1v0 1.0
                          physical_cells 
  Operating conditions:   PVT_0P9V_125C 
  Interconnect mode:      global
  Area mode:              physical library
============================================================

                                      Leakage  
     Gate       Instances    Area   Power (nW)     Library    
--------------------------------------------------------------
ADDFHX1LVT             25   188.100     16.805    slow_vdd1v0 
ADDFHX2LVT              6    49.248      5.714    slow_vdd1v0 
ADDFHX4LVT              1     9.576      1.717    slow_vdd1v0 
ADDFX1LVT             390  2000.700    204.572    slow_vdd1v0 
ADDFX2LVT               1     7.866      0.804    slow_vdd1v0 
ADDHX1LVT              15    56.430      8.128    slow_vdd1v0 
AND2X1LVT              18    24.624      3.780    slow_vdd1v0 
AND2X2LVT               1     1.710      0.340    slow_vdd1v0 
AND2X4LVT               2     5.472      1.483    slow_vdd1v0 
AND2X6LVT               1     3.762      1.220    slow_vdd1v0 
AO21X1LVT               1     2.394      0.225    slow_vdd1v0 
AOI21X1LVT              6    10.260      1.173    slow_vdd1v0 
AOI21X2LVT              4    10.944      1.678    slow_vdd1v0 
AOI21X4LVT             10    51.300      9.166    slow_vdd1v0 
AOI2BB1X2LVT            3     9.234      1.445    slow_vdd1v0 
AOI2BB1X4LVT            7    28.728      7.151    slow_vdd1v0 
AOI31X4LVT              1     6.498      0.982    slow_vdd1v0 
BUFX2LVT               14    23.940      4.647    slow_vdd1v0 
BUFX3LVT                6    12.312      3.378    slow_vdd1v0 
BUFX4LVT                1     2.394      0.755    slow_vdd1v0 
BUFX6LVT                1     3.078      1.235    slow_vdd1v0 
CLKAND2X12LVT           1     7.524      2.605    slow_vdd1v0 
CLKAND2X2LVT            5    10.260      1.919    slow_vdd1v0 
CLKAND2X3LVT            1     3.078      0.637    slow_vdd1v0 
CLKINVX12LVT            3    12.312      4.934    slow_vdd1v0 
CLKINVX16LVT            9    49.248     22.398    slow_vdd1v0 
CLKINVX4LVT             1     1.710      0.576    slow_vdd1v0 
CLKINVX6LVT             1     2.394      0.909    slow_vdd1v0 
CLKINVX8LVT             2     6.156      2.147    slow_vdd1v0 
CLKMX2X3LVT             1     4.104      0.678    slow_vdd1v0 
CLKXOR2X1LVT            5    13.680      1.833    slow_vdd1v0 
DFFHQX1LVT             97   530.784     64.343    slow_vdd1v0 
DFFHQX2LVT             33   225.720     26.641    slow_vdd1v0 
DFFHQX4LVT              4    32.832      5.040    slow_vdd1v0 
DFFHQX8LVT             44   406.296     96.399    slow_vdd1v0 
INVX1                  61    41.724      1.297    slow_vdd1v0 
INVX1LVT              163   111.492     19.609    slow_vdd1v0 
INVX2                   1     1.026      0.045    slow_vdd1v0 
INVX20LVT               1     6.498      2.783    slow_vdd1v0 
INVX2LVT               29    29.754      7.542    slow_vdd1v0 
INVX3HVT                5     6.840      0.224    slow_vdd1v0 
INVX3LVT                2     2.736      0.824    slow_vdd1v0 
NAND2BX1LVT             9    12.312      2.233    slow_vdd1v0 
NAND2BX2LVT             3     7.182      1.153    slow_vdd1v0 
NAND2X1LVT             13    13.338      2.065    slow_vdd1v0 
NAND2X2LVT             12    20.520      3.435    slow_vdd1v0 
NAND2X4LVT             33   112.860     20.134    slow_vdd1v0 
NAND2X6LVT             16    76.608     13.804    slow_vdd1v0 
NAND2X8LVT              3    16.416      4.621    slow_vdd1v0 
NAND3X2LVT              1     2.736      0.266    slow_vdd1v0 
NAND3X4LVT              1     4.788      0.612    slow_vdd1v0 
NAND3X8LVT              1     8.208      2.378    slow_vdd1v0 
NOR2BX1LVT             10    13.680      2.535    slow_vdd1v0 
NOR2BX2LVT             48   131.328     13.621    slow_vdd1v0 
NOR2BX4LVT            100   376.200     62.484    slow_vdd1v0 
NOR2X1LVT               9     9.234      1.534    slow_vdd1v0 
NOR2X2LVT               9    15.390      2.899    slow_vdd1v0 
NOR2X4LVT               7    21.546      4.168    slow_vdd1v0 
NOR2X6LVT               2     8.208      1.768    slow_vdd1v0 
NOR2X8LVT              13    71.136     17.579    slow_vdd1v0 
OA21X1LVT               1     2.052      0.234    slow_vdd1v0 
OA21X4LVT               1     3.762      0.796    slow_vdd1v0 
OAI21X1LVT              2     3.420      0.467    slow_vdd1v0 
OAI21X2LVT              8    24.624      3.443    slow_vdd1v0 
OAI21X4LVT             46   220.248     46.014    slow_vdd1v0 
OAI2BB1X1LVT            5     8.550      1.320    slow_vdd1v0 
OAI2BB1X2LVT            1     3.078      0.449    slow_vdd1v0 
OAI2BB1X4LVT            1     4.446      0.969    slow_vdd1v0 
OAI2BB2X2LVT            3    16.416      1.744    slow_vdd1v0 
OR2X1                   2     2.736      0.069    slow_vdd1v0 
OR2X1LVT               10    13.680      1.978    slow_vdd1v0 
OR2X2LVT                7    11.970      2.289    slow_vdd1v0 
OR2X4LVT                1     2.736      0.696    slow_vdd1v0 
OR2X6LVT                2     7.524      2.299    slow_vdd1v0 
TLATNTSCAX2LVT          5    32.490      3.356    slow_vdd1v0 
XNOR2X1LVT             27    64.638     10.226    slow_vdd1v0 
--------------------------------------------------------------
total                1395  5358.798    773.423                


                                                         Leakage  Leakage 
            Type             Instances   Area   Area % Power (nW) Power % 
--------------------------------------------------------------------------
sequential                         178 1195.632   22.3    192.423    24.9 
inverter                           278  271.890    5.1     63.288     8.2 
buffer                              22   41.724    0.8     10.015     1.3 
clock_gating_integrated_cell         5   32.490    0.6      3.356     0.4 
logic                              912 3817.062   71.2    504.341    65.2 
physical_cells                       0    0.000    0.0      0.000     0.0 
--------------------------------------------------------------------------
total                             1395 5358.798  100.0    773.423   100.0 

