============================================================
  Generated by:           Genus(TM) Synthesis Solution 23.10-p004_1
  Generated on:           Oct 08 2026  10:21:40 pm
  Module:                 fir_serial_parallel
  Technology libraries:   slow_vdd1v0 1.0
                          physical_cells 
                          slow_vdd1v0 1.0
                          physical_cells 
  Operating conditions:   PVT_0P9V_125C 
  Interconnect mode:      global
  Area mode:              physical library
============================================================

Timing
--------

Clock Period 
-------------
clock  600.0 


         Cost           Critical             Violating 
        Group          Path Slack    TNS       Paths   
-------------------------------------------------------
cg_enable_group_clock       -27.1     -54.2          2 
clock                       -55.9   -2356.6        172 
default                  No paths       0.0            
-------------------------------------------------------
Total                               -2410.8        174 

Instance Count
--------------
Leaf Instance Count             1395 
Physical Instance count            0 
Sequential Instance Count        183 
Combinational Instance Count    1212 
Hierarchical Instance Count        5 

Area
----
Cell Area                          5358.798
Physical Cell Area                 0.000
Total Cell Area (Cell+Physical)    5358.798
Net Area                           1729.972
Total Area (Cell+Physical+Net)     7088.770

Runtime                            0.0 seconds
Elapsed Runtime                    100 seconds
Genus peak memory usage            2048.72 
Innovus peak memory usage          no_value 
Hostname                           fiubarh01
