============================================================
  Generated by:           Genus(TM) Synthesis Solution 23.10-p004_1
  Generated on:           Oct 08 2026  10:22:00 pm
  Module:                 fir_serial_parallel
  Technology libraries:   slow_vdd1v0 1.0
                          physical_cells 
                          slow_vdd1v0 1.0
                          physical_cells 
  Operating conditions:   PVT_0P9V_125C 
  Interconnect mode:      global
  Area mode:              physical library
============================================================

                                      Leakage  
     Gate       Instances    Area   Power (nW)     Library    
--------------------------------------------------------------
ADDFHX1LVT             16   120.384     10.764    slow_vdd1v0 
ADDFHX2LVT              2    16.416      1.905    slow_vdd1v0 
ADDFHX4LVT              1     9.576      1.717    slow_vdd1v0 
ADDFX1LVT             404  2072.520    211.908    slow_vdd1v0 
ADDHX1LVT              16    60.192      8.629    slow_vdd1v0 
AND2X1LVT              17    23.256      3.516    slow_vdd1v0 
AND2X2LVT               1     1.710      0.340    slow_vdd1v0 
AND2X4LVT               1     2.736      0.756    slow_vdd1v0 
AND2X6LVT               1     3.762      1.220    slow_vdd1v0 
AO21X1LVT               1     2.394      0.225    slow_vdd1v0 
AOI21X1LVT              5     8.550      0.976    slow_vdd1v0 
AOI21X2LVT              2     5.472      0.846    slow_vdd1v0 
AOI21X4LVT             50   256.500     39.853    slow_vdd1v0 
AOI2BB1X1LVT            1     2.052      0.291    slow_vdd1v0 
AOI2BB1X2LVT            3     9.234      1.378    slow_vdd1v0 
AOI2BB1X4LVT            5    20.520      5.139    slow_vdd1v0 
AOI2BB2X4LVT            1     7.524      1.255    slow_vdd1v0 
AOI31X2LVT              2     6.840      0.869    slow_vdd1v0 
AOI31X4LVT              2    12.996      1.958    slow_vdd1v0 
BUFX12                  4    20.520      1.475    slow_vdd1v0 
BUFX12LVT              12    61.560     29.618    slow_vdd1v0 
BUFX16LVT               4    27.360     13.343    slow_vdd1v0 
BUFX2                   1     1.710      0.053    slow_vdd1v0 
BUFX2LVT                4     6.840      1.323    slow_vdd1v0 
BUFX3LVT                3     6.156      1.699    slow_vdd1v0 
BUFX6LVT                3     9.234      3.759    slow_vdd1v0 
CLKAND2X12LVT           1     7.524      2.605    slow_vdd1v0 
CLKAND2X2LVT            5    10.260      1.918    slow_vdd1v0 
CLKBUFX2LVT             1     1.710      0.331    slow_vdd1v0 
CLKINVX12LVT            6    24.624     10.350    slow_vdd1v0 
CLKINVX16LVT            9    49.248     22.398    slow_vdd1v0 
CLKINVX1LVT             1     1.026      0.129    slow_vdd1v0 
CLKINVX2LVT             2     2.736      0.503    slow_vdd1v0 
CLKINVX4LVT             1     1.710      0.541    slow_vdd1v0 
CLKINVX6LVT             1     2.394      0.909    slow_vdd1v0 
CLKINVX8LVT             2     6.156      2.147    slow_vdd1v0 
CLKMX2X2LVT             1     3.078      0.436    slow_vdd1v0 
CLKMX2X3LVT             1     4.104      0.718    slow_vdd1v0 
CLKXOR2X1LVT           21    57.456      7.763    slow_vdd1v0 
DFFHQX1LVT            120   656.640     79.671    slow_vdd1v0 
DFFHQX2LVT             27   184.680     21.766    slow_vdd1v0 
DFFHQX4LVT              3    24.624      3.763    slow_vdd1v0 
DFFHQX8LVT             23   212.382     50.358    slow_vdd1v0 
DFFQX2LVT               2    12.996      1.392    slow_vdd1v0 
DFFXLLVT                3    22.572      1.766    slow_vdd1v0 
INVX1                  19    12.996      0.405    slow_vdd1v0 
INVX1LVT               54    36.936      6.497    slow_vdd1v0 
INVX2                   2     2.052      0.089    slow_vdd1v0 
INVX2LVT               27    27.702      6.854    slow_vdd1v0 
INVX3LVT                5     6.840      2.034    slow_vdd1v0 
NAND2BX1LVT             9    12.312      2.233    slow_vdd1v0 
NAND2BX2LVT            22    52.668      5.946    slow_vdd1v0 
NAND2X1LVT             14    14.364      2.207    slow_vdd1v0 
NAND2X2LVT             37    63.270     10.404    slow_vdd1v0 
NAND2X4LVT             17    58.140      9.880    slow_vdd1v0 
NAND2X6LVT              4    19.152      3.992    slow_vdd1v0 
NAND2X8LVT              1     5.472      1.765    slow_vdd1v0 
NAND3BX4LVT             1     5.130      0.964    slow_vdd1v0 
NAND3X2LVT              1     2.736      0.266    slow_vdd1v0 
NAND3X4LVT              1     4.788      0.612    slow_vdd1v0 
NAND3X6LVT              1     7.182      1.761    slow_vdd1v0 
NOR2BX1LVT             11    15.048      2.789    slow_vdd1v0 
NOR2BX2LVT              5    13.680      1.573    slow_vdd1v0 
NOR2BX4LVT             95   357.390     58.973    slow_vdd1v0 
NOR2X1LVT              11    11.286      1.804    slow_vdd1v0 
NOR2X2LVT               9    15.390      2.921    slow_vdd1v0 
NOR2X4LVT               5    15.390      2.750    slow_vdd1v0 
NOR2X6LVT               8    32.832      7.614    slow_vdd1v0 
NOR2X8LVT              12    65.664     15.976    slow_vdd1v0 
OA21X1LVT               1     2.052      0.234    slow_vdd1v0 
OA21X4LVT               1     3.762      0.796    slow_vdd1v0 
OAI21X1LVT              3     5.130      0.675    slow_vdd1v0 
OAI21X2LVT              2     6.156      0.893    slow_vdd1v0 
OAI21X4LVT              5    23.940      4.913    slow_vdd1v0 
OAI2BB1X1LVT            8    13.680      2.110    slow_vdd1v0 
OAI2BB1X2LVT            2     6.156      0.889    slow_vdd1v0 
OR2X1                   2     2.736      0.069    slow_vdd1v0 
OR2X1LVT               38    51.984      6.790    slow_vdd1v0 
OR2X2LVT                3     5.130      0.984    slow_vdd1v0 
OR2X4LVT                1     2.736      0.696    slow_vdd1v0 
OR2X6LVT                2     7.524      2.299    slow_vdd1v0 
TLATNTSCAX2LVT          5    32.490      3.356    slow_vdd1v0 
XNOR2X1LVT             11    26.334      4.123    slow_vdd1v0 
XOR2X1                  3     8.208      0.191    slow_vdd1v0 
--------------------------------------------------------------
total                1250  5118.372    733.607                


                                                         Leakage  Leakage 
            Type             Instances   Area   Area % Power (nW) Power % 
--------------------------------------------------------------------------
sequential                         178 1113.894   21.8    158.718    21.6 
inverter                           129  174.420    3.4     52.855     7.2 
buffer                              32  135.090    2.6     51.600     7.0 
clock_gating_integrated_cell         5   32.490    0.6      3.356     0.5 
logic                              906 3662.478   71.6    467.078    63.7 
physical_cells                       0    0.000    0.0      0.000     0.0 
--------------------------------------------------------------------------
total                             1250 5118.372  100.0    733.607   100.0 

