============================================================
  Generated by:           Genus(TM) Synthesis Solution 23.10-p004_1
  Generated on:           Oct 08 2026  10:22:00 pm
  Module:                 fir_serial_parallel
  Operating conditions:   PVT_0P9V_125C 
  Interconnect mode:      global
  Area mode:              physical library
============================================================


Path 1: VIOLATED (-56 ps) Late External Delay Assertion at pin o_data[15]
          Group: clock
     Startpoint: (R) out_sr_reg[0][15]/CK
          Clock: (R) clock
       Endpoint: (F) o_data[15]
          Clock: (R) clock

                     Capture       Launch     
        Clock Edge:+     600            0     
       Src Latency:+       0            0     
       Net Latency:+       0 (I)        0 (I) 
           Arrival:=     600            0     
                                              
      Output Delay:-     500                  
     Required Time:=     100                  
      Launch Clock:-       0                  
         Data Path:-     156                  
             Slack:=     -56                  

Exceptions/Constraints:
  output_delay             500             fir_serial_parallel._line_3_10_1 

#----------------------------------------------------------------------------------------------
#    Timing Point      Flags   Arc   Edge    Cell     Fanout Load Trans Delay Arrival Instance 
#                                                            (fF)  (ps)  (ps)   (ps)  Location 
#----------------------------------------------------------------------------------------------
  out_sr_reg[0][15]/CK -       -     R     (arrival)      55    -     0     0       0    (-,-) 
  out_sr_reg[0][15]/Q  -       CK->Q F     DFFHQX4LVT      4  7.2    40   156     156    (-,-) 
  o_data[15]           -       -     F     (port)          -    -     -     0     156    (-,-) 
#----------------------------------------------------------------------------------------------



Path 2: VIOLATED (-56 ps) Late External Delay Assertion at pin o_data[16]
          Group: clock
     Startpoint: (R) out_sr_reg[0][15]/CK
          Clock: (R) clock
       Endpoint: (F) o_data[16]
          Clock: (R) clock

                     Capture       Launch     
        Clock Edge:+     600            0     
       Src Latency:+       0            0     
       Net Latency:+       0 (I)        0 (I) 
           Arrival:=     600            0     
                                              
      Output Delay:-     500                  
     Required Time:=     100                  
      Launch Clock:-       0                  
         Data Path:-     156                  
             Slack:=     -56                  

Exceptions/Constraints:
  output_delay             500             fir_serial_parallel._line_3_9_1 

#----------------------------------------------------------------------------------------------
#    Timing Point      Flags   Arc   Edge    Cell     Fanout Load Trans Delay Arrival Instance 
#                                                            (fF)  (ps)  (ps)   (ps)  Location 
#----------------------------------------------------------------------------------------------
  out_sr_reg[0][15]/CK -       -     R     (arrival)      55    -     0     0       0    (-,-) 
  out_sr_reg[0][15]/Q  -       CK->Q F     DFFHQX4LVT      4  7.2    40   156     156    (-,-) 
  o_data[16]           -       -     F     (port)          -    -     -     0     156    (-,-) 
#----------------------------------------------------------------------------------------------



Path 3: VIOLATED (-56 ps) Late External Delay Assertion at pin o_data[17]
          Group: clock
     Startpoint: (R) out_sr_reg[0][15]/CK
          Clock: (R) clock
       Endpoint: (F) o_data[17]
          Clock: (R) clock

                     Capture       Launch     
        Clock Edge:+     600            0     
       Src Latency:+       0            0     
       Net Latency:+       0 (I)        0 (I) 
           Arrival:=     600            0     
                                              
      Output Delay:-     500                  
     Required Time:=     100                  
      Launch Clock:-       0                  
         Data Path:-     156                  
             Slack:=     -56                  

Exceptions/Constraints:
  output_delay             500             fir_serial_parallel._line_3_8_1 

#----------------------------------------------------------------------------------------------
#    Timing Point      Flags   Arc   Edge    Cell     Fanout Load Trans Delay Arrival Instance 
#                                                            (fF)  (ps)  (ps)   (ps)  Location 
#----------------------------------------------------------------------------------------------
  out_sr_reg[0][15]/CK -       -     R     (arrival)      55    -     0     0       0    (-,-) 
  out_sr_reg[0][15]/Q  -       CK->Q F     DFFHQX4LVT      4  7.2    40   156     156    (-,-) 
  o_data[17]           -       -     F     (port)          -    -     -     0     156    (-,-) 
#----------------------------------------------------------------------------------------------



Path 4: VIOLATED (-56 ps) Late External Delay Assertion at pin o_data[18]
          Group: clock
     Startpoint: (R) out_sr_reg[0][15]/CK
          Clock: (R) clock
       Endpoint: (F) o_data[18]
          Clock: (R) clock

                     Capture       Launch     
        Clock Edge:+     600            0     
       Src Latency:+       0            0     
       Net Latency:+       0 (I)        0 (I) 
           Arrival:=     600            0     
                                              
      Output Delay:-     500                  
     Required Time:=     100                  
      Launch Clock:-       0                  
         Data Path:-     156                  
             Slack:=     -56                  

Exceptions/Constraints:
  output_delay             500             fir_serial_parallel._line_3 

#----------------------------------------------------------------------------------------------
#    Timing Point      Flags   Arc   Edge    Cell     Fanout Load Trans Delay Arrival Instance 
#                                                            (fF)  (ps)  (ps)   (ps)  Location 
#----------------------------------------------------------------------------------------------
  out_sr_reg[0][15]/CK -       -     R     (arrival)      55    -     0     0       0    (-,-) 
  out_sr_reg[0][15]/Q  -       CK->Q F     DFFHQX4LVT      4  7.2    40   156     156    (-,-) 
  o_data[18]           -       -     F     (port)          -    -     -     0     156    (-,-) 
#----------------------------------------------------------------------------------------------



Path 5: VIOLATED (-44 ps) Late External Delay Assertion at pin o_data[0]
          Group: clock
     Startpoint: (R) out_sr_reg[0][0]/CK
          Clock: (R) clock
       Endpoint: (F) o_data[0]
          Clock: (R) clock

                     Capture       Launch     
        Clock Edge:+     600            0     
       Src Latency:+       0            0     
       Net Latency:+       0 (I)        0 (I) 
           Arrival:=     600            0     
                                              
      Output Delay:-     500                  
     Required Time:=     100                  
      Launch Clock:-       0                  
         Data Path:-     144                  
             Slack:=     -44                  

Exceptions/Constraints:
  output_delay             500             fir_serial_parallel._line_3_25_1 

#---------------------------------------------------------------------------------------------
#    Timing Point     Flags   Arc   Edge    Cell     Fanout Load Trans Delay Arrival Instance 
#                                                           (fF)  (ps)  (ps)   (ps)  Location 
#---------------------------------------------------------------------------------------------
  out_sr_reg[0][0]/CK -       -     R     (arrival)      55    -     0     0       0    (-,-) 
  out_sr_reg[0][0]/Q  -       CK->Q F     DFFHQX2LVT      1  2.9    32   144     144    (-,-) 
  o_data[0]           -       -     F     (port)          -    -     -     0     144    (-,-) 
#---------------------------------------------------------------------------------------------



Path 6: VIOLATED (-44 ps) Late External Delay Assertion at pin o_data[2]
          Group: clock
     Startpoint: (R) out_sr_reg[0][2]/CK
          Clock: (R) clock
       Endpoint: (F) o_data[2]
          Clock: (R) clock

                     Capture       Launch     
        Clock Edge:+     600            0     
       Src Latency:+       0            0     
       Net Latency:+       0 (I)        0 (I) 
           Arrival:=     600            0     
                                              
      Output Delay:-     500                  
     Required Time:=     100                  
      Launch Clock:-       0                  
         Data Path:-     144                  
             Slack:=     -44                  

Exceptions/Constraints:
  output_delay             500             fir_serial_parallel._line_3_23_1 

#---------------------------------------------------------------------------------------------
#    Timing Point     Flags   Arc   Edge    Cell     Fanout Load Trans Delay Arrival Instance 
#                                                           (fF)  (ps)  (ps)   (ps)  Location 
#---------------------------------------------------------------------------------------------
  out_sr_reg[0][2]/CK -       -     R     (arrival)      55    -     0     0       0    (-,-) 
  out_sr_reg[0][2]/Q  -       CK->Q F     DFFHQX2LVT      1  2.9    32   144     144    (-,-) 
  o_data[2]           -       -     F     (port)          -    -     -     0     144    (-,-) 
#---------------------------------------------------------------------------------------------



Path 7: VIOLATED (-44 ps) Late External Delay Assertion at pin o_data[4]
          Group: clock
     Startpoint: (R) out_sr_reg[0][4]/CK
          Clock: (R) clock
       Endpoint: (F) o_data[4]
          Clock: (R) clock

                     Capture       Launch     
        Clock Edge:+     600            0     
       Src Latency:+       0            0     
       Net Latency:+       0 (I)        0 (I) 
           Arrival:=     600            0     
                                              
      Output Delay:-     500                  
     Required Time:=     100                  
      Launch Clock:-       0                  
         Data Path:-     144                  
             Slack:=     -44                  

Exceptions/Constraints:
  output_delay             500             fir_serial_parallel._line_3_21_1 

#---------------------------------------------------------------------------------------------
#    Timing Point     Flags   Arc   Edge    Cell     Fanout Load Trans Delay Arrival Instance 
#                                                           (fF)  (ps)  (ps)   (ps)  Location 
#---------------------------------------------------------------------------------------------
  out_sr_reg[0][4]/CK -       -     R     (arrival)      55    -     0     0       0    (-,-) 
  out_sr_reg[0][4]/Q  -       CK->Q F     DFFHQX2LVT      1  2.9    32   144     144    (-,-) 
  o_data[4]           -       -     F     (port)          -    -     -     0     144    (-,-) 
#---------------------------------------------------------------------------------------------



Path 8: VIOLATED (-44 ps) Late External Delay Assertion at pin o_data[5]
          Group: clock
     Startpoint: (R) out_sr_reg[0][5]/CK
          Clock: (R) clock
       Endpoint: (F) o_data[5]
          Clock: (R) clock

                     Capture       Launch     
        Clock Edge:+     600            0     
       Src Latency:+       0            0     
       Net Latency:+       0 (I)        0 (I) 
           Arrival:=     600            0     
                                              
      Output Delay:-     500                  
     Required Time:=     100                  
      Launch Clock:-       0                  
         Data Path:-     144                  
             Slack:=     -44                  

Exceptions/Constraints:
  output_delay             500             fir_serial_parallel._line_3_20_1 

#---------------------------------------------------------------------------------------------
#    Timing Point     Flags   Arc   Edge    Cell     Fanout Load Trans Delay Arrival Instance 
#                                                           (fF)  (ps)  (ps)   (ps)  Location 
#---------------------------------------------------------------------------------------------
  out_sr_reg[0][5]/CK -       -     R     (arrival)      55    -     0     0       0    (-,-) 
  out_sr_reg[0][5]/Q  -       CK->Q F     DFFHQX2LVT      1  2.9    32   144     144    (-,-) 
  o_data[5]           -       -     F     (port)          -    -     -     0     144    (-,-) 
#---------------------------------------------------------------------------------------------



Path 9: VIOLATED (-44 ps) Late External Delay Assertion at pin o_data[6]
          Group: clock
     Startpoint: (R) out_sr_reg[0][6]/CK
          Clock: (R) clock
       Endpoint: (F) o_data[6]
          Clock: (R) clock

                     Capture       Launch     
        Clock Edge:+     600            0     
       Src Latency:+       0            0     
       Net Latency:+       0 (I)        0 (I) 
           Arrival:=     600            0     
                                              
      Output Delay:-     500                  
     Required Time:=     100                  
      Launch Clock:-       0                  
         Data Path:-     144                  
             Slack:=     -44                  

Exceptions/Constraints:
  output_delay             500             fir_serial_parallel._line_3_19_1 

#---------------------------------------------------------------------------------------------
#    Timing Point     Flags   Arc   Edge    Cell     Fanout Load Trans Delay Arrival Instance 
#                                                           (fF)  (ps)  (ps)   (ps)  Location 
#---------------------------------------------------------------------------------------------
  out_sr_reg[0][6]/CK -       -     R     (arrival)      55    -     0     0       0    (-,-) 
  out_sr_reg[0][6]/Q  -       CK->Q F     DFFHQX2LVT      1  2.9    32   144     144    (-,-) 
  o_data[6]           -       -     F     (port)          -    -     -     0     144    (-,-) 
#---------------------------------------------------------------------------------------------



Path 10: VIOLATED (-44 ps) Late External Delay Assertion at pin o_data[7]
          Group: clock
     Startpoint: (R) out_sr_reg[0][7]/CK
          Clock: (R) clock
       Endpoint: (F) o_data[7]
          Clock: (R) clock

                     Capture       Launch     
        Clock Edge:+     600            0     
       Src Latency:+       0            0     
       Net Latency:+       0 (I)        0 (I) 
           Arrival:=     600            0     
                                              
      Output Delay:-     500                  
     Required Time:=     100                  
      Launch Clock:-       0                  
         Data Path:-     144                  
             Slack:=     -44                  

Exceptions/Constraints:
  output_delay             500             fir_serial_parallel._line_3_18_1 

#---------------------------------------------------------------------------------------------
#    Timing Point     Flags   Arc   Edge    Cell     Fanout Load Trans Delay Arrival Instance 
#                                                           (fF)  (ps)  (ps)   (ps)  Location 
#---------------------------------------------------------------------------------------------
  out_sr_reg[0][7]/CK -       -     R     (arrival)      55    -     0     0       0    (-,-) 
  out_sr_reg[0][7]/Q  -       CK->Q F     DFFHQX2LVT      1  2.9    32   144     144    (-,-) 
  o_data[7]           -       -     F     (port)          -    -     -     0     144    (-,-) 
#---------------------------------------------------------------------------------------------



Path 11: VIOLATED (-44 ps) Late External Delay Assertion at pin o_data[8]
          Group: clock
     Startpoint: (R) out_sr_reg[0][8]/CK
          Clock: (R) clock
       Endpoint: (F) o_data[8]
          Clock: (R) clock

                     Capture       Launch     
        Clock Edge:+     600            0     
       Src Latency:+       0            0     
       Net Latency:+       0 (I)        0 (I) 
           Arrival:=     600            0     
                                              
      Output Delay:-     500                  
     Required Time:=     100                  
      Launch Clock:-       0                  
         Data Path:-     144                  
             Slack:=     -44                  

Exceptions/Constraints:
  output_delay             500             fir_serial_parallel._line_3_17_1 

#---------------------------------------------------------------------------------------------
#    Timing Point     Flags   Arc   Edge    Cell     Fanout Load Trans Delay Arrival Instance 
#                                                           (fF)  (ps)  (ps)   (ps)  Location 
#---------------------------------------------------------------------------------------------
  out_sr_reg[0][8]/CK -       -     R     (arrival)      55    -     0     0       0    (-,-) 
  out_sr_reg[0][8]/Q  -       CK->Q F     DFFHQX2LVT      1  2.9    32   144     144    (-,-) 
  o_data[8]           -       -     F     (port)          -    -     -     0     144    (-,-) 
#---------------------------------------------------------------------------------------------



Path 12: VIOLATED (-44 ps) Late External Delay Assertion at pin o_data[9]
          Group: clock
     Startpoint: (R) out_sr_reg[0][9]/CK
          Clock: (R) clock
       Endpoint: (F) o_data[9]
          Clock: (R) clock

                     Capture       Launch     
        Clock Edge:+     600            0     
       Src Latency:+       0            0     
       Net Latency:+       0 (I)        0 (I) 
           Arrival:=     600            0     
                                              
      Output Delay:-     500                  
     Required Time:=     100                  
      Launch Clock:-       0                  
         Data Path:-     144                  
             Slack:=     -44                  

Exceptions/Constraints:
  output_delay             500             fir_serial_parallel._line_3_16_1 

#---------------------------------------------------------------------------------------------
#    Timing Point     Flags   Arc   Edge    Cell     Fanout Load Trans Delay Arrival Instance 
#                                                           (fF)  (ps)  (ps)   (ps)  Location 
#---------------------------------------------------------------------------------------------
  out_sr_reg[0][9]/CK -       -     R     (arrival)      55    -     0     0       0    (-,-) 
  out_sr_reg[0][9]/Q  -       CK->Q F     DFFHQX2LVT      1  2.9    32   144     144    (-,-) 
  o_data[9]           -       -     F     (port)          -    -     -     0     144    (-,-) 
#---------------------------------------------------------------------------------------------



Path 13: VIOLATED (-44 ps) Late External Delay Assertion at pin o_data[10]
          Group: clock
     Startpoint: (R) out_sr_reg[0][10]/CK
          Clock: (R) clock
       Endpoint: (F) o_data[10]
          Clock: (R) clock

                     Capture       Launch     
        Clock Edge:+     600            0     
       Src Latency:+       0            0     
       Net Latency:+       0 (I)        0 (I) 
           Arrival:=     600            0     
                                              
      Output Delay:-     500                  
     Required Time:=     100                  
      Launch Clock:-       0                  
         Data Path:-     144                  
             Slack:=     -44                  

Exceptions/Constraints:
  output_delay             500             fir_serial_parallel._line_3_15_1 

#----------------------------------------------------------------------------------------------
#    Timing Point      Flags   Arc   Edge    Cell     Fanout Load Trans Delay Arrival Instance 
#                                                            (fF)  (ps)  (ps)   (ps)  Location 
#----------------------------------------------------------------------------------------------
  out_sr_reg[0][10]/CK -       -     R     (arrival)      55    -     0     0       0    (-,-) 
  out_sr_reg[0][10]/Q  -       CK->Q F     DFFHQX2LVT      1  2.9    32   144     144    (-,-) 
  o_data[10]           -       -     F     (port)          -    -     -     0     144    (-,-) 
#----------------------------------------------------------------------------------------------



Path 14: VIOLATED (-44 ps) Late External Delay Assertion at pin o_data[11]
          Group: clock
     Startpoint: (R) out_sr_reg[0][11]/CK
          Clock: (R) clock
       Endpoint: (F) o_data[11]
          Clock: (R) clock

                     Capture       Launch     
        Clock Edge:+     600            0     
       Src Latency:+       0            0     
       Net Latency:+       0 (I)        0 (I) 
           Arrival:=     600            0     
                                              
      Output Delay:-     500                  
     Required Time:=     100                  
      Launch Clock:-       0                  
         Data Path:-     144                  
             Slack:=     -44                  

Exceptions/Constraints:
  output_delay             500             fir_serial_parallel._line_3_14_1 

#----------------------------------------------------------------------------------------------
#    Timing Point      Flags   Arc   Edge    Cell     Fanout Load Trans Delay Arrival Instance 
#                                                            (fF)  (ps)  (ps)   (ps)  Location 
#----------------------------------------------------------------------------------------------
  out_sr_reg[0][11]/CK -       -     R     (arrival)      55    -     0     0       0    (-,-) 
  out_sr_reg[0][11]/Q  -       CK->Q F     DFFHQX2LVT      1  2.9    32   144     144    (-,-) 
  o_data[11]           -       -     F     (port)          -    -     -     0     144    (-,-) 
#----------------------------------------------------------------------------------------------



Path 15: VIOLATED (-44 ps) Late External Delay Assertion at pin o_data[12]
          Group: clock
     Startpoint: (R) out_sr_reg[0][12]/CK
          Clock: (R) clock
       Endpoint: (F) o_data[12]
          Clock: (R) clock

                     Capture       Launch     
        Clock Edge:+     600            0     
       Src Latency:+       0            0     
       Net Latency:+       0 (I)        0 (I) 
           Arrival:=     600            0     
                                              
      Output Delay:-     500                  
     Required Time:=     100                  
      Launch Clock:-       0                  
         Data Path:-     144                  
             Slack:=     -44                  

Exceptions/Constraints:
  output_delay             500             fir_serial_parallel._line_3_13_1 

#----------------------------------------------------------------------------------------------
#    Timing Point      Flags   Arc   Edge    Cell     Fanout Load Trans Delay Arrival Instance 
#                                                            (fF)  (ps)  (ps)   (ps)  Location 
#----------------------------------------------------------------------------------------------
  out_sr_reg[0][12]/CK -       -     R     (arrival)      55    -     0     0       0    (-,-) 
  out_sr_reg[0][12]/Q  -       CK->Q F     DFFHQX2LVT      1  2.9    32   144     144    (-,-) 
  o_data[12]           -       -     F     (port)          -    -     -     0     144    (-,-) 
#----------------------------------------------------------------------------------------------



Path 16: VIOLATED (-44 ps) Late External Delay Assertion at pin o_data[13]
          Group: clock
     Startpoint: (R) out_sr_reg[0][13]/CK
          Clock: (R) clock
       Endpoint: (F) o_data[13]
          Clock: (R) clock

                     Capture       Launch     
        Clock Edge:+     600            0     
       Src Latency:+       0            0     
       Net Latency:+       0 (I)        0 (I) 
           Arrival:=     600            0     
                                              
      Output Delay:-     500                  
     Required Time:=     100                  
      Launch Clock:-       0                  
         Data Path:-     144                  
             Slack:=     -44                  

Exceptions/Constraints:
  output_delay             500             fir_serial_parallel._line_3_12_1 

#----------------------------------------------------------------------------------------------
#    Timing Point      Flags   Arc   Edge    Cell     Fanout Load Trans Delay Arrival Instance 
#                                                            (fF)  (ps)  (ps)   (ps)  Location 
#----------------------------------------------------------------------------------------------
  out_sr_reg[0][13]/CK -       -     R     (arrival)      55    -     0     0       0    (-,-) 
  out_sr_reg[0][13]/Q  -       CK->Q F     DFFHQX2LVT      1  2.9    32   144     144    (-,-) 
  o_data[13]           -       -     F     (port)          -    -     -     0     144    (-,-) 
#----------------------------------------------------------------------------------------------



Path 17: VIOLATED (-44 ps) Late External Delay Assertion at pin o_data[14]
          Group: clock
     Startpoint: (R) out_sr_reg[0][14]/CK
          Clock: (R) clock
       Endpoint: (F) o_data[14]
          Clock: (R) clock

                     Capture       Launch     
        Clock Edge:+     600            0     
       Src Latency:+       0            0     
       Net Latency:+       0 (I)        0 (I) 
           Arrival:=     600            0     
                                              
      Output Delay:-     500                  
     Required Time:=     100                  
      Launch Clock:-       0                  
         Data Path:-     144                  
             Slack:=     -44                  

Exceptions/Constraints:
  output_delay             500             fir_serial_parallel._line_3_11_1 

#----------------------------------------------------------------------------------------------
#    Timing Point      Flags   Arc   Edge    Cell     Fanout Load Trans Delay Arrival Instance 
#                                                            (fF)  (ps)  (ps)   (ps)  Location 
#----------------------------------------------------------------------------------------------
  out_sr_reg[0][14]/CK -       -     R     (arrival)      55    -     0     0       0    (-,-) 
  out_sr_reg[0][14]/Q  -       CK->Q F     DFFHQX2LVT      1  2.9    32   144     144    (-,-) 
  o_data[14]           -       -     F     (port)          -    -     -     0     144    (-,-) 
#----------------------------------------------------------------------------------------------



Path 18: VIOLATED (-40 ps) Late External Delay Assertion at pin o_data[1]
          Group: clock
     Startpoint: (R) out_sr_reg[0][1]/CK
          Clock: (R) clock
       Endpoint: (F) o_data[1]
          Clock: (R) clock

                     Capture       Launch     
        Clock Edge:+     600            0     
       Src Latency:+       0            0     
       Net Latency:+       0 (I)        0 (I) 
           Arrival:=     600            0     
                                              
      Output Delay:-     500                  
     Required Time:=     100                  
      Launch Clock:-       0                  
         Data Path:-     140                  
             Slack:=     -40                  

Exceptions/Constraints:
  output_delay             500             fir_serial_parallel._line_3_24_1 

#--------------------------------------------------------------------------------------------
#    Timing Point     Flags   Arc   Edge   Cell     Fanout Load Trans Delay Arrival Instance 
#                                                          (fF)  (ps)  (ps)   (ps)  Location 
#--------------------------------------------------------------------------------------------
  out_sr_reg[0][1]/CK -       -     R     (arrival)     55    -     0     0       0    (-,-) 
  out_sr_reg[0][1]/Q  -       CK->Q F     DFFQX2LVT      1  2.9    32   140     140    (-,-) 
  o_data[1]           -       -     F     (port)         -    -     -     0     140    (-,-) 
#--------------------------------------------------------------------------------------------



Path 19: VIOLATED (-40 ps) Late External Delay Assertion at pin o_data[3]
          Group: clock
     Startpoint: (R) out_sr_reg[0][3]/CK
          Clock: (R) clock
       Endpoint: (F) o_data[3]
          Clock: (R) clock

                     Capture       Launch     
        Clock Edge:+     600            0     
       Src Latency:+       0            0     
       Net Latency:+       0 (I)        0 (I) 
           Arrival:=     600            0     
                                              
      Output Delay:-     500                  
     Required Time:=     100                  
      Launch Clock:-       0                  
         Data Path:-     140                  
             Slack:=     -40                  

Exceptions/Constraints:
  output_delay             500             fir_serial_parallel._line_3_22_1 

#--------------------------------------------------------------------------------------------
#    Timing Point     Flags   Arc   Edge   Cell     Fanout Load Trans Delay Arrival Instance 
#                                                          (fF)  (ps)  (ps)   (ps)  Location 
#--------------------------------------------------------------------------------------------
  out_sr_reg[0][3]/CK -       -     R     (arrival)     55    -     0     0       0    (-,-) 
  out_sr_reg[0][3]/Q  -       CK->Q F     DFFQX2LVT      1  2.9    32   140     140    (-,-) 
  o_data[3]           -       -     F     (port)         -    -     -     0     140    (-,-) 
#--------------------------------------------------------------------------------------------



Path 20: VIOLATED (-25 ps) Clock Gating Setup Check at cgic pin RC_CG_HIER_INST4/RC_CGIC_INST/E
          Group: cg_enable_group_clock
     Startpoint: (F) i_reset
          Clock: (R) clock
       Endpoint: (F) RC_CG_HIER_INST4/RC_CGIC_INST/E
          Clock: (R) clock

                     Capture       Launch     
        Clock Edge:+     600            0     
        Drv Adjust:+       0            0     
       Src Latency:+       0            0     
       Net Latency:+       0 (I)        0 (I) 
           Arrival:=     600            0     
                                              
  Gate Check Setup:-      72                  
     Required Time:=     528                  
      Launch Clock:-       0                  
       Input Delay:-     500                  
         Data Path:-      53                  
             Slack:=     -25                  

Exceptions/Constraints:
  input_delay             500             fir_serial_parallel._line_2_8_1 

#--------------------------------------------------------------------------------------------------------------
#          Timing Point           Flags   Arc   Edge      Cell       Fanout  Load Trans Delay Arrival Instance 
#                                                                            (fF)  (ps)  (ps)   (ps)  Location 
#--------------------------------------------------------------------------------------------------------------
  i_reset                         -       -     F     (arrival)         158 502.7     0     0     500    (-,-) 
  g1833__6131/Y                   -       B->Y  R     NOR2X8LVT           1   5.6    36    26     526    (-,-) 
  g1824/Y                         -       A->Y  F     CLKINVX6LVT         2   4.8    25    28     553    (-,-) 
  RC_CG_HIER_INST4/RC_CGIC_INST/E -       -     F     TLATNTSCAX2LVT      2     -     -     0     553    (-,-) 
#--------------------------------------------------------------------------------------------------------------



Path 21: VIOLATED (-25 ps) Clock Gating Setup Check at cgic pin RC_CG_HIER_INST3/RC_CGIC_INST/E
          Group: cg_enable_group_clock
     Startpoint: (F) i_reset
          Clock: (R) clock
       Endpoint: (F) RC_CG_HIER_INST3/RC_CGIC_INST/E
          Clock: (R) clock

                     Capture       Launch     
        Clock Edge:+     600            0     
        Drv Adjust:+       0            0     
       Src Latency:+       0            0     
       Net Latency:+       0 (I)        0 (I) 
           Arrival:=     600            0     
                                              
  Gate Check Setup:-      72                  
     Required Time:=     528                  
      Launch Clock:-       0                  
       Input Delay:-     500                  
         Data Path:-      53                  
             Slack:=     -25                  

Exceptions/Constraints:
  input_delay             500             fir_serial_parallel._line_2_8_1 

#--------------------------------------------------------------------------------------------------------------
#          Timing Point           Flags   Arc   Edge      Cell       Fanout  Load Trans Delay Arrival Instance 
#                                                                            (fF)  (ps)  (ps)   (ps)  Location 
#--------------------------------------------------------------------------------------------------------------
  i_reset                         -       -     F     (arrival)         158 502.7     0     0     500    (-,-) 
  g1833__6131/Y                   -       B->Y  R     NOR2X8LVT           1   5.6    36    26     526    (-,-) 
  g1824/Y                         -       A->Y  F     CLKINVX6LVT         2   4.8    25    28     553    (-,-) 
  RC_CG_HIER_INST3/RC_CGIC_INST/E -       -     F     TLATNTSCAX2LVT      2     -     -     0     553    (-,-) 
#--------------------------------------------------------------------------------------------------------------



Path 22: VIOLATED (-23 ps) Setup Check with Pin out_sr_reg[1][10]/CK->D
          Group: clock
     Startpoint: (F) i_reset
          Clock: (R) clock
       Endpoint: (R) out_sr_reg[1][10]/D
          Clock: (R) clock

                     Capture       Launch     
        Clock Edge:+     600            0     
        Drv Adjust:+       0            0     
       Src Latency:+       0            0     
       Net Latency:+       0 (I)        0 (I) 
           Arrival:=     600            0     
                                              
             Setup:-      84                  
     Required Time:=     516                  
      Launch Clock:-       0                  
       Input Delay:-     500                  
         Data Path:-      39                  
             Slack:=     -23                  

Exceptions/Constraints:
  input_delay             500             fir_serial_parallel._line_2_8_1 

#----------------------------------------------------------------------------------------------
#    Timing Point     Flags   Arc   Edge    Cell     Fanout  Load Trans Delay Arrival Instance 
#                                                            (fF)  (ps)  (ps)   (ps)  Location 
#----------------------------------------------------------------------------------------------
  i_reset             -       -     F     (arrival)     158 502.7     0     0     500    (-,-) 
  g1709__3680/Y       -       B->Y  R     NOR2BX2LVT      1   3.2    61    39     539    (-,-) 
  out_sr_reg[1][10]/D -       -     R     DFFHQX1LVT      1     -     -     0     539    (-,-) 
#----------------------------------------------------------------------------------------------



Path 23: VIOLATED (-11 ps) Setup Check with Pin out_sr_reg[0][15]/CK->D
          Group: clock
     Startpoint: (F) i_reset
          Clock: (R) clock
       Endpoint: (R) out_sr_reg[0][15]/D
          Clock: (R) clock

                     Capture       Launch     
        Clock Edge:+     600            0     
        Drv Adjust:+       0            0     
       Src Latency:+       0            0     
       Net Latency:+       0 (I)        0 (I) 
           Arrival:=     600            0     
                                              
             Setup:-      81                  
     Required Time:=     519                  
      Launch Clock:-       0                  
       Input Delay:-     500                  
         Data Path:-      31                  
             Slack:=     -11                  

Exceptions/Constraints:
  input_delay             500             fir_serial_parallel._line_2_8_1 

#----------------------------------------------------------------------------------------------
#    Timing Point     Flags   Arc   Edge    Cell     Fanout  Load Trans Delay Arrival Instance 
#                                                            (fF)  (ps)  (ps)   (ps)  Location 
#----------------------------------------------------------------------------------------------
  i_reset             -       -     F     (arrival)     158 502.7     0     0     500    (-,-) 
  g2128/Y             -       B0->Y R     AOI21X4LVT      1   3.2    46    31     531    (-,-) 
  out_sr_reg[0][15]/D -       -     R     DFFHQX4LVT      1     -     -     0     531    (-,-) 
#----------------------------------------------------------------------------------------------



Path 24: VIOLATED (-10 ps) Setup Check with Pin xs_reg[10][7]/CK->D
          Group: clock
     Startpoint: (R) i_data[7]
          Clock: (R) clock
       Endpoint: (R) xs_reg[10][7]/D
          Clock: (R) clock

                     Capture       Launch     
        Clock Edge:+     600            0     
        Drv Adjust:+       0            0     
       Src Latency:+       0            0     
       Net Latency:+       0 (I)        0 (I) 
           Arrival:=     600            0     
                                              
             Setup:-      71                  
     Required Time:=     529                  
      Launch Clock:-       0                  
       Input Delay:-     500                  
         Data Path:-      39                  
             Slack:=     -10                  

Exceptions/Constraints:
  input_delay             500             fir_serial_parallel._line_2 

#-------------------------------------------------------------------------------------------
#  Timing Point   Flags   Arc   Edge     Cell      Fanout Load Trans Delay Arrival Instance 
#                                                         (fF)  (ps)  (ps)   (ps)  Location 
#-------------------------------------------------------------------------------------------
  i_data[7]       -       -     R     (arrival)         4 15.2     0     0     500    (-,-) 
  g1577/Y         -       A->Y  F     CLKINVX16LVT      1  6.0    12    15     515    (-,-) 
  g1537__5477/Y   -       B->Y  R     NOR2X8LVT         1  3.2    26    24     539    (-,-) 
  xs_reg[10][7]/D -       -     R     DFFHQX1LVT        1    -     -     0     539    (-,-) 
#-------------------------------------------------------------------------------------------



Path 25: VIOLATED (-10 ps) Setup Check with Pin xs_reg[10][6]/CK->D
          Group: clock
     Startpoint: (R) i_data[6]
          Clock: (R) clock
       Endpoint: (R) xs_reg[10][6]/D
          Clock: (R) clock

                     Capture       Launch     
        Clock Edge:+     600            0     
        Drv Adjust:+       0            0     
       Src Latency:+       0            0     
       Net Latency:+       0 (I)        0 (I) 
           Arrival:=     600            0     
                                              
             Setup:-      71                  
     Required Time:=     529                  
      Launch Clock:-       0                  
       Input Delay:-     500                  
         Data Path:-      39                  
             Slack:=     -10                  

Exceptions/Constraints:
  input_delay             500             fir_serial_parallel._line_2_1_1 

#-------------------------------------------------------------------------------------------
#  Timing Point   Flags   Arc   Edge     Cell      Fanout Load Trans Delay Arrival Instance 
#                                                         (fF)  (ps)  (ps)   (ps)  Location 
#-------------------------------------------------------------------------------------------
  i_data[6]       -       -     R     (arrival)         4 15.2     0     0     500    (-,-) 
  g1593/Y         -       A->Y  F     CLKINVX16LVT      1  6.0    12    15     515    (-,-) 
  g1540__6260/Y   -       B->Y  R     NOR2X8LVT         1  3.2    26    24     539    (-,-) 
  xs_reg[10][6]/D -       -     R     DFFHQX1LVT        1    -     -     0     539    (-,-) 
#-------------------------------------------------------------------------------------------



Path 26: VIOLATED (-10 ps) Setup Check with Pin xs_reg[10][5]/CK->D
          Group: clock
     Startpoint: (R) i_data[5]
          Clock: (R) clock
       Endpoint: (R) xs_reg[10][5]/D
          Clock: (R) clock

                     Capture       Launch     
        Clock Edge:+     600            0     
        Drv Adjust:+       0            0     
       Src Latency:+       0            0     
       Net Latency:+       0 (I)        0 (I) 
           Arrival:=     600            0     
                                              
             Setup:-      71                  
     Required Time:=     529                  
      Launch Clock:-       0                  
       Input Delay:-     500                  
         Data Path:-      39                  
             Slack:=     -10                  

Exceptions/Constraints:
  input_delay             500             fir_serial_parallel._line_2_2_1 

#-------------------------------------------------------------------------------------------
#  Timing Point   Flags   Arc   Edge     Cell      Fanout Load Trans Delay Arrival Instance 
#                                                         (fF)  (ps)  (ps)   (ps)  Location 
#-------------------------------------------------------------------------------------------
  i_data[5]       -       -     R     (arrival)         4 15.2     0     0     500    (-,-) 
  g1573/Y         -       A->Y  F     CLKINVX16LVT      1  6.0    12    15     515    (-,-) 
  g1561__2346/Y   -       B->Y  R     NOR2X8LVT         1  3.2    26    24     539    (-,-) 
  xs_reg[10][5]/D -       -     R     DFFHQX1LVT        1    -     -     0     539    (-,-) 
#-------------------------------------------------------------------------------------------



Path 27: VIOLATED (-10 ps) Setup Check with Pin xs_reg[10][4]/CK->D
          Group: clock
     Startpoint: (R) i_data[4]
          Clock: (R) clock
       Endpoint: (R) xs_reg[10][4]/D
          Clock: (R) clock

                     Capture       Launch     
        Clock Edge:+     600            0     
        Drv Adjust:+       0            0     
       Src Latency:+       0            0     
       Net Latency:+       0 (I)        0 (I) 
           Arrival:=     600            0     
                                              
             Setup:-      71                  
     Required Time:=     529                  
      Launch Clock:-       0                  
       Input Delay:-     500                  
         Data Path:-      39                  
             Slack:=     -10                  

Exceptions/Constraints:
  input_delay             500             fir_serial_parallel._line_2_3_1 

#-------------------------------------------------------------------------------------------
#  Timing Point   Flags   Arc   Edge     Cell      Fanout Load Trans Delay Arrival Instance 
#                                                         (fF)  (ps)  (ps)   (ps)  Location 
#-------------------------------------------------------------------------------------------
  i_data[4]       -       -     R     (arrival)         4 15.2     0     0     500    (-,-) 
  g1587/Y         -       A->Y  F     CLKINVX16LVT      1  6.0    12    15     515    (-,-) 
  g1558__9315/Y   -       B->Y  R     NOR2X8LVT         1  3.2    26    24     539    (-,-) 
  xs_reg[10][4]/D -       -     R     DFFHQX1LVT        1    -     -     0     539    (-,-) 
#-------------------------------------------------------------------------------------------



Path 28: VIOLATED (-10 ps) Setup Check with Pin xs_reg[10][3]/CK->D
          Group: clock
     Startpoint: (R) i_data[3]
          Clock: (R) clock
       Endpoint: (R) xs_reg[10][3]/D
          Clock: (R) clock

                     Capture       Launch     
        Clock Edge:+     600            0     
        Drv Adjust:+       0            0     
       Src Latency:+       0            0     
       Net Latency:+       0 (I)        0 (I) 
           Arrival:=     600            0     
                                              
             Setup:-      71                  
     Required Time:=     529                  
      Launch Clock:-       0                  
       Input Delay:-     500                  
         Data Path:-      39                  
             Slack:=     -10                  

Exceptions/Constraints:
  input_delay             500             fir_serial_parallel._line_2_4_1 

#-------------------------------------------------------------------------------------------
#  Timing Point   Flags   Arc   Edge     Cell      Fanout Load Trans Delay Arrival Instance 
#                                                         (fF)  (ps)  (ps)   (ps)  Location 
#-------------------------------------------------------------------------------------------
  i_data[3]       -       -     R     (arrival)         4 15.2     0     0     500    (-,-) 
  g1592/Y         -       A->Y  F     CLKINVX16LVT      1  6.0    12    15     515    (-,-) 
  g1565__5477/Y   -       B->Y  R     NOR2X8LVT         1  3.2    26    24     539    (-,-) 
  xs_reg[10][3]/D -       -     R     DFFHQX1LVT        1    -     -     0     539    (-,-) 
#-------------------------------------------------------------------------------------------



Path 29: VIOLATED (-10 ps) Setup Check with Pin xs_reg[10][2]/CK->D
          Group: clock
     Startpoint: (R) i_data[2]
          Clock: (R) clock
       Endpoint: (R) xs_reg[10][2]/D
          Clock: (R) clock

                     Capture       Launch     
        Clock Edge:+     600            0     
        Drv Adjust:+       0            0     
       Src Latency:+       0            0     
       Net Latency:+       0 (I)        0 (I) 
           Arrival:=     600            0     
                                              
             Setup:-      71                  
     Required Time:=     529                  
      Launch Clock:-       0                  
       Input Delay:-     500                  
         Data Path:-      39                  
             Slack:=     -10                  

Exceptions/Constraints:
  input_delay             500             fir_serial_parallel._line_2_5_1 

#-------------------------------------------------------------------------------------------
#  Timing Point   Flags   Arc   Edge     Cell      Fanout Load Trans Delay Arrival Instance 
#                                                         (fF)  (ps)  (ps)   (ps)  Location 
#-------------------------------------------------------------------------------------------
  i_data[2]       -       -     R     (arrival)         4 15.2     0     0     500    (-,-) 
  g1595/Y         -       A->Y  F     CLKINVX16LVT      1  6.0    12    15     515    (-,-) 
  g1571__5526/Y   -       B->Y  R     NOR2X8LVT         1  3.2    26    24     539    (-,-) 
  xs_reg[10][2]/D -       -     R     DFFHQX1LVT        1    -     -     0     539    (-,-) 
#-------------------------------------------------------------------------------------------



Path 30: VIOLATED (-10 ps) Setup Check with Pin xs_reg[10][1]/CK->D
          Group: clock
     Startpoint: (R) i_data[1]
          Clock: (R) clock
       Endpoint: (R) xs_reg[10][1]/D
          Clock: (R) clock

                     Capture       Launch     
        Clock Edge:+     600            0     
        Drv Adjust:+       0            0     
       Src Latency:+       0            0     
       Net Latency:+       0 (I)        0 (I) 
           Arrival:=     600            0     
                                              
             Setup:-      71                  
     Required Time:=     529                  
      Launch Clock:-       0                  
       Input Delay:-     500                  
         Data Path:-      39                  
             Slack:=     -10                  

Exceptions/Constraints:
  input_delay             500             fir_serial_parallel._line_2_6_1 

#-------------------------------------------------------------------------------------------
#  Timing Point   Flags   Arc   Edge     Cell      Fanout Load Trans Delay Arrival Instance 
#                                                         (fF)  (ps)  (ps)   (ps)  Location 
#-------------------------------------------------------------------------------------------
  i_data[1]       -       -     R     (arrival)         4 15.2     0     0     500    (-,-) 
  g1575/Y         -       A->Y  F     CLKINVX16LVT      1  6.0    12    15     515    (-,-) 
  g1556__4733/Y   -       B->Y  R     NOR2X8LVT         1  3.2    26    24     539    (-,-) 
  xs_reg[10][1]/D -       -     R     DFFHQX1LVT        1    -     -     0     539    (-,-) 
#-------------------------------------------------------------------------------------------



Path 31: VIOLATED (-10 ps) Setup Check with Pin xs_reg[10][0]/CK->D
          Group: clock
     Startpoint: (R) i_data[0]
          Clock: (R) clock
       Endpoint: (R) xs_reg[10][0]/D
          Clock: (R) clock

                     Capture       Launch     
        Clock Edge:+     600            0     
        Drv Adjust:+       0            0     
       Src Latency:+       0            0     
       Net Latency:+       0 (I)        0 (I) 
           Arrival:=     600            0     
                                              
             Setup:-      71                  
     Required Time:=     529                  
      Launch Clock:-       0                  
       Input Delay:-     500                  
         Data Path:-      39                  
             Slack:=     -10                  

Exceptions/Constraints:
  input_delay             500             fir_serial_parallel._line_2_7_1 

#-------------------------------------------------------------------------------------------
#  Timing Point   Flags   Arc   Edge     Cell      Fanout Load Trans Delay Arrival Instance 
#                                                         (fF)  (ps)  (ps)   (ps)  Location 
#-------------------------------------------------------------------------------------------
  i_data[0]       -       -     R     (arrival)         4 15.2     0     0     500    (-,-) 
  g1574/Y         -       A->Y  F     CLKINVX16LVT      1  6.0    12    15     515    (-,-) 
  g1534__1666/Y   -       B->Y  R     NOR2X8LVT         1  3.2    26    24     539    (-,-) 
  xs_reg[10][0]/D -       -     R     DFFHQX1LVT        1    -     -     0     539    (-,-) 
#-------------------------------------------------------------------------------------------



Path 32: VIOLATED (-10 ps) Setup Check with Pin out_sr_reg[2][14]/CK->D
          Group: clock
     Startpoint: (F) i_reset
          Clock: (R) clock
       Endpoint: (R) out_sr_reg[2][14]/D
          Clock: (R) clock

                     Capture       Launch     
        Clock Edge:+     600            0     
        Drv Adjust:+       0            0     
       Src Latency:+       0            0     
       Net Latency:+       0 (I)        0 (I) 
           Arrival:=     600            0     
                                              
             Setup:-      79                  
     Required Time:=     521                  
      Launch Clock:-       0                  
       Input Delay:-     500                  
         Data Path:-      31                  
             Slack:=     -10                  

Exceptions/Constraints:
  input_delay             500             fir_serial_parallel._line_2_8_1 

#----------------------------------------------------------------------------------------------
#    Timing Point     Flags   Arc   Edge    Cell     Fanout  Load Trans Delay Arrival Instance 
#                                                            (fF)  (ps)  (ps)   (ps)  Location 
#----------------------------------------------------------------------------------------------
  i_reset             -       -     F     (arrival)     158 502.7     0     0     500    (-,-) 
  g2106/Y             -       B0->Y R     AOI21X4LVT      1   3.2    48    31     531    (-,-) 
  out_sr_reg[2][14]/D -       -     R     DFFHQX1LVT      1     -     -     0     531    (-,-) 
#----------------------------------------------------------------------------------------------



Path 33: VIOLATED (-10 ps) Setup Check with Pin out_sr_reg[2][9]/CK->D
          Group: clock
     Startpoint: (F) i_reset
          Clock: (R) clock
       Endpoint: (R) out_sr_reg[2][9]/D
          Clock: (R) clock

                     Capture       Launch     
        Clock Edge:+     600            0     
        Drv Adjust:+       0            0     
       Src Latency:+       0            0     
       Net Latency:+       0 (I)        0 (I) 
           Arrival:=     600            0     
                                              
             Setup:-      79                  
     Required Time:=     521                  
      Launch Clock:-       0                  
       Input Delay:-     500                  
         Data Path:-      31                  
             Slack:=     -10                  

Exceptions/Constraints:
  input_delay             500             fir_serial_parallel._line_2_8_1 

#---------------------------------------------------------------------------------------------
#   Timing Point     Flags   Arc   Edge    Cell     Fanout  Load Trans Delay Arrival Instance 
#                                                           (fF)  (ps)  (ps)   (ps)  Location 
#---------------------------------------------------------------------------------------------
  i_reset            -       -     F     (arrival)     158 502.7     0     0     500    (-,-) 
  g2096/Y            -       B0->Y R     AOI21X4LVT      1   3.2    48    31     531    (-,-) 
  out_sr_reg[2][9]/D -       -     R     DFFHQX1LVT      1     -     -     0     531    (-,-) 
#---------------------------------------------------------------------------------------------



Path 34: VIOLATED (-10 ps) Setup Check with Pin out_sr_reg[2][6]/CK->D
          Group: clock
     Startpoint: (F) i_reset
          Clock: (R) clock
       Endpoint: (R) out_sr_reg[2][6]/D
          Clock: (R) clock

                     Capture       Launch     
        Clock Edge:+     600            0     
        Drv Adjust:+       0            0     
       Src Latency:+       0            0     
       Net Latency:+       0 (I)        0 (I) 
           Arrival:=     600            0     
                                              
             Setup:-      79                  
     Required Time:=     521                  
      Launch Clock:-       0                  
       Input Delay:-     500                  
         Data Path:-      31                  
             Slack:=     -10                  

Exceptions/Constraints:
  input_delay             500             fir_serial_parallel._line_2_8_1 

#---------------------------------------------------------------------------------------------
#   Timing Point     Flags   Arc   Edge    Cell     Fanout  Load Trans Delay Arrival Instance 
#                                                           (fF)  (ps)  (ps)   (ps)  Location 
#---------------------------------------------------------------------------------------------
  i_reset            -       -     F     (arrival)     158 502.7     0     0     500    (-,-) 
  g2090/Y            -       B0->Y R     AOI21X4LVT      1   3.2    48    31     531    (-,-) 
  out_sr_reg[2][6]/D -       -     R     DFFHQX1LVT      1     -     -     0     531    (-,-) 
#---------------------------------------------------------------------------------------------



Path 35: VIOLATED (-10 ps) Setup Check with Pin out_sr_reg[2][5]/CK->D
          Group: clock
     Startpoint: (F) i_reset
          Clock: (R) clock
       Endpoint: (R) out_sr_reg[2][5]/D
          Clock: (R) clock

                     Capture       Launch     
        Clock Edge:+     600            0     
        Drv Adjust:+       0            0     
       Src Latency:+       0            0     
       Net Latency:+       0 (I)        0 (I) 
           Arrival:=     600            0     
                                              
             Setup:-      79                  
     Required Time:=     521                  
      Launch Clock:-       0                  
       Input Delay:-     500                  
         Data Path:-      31                  
             Slack:=     -10                  

Exceptions/Constraints:
  input_delay             500             fir_serial_parallel._line_2_8_1 

#---------------------------------------------------------------------------------------------
#   Timing Point     Flags   Arc   Edge    Cell     Fanout  Load Trans Delay Arrival Instance 
#                                                           (fF)  (ps)  (ps)   (ps)  Location 
#---------------------------------------------------------------------------------------------
  i_reset            -       -     F     (arrival)     158 502.7     0     0     500    (-,-) 
  g2088/Y            -       B0->Y R     AOI21X4LVT      1   3.2    48    31     531    (-,-) 
  out_sr_reg[2][5]/D -       -     R     DFFHQX1LVT      1     -     -     0     531    (-,-) 
#---------------------------------------------------------------------------------------------



Path 36: VIOLATED (-10 ps) Setup Check with Pin out_sr_reg[2][4]/CK->D
          Group: clock
     Startpoint: (F) i_reset
          Clock: (R) clock
       Endpoint: (R) out_sr_reg[2][4]/D
          Clock: (R) clock

                     Capture       Launch     
        Clock Edge:+     600            0     
        Drv Adjust:+       0            0     
       Src Latency:+       0            0     
       Net Latency:+       0 (I)        0 (I) 
           Arrival:=     600            0     
                                              
             Setup:-      79                  
     Required Time:=     521                  
      Launch Clock:-       0                  
       Input Delay:-     500                  
         Data Path:-      31                  
             Slack:=     -10                  

Exceptions/Constraints:
  input_delay             500             fir_serial_parallel._line_2_8_1 

#---------------------------------------------------------------------------------------------
#   Timing Point     Flags   Arc   Edge    Cell     Fanout  Load Trans Delay Arrival Instance 
#                                                           (fF)  (ps)  (ps)   (ps)  Location 
#---------------------------------------------------------------------------------------------
  i_reset            -       -     F     (arrival)     158 502.7     0     0     500    (-,-) 
  g2086/Y            -       B0->Y R     AOI21X4LVT      1   3.2    48    31     531    (-,-) 
  out_sr_reg[2][4]/D -       -     R     DFFHQX1LVT      1     -     -     0     531    (-,-) 
#---------------------------------------------------------------------------------------------



Path 37: VIOLATED (-10 ps) Setup Check with Pin out_sr_reg[2][2]/CK->D
          Group: clock
     Startpoint: (F) i_reset
          Clock: (R) clock
       Endpoint: (R) out_sr_reg[2][2]/D
          Clock: (R) clock

                     Capture       Launch     
        Clock Edge:+     600            0     
        Drv Adjust:+       0            0     
       Src Latency:+       0            0     
       Net Latency:+       0 (I)        0 (I) 
           Arrival:=     600            0     
                                              
             Setup:-      79                  
     Required Time:=     521                  
      Launch Clock:-       0                  
       Input Delay:-     500                  
         Data Path:-      31                  
             Slack:=     -10                  

Exceptions/Constraints:
  input_delay             500             fir_serial_parallel._line_2_8_1 

#---------------------------------------------------------------------------------------------
#   Timing Point     Flags   Arc   Edge    Cell     Fanout  Load Trans Delay Arrival Instance 
#                                                           (fF)  (ps)  (ps)   (ps)  Location 
#---------------------------------------------------------------------------------------------
  i_reset            -       -     F     (arrival)     158 502.7     0     0     500    (-,-) 
  g2082/Y            -       B0->Y R     AOI21X4LVT      1   3.2    48    31     531    (-,-) 
  out_sr_reg[2][2]/D -       -     R     DFFHQX1LVT      1     -     -     0     531    (-,-) 
#---------------------------------------------------------------------------------------------



Path 38: VIOLATED (-10 ps) Setup Check with Pin out_sr_reg[2][1]/CK->D
          Group: clock
     Startpoint: (F) i_reset
          Clock: (R) clock
       Endpoint: (R) out_sr_reg[2][1]/D
          Clock: (R) clock

                     Capture       Launch     
        Clock Edge:+     600            0     
        Drv Adjust:+       0            0     
       Src Latency:+       0            0     
       Net Latency:+       0 (I)        0 (I) 
           Arrival:=     600            0     
                                              
             Setup:-      79                  
     Required Time:=     521                  
      Launch Clock:-       0                  
       Input Delay:-     500                  
         Data Path:-      31                  
             Slack:=     -10                  

Exceptions/Constraints:
  input_delay             500             fir_serial_parallel._line_2_8_1 

#---------------------------------------------------------------------------------------------
#   Timing Point     Flags   Arc   Edge    Cell     Fanout  Load Trans Delay Arrival Instance 
#                                                           (fF)  (ps)  (ps)   (ps)  Location 
#---------------------------------------------------------------------------------------------
  i_reset            -       -     F     (arrival)     158 502.7     0     0     500    (-,-) 
  g2080/Y            -       B0->Y R     AOI21X4LVT      1   3.2    48    31     531    (-,-) 
  out_sr_reg[2][1]/D -       -     R     DFFHQX1LVT      1     -     -     0     531    (-,-) 
#---------------------------------------------------------------------------------------------



Path 39: VIOLATED (-10 ps) Setup Check with Pin out_sr_reg[1][12]/CK->D
          Group: clock
     Startpoint: (F) i_reset
          Clock: (R) clock
       Endpoint: (R) out_sr_reg[1][12]/D
          Clock: (R) clock

                     Capture       Launch     
        Clock Edge:+     600            0     
        Drv Adjust:+       0            0     
       Src Latency:+       0            0     
       Net Latency:+       0 (I)        0 (I) 
           Arrival:=     600            0     
                                              
             Setup:-      79                  
     Required Time:=     521                  
      Launch Clock:-       0                  
       Input Delay:-     500                  
         Data Path:-      31                  
             Slack:=     -10                  

Exceptions/Constraints:
  input_delay             500             fir_serial_parallel._line_2_8_1 

#----------------------------------------------------------------------------------------------
#    Timing Point     Flags   Arc   Edge    Cell     Fanout  Load Trans Delay Arrival Instance 
#                                                            (fF)  (ps)  (ps)   (ps)  Location 
#----------------------------------------------------------------------------------------------
  i_reset             -       -     F     (arrival)     158 502.7     0     0     500    (-,-) 
  g2070/Y             -       B0->Y R     AOI21X4LVT      1   3.2    48    31     531    (-,-) 
  out_sr_reg[1][12]/D -       -     R     DFFHQX1LVT      1     -     -     0     531    (-,-) 
#----------------------------------------------------------------------------------------------



Path 40: VIOLATED (-10 ps) Setup Check with Pin out_sr_reg[1][8]/CK->D
          Group: clock
     Startpoint: (F) i_reset
          Clock: (R) clock
       Endpoint: (R) out_sr_reg[1][8]/D
          Clock: (R) clock

                     Capture       Launch     
        Clock Edge:+     600            0     
        Drv Adjust:+       0            0     
       Src Latency:+       0            0     
       Net Latency:+       0 (I)        0 (I) 
           Arrival:=     600            0     
                                              
             Setup:-      79                  
     Required Time:=     521                  
      Launch Clock:-       0                  
       Input Delay:-     500                  
         Data Path:-      31                  
             Slack:=     -10                  

Exceptions/Constraints:
  input_delay             500             fir_serial_parallel._line_2_8_1 

#---------------------------------------------------------------------------------------------
#   Timing Point     Flags   Arc   Edge    Cell     Fanout  Load Trans Delay Arrival Instance 
#                                                           (fF)  (ps)  (ps)   (ps)  Location 
#---------------------------------------------------------------------------------------------
  i_reset            -       -     F     (arrival)     158 502.7     0     0     500    (-,-) 
  g2064/Y            -       B0->Y R     AOI21X4LVT      1   3.2    48    31     531    (-,-) 
  out_sr_reg[1][8]/D -       -     R     DFFHQX1LVT      1     -     -     0     531    (-,-) 
#---------------------------------------------------------------------------------------------



Path 41: VIOLATED (-10 ps) Setup Check with Pin out_sr_reg[1][5]/CK->D
          Group: clock
     Startpoint: (F) i_reset
          Clock: (R) clock
       Endpoint: (R) out_sr_reg[1][5]/D
          Clock: (R) clock

                     Capture       Launch     
        Clock Edge:+     600            0     
        Drv Adjust:+       0            0     
       Src Latency:+       0            0     
       Net Latency:+       0 (I)        0 (I) 
           Arrival:=     600            0     
                                              
             Setup:-      79                  
     Required Time:=     521                  
      Launch Clock:-       0                  
       Input Delay:-     500                  
         Data Path:-      31                  
             Slack:=     -10                  

Exceptions/Constraints:
  input_delay             500             fir_serial_parallel._line_2_8_1 

#---------------------------------------------------------------------------------------------
#   Timing Point     Flags   Arc   Edge    Cell     Fanout  Load Trans Delay Arrival Instance 
#                                                           (fF)  (ps)  (ps)   (ps)  Location 
#---------------------------------------------------------------------------------------------
  i_reset            -       -     F     (arrival)     158 502.7     0     0     500    (-,-) 
  g2124/Y            -       B0->Y R     AOI21X4LVT      1   3.2    48    31     531    (-,-) 
  out_sr_reg[1][5]/D -       -     R     DFFHQX1LVT      1     -     -     0     531    (-,-) 
#---------------------------------------------------------------------------------------------



Path 42: VIOLATED (-10 ps) Setup Check with Pin out_sr_reg[1][1]/CK->D
          Group: clock
     Startpoint: (F) i_reset
          Clock: (R) clock
       Endpoint: (R) out_sr_reg[1][1]/D
          Clock: (R) clock

                     Capture       Launch     
        Clock Edge:+     600            0     
        Drv Adjust:+       0            0     
       Src Latency:+       0            0     
       Net Latency:+       0 (I)        0 (I) 
           Arrival:=     600            0     
                                              
             Setup:-      79                  
     Required Time:=     521                  
      Launch Clock:-       0                  
       Input Delay:-     500                  
         Data Path:-      31                  
             Slack:=     -10                  

Exceptions/Constraints:
  input_delay             500             fir_serial_parallel._line_2_8_1 

#---------------------------------------------------------------------------------------------
#   Timing Point     Flags   Arc   Edge    Cell     Fanout  Load Trans Delay Arrival Instance 
#                                                           (fF)  (ps)  (ps)   (ps)  Location 
#---------------------------------------------------------------------------------------------
  i_reset            -       -     F     (arrival)     158 502.7     0     0     500    (-,-) 
  g2116/Y            -       B0->Y R     AOI21X4LVT      1   3.2    48    31     531    (-,-) 
  out_sr_reg[1][1]/D -       -     R     DFFHQX1LVT      1     -     -     0     531    (-,-) 
#---------------------------------------------------------------------------------------------



Path 43: VIOLATED (-10 ps) Setup Check with Pin out_sr_reg[1][0]/CK->D
          Group: clock
     Startpoint: (F) i_reset
          Clock: (R) clock
       Endpoint: (R) out_sr_reg[1][0]/D
          Clock: (R) clock

                     Capture       Launch     
        Clock Edge:+     600            0     
        Drv Adjust:+       0            0     
       Src Latency:+       0            0     
       Net Latency:+       0 (I)        0 (I) 
           Arrival:=     600            0     
                                              
             Setup:-      79                  
     Required Time:=     521                  
      Launch Clock:-       0                  
       Input Delay:-     500                  
         Data Path:-      31                  
             Slack:=     -10                  

Exceptions/Constraints:
  input_delay             500             fir_serial_parallel._line_2_8_1 

#---------------------------------------------------------------------------------------------
#   Timing Point     Flags   Arc   Edge    Cell     Fanout  Load Trans Delay Arrival Instance 
#                                                           (fF)  (ps)  (ps)   (ps)  Location 
#---------------------------------------------------------------------------------------------
  i_reset            -       -     F     (arrival)     158 502.7     0     0     500    (-,-) 
  g2114/Y            -       B0->Y R     AOI21X4LVT      1   3.2    48    31     531    (-,-) 
  out_sr_reg[1][0]/D -       -     R     DFFHQX1LVT      1     -     -     0     531    (-,-) 
#---------------------------------------------------------------------------------------------



Path 44: VIOLATED (-10 ps) Setup Check with Pin out_sr_reg[0][14]/CK->D
          Group: clock
     Startpoint: (F) i_reset
          Clock: (R) clock
       Endpoint: (R) out_sr_reg[0][14]/D
          Clock: (R) clock

                     Capture       Launch     
        Clock Edge:+     600            0     
        Drv Adjust:+       0            0     
       Src Latency:+       0            0     
       Net Latency:+       0 (I)        0 (I) 
           Arrival:=     600            0     
                                              
             Setup:-      79                  
     Required Time:=     521                  
      Launch Clock:-       0                  
       Input Delay:-     500                  
         Data Path:-      31                  
             Slack:=     -10                  

Exceptions/Constraints:
  input_delay             500             fir_serial_parallel._line_2_8_1 

#----------------------------------------------------------------------------------------------
#    Timing Point     Flags   Arc   Edge    Cell     Fanout  Load Trans Delay Arrival Instance 
#                                                            (fF)  (ps)  (ps)   (ps)  Location 
#----------------------------------------------------------------------------------------------
  i_reset             -       -     F     (arrival)     158 502.7     0     0     500    (-,-) 
  g2112/Y             -       B0->Y R     AOI21X4LVT      1   3.2    46    31     531    (-,-) 
  out_sr_reg[0][14]/D -       -     R     DFFHQX2LVT      1     -     -     0     531    (-,-) 
#----------------------------------------------------------------------------------------------



Path 45: VIOLATED (-10 ps) Setup Check with Pin out_sr_reg[0][13]/CK->D
          Group: clock
     Startpoint: (F) i_reset
          Clock: (R) clock
       Endpoint: (R) out_sr_reg[0][13]/D
          Clock: (R) clock

                     Capture       Launch     
        Clock Edge:+     600            0     
        Drv Adjust:+       0            0     
       Src Latency:+       0            0     
       Net Latency:+       0 (I)        0 (I) 
           Arrival:=     600            0     
                                              
             Setup:-      79                  
     Required Time:=     521                  
      Launch Clock:-       0                  
       Input Delay:-     500                  
         Data Path:-      31                  
             Slack:=     -10                  

Exceptions/Constraints:
  input_delay             500             fir_serial_parallel._line_2_8_1 

#----------------------------------------------------------------------------------------------
#    Timing Point     Flags   Arc   Edge    Cell     Fanout  Load Trans Delay Arrival Instance 
#                                                            (fF)  (ps)  (ps)   (ps)  Location 
#----------------------------------------------------------------------------------------------
  i_reset             -       -     F     (arrival)     158 502.7     0     0     500    (-,-) 
  g2144/Y             -       B0->Y R     AOI21X4LVT      1   3.2    46    31     531    (-,-) 
  out_sr_reg[0][13]/D -       -     R     DFFHQX2LVT      1     -     -     0     531    (-,-) 
#----------------------------------------------------------------------------------------------



Path 46: VIOLATED (-10 ps) Setup Check with Pin out_sr_reg[0][12]/CK->D
          Group: clock
     Startpoint: (F) i_reset
          Clock: (R) clock
       Endpoint: (R) out_sr_reg[0][12]/D
          Clock: (R) clock

                     Capture       Launch     
        Clock Edge:+     600            0     
        Drv Adjust:+       0            0     
       Src Latency:+       0            0     
       Net Latency:+       0 (I)        0 (I) 
           Arrival:=     600            0     
                                              
             Setup:-      79                  
     Required Time:=     521                  
      Launch Clock:-       0                  
       Input Delay:-     500                  
         Data Path:-      31                  
             Slack:=     -10                  

Exceptions/Constraints:
  input_delay             500             fir_serial_parallel._line_2_8_1 

#----------------------------------------------------------------------------------------------
#    Timing Point     Flags   Arc   Edge    Cell     Fanout  Load Trans Delay Arrival Instance 
#                                                            (fF)  (ps)  (ps)   (ps)  Location 
#----------------------------------------------------------------------------------------------
  i_reset             -       -     F     (arrival)     158 502.7     0     0     500    (-,-) 
  g2142/Y             -       B0->Y R     AOI21X4LVT      1   3.2    46    31     531    (-,-) 
  out_sr_reg[0][12]/D -       -     R     DFFHQX2LVT      1     -     -     0     531    (-,-) 
#----------------------------------------------------------------------------------------------



Path 47: VIOLATED (-10 ps) Setup Check with Pin out_sr_reg[0][11]/CK->D
          Group: clock
     Startpoint: (F) i_reset
          Clock: (R) clock
       Endpoint: (R) out_sr_reg[0][11]/D
          Clock: (R) clock

                     Capture       Launch     
        Clock Edge:+     600            0     
        Drv Adjust:+       0            0     
       Src Latency:+       0            0     
       Net Latency:+       0 (I)        0 (I) 
           Arrival:=     600            0     
                                              
             Setup:-      79                  
     Required Time:=     521                  
      Launch Clock:-       0                  
       Input Delay:-     500                  
         Data Path:-      31                  
             Slack:=     -10                  

Exceptions/Constraints:
  input_delay             500             fir_serial_parallel._line_2_8_1 

#----------------------------------------------------------------------------------------------
#    Timing Point     Flags   Arc   Edge    Cell     Fanout  Load Trans Delay Arrival Instance 
#                                                            (fF)  (ps)  (ps)   (ps)  Location 
#----------------------------------------------------------------------------------------------
  i_reset             -       -     F     (arrival)     158 502.7     0     0     500    (-,-) 
  g2110/Y             -       B0->Y R     AOI21X4LVT      1   3.2    46    31     531    (-,-) 
  out_sr_reg[0][11]/D -       -     R     DFFHQX2LVT      1     -     -     0     531    (-,-) 
#----------------------------------------------------------------------------------------------



Path 48: VIOLATED (-10 ps) Setup Check with Pin out_sr_reg[0][10]/CK->D
          Group: clock
     Startpoint: (F) i_reset
          Clock: (R) clock
       Endpoint: (R) out_sr_reg[0][10]/D
          Clock: (R) clock

                     Capture       Launch     
        Clock Edge:+     600            0     
        Drv Adjust:+       0            0     
       Src Latency:+       0            0     
       Net Latency:+       0 (I)        0 (I) 
           Arrival:=     600            0     
                                              
             Setup:-      79                  
     Required Time:=     521                  
      Launch Clock:-       0                  
       Input Delay:-     500                  
         Data Path:-      31                  
             Slack:=     -10                  

Exceptions/Constraints:
  input_delay             500             fir_serial_parallel._line_2_8_1 

#----------------------------------------------------------------------------------------------
#    Timing Point     Flags   Arc   Edge    Cell     Fanout  Load Trans Delay Arrival Instance 
#                                                            (fF)  (ps)  (ps)   (ps)  Location 
#----------------------------------------------------------------------------------------------
  i_reset             -       -     F     (arrival)     158 502.7     0     0     500    (-,-) 
  g2140/Y             -       B0->Y R     AOI21X4LVT      1   3.2    46    31     531    (-,-) 
  out_sr_reg[0][10]/D -       -     R     DFFHQX2LVT      1     -     -     0     531    (-,-) 
#----------------------------------------------------------------------------------------------



Path 49: VIOLATED (-10 ps) Setup Check with Pin out_sr_reg[0][9]/CK->D
          Group: clock
     Startpoint: (F) i_reset
          Clock: (R) clock
       Endpoint: (R) out_sr_reg[0][9]/D
          Clock: (R) clock

                     Capture       Launch     
        Clock Edge:+     600            0     
        Drv Adjust:+       0            0     
       Src Latency:+       0            0     
       Net Latency:+       0 (I)        0 (I) 
           Arrival:=     600            0     
                                              
             Setup:-      79                  
     Required Time:=     521                  
      Launch Clock:-       0                  
       Input Delay:-     500                  
         Data Path:-      31                  
             Slack:=     -10                  

Exceptions/Constraints:
  input_delay             500             fir_serial_parallel._line_2_8_1 

#---------------------------------------------------------------------------------------------
#   Timing Point     Flags   Arc   Edge    Cell     Fanout  Load Trans Delay Arrival Instance 
#                                                           (fF)  (ps)  (ps)   (ps)  Location 
#---------------------------------------------------------------------------------------------
  i_reset            -       -     F     (arrival)     158 502.7     0     0     500    (-,-) 
  g2138/Y            -       B0->Y R     AOI21X4LVT      1   3.2    46    31     531    (-,-) 
  out_sr_reg[0][9]/D -       -     R     DFFHQX2LVT      1     -     -     0     531    (-,-) 
#---------------------------------------------------------------------------------------------



Path 50: VIOLATED (-10 ps) Setup Check with Pin out_sr_reg[0][8]/CK->D
          Group: clock
     Startpoint: (F) i_reset
          Clock: (R) clock
       Endpoint: (R) out_sr_reg[0][8]/D
          Clock: (R) clock

                     Capture       Launch     
        Clock Edge:+     600            0     
        Drv Adjust:+       0            0     
       Src Latency:+       0            0     
       Net Latency:+       0 (I)        0 (I) 
           Arrival:=     600            0     
                                              
             Setup:-      79                  
     Required Time:=     521                  
      Launch Clock:-       0                  
       Input Delay:-     500                  
         Data Path:-      31                  
             Slack:=     -10                  

Exceptions/Constraints:
  input_delay             500             fir_serial_parallel._line_2_8_1 

#---------------------------------------------------------------------------------------------
#   Timing Point     Flags   Arc   Edge    Cell     Fanout  Load Trans Delay Arrival Instance 
#                                                           (fF)  (ps)  (ps)   (ps)  Location 
#---------------------------------------------------------------------------------------------
  i_reset            -       -     F     (arrival)     158 502.7     0     0     500    (-,-) 
  g2134/Y            -       B0->Y R     AOI21X4LVT      1   3.2    46    31     531    (-,-) 
  out_sr_reg[0][8]/D -       -     R     DFFHQX2LVT      1     -     -     0     531    (-,-) 
#---------------------------------------------------------------------------------------------

