============================================================
  Generated by:           Genus(TM) Synthesis Solution 23.10-p004_1
  Generated on:           Oct 08 2026  10:22:00 pm
  Module:                 fir_serial_parallel
  Technology libraries:   slow_vdd1v0 1.0
                          physical_cells 
                          slow_vdd1v0 1.0
                          physical_cells 
  Operating conditions:   PVT_0P9V_125C 
  Interconnect mode:      global
  Area mode:              physical library
============================================================

Timing
--------

Clock Period 
-------------
clock  600.0 


         Cost           Critical             Violating 
        Group          Path Slack    TNS       Paths   
-------------------------------------------------------
cg_enable_group_clock       -25.4     -50.8          2 
clock                       -55.9   -1630.3        165 
default                  No paths       0.0            
-------------------------------------------------------
Total                               -1681.1        167 

Instance Count
--------------
Leaf Instance Count             1250 
Physical Instance count            0 
Sequential Instance Count        183 
Combinational Instance Count    1067 
Hierarchical Instance Count        5 

Area
----
Cell Area                          5118.372
Physical Cell Area                 0.000
Total Cell Area (Cell+Physical)    5118.372
Net Area                           1620.764
Total Area (Cell+Physical+Net)     6739.136

Runtime                            0.0 seconds
Elapsed Runtime                    120 seconds
Genus peak memory usage            2061.54 
Innovus peak memory usage          no_value 
Hostname                           fiubarh01
