

Working Directory = /home/mmarando/dcid1-tps/practico_3/syn
QoS Summary for practico_3
==========================================================================================
Metric                          generic         map             syn_opt         final          
==========================================================================================
Slack (ps):                     1,119           1,128           1,128           1,128
  R2R (ps):                     1,119           1,128           1,128           1,128
  I2R (ps):                  no_value        no_value        no_value        no_value
  R2O (ps):                  no_value        no_value        no_value        no_value
  I2O (ps):                  no_value        no_value        no_value        no_value
  CG  (ps):                  no_value        no_value        no_value        no_value
TNS (ps):                           0               0               0               0
  R2R (ps):                         0               0               0               0
  I2R (ps):                  no_value        no_value        no_value        no_value
  R2O (ps):                  no_value        no_value        no_value        no_value
  I2O (ps):                  no_value        no_value        no_value        no_value
  CG  (ps):                  no_value        no_value        no_value        no_value
Failing Paths:                      0               0               0               0
Cell Area:                         82              39              39              39
Total Cell Area:                   82              39              39              39
Leaf Instances:                    19              13              13              13
Total Instances:                   19              13              13              13
Utilization (%):                 0.00            0.00            0.00            0.00
Tot. Net Length (um):        no_value        no_value        no_value        no_value
Avg. Net Length (um):        no_value        no_value        no_value        no_value
Route Overflow H (%):        no_value        no_value        no_value        no_value
Route Overflow V (%):        no_value        no_value        no_value        no_value
MBCI(%) (bits/gate) :            0.00            0.00            0.00            0.00
Norm Cong Hotspot Area:
  Max Cong:                  no_value        no_value        no_value        no_value
  Tot Cong:                  no_value        no_value        no_value        no_value
==========================================================================================
CPU  Runtime (h:m:s):        00:00:33        00:00:04        00:00:01        00:00:00
Real Runtime (h:m:s):        00:00:29        00:00:04        00:00:01        00:00:01
CPU  Elapsed (h:m:s):        00:00:35        00:00:39        00:00:40        00:00:40
Real Elapsed (h:m:s):        00:00:29        00:00:33        00:00:34        00:00:35
Memory (MB):                  1913.30         1904.95         1922.77         1930.77
==========================================================================================
==========================================================================================
Flow Settings:
==========================================================================================
Total Runtime (h:m:s): 00:00:36
Total Memory (MB):     1930.77
Executable Version:    23.10-p004_1
==========================================================================================
Total Cell Area =  Cell Area + Physical Cell Area
Total Instances =  Leaf Instances + Physical Instances


