============================================================
  Generated by:           Genus(TM) Synthesis Solution 23.10-p004_1
  Generated on:           Sep 30 2026  11:09:46 pm
  Module:                 practico_3
  Operating conditions:   PVT_0P9V_125C 
  Interconnect mode:      global
  Area mode:              physical library
============================================================

Timing
--------

   Clock    Period 
-------------------
ck          1500.0 
ck_div2     3000.0 
ck_div4     6000.0 
ck_mux_div2 3000.0 
ck_mux_div4 6000.0 


    Cost      Critical         Violating 
   Group     Path Slack  TNS     Paths   
-----------------------------------------
ck               1127.8   0.0          0 
ck_div2        No paths   0.0            
ck_div4        No paths   0.0            
ck_mux_div2      2788.1   0.0          0 
ck_mux_div4      2788.1   0.0          0 
default        No paths   0.0            
-----------------------------------------
Total                     0.0          0 

Instance Count
--------------
Leaf Instance Count             13 
Physical Instance count          0 
Sequential Instance Count        5 
Combinational Instance Count     8 
Hierarchical Instance Count      1 

Area
----
Cell Area                          38.988
Physical Cell Area                 0.000
Total Cell Area (Cell+Physical)    38.988
Net Area                           13.646
Total Area (Cell+Physical+Net)     52.634

Runtime                            0.0 seconds
Elapsed Runtime                    38 seconds
Genus peak memory usage            1930.77 
Innovus peak memory usage          no_value 
Hostname                           fiubarh01
