============================================================
  Generated by:           Genus(TM) Synthesis Solution 23.10-p004_1
  Generated on:           Sep 30 2026  11:09:35 pm
  Module:                 practico_3
  Technology libraries:   slow_vdd1v0 1.0
                          physical_cells 
  Operating conditions:   PVT_0P9V_125C 
  Interconnect mode:      global
  Area mode:              physical library
============================================================


 Clock Description
 ----------------- 

    Clock                               Clock             Source             No of    Master Master Source           
    Name       Period  Rise    Fall     Domain           Pin/Port          Registers  Clock     Pin/Port    Waveform 
---------------------------------------------------------------------------------------------------------------------
 ck_div2       3000.0   0.0   1500.0   domain_1   u_div2/r_div_reg/q               0      ck          i_ck           
 ck_div4       6000.0   0.0   3000.0   domain_1   u_div4/r_count_reg[1]/q          0      ck          i_ck           
 ck_mux_div2   3000.0   0.0   1500.0   domain_1   u_mux/o_ck                       2 ck_div2     u_mux/i_b           
 ck_mux_div4   6000.0   0.0   3000.0   domain_1   u_mux/o_ck                       2 ck_div4     u_mux/i_c           

 Clock Network Latency / Setup Uncertainty
 ----------------------------------------- 

              Network   Network   Source   Source     Setup        Setup    
   Clock      Latency   Latency  Latency  Latency  Uncertainty  Uncertainty 
    Name       Rise      Fall      Rise     Fall       Rise         Fall    
----------------------------------------------------------------------------
ck_div2           0.0       0.0      0.0      0.0          0.0          0.0 
ck_div4           0.0       0.0      0.0      0.0          0.0          0.0 
ck_mux_div2       0.0       0.0      0.0      0.0          0.0          0.0 
ck_mux_div4       0.0       0.0      0.0      0.0          0.0          0.0 

 Clock Relationship (with uncertainty & latency)
 ----------------------------------------------- 

      From           To        R->R     R->F     F->R     F->F  
----------------------------------------------------------------
  ck_div2       ck_div2       3000.0   1500.0   1500.0   3000.0 
  ck_div2       ck_div4       3000.0   3000.0   1500.0   1500.0 
  ck_div2       ck_mux_div2   3000.0   1500.0   1500.0   3000.0 
  ck_div2       ck_mux_div4   3000.0   3000.0   1500.0   1500.0 
  ck_div4       ck_div2       3000.0   1500.0   3000.0   1500.0 
  ck_div4       ck_div4       6000.0   3000.0   3000.0   6000.0 
  ck_div4       ck_mux_div2   3000.0   1500.0   3000.0   1500.0 
  ck_div4       ck_mux_div4   6000.0   3000.0   3000.0   6000.0 
  ck_mux_div2   ck_div2       3000.0   1500.0   1500.0   3000.0 
  ck_mux_div2   ck_div4       3000.0   3000.0   1500.0   1500.0 
  ck_mux_div2   ck_mux_div2   3000.0   1500.0   1500.0   3000.0 
  ck_mux_div2   ck_mux_div4   3000.0   3000.0   1500.0   1500.0 
  ck_mux_div4   ck_div2       3000.0   1500.0   3000.0   1500.0 
  ck_mux_div4   ck_div4       6000.0   3000.0   3000.0   6000.0 
  ck_mux_div4   ck_mux_div2   3000.0   1500.0   3000.0   1500.0 
  ck_mux_div4   ck_mux_div4   6000.0   3000.0   3000.0   6000.0 
