============================================================
  Generated by:           Genus(TM) Synthesis Solution 23.10-p004_1
  Generated on:           Sep 30 2026  11:09:46 pm
  Module:                 practico_3
  Operating conditions:   PVT_0P9V_125C 
  Interconnect mode:      global
  Area mode:              physical library
============================================================

                                  Leakage  
    Gate      Instances   Area  Power (nW)     Library    
----------------------------------------------------------
AOI22XLLVT            2   4.104      0.217    slow_vdd1v0 
CLKXOR2X1LVT          1   2.736      0.375    slow_vdd1v0 
DFFHQX1LVT            5  27.360      3.247    slow_vdd1v0 
INVX1                 1   0.684      0.021    slow_vdd1v0 
INVX1LVT              2   1.368      0.249    slow_vdd1v0 
INVXLLVT              1   0.684      0.063    slow_vdd1v0 
OAI22XLLVT            1   2.052      0.111    slow_vdd1v0 
----------------------------------------------------------
total                13  38.988      4.282                


                                         Leakage  Leakage 
     Type      Instances  Area  Area % Power (nW) Power % 
----------------------------------------------------------
sequential             5 27.360   70.2      3.247    75.8 
inverter               4  2.736    7.0      0.333     7.8 
logic                  4  8.892   22.8      0.702    16.4 
physical_cells         0  0.000    0.0      0.000     0.0 
----------------------------------------------------------
total                 13 38.988  100.0      4.282   100.0 

