Command: report datapath reports_Oct08-21:40:35/generic/fir_serial_pipe_datapath.rpt
Warning: '-sort' is not specified. By default, 'report datapath' orders the components based on instance name
============================================================
  Generated by:           Genus(TM) Synthesis Solution 23.10-p004_1
  Generated on:           Oct 08 2026  09:40:59 pm
  Module:                 fir_serial_pipe
  Technology libraries:   slow_vdd1v0 1.0
                          physical_cells 
                          slow_vdd1v0 1.0
                          physical_cells 
  Operating conditions:   PVT_0P9V_125C 
  Interconnect mode:      global
  Area mode:              physical library
============================================================


Inferred components

                  Operator   Signedness Architecture   Inputs   Outputs CellArea LogicLevels 
=============================================================================================
fir_serial_pipe
csa_tree_ADD_TC_OP_12_groupi module:csa_tree_ADD_TC_OP_12_group_124
 equation: assign out_0 = ((((((((((((($signed(in_7) + 1'sb0) + $signed(in_6)) + 1'sb0) + $signed(in_5)) + 1'sb0) + $signed(in_4)) + 1'sb0) + $signed(in_3)) + 1'sb0) + $signed(in_2)) + 1'sb0) + $signed(in_1)) + $signed(in_0));
               csa_and_adder            very_fast    11x12x13x1 19       2016.40          23 
                                                     4x14x13x12                              
                                                     x11                                     

  Related RTL operators:
  add_76_27_I6       +       signed     very_fast    17x12      18                        11 
=============================================================================================

      Type       CellArea Percentage 
-------------------------------------
datapath modules  2016.40      44.24 
external muxes       0.00       0.00 
others            2541.20      55.76 
-------------------------------------
total             4557.60     100.00 

