

Working Directory = /home/mmarando/dcid1-tps/practico_4/fir_serial_pipe/synth
QoS Summary for fir_serial_pipe
==========================================================================================
Metric                          generic         map             syn_opt         final          
==========================================================================================
Slack (ps):                      -152             -70               0               0
  R2R (ps):                      -152             -70               0               0
  I2R (ps):                       831             833             833             833
  R2O (ps):                       722             716             716             716
  I2O (ps):                  no_value        no_value        no_value        no_value
  CG  (ps):                  no_value        no_value        no_value        no_value
TNS (ps):                        -786            -428               0               0
  R2R (ps):                      -786            -428               0               0
  I2R (ps):                         0               0               0               0
  R2O (ps):                         0               0               0               0
  I2O (ps):                  no_value        no_value        no_value        no_value
  CG  (ps):                  no_value        no_value        no_value        no_value
Failing Paths:                      7               8               0               0
Cell Area:                      4,563           2,290           2,800           2,800
Total Cell Area:                4,563           2,290           2,800           2,800
Leaf Instances:                 1,330             455             648             648
Total Instances:                1,330             455             648             648
Utilization (%):                 0.00            0.00            0.00            0.00
Tot. Net Length (um):        no_value        no_value        no_value        no_value
Avg. Net Length (um):        no_value        no_value        no_value        no_value
Route Overflow H (%):        no_value        no_value        no_value        no_value
Route Overflow V (%):        no_value        no_value        no_value        no_value
MBCI(%) (bits/gate) :            0.00            0.00            0.00            0.00
Norm Cong Hotspot Area:
  Max Cong:                  no_value        no_value        no_value        no_value
  Tot Cong:                  no_value        no_value        no_value        no_value
==========================================================================================
CPU  Runtime (h:m:s):        00:00:49        00:00:29        00:01:10        00:00:00
Real Runtime (h:m:s):        00:00:43        00:00:18        00:01:11        00:00:01
CPU  Elapsed (h:m:s):        00:00:51        00:01:20        00:02:30        00:02:30
Real Elapsed (h:m:s):        00:00:43        00:01:02        00:02:12        00:02:13
Memory (MB):                  1939.82         1926.21         1945.03         1953.03
==========================================================================================
==========================================================================================
Flow Settings:
==========================================================================================
Total Runtime (h:m:s): 00:02:14
Total Memory (MB):     1953.03
Executable Version:    23.10-p004_1
==========================================================================================
Total Cell Area =  Cell Area + Physical Cell Area
Total Instances =  Leaf Instances + Physical Instances


