============================================================
  Generated by:           Genus(TM) Synthesis Solution 23.10-p004_1
  Generated on:           Oct 08 2026  09:50:51 pm
  Module:                 fir_serial_pipe
  Technology libraries:   slow_vdd1v0 1.0
                          physical_cells 
                          slow_vdd1v0 1.0
                          physical_cells 
  Operating conditions:   PVT_0P9V_125C 
  Interconnect mode:      global
  Area mode:              physical library
============================================================

                                    Leakage  
    Gate      Instances    Area   Power (nW)     Library    
------------------------------------------------------------
ADDFHX1LVT           11    82.764      7.387    slow_vdd1v0 
ADDFHX2LVT           19   155.952     18.062    slow_vdd1v0 
ADDFX1LVT            52   266.760     27.281    slow_vdd1v0 
ADDHX1LVT             3    11.286      1.717    slow_vdd1v0 
ADDHX2LVT             1     5.130      0.856    slow_vdd1v0 
AND2X1LVT             1     1.368      0.193    slow_vdd1v0 
AND2X2LVT             1     1.710      0.338    slow_vdd1v0 
AND2X6LVT             1     3.762      1.271    slow_vdd1v0 
AO21X1LVT             3     7.182      0.662    slow_vdd1v0 
AO22X2LVT             1     3.078      0.375    slow_vdd1v0 
AOI21X1LVT            5     8.550      0.997    slow_vdd1v0 
AOI21X2LVT            2     5.472      0.851    slow_vdd1v0 
AOI21X4LVT            6    30.780      5.172    slow_vdd1v0 
AOI22X2LVT            1     3.762      0.449    slow_vdd1v0 
AOI2BB1X1LVT          1     2.052      0.229    slow_vdd1v0 
AOI2BB1X2LVT          1     3.078      0.402    slow_vdd1v0 
AOI2BB1X4LVT          6    24.624      5.720    slow_vdd1v0 
AOI31X4LVT            1     6.498      0.943    slow_vdd1v0 
BUFX2LVT             13    22.230      4.257    slow_vdd1v0 
BUFX3LVT              7    14.364      3.821    slow_vdd1v0 
BUFX6LVT              3     9.234      3.537    slow_vdd1v0 
CLKAND2X2LVT          2     4.104      0.758    slow_vdd1v0 
CLKAND2X3LVT          6    18.468      3.849    slow_vdd1v0 
CLKAND2X6LVT          7    33.516      9.819    slow_vdd1v0 
CLKBUFX2LVT           2     3.420      0.653    slow_vdd1v0 
CLKBUFX3LVT           1     2.052      0.560    slow_vdd1v0 
CLKINVX12LVT          2     8.208      3.939    slow_vdd1v0 
CLKINVX4LVT          13    22.230      7.664    slow_vdd1v0 
CLKINVX6LVT           9    21.546      8.285    slow_vdd1v0 
CLKINVX8LVT           4    12.312      4.995    slow_vdd1v0 
CLKMX2X2LVT           1     3.078      0.435    slow_vdd1v0 
CLKMX2X3LVT           1     4.104      0.694    slow_vdd1v0 
CLKXOR2X1LVT         11    30.096      3.995    slow_vdd1v0 
CLKXOR2X2LVT          1     3.420      0.507    slow_vdd1v0 
DFFHQX1LVT           57   311.904     37.015    slow_vdd1v0 
DFFHQX2LVT            2    13.680      1.578    slow_vdd1v0 
DFFHQX4LVT           19   155.952     23.159    slow_vdd1v0 
DFFHQX8LVT            3    27.702      6.238    slow_vdd1v0 
DFFQX1LVT             2    11.628      1.022    slow_vdd1v0 
DFFQX2LVT            31   201.438     21.216    slow_vdd1v0 
DFFQX4LVT             3    21.546      3.345    slow_vdd1v0 
DFFX1                 1     7.182      0.125    slow_vdd1v0 
DFFX1LVT             13    93.366      9.080    slow_vdd1v0 
DFFX2LVT              2    16.416      2.023    slow_vdd1v0 
DFFX4LVT             15   138.510     27.416    slow_vdd1v0 
INVX1                 2     1.368      0.042    slow_vdd1v0 
INVX1LVT             26    17.784      3.240    slow_vdd1v0 
INVX2LVT             21    21.546      5.525    slow_vdd1v0 
INVX3LVT              9    12.312      3.822    slow_vdd1v0 
INVX4LVT              2     3.420      1.187    slow_vdd1v0 
MDFFHQX4LVT           1     9.234      1.431    slow_vdd1v0 
MXI2X2LVT             1     4.446      0.498    slow_vdd1v0 
NAND2BX1LVT           5     6.840      1.227    slow_vdd1v0 
NAND2BX2LVT           3     7.182      1.110    slow_vdd1v0 
NAND2BX4LVT           1     3.762      0.930    slow_vdd1v0 
NAND2X1LVT            5     5.130      0.688    slow_vdd1v0 
NAND2X2LVT            6    10.260      1.965    slow_vdd1v0 
NAND2X4LVT           18    61.560     12.340    slow_vdd1v0 
NAND2X6LVT           17    81.396     20.005    slow_vdd1v0 
NAND2X8LVT           11    60.192     16.615    slow_vdd1v0 
NAND3X8LVT            1     8.208      1.787    slow_vdd1v0 
NOR2BX1LVT            2     2.736      0.505    slow_vdd1v0 
NOR2BX2LVT            5    13.680      1.990    slow_vdd1v0 
NOR2BX4LVT            7    26.334      5.680    slow_vdd1v0 
NOR2X1LVT             8     8.208      1.158    slow_vdd1v0 
NOR2X2LVT             8    13.680      2.394    slow_vdd1v0 
NOR2X4LVT            33   101.574     23.528    slow_vdd1v0 
NOR2X6LVT            14    57.456     16.596    slow_vdd1v0 
NOR2X8LVT            12    65.664     19.193    slow_vdd1v0 
NOR3X4LVT             7    35.910      4.258    slow_vdd1v0 
NOR3X6LVT             2    14.364      2.656    slow_vdd1v0 
NOR3X8LVT             1     8.892      1.141    slow_vdd1v0 
OA21X1LVT             1     2.052      0.215    slow_vdd1v0 
OAI21X1LVT            5     8.550      0.927    slow_vdd1v0 
OAI21X2LVT            2     6.156      0.816    slow_vdd1v0 
OAI21X4LVT           13    62.244     12.222    slow_vdd1v0 
OAI21XLLVT            2     3.420      0.212    slow_vdd1v0 
OAI22X2LVT            3    10.260      1.361    slow_vdd1v0 
OAI22X4LVT            7    45.486      7.181    slow_vdd1v0 
OAI2BB1X4LVT          3    13.338      3.041    slow_vdd1v0 
OR2X1LVT              7     9.576      1.370    slow_vdd1v0 
OR2X4LVT              1     2.736      0.784    slow_vdd1v0 
OR2X6LVT              7    26.334      8.356    slow_vdd1v0 
XNOR2X1LVT            9    21.546      3.393    slow_vdd1v0 
XNOR2X2LVT            1     3.078      0.518    slow_vdd1v0 
XNOR3X1LVT            3    22.572      3.247    slow_vdd1v0 
XOR2X4LVT             1     4.104      0.957    slow_vdd1v0 
XOR3X1LVT             8    60.192      8.627    slow_vdd1v0 
------------------------------------------------------------
total               648  2800.296    467.627                


                                           Leakage  Leakage 
     Type      Instances   Area   Area % Power (nW) Power % 
------------------------------------------------------------
sequential           149 1008.558   36.0    133.646    28.6 
inverter              88  120.726    4.3     38.699     8.3 
buffer                26   51.300    1.8     12.829     2.7 
logic                385 1619.712   57.8    282.453    60.4 
physical_cells         0    0.000    0.0      0.000     0.0 
------------------------------------------------------------
total                648 2800.296  100.0    467.627   100.0 

