============================================================
  Generated by:           Genus(TM) Synthesis Solution 23.10-p004_1
  Generated on:           Oct 08 2026  09:49:21 pm
  Module:                 fir_serial_pipe
  Technology libraries:   slow_vdd1v0 1.0
                          physical_cells 
                          slow_vdd1v0 1.0
                          physical_cells 
  Operating conditions:   PVT_0P9V_125C 
  Interconnect mode:      global
  Area mode:              physical library
============================================================

Timing
--------

Clock Period 
-------------
clock 1400.0 


  Cost    Critical            Violating 
 Group   Path Slack    TNS      Paths   
----------------------------------------
clock        -152.5   -785.8          7 
default    No paths      0.0            
----------------------------------------
Total                 -785.8          7 

Instance Count
--------------
Leaf Instance Count             1330 
Physical Instance count            0 
Sequential Instance Count        149 
Combinational Instance Count    1181 
Hierarchical Instance Count        1 

Area
----
Cell Area                          4549.584
Physical Cell Area                 0.000
Total Cell Area (Cell+Physical)    4549.584
Net Area                           12.943
Total Area (Cell+Physical+Net)     4562.527

Runtime                            0.0 seconds
Elapsed Runtime                    46 seconds
Genus peak memory usage            1947.83 
Innovus peak memory usage          no_value 
Hostname                           fiubarh01
