============================================================
  Generated by:           Genus(TM) Synthesis Solution 23.10-p004_1
  Generated on:           Oct 08 2026  09:49:40 pm
  Module:                 fir_serial_pipe
  Technology libraries:   slow_vdd1v0 1.0
                          physical_cells 
                          slow_vdd1v0 1.0
                          physical_cells 
  Operating conditions:   PVT_0P9V_125C 
  Interconnect mode:      global
  Area mode:              physical library
============================================================

                                    Leakage  
    Gate      Instances    Area   Power (nW)     Library    
------------------------------------------------------------
ADDFHX1LVT           35   263.340     23.507    slow_vdd1v0 
ADDFHX2LVT           16   131.328     15.209    slow_vdd1v0 
ADDFX1LVT            55   282.150     28.853    slow_vdd1v0 
ADDHX1LVT             2     7.524      1.144    slow_vdd1v0 
AND2X1LVT             1     1.368      0.197    slow_vdd1v0 
AND2X4LVT             1     2.736      0.756    slow_vdd1v0 
AND2X6LVT             1     3.762      1.269    slow_vdd1v0 
AOI21X1LVT            5     8.550      0.997    slow_vdd1v0 
AOI21X4LVT            4    20.520      3.611    slow_vdd1v0 
AOI22X4LVT            1     6.156      0.984    slow_vdd1v0 
AOI2BB1X1LVT          1     2.052      0.257    slow_vdd1v0 
AOI2BB1X4LVT          2     8.208      1.675    slow_vdd1v0 
BUFX3LVT              3     6.156      1.638    slow_vdd1v0 
CLKAND2X3LVT          4    12.312      2.568    slow_vdd1v0 
CLKAND2X6LVT          6    28.728      8.400    slow_vdd1v0 
CLKBUFX6LVT           1     3.078      1.169    slow_vdd1v0 
CLKINVX12LVT          1     4.104      1.919    slow_vdd1v0 
CLKINVX2              2     2.736      0.086    slow_vdd1v0 
CLKINVX3              2     3.420      0.136    slow_vdd1v0 
CLKINVX4LVT           4     6.840      2.383    slow_vdd1v0 
CLKINVX6LVT           6    14.364      5.488    slow_vdd1v0 
CLKXOR2X1LVT         10    27.360      3.663    slow_vdd1v0 
DFFHQX1LVT           54   295.488     35.065    slow_vdd1v0 
DFFHQX4LVT           43   352.944     52.444    slow_vdd1v0 
DFFHQX8LVT            5    46.170     10.396    slow_vdd1v0 
DFFQX1LVT             1     5.814      0.511    slow_vdd1v0 
DFFQX2LVT             9    58.482      6.159    slow_vdd1v0 
DFFQX4LVT            26   186.732     29.005    slow_vdd1v0 
DFFX1LVT              1     7.182      0.698    slow_vdd1v0 
DFFX2LVT              4    32.832      4.045    slow_vdd1v0 
DFFX4LVT              5    46.170      9.139    slow_vdd1v0 
INVX1                 2     1.368      0.042    slow_vdd1v0 
INVX1LVT             26    17.784      3.240    slow_vdd1v0 
INVX2                 3     3.078      0.130    slow_vdd1v0 
INVX2LVT              6     6.156      1.560    slow_vdd1v0 
INVX3                 1     1.368      0.069    slow_vdd1v0 
INVX3LVT              6     8.208      2.546    slow_vdd1v0 
MDFFHQX4LVT           1     9.234      1.431    slow_vdd1v0 
NAND2BX1LVT           4     5.472      0.994    slow_vdd1v0 
NAND2BX2LVT           2     4.788      0.760    slow_vdd1v0 
NAND2X1LVT            1     1.026      0.139    slow_vdd1v0 
NAND2X2LVT            3     5.130      0.990    slow_vdd1v0 
NAND2X4LVT            3    10.260      2.154    slow_vdd1v0 
NAND2X6LVT            8    38.304      8.198    slow_vdd1v0 
NAND2X8LVT            6    32.832      9.123    slow_vdd1v0 
NAND3X8LVT            1     8.208      1.852    slow_vdd1v0 
NOR2BX1               1     1.368      0.045    slow_vdd1v0 
NOR2BX1LVT            1     1.368      0.253    slow_vdd1v0 
NOR2BX2LVT            1     2.736      0.459    slow_vdd1v0 
NOR2BX4LVT            1     3.762      0.773    slow_vdd1v0 
NOR2X1                2     2.052      0.069    slow_vdd1v0 
NOR2X2                1     1.710      0.066    slow_vdd1v0 
NOR2X2LVT             4     6.840      1.276    slow_vdd1v0 
NOR2X4LVT            10    30.780      7.344    slow_vdd1v0 
NOR2X6LVT            10    41.040     10.555    slow_vdd1v0 
NOR2X8LVT             9    49.248     13.839    slow_vdd1v0 
NOR3X4LVT             1     5.130      0.941    slow_vdd1v0 
NOR3X8LVT             1     8.892      1.147    slow_vdd1v0 
OAI21X1HVT            2     3.420      0.053    slow_vdd1v0 
OAI21X1LVT            2     3.420      0.407    slow_vdd1v0 
OAI21X2LVT            1     3.078      0.445    slow_vdd1v0 
OAI21X4LVT            7    33.516      6.505    slow_vdd1v0 
OAI2BB2X4LVT          1     8.550      1.253    slow_vdd1v0 
OAI32X4LVT            1     8.208      1.108    slow_vdd1v0 
OR2X1LVT              1     1.368      0.215    slow_vdd1v0 
OR2X6LVT              6    22.572      7.060    slow_vdd1v0 
XNOR2X1LVT            8    19.152      3.018    slow_vdd1v0 
------------------------------------------------------------
total               455  2290.032    343.429                


                                           Leakage  Leakage 
     Type      Instances   Area   Area % Power (nW) Power % 
------------------------------------------------------------
sequential           149 1041.048   45.5    148.893    43.4 
inverter              59   69.426    3.0     17.600     5.1 
buffer                 4    9.234    0.4      2.807     0.8 
logic                243 1170.324   51.1    174.129    50.7 
physical_cells         0    0.000    0.0      0.000     0.0 
------------------------------------------------------------
total                455 2290.032  100.0    343.429   100.0 

