============================================================
  Generated by:           Genus(TM) Synthesis Solution 23.10-p004_1
  Generated on:           Sep 30 2026  11:18:27 pm
  Module:                 practico_3
  Operating conditions:   PVT_0P9V_125C 
  Interconnect mode:      global
  Area mode:              physical library
============================================================


Path 1: MET (1119 ps) Setup Check with Pin u_div4_r_count_reg[1]/clk->d
          Group: ck
     Startpoint: (R) u_div4_r_count_reg[0]/clk
          Clock: (R) ck
       Endpoint: (R) u_div4_r_count_reg[1]/d
          Clock: (R) ck

                     Capture       Launch     
        Clock Edge:+    1500            0     
       Src Latency:+       0            0     
       Net Latency:+       0 (I)        0 (I) 
           Arrival:=    1500            0     
                                              
             Setup:-      69                  
     Required Time:=    1431                  
      Launch Clock:-       0                  
         Data Path:-     312                  
             Slack:=    1119                  

#------------------------------------------------------------------------------------------------------------
#       Timing Point        Flags    Arc    Edge       Cell         Fanout Load Trans Delay Arrival Instance 
#                                                                          (fF)  (ps)  (ps)   (ps)  Location 
#------------------------------------------------------------------------------------------------------------
  u_div4_r_count_reg[0]/clk -       -       R     (arrival)              5    -     0     0       0    (-,-) 
  u_div4_r_count_reg[0]/q   (u)     clk->q  R     unmapped_d_flop        3  1.5     0   207     207    (-,-) 
  g12/z                     (u)     in_1->z F     unmapped_complex2      1  0.5     0    52     259    (-,-) 
  g13/z                     (u)     in_1->z R     unmapped_nand2         1  0.5     0    52     312    (-,-) 
  u_div4_r_count_reg[1]/d   -       -       R     unmapped_d_flop        1    -     -     0     312    (-,-) 
#------------------------------------------------------------------------------------------------------------

(u) : Net has unmapped pin(s).



Path 2: MET (1193 ps) Setup Check with Pin u_div4_r_count_reg[0]/clk->d
          Group: ck
     Startpoint: (R) u_div4_r_count_reg[0]/clk
          Clock: (R) ck
       Endpoint: (R) u_div4_r_count_reg[0]/d
          Clock: (R) ck

                     Capture       Launch     
        Clock Edge:+    1500            0     
       Src Latency:+       0            0     
       Net Latency:+       0 (I)        0 (I) 
           Arrival:=    1500            0     
                                              
             Setup:-      69                  
     Required Time:=    1431                  
      Launch Clock:-       0                  
         Data Path:-     238                  
             Slack:=    1193                  

#----------------------------------------------------------------------------------------------------------
#       Timing Point        Flags    Arc    Edge      Cell        Fanout Load Trans Delay Arrival Instance 
#                                                                        (fF)  (ps)  (ps)   (ps)  Location 
#----------------------------------------------------------------------------------------------------------
  u_div4_r_count_reg[0]/clk -       -       R     (arrival)            5    -     0     0       0    (-,-) 
  u_div4_r_count_reg[0]/q   (u)     clk->q  F     unmapped_d_flop      3  1.5     0   207     207    (-,-) 
  g3/z                      (u)     in_0->z R     unmapped_not         1  0.5     0    31     238    (-,-) 
  u_div4_r_count_reg[0]/d   -       -       R     unmapped_d_flop      1    -     -     0     238    (-,-) 
#----------------------------------------------------------------------------------------------------------

(u) : Net has unmapped pin(s).



Path 3: MET (1234 ps) Setup Check with Pin r_ff2_reg/clk->d
          Group: ck_mux_direct
     Startpoint: (R) r_ff1_reg/clk
          Clock: (R) ck_mux_direct
       Endpoint: (R) r_ff2_reg/d
          Clock: (R) ck_mux_direct

                     Capture       Launch     
        Clock Edge:+    1500            0     
       Src Latency:+       0            0     
       Net Latency:+       0 (I)        0 (I) 
           Arrival:=    1500            0     
                                              
             Setup:-      69                  
     Required Time:=    1431                  
      Launch Clock:-       0                  
         Data Path:-     196                  
             Slack:=    1234                  

#----------------------------------------------------------------------------------------------
# Timing Point   Flags    Arc   Edge      Cell        Fanout Load Trans Delay Arrival Instance 
#                                                            (fF)  (ps)  (ps)   (ps)  Location 
#----------------------------------------------------------------------------------------------
  r_ff1_reg/clk  -       -      R     (arrival)            2    -     0     0       0    (-,-) 
  r_ff1_reg/q    (u)     clk->q R     unmapped_d_flop      1  0.5     0   196     196    (-,-) 
  r_ff2_reg/d    -       -      R     unmapped_d_flop      1    -     -     0     196    (-,-) 
#----------------------------------------------------------------------------------------------

(u) : Net has unmapped pin(s).



Path 4: MET (1400 ps) Setup Check with Pin u_div2_r_div_reg/clk->d
          Group: ck
     Startpoint: (F) u_div2_r_div_reg/q
          Clock: (F) ck_div2
       Endpoint: (R) u_div2_r_div_reg/d
          Clock: (R) ck

                     Capture       Launch     
        Clock Edge:+    3000         1500     
       Src Latency:+       0            0     
       Net Latency:+       0 (I)        0 (I) 
           Arrival:=    3000         1500     
                                              
             Setup:-      69                  
     Required Time:=    2931                  
      Launch Clock:-    1500                  
       Input Delay:-       0                  
         Data Path:-      31                  
             Slack:=    1400                  

Exceptions/Constraints:
  input_delay              0              create_clock_delay_domain_1_ck_div2_F_0 

#---------------------------------------------------------------------------------------------------
#   Timing Point     Flags    Arc    Edge      Cell        Fanout Load Trans Delay Arrival Instance 
#                                                                 (fF)  (ps)  (ps)   (ps)  Location 
#---------------------------------------------------------------------------------------------------
  u_div2_r_div_reg/q (b,u)   -       F     (arrival)            2  1.0     0     0    1500    (-,-) 
  u_div2_g1/z        (u)     in_0->z R     unmapped_not         1  0.5     0    31    1531    (-,-) 
  u_div2_r_div_reg/d -       -       R     unmapped_d_flop      1    -     -     0    1531    (-,-) 
#---------------------------------------------------------------------------------------------------

(u) : Net has unmapped pin(s).
(b) : Timing paths are broken.

Some unconstrained paths have not been displayed.
Use -unconstrained or set the root attribute 'timing_report_unconstrained' to 'true' to see only these unconstrained paths.

