============================================================
  Generated by:           Genus(TM) Synthesis Solution 23.10-p004_1
  Generated on:           Sep 30 2026  11:18:27 pm
  Module:                 practico_3
  Technology libraries:   slow_vdd1v0 1.0
                          physical_cells 
  Operating conditions:   PVT_0P9V_125C 
  Interconnect mode:      global
  Area mode:              physical library
============================================================

Timing
--------

    Clock     Period 
---------------------
ck            1500.0 
ck_div2       3000.0 
ck_div4       6000.0 
ck_mux_direct 1500.0 
ck_mux_div2   3000.0 
ck_mux_div4   6000.0 


     Cost       Critical         Violating 
    Group      Path Slack  TNS     Paths   
-------------------------------------------
ck                 1119.1   0.0          0 
ck_div2          No paths   0.0            
ck_div4          No paths   0.0            
ck_mux_direct      1234.3   0.0          0 
ck_mux_div2        2734.3   0.0          0 
ck_mux_div4        5734.3   0.0          0 
default          No paths   0.0            
-------------------------------------------
Total                       0.0          0 

Instance Count
--------------
Leaf Instance Count             19 
Physical Instance count          0 
Sequential Instance Count        5 
Combinational Instance Count    14 
Hierarchical Instance Count      1 

Area
----
Cell Area                          81.457
Physical Cell Area                 0.000
Total Cell Area (Cell+Physical)    81.457
Net Area                           0.741
Total Area (Cell+Physical+Net)     82.198

Runtime                            0.0 seconds
Elapsed Runtime                    30 seconds
Genus peak memory usage            1921.11 
Innovus peak memory usage          no_value 
Hostname                           fiubarh01
