============================================================
  Generated by:           Genus(TM) Synthesis Solution 23.10-p004_1
  Generated on:           Sep 30 2026  11:18:32 pm
  Module:                 practico_3
  Operating conditions:   PVT_0P9V_125C 
  Interconnect mode:      global
  Area mode:              physical library
============================================================


Path 1: MET (1128 ps) Setup Check with Pin u_div4_r_count_reg[1]/CK->D
          Group: ck
     Startpoint: (R) u_div4_r_count_reg[0]/CK
          Clock: (R) ck
       Endpoint: (R) u_div4_r_count_reg[1]/D
          Clock: (R) ck

                     Capture       Launch     
        Clock Edge:+    1500            0     
       Src Latency:+       0            0     
       Net Latency:+       0 (I)        0 (I) 
           Arrival:=    1500            0     
                                              
             Setup:-      83                  
     Required Time:=    1417                  
      Launch Clock:-       0                  
         Data Path:-     289                  
             Slack:=    1128                  

#----------------------------------------------------------------------------------------------------
#      Timing Point        Flags   Arc   Edge     Cell      Fanout Load Trans Delay Arrival Instance 
#                                                                  (fF)  (ps)  (ps)   (ps)  Location 
#----------------------------------------------------------------------------------------------------
  u_div4_r_count_reg[0]/CK -       -     R     (arrival)         5    -     0     0       0    (-,-) 
  u_div4_r_count_reg[0]/Q  -       CK->Q F     DFFHQX1LVT        2  5.2    90   167     167    (-,-) 
  g28__4319/Y              -       B->Y  R     CLKXOR2X1LVT      1  3.2    57   123     289    (-,-) 
  u_div4_r_count_reg[1]/D  -       -     R     DFFHQX1LVT        1    -     -     0     289    (-,-) 
#----------------------------------------------------------------------------------------------------



Path 2: MET (1176 ps) Setup Check with Pin u_div4_r_count_reg[0]/CK->D
          Group: ck
     Startpoint: (R) u_div4_r_count_reg[0]/CK
          Clock: (R) ck
       Endpoint: (R) u_div4_r_count_reg[0]/D
          Clock: (R) ck

                     Capture       Launch     
        Clock Edge:+    1500            0     
       Src Latency:+       0            0     
       Net Latency:+       0 (I)        0 (I) 
           Arrival:=    1500            0     
                                              
             Setup:-      85                  
     Required Time:=    1415                  
      Launch Clock:-       0                  
         Data Path:-     239                  
             Slack:=    1176                  

#--------------------------------------------------------------------------------------------------
#      Timing Point        Flags   Arc   Edge    Cell     Fanout Load Trans Delay Arrival Instance 
#                                                                (fF)  (ps)  (ps)   (ps)  Location 
#--------------------------------------------------------------------------------------------------
  u_div4_r_count_reg[0]/CK -       -     R     (arrival)       5    -     0     0       0    (-,-) 
  u_div4_r_count_reg[0]/Q  -       CK->Q F     DFFHQX1LVT      2  5.2    90   167     167    (-,-) 
  g31/Y                    -       A->Y  R     INVX1LVT        1  3.2    62    73     239    (-,-) 
  u_div4_r_count_reg[0]/D  -       -     R     DFFHQX1LVT      1    -     -     0     239    (-,-) 
#--------------------------------------------------------------------------------------------------



Path 3: MET (1288 ps) Setup Check with Pin r_ff2_reg/CK->D
          Group: ck_mux_direct
     Startpoint: (R) r_ff1_reg/CK
          Clock: (R) ck_mux_direct
       Endpoint: (R) r_ff2_reg/D
          Clock: (R) ck_mux_direct

                     Capture       Launch     
        Clock Edge:+    1500            0     
       Src Latency:+       0            0     
       Net Latency:+       0 (I)        0 (I) 
           Arrival:=    1500            0     
                                              
             Setup:-      81                  
     Required Time:=    1419                  
      Launch Clock:-       0                  
         Data Path:-     131                  
             Slack:=    1288                  

#----------------------------------------------------------------------------------------
# Timing Point   Flags   Arc   Edge    Cell     Fanout Load Trans Delay Arrival Instance 
#                                                      (fF)  (ps)  (ps)   (ps)  Location 
#----------------------------------------------------------------------------------------
  r_ff1_reg/CK   -       -     R     (arrival)       2    -     0     0       0    (-,-) 
  r_ff1_reg/Q    -       CK->Q R     DFFHQX1LVT      1  3.2    52   131     131    (-,-) 
  r_ff2_reg/D    -       -     R     DFFHQX1LVT      1    -     -     0     131    (-,-) 
#----------------------------------------------------------------------------------------



Path 4: MET (1389 ps) Setup Check with Pin u_div2_r_div_reg/CK->D
          Group: ck
     Startpoint: (F) u_div2_r_div_reg/Q
          Clock: (F) ck_div2
       Endpoint: (R) u_div2_r_div_reg/D
          Clock: (R) ck

                     Capture       Launch     
        Clock Edge:+    3000         1500     
       Src Latency:+       0            0     
       Net Latency:+       0 (I)        0 (I) 
           Arrival:=    3000         1500     
                                              
             Setup:-      80                  
     Required Time:=    2920                  
      Launch Clock:-    1500                  
       Input Delay:-       0                  
         Data Path:-      31                  
             Slack:=    1389                  

Exceptions/Constraints:
  input_delay              0              create_clock_delay_domain_1_ck_div2_F_0 

#--------------------------------------------------------------------------------------------
#   Timing Point     Flags   Arc   Edge    Cell     Fanout Load Trans Delay Arrival Instance 
#                                                          (fF)  (ps)  (ps)   (ps)  Location 
#--------------------------------------------------------------------------------------------
  u_div2_r_div_reg/Q (b)     -     F     (arrival)       2  5.0     0     0    1500    (-,-) 
  g32/Y              -       A->Y  R     INVX1LVT        1  3.2    50    31    1531    (-,-) 
  u_div2_r_div_reg/D -       -     R     DFFHQX1LVT      1    -     -     0    1531    (-,-) 
#--------------------------------------------------------------------------------------------

(b) : Timing paths are broken.

Some unconstrained paths have not been displayed.
Use -unconstrained or set the root attribute 'timing_report_unconstrained' to 'true' to see only these unconstrained paths.

