Command: report datapath reports_Oct08-22:20:18/generic/fir_serial_parallel_datapath.rpt
Warning: '-sort' is not specified. By default, 'report datapath' orders the components based on instance name
============================================================
  Generated by:           Genus(TM) Synthesis Solution 23.10-p004_1
  Generated on:           Oct 08 2026  10:21:04 pm
  Module:                 fir_serial_parallel
  Technology libraries:   slow_vdd1v0 1.0
                          physical_cells 
                          slow_vdd1v0 1.0
                          physical_cells 
  Operating conditions:   PVT_0P9V_125C 
  Interconnect mode:      global
  Area mode:              physical library
============================================================


Inferred components

                     Operator   Signedness Architecture   Inputs   Outputs CellArea LogicLevels 
================================================================================================
fir_serial_parallel
csa_tree_ADD_TC_OP_13_groupi module:csa_tree_ADD_TC_OP_13_group_17
 equation: assign out_0 = (((((((($signed(in_6) * 4'sb1001) + ($signed(in_7) * 5'sb10010)) + ($signed(in_5) * 6'sb010100)) + ($signed(in_4) * 7'sb0111000)) + ($signed(in_3) * 7'sb0111000)) + ($signed(in_2) * 6'sb010100)) + ($signed(in_1) * 5'sb10010)) + ($signed(in_0) * 4'sb1001));
                  csa_and_adder            very_fast    8x8x8x8x8x 17       3074.01          31 
                                                        8x8x8                                   

  Related RTL operators:
  add_44_21_I1_I3       +       signed     very_fast    14x14      15                         9 
================================================================================================
fir_serial_parallel
csa_tree_ADD_TC_OP_28_groupi module:csa_tree_ADD_TC_OP_28_group_15
 equation: assign out_0 = (((((((($signed(in_6) * 4'sb1001) + ($signed(in_7) * 5'sb10010)) + ($signed(in_5) * 6'sb010100)) + ($signed(in_4) * 7'sb0111000)) + ($signed(in_3) * 7'sb0111000)) + ($signed(in_2) * 6'sb010100)) + ($signed(in_1) * 5'sb10010)) + ($signed(in_0) * 4'sb1001));
                  csa_and_adder            very_fast    8x8x8x8x8x 17       3068.67          31 
                                                        8x8x8                                   

  Related RTL operators:
  add_44_21_I1_I3       +       signed     very_fast    14x14      15                         9 
================================================================================================
fir_serial_parallel
csa_tree_ADD_TC_OP_43_groupi module:csa_tree_ADD_TC_OP_43_group_13
 equation: assign out_0 = (((((((($signed(in_6) * 4'sb1001) + ($signed(in_7) * 5'sb10010)) + ($signed(in_5) * 6'sb010100)) + ($signed(in_4) * 7'sb0111000)) + ($signed(in_3) * 7'sb0111000)) + ($signed(in_2) * 6'sb010100)) + ($signed(in_1) * 5'sb10010)) + ($signed(in_0) * 4'sb1001));
                  csa_and_adder            very_fast    8x8x8x8x8x 17       3049.97          32 
                                                        8x8x8                                   

  Related RTL operators:
  add_44_21_I1_I3       +       signed     very_fast    14x14      15                         9 
================================================================================================
fir_serial_parallel
csa_tree_ADD_TC_OP_58_groupi module:csa_tree_ADD_TC_OP_58_group_11
 equation: assign out_0 = (((((((($signed(in_6) * 4'sb1001) + ($signed(in_7) * 5'sb10010)) + ($signed(in_5) * 6'sb010100)) + ($signed(in_4) * 7'sb0111000)) + ($signed(in_3) * 7'sb0111000)) + ($signed(in_2) * 6'sb010100)) + ($signed(in_1) * 5'sb10010)) + ($signed(in_0) * 4'sb1001));
                  csa_and_adder            very_fast    8x8x8x8x8x 17       3031.28          33 
                                                        8x8x8                                   

  Related RTL operators:
  add_44_21_I1_I3       +       signed     very_fast    14x14      15                         9 
================================================================================================

      Type       CellArea Percentage 
-------------------------------------
datapath modules 12223.92      85.30 
external muxes       0.00       0.00 
others            2106.31      14.70 
-------------------------------------
total            14330.23     100.00 

