

Working Directory = /home/mmarando/dcid1-tps/practico_4/fir_serial_parallel/synth
QoS Summary for fir_serial_parallel
==========================================================================================
Metric                          generic         map             syn_opt         final          
==========================================================================================
Slack (ps):                       502             114             116             116
  R2R (ps):                       623             114             116             116
  I2R (ps):                       568             379             266             266
  R2O (ps):                       522             516             516             516
  I2O (ps):                  no_value        no_value        no_value        no_value
  CG  (ps):                       502             256             216             216
TNS (ps):                           0               0               0               0
  R2R (ps):                         0               0               0               0
  I2R (ps):                         0               0               0               0
  R2O (ps):                         0               0               0               0
  I2O (ps):                  no_value        no_value        no_value        no_value
  CG  (ps):                         0               0               0               0
Failing Paths:                      0               0               0               0
Cell Area:                         32           4,075           3,959           3,959
Total Cell Area:                   32           4,075           3,959           3,959
Leaf Instances:                 4,913           1,060             888             888
Total Instances:                4,913           1,060             888             888
Utilization (%):                 0.00            0.00            0.00            0.00
Tot. Net Length (um):        no_value        no_value        no_value        no_value
Avg. Net Length (um):        no_value        no_value        no_value        no_value
Route Overflow H (%):        no_value        no_value        no_value        no_value
Route Overflow V (%):        no_value        no_value        no_value        no_value
MBCI(%) (bits/gate) :            0.00            0.00            0.00            0.00
Norm Cong Hotspot Area:
  Max Cong:                  no_value        no_value        no_value        no_value
  Tot Cong:                  no_value        no_value        no_value        no_value
==========================================================================================
CPU  Runtime (h:m:s):        00:01:11        00:01:01        00:00:07        00:00:00
Real Runtime (h:m:s):        00:01:02        00:00:37        00:00:07        00:00:01
CPU  Elapsed (h:m:s):        00:01:13        00:02:14        00:02:21        00:02:21
Real Elapsed (h:m:s):        00:01:03        00:01:39        00:01:46        00:01:47
Memory (MB):                  2059.08         2050.28         2059.10         2067.11
==========================================================================================
==========================================================================================
Flow Settings:
==========================================================================================
Total Runtime (h:m:s): 00:01:47
Total Memory (MB):     2067.11
Executable Version:    23.10-p004_1
==========================================================================================
Total Cell Area =  Cell Area + Physical Cell Area
Total Instances =  Leaf Instances + Physical Instances


