============================================================
  Generated by:           Genus(TM) Synthesis Solution 23.10-p004_1
  Generated on:           Oct 08 2026  10:04:06 pm
  Module:                 fir_serial_parallel
  Operating conditions:   PVT_0P9V_125C 
  Interconnect mode:      global
  Area mode:              physical library
============================================================


Path 1: MET (116 ps) Setup Check with Pin out_sr_reg[0][8]/CK->D
          Group: clock
     Startpoint: (R) cnt_reg[0]/CK
          Clock: (R) clock
       Endpoint: (R) out_sr_reg[0][8]/D
          Clock: (R) clock

                     Capture       Launch     
        Clock Edge:+    1200            0     
       Src Latency:+       0            0     
       Net Latency:+       0 (I)        0 (I) 
           Arrival:=    1200            0     
                                              
             Setup:-     112                  
     Required Time:=    1088                  
      Launch Clock:-       0                  
         Data Path:-     971                  
             Slack:=     116                  

#--------------------------------------------------------------------------------------------
#   Timing Point     Flags   Arc   Edge    Cell     Fanout Load Trans Delay Arrival Instance 
#                                                          (fF)  (ps)  (ps)   (ps)  Location 
#--------------------------------------------------------------------------------------------
  cnt_reg[0]/CK      -       -     R     (arrival)      55    -     0     0       0    (-,-) 
  cnt_reg[0]/Q       -       CK->Q F     DFFHQX1LVT      5 10.4   173   212     212    (-,-) 
  g1865/Y            -       A->Y  R     INVX1LVT        1  3.8    83   116     328    (-,-) 
  g1864__8246/Y      -       A->Y  R     OR2X6LVT       49 95.9   238   204     531    (-,-) 
  g2__3680/Y         -       S0->Y F     MXI2XLLVT       1  3.3   258   260     791    (-,-) 
  g1400__5477/Y      -       B->Y  R     NOR2X1LVT       1  3.2   136   180     971    (-,-) 
  out_sr_reg[0][8]/D -       -     R     DFFHQX1LVT      1    -     -     0     971    (-,-) 
#--------------------------------------------------------------------------------------------



Path 2: MET (116 ps) Setup Check with Pin out_sr_reg[0][7]/CK->D
          Group: clock
     Startpoint: (R) cnt_reg[0]/CK
          Clock: (R) clock
       Endpoint: (R) out_sr_reg[0][7]/D
          Clock: (R) clock

                     Capture       Launch     
        Clock Edge:+    1200            0     
       Src Latency:+       0            0     
       Net Latency:+       0 (I)        0 (I) 
           Arrival:=    1200            0     
                                              
             Setup:-     112                  
     Required Time:=    1088                  
      Launch Clock:-       0                  
         Data Path:-     971                  
             Slack:=     116                  

#--------------------------------------------------------------------------------------------
#   Timing Point     Flags   Arc   Edge    Cell     Fanout Load Trans Delay Arrival Instance 
#                                                          (fF)  (ps)  (ps)   (ps)  Location 
#--------------------------------------------------------------------------------------------
  cnt_reg[0]/CK      -       -     R     (arrival)      55    -     0     0       0    (-,-) 
  cnt_reg[0]/Q       -       CK->Q F     DFFHQX1LVT      5 10.4   173   212     212    (-,-) 
  g1865/Y            -       A->Y  R     INVX1LVT        1  3.8    83   116     328    (-,-) 
  g1864__8246/Y      -       A->Y  R     OR2X6LVT       49 95.9   238   204     531    (-,-) 
  g1464__1705/Y      -       S0->Y F     MXI2XLLVT       1  3.3   258   260     791    (-,-) 
  g1395__2883/Y      -       B->Y  R     NOR2X1LVT       1  3.2   136   180     971    (-,-) 
  out_sr_reg[0][7]/D -       -     R     DFFHQX1LVT      1    -     -     0     971    (-,-) 
#--------------------------------------------------------------------------------------------



Path 3: MET (116 ps) Setup Check with Pin out_sr_reg[0][6]/CK->D
          Group: clock
     Startpoint: (R) cnt_reg[0]/CK
          Clock: (R) clock
       Endpoint: (R) out_sr_reg[0][6]/D
          Clock: (R) clock

                     Capture       Launch     
        Clock Edge:+    1200            0     
       Src Latency:+       0            0     
       Net Latency:+       0 (I)        0 (I) 
           Arrival:=    1200            0     
                                              
             Setup:-     112                  
     Required Time:=    1088                  
      Launch Clock:-       0                  
         Data Path:-     971                  
             Slack:=     116                  

#--------------------------------------------------------------------------------------------
#   Timing Point     Flags   Arc   Edge    Cell     Fanout Load Trans Delay Arrival Instance 
#                                                          (fF)  (ps)  (ps)   (ps)  Location 
#--------------------------------------------------------------------------------------------
  cnt_reg[0]/CK      -       -     R     (arrival)      55    -     0     0       0    (-,-) 
  cnt_reg[0]/Q       -       CK->Q F     DFFHQX1LVT      5 10.4   173   212     212    (-,-) 
  g1865/Y            -       A->Y  R     INVX1LVT        1  3.8    83   116     328    (-,-) 
  g1864__8246/Y      -       A->Y  R     OR2X6LVT       49 95.9   238   204     531    (-,-) 
  g1463__2802/Y      -       S0->Y F     MXI2XLLVT       1  3.3   258   260     791    (-,-) 
  g1394__9945/Y      -       B->Y  R     NOR2X1LVT       1  3.2   136   180     971    (-,-) 
  out_sr_reg[0][6]/D -       -     R     DFFHQX1LVT      1    -     -     0     971    (-,-) 
#--------------------------------------------------------------------------------------------



Path 4: MET (116 ps) Setup Check with Pin out_sr_reg[0][5]/CK->D
          Group: clock
     Startpoint: (R) cnt_reg[0]/CK
          Clock: (R) clock
       Endpoint: (R) out_sr_reg[0][5]/D
          Clock: (R) clock

                     Capture       Launch     
        Clock Edge:+    1200            0     
       Src Latency:+       0            0     
       Net Latency:+       0 (I)        0 (I) 
           Arrival:=    1200            0     
                                              
             Setup:-     112                  
     Required Time:=    1088                  
      Launch Clock:-       0                  
         Data Path:-     971                  
             Slack:=     116                  

#--------------------------------------------------------------------------------------------
#   Timing Point     Flags   Arc   Edge    Cell     Fanout Load Trans Delay Arrival Instance 
#                                                          (fF)  (ps)  (ps)   (ps)  Location 
#--------------------------------------------------------------------------------------------
  cnt_reg[0]/CK      -       -     R     (arrival)      55    -     0     0       0    (-,-) 
  cnt_reg[0]/Q       -       CK->Q F     DFFHQX1LVT      5 10.4   173   212     212    (-,-) 
  g1865/Y            -       A->Y  R     INVX1LVT        1  3.8    83   116     328    (-,-) 
  g1864__8246/Y      -       A->Y  R     OR2X6LVT       49 95.9   238   204     531    (-,-) 
  g1462__1617/Y      -       S0->Y F     MXI2XLLVT       1  3.3   258   260     791    (-,-) 
  g1388__1881/Y      -       B->Y  R     NOR2X1LVT       1  3.2   136   180     971    (-,-) 
  out_sr_reg[0][5]/D -       -     R     DFFHQX1LVT      1    -     -     0     971    (-,-) 
#--------------------------------------------------------------------------------------------



Path 5: MET (116 ps) Setup Check with Pin out_sr_reg[0][4]/CK->D
          Group: clock
     Startpoint: (R) cnt_reg[0]/CK
          Clock: (R) clock
       Endpoint: (R) out_sr_reg[0][4]/D
          Clock: (R) clock

                     Capture       Launch     
        Clock Edge:+    1200            0     
       Src Latency:+       0            0     
       Net Latency:+       0 (I)        0 (I) 
           Arrival:=    1200            0     
                                              
             Setup:-     112                  
     Required Time:=    1088                  
      Launch Clock:-       0                  
         Data Path:-     971                  
             Slack:=     116                  

#--------------------------------------------------------------------------------------------
#   Timing Point     Flags   Arc   Edge    Cell     Fanout Load Trans Delay Arrival Instance 
#                                                          (fF)  (ps)  (ps)   (ps)  Location 
#--------------------------------------------------------------------------------------------
  cnt_reg[0]/CK      -       -     R     (arrival)      55    -     0     0       0    (-,-) 
  cnt_reg[0]/Q       -       CK->Q F     DFFHQX1LVT      5 10.4   173   212     212    (-,-) 
  g1865/Y            -       A->Y  R     INVX1LVT        1  3.8    83   116     328    (-,-) 
  g1864__8246/Y      -       A->Y  R     OR2X6LVT       49 95.9   238   204     531    (-,-) 
  g1461__3680/Y      -       S0->Y F     MXI2XLLVT       1  3.3   258   260     791    (-,-) 
  g1393__9315/Y      -       B->Y  R     NOR2X1LVT       1  3.2   136   180     971    (-,-) 
  out_sr_reg[0][4]/D -       -     R     DFFHQX1LVT      1    -     -     0     971    (-,-) 
#--------------------------------------------------------------------------------------------



Path 6: MET (116 ps) Setup Check with Pin out_sr_reg[0][3]/CK->D
          Group: clock
     Startpoint: (R) cnt_reg[0]/CK
          Clock: (R) clock
       Endpoint: (R) out_sr_reg[0][3]/D
          Clock: (R) clock

                     Capture       Launch     
        Clock Edge:+    1200            0     
       Src Latency:+       0            0     
       Net Latency:+       0 (I)        0 (I) 
           Arrival:=    1200            0     
                                              
             Setup:-     112                  
     Required Time:=    1088                  
      Launch Clock:-       0                  
         Data Path:-     971                  
             Slack:=     116                  

#--------------------------------------------------------------------------------------------
#   Timing Point     Flags   Arc   Edge    Cell     Fanout Load Trans Delay Arrival Instance 
#                                                          (fF)  (ps)  (ps)   (ps)  Location 
#--------------------------------------------------------------------------------------------
  cnt_reg[0]/CK      -       -     R     (arrival)      55    -     0     0       0    (-,-) 
  cnt_reg[0]/Q       -       CK->Q F     DFFHQX1LVT      5 10.4   173   212     212    (-,-) 
  g1865/Y            -       A->Y  R     INVX1LVT        1  3.8    83   116     328    (-,-) 
  g1864__8246/Y      -       A->Y  R     OR2X6LVT       49 95.9   238   204     531    (-,-) 
  g1460__6783/Y      -       S0->Y F     MXI2XLLVT       1  3.3   258   260     791    (-,-) 
  g1391__4733/Y      -       B->Y  R     NOR2X1LVT       1  3.2   136   180     971    (-,-) 
  out_sr_reg[0][3]/D -       -     R     DFFHQX1LVT      1    -     -     0     971    (-,-) 
#--------------------------------------------------------------------------------------------



Path 7: MET (116 ps) Setup Check with Pin out_sr_reg[0][2]/CK->D
          Group: clock
     Startpoint: (R) cnt_reg[0]/CK
          Clock: (R) clock
       Endpoint: (R) out_sr_reg[0][2]/D
          Clock: (R) clock

                     Capture       Launch     
        Clock Edge:+    1200            0     
       Src Latency:+       0            0     
       Net Latency:+       0 (I)        0 (I) 
           Arrival:=    1200            0     
                                              
             Setup:-     112                  
     Required Time:=    1088                  
      Launch Clock:-       0                  
         Data Path:-     971                  
             Slack:=     116                  

#--------------------------------------------------------------------------------------------
#   Timing Point     Flags   Arc   Edge    Cell     Fanout Load Trans Delay Arrival Instance 
#                                                          (fF)  (ps)  (ps)   (ps)  Location 
#--------------------------------------------------------------------------------------------
  cnt_reg[0]/CK      -       -     R     (arrival)      55    -     0     0       0    (-,-) 
  cnt_reg[0]/Q       -       CK->Q F     DFFHQX1LVT      5 10.4   173   212     212    (-,-) 
  g1865/Y            -       A->Y  R     INVX1LVT        1  3.8    83   116     328    (-,-) 
  g1864__8246/Y      -       A->Y  R     OR2X6LVT       49 95.9   238   204     531    (-,-) 
  g1459__5526/Y      -       S0->Y F     MXI2XLLVT       1  3.3   258   260     791    (-,-) 
  g1390__7482/Y      -       B->Y  R     NOR2X1LVT       1  3.2   136   180     971    (-,-) 
  out_sr_reg[0][2]/D -       -     R     DFFHQX1LVT      1    -     -     0     971    (-,-) 
#--------------------------------------------------------------------------------------------



Path 8: MET (116 ps) Setup Check with Pin out_sr_reg[0][1]/CK->D
          Group: clock
     Startpoint: (R) cnt_reg[0]/CK
          Clock: (R) clock
       Endpoint: (R) out_sr_reg[0][1]/D
          Clock: (R) clock

                     Capture       Launch     
        Clock Edge:+    1200            0     
       Src Latency:+       0            0     
       Net Latency:+       0 (I)        0 (I) 
           Arrival:=    1200            0     
                                              
             Setup:-     112                  
     Required Time:=    1088                  
      Launch Clock:-       0                  
         Data Path:-     971                  
             Slack:=     116                  

#--------------------------------------------------------------------------------------------
#   Timing Point     Flags   Arc   Edge    Cell     Fanout Load Trans Delay Arrival Instance 
#                                                          (fF)  (ps)  (ps)   (ps)  Location 
#--------------------------------------------------------------------------------------------
  cnt_reg[0]/CK      -       -     R     (arrival)      55    -     0     0       0    (-,-) 
  cnt_reg[0]/Q       -       CK->Q F     DFFHQX1LVT      5 10.4   173   212     212    (-,-) 
  g1865/Y            -       A->Y  R     INVX1LVT        1  3.8    83   116     328    (-,-) 
  g1864__8246/Y      -       A->Y  R     OR2X6LVT       49 95.9   238   204     531    (-,-) 
  g1458__8428/Y      -       S0->Y F     MXI2XLLVT       1  3.3   258   260     791    (-,-) 
  g1389__5115/Y      -       B->Y  R     NOR2X1LVT       1  3.2   136   180     971    (-,-) 
  out_sr_reg[0][1]/D -       -     R     DFFHQX1LVT      1    -     -     0     971    (-,-) 
#--------------------------------------------------------------------------------------------



Path 9: MET (116 ps) Setup Check with Pin out_sr_reg[0][0]/CK->D
          Group: clock
     Startpoint: (R) cnt_reg[0]/CK
          Clock: (R) clock
       Endpoint: (R) out_sr_reg[0][0]/D
          Clock: (R) clock

                     Capture       Launch     
        Clock Edge:+    1200            0     
       Src Latency:+       0            0     
       Net Latency:+       0 (I)        0 (I) 
           Arrival:=    1200            0     
                                              
             Setup:-     112                  
     Required Time:=    1088                  
      Launch Clock:-       0                  
         Data Path:-     971                  
             Slack:=     116                  

#--------------------------------------------------------------------------------------------
#   Timing Point     Flags   Arc   Edge    Cell     Fanout Load Trans Delay Arrival Instance 
#                                                          (fF)  (ps)  (ps)   (ps)  Location 
#--------------------------------------------------------------------------------------------
  cnt_reg[0]/CK      -       -     R     (arrival)      55    -     0     0       0    (-,-) 
  cnt_reg[0]/Q       -       CK->Q F     DFFHQX1LVT      5 10.4   173   212     212    (-,-) 
  g1865/Y            -       A->Y  R     INVX1LVT        1  3.8    83   116     328    (-,-) 
  g1864__8246/Y      -       A->Y  R     OR2X6LVT       49 95.9   238   204     531    (-,-) 
  g1457__4319/Y      -       S0->Y F     MXI2XLLVT       1  3.3   258   260     791    (-,-) 
  g1392__6161/Y      -       B->Y  R     NOR2X1LVT       1  3.2   136   180     971    (-,-) 
  out_sr_reg[0][0]/D -       -     R     DFFHQX1LVT      1    -     -     0     971    (-,-) 
#--------------------------------------------------------------------------------------------



Path 10: MET (116 ps) Setup Check with Pin out_sr_reg[2][7]/CK->D
          Group: clock
     Startpoint: (R) cnt_reg[0]/CK
          Clock: (R) clock
       Endpoint: (R) out_sr_reg[2][7]/D
          Clock: (R) clock

                     Capture       Launch     
        Clock Edge:+    1200            0     
       Src Latency:+       0            0     
       Net Latency:+       0 (I)        0 (I) 
           Arrival:=    1200            0     
                                              
             Setup:-     112                  
     Required Time:=    1088                  
      Launch Clock:-       0                  
         Data Path:-     971                  
             Slack:=     116                  

#--------------------------------------------------------------------------------------------
#   Timing Point     Flags   Arc   Edge    Cell     Fanout Load Trans Delay Arrival Instance 
#                                                          (fF)  (ps)  (ps)   (ps)  Location 
#--------------------------------------------------------------------------------------------
  cnt_reg[0]/CK      -       -     R     (arrival)      55    -     0     0       0    (-,-) 
  cnt_reg[0]/Q       -       CK->Q F     DFFHQX1LVT      5 10.4   173   212     212    (-,-) 
  g1865/Y            -       A->Y  R     INVX1LVT        1  3.8    83   116     328    (-,-) 
  g1864__8246/Y      -       A->Y  R     OR2X6LVT       49 95.9   238   204     531    (-,-) 
  g1796__1881/Y      -       S0->Y F     MXI2XLLVT       1  3.3   258   260     791    (-,-) 
  g1785__8428/Y      -       B->Y  R     NOR2X1LVT       1  3.2   136   180     971    (-,-) 
  out_sr_reg[2][7]/D -       -     R     DFFHQX1LVT      1    -     -     0     971    (-,-) 
#--------------------------------------------------------------------------------------------



Path 11: MET (116 ps) Setup Check with Pin out_sr_reg[2][6]/CK->D
          Group: clock
     Startpoint: (R) cnt_reg[0]/CK
          Clock: (R) clock
       Endpoint: (R) out_sr_reg[2][6]/D
          Clock: (R) clock

                     Capture       Launch     
        Clock Edge:+    1200            0     
       Src Latency:+       0            0     
       Net Latency:+       0 (I)        0 (I) 
           Arrival:=    1200            0     
                                              
             Setup:-     112                  
     Required Time:=    1088                  
      Launch Clock:-       0                  
         Data Path:-     971                  
             Slack:=     116                  

#--------------------------------------------------------------------------------------------
#   Timing Point     Flags   Arc   Edge    Cell     Fanout Load Trans Delay Arrival Instance 
#                                                          (fF)  (ps)  (ps)   (ps)  Location 
#--------------------------------------------------------------------------------------------
  cnt_reg[0]/CK      -       -     R     (arrival)      55    -     0     0       0    (-,-) 
  cnt_reg[0]/Q       -       CK->Q F     DFFHQX1LVT      5 10.4   173   212     212    (-,-) 
  g1865/Y            -       A->Y  R     INVX1LVT        1  3.8    83   116     328    (-,-) 
  g1864__8246/Y      -       A->Y  R     OR2X6LVT       49 95.9   238   204     531    (-,-) 
  g1795__6131/Y      -       S0->Y F     MXI2XLLVT       1  3.3   258   260     791    (-,-) 
  g1782__5107/Y      -       B->Y  R     NOR2X1LVT       1  3.2   136   180     971    (-,-) 
  out_sr_reg[2][6]/D -       -     R     DFFHQX1LVT      1    -     -     0     971    (-,-) 
#--------------------------------------------------------------------------------------------



Path 12: MET (116 ps) Setup Check with Pin out_sr_reg[2][5]/CK->D
          Group: clock
     Startpoint: (R) cnt_reg[0]/CK
          Clock: (R) clock
       Endpoint: (R) out_sr_reg[2][5]/D
          Clock: (R) clock

                     Capture       Launch     
        Clock Edge:+    1200            0     
       Src Latency:+       0            0     
       Net Latency:+       0 (I)        0 (I) 
           Arrival:=    1200            0     
                                              
             Setup:-     112                  
     Required Time:=    1088                  
      Launch Clock:-       0                  
         Data Path:-     971                  
             Slack:=     116                  

#--------------------------------------------------------------------------------------------
#   Timing Point     Flags   Arc   Edge    Cell     Fanout Load Trans Delay Arrival Instance 
#                                                          (fF)  (ps)  (ps)   (ps)  Location 
#--------------------------------------------------------------------------------------------
  cnt_reg[0]/CK      -       -     R     (arrival)      55    -     0     0       0    (-,-) 
  cnt_reg[0]/Q       -       CK->Q F     DFFHQX1LVT      5 10.4   173   212     212    (-,-) 
  g1865/Y            -       A->Y  R     INVX1LVT        1  3.8    83   116     328    (-,-) 
  g1864__8246/Y      -       A->Y  R     OR2X6LVT       49 95.9   238   204     531    (-,-) 
  g1798__7482/Y      -       S0->Y F     MXI2XLLVT       1  3.3   258   260     791    (-,-) 
  g1783__6260/Y      -       B->Y  R     NOR2X1LVT       1  3.2   136   180     971    (-,-) 
  out_sr_reg[2][5]/D -       -     R     DFFHQX1LVT      1    -     -     0     971    (-,-) 
#--------------------------------------------------------------------------------------------



Path 13: MET (116 ps) Setup Check with Pin out_sr_reg[2][4]/CK->D
          Group: clock
     Startpoint: (R) cnt_reg[0]/CK
          Clock: (R) clock
       Endpoint: (R) out_sr_reg[2][4]/D
          Clock: (R) clock

                     Capture       Launch     
        Clock Edge:+    1200            0     
       Src Latency:+       0            0     
       Net Latency:+       0 (I)        0 (I) 
           Arrival:=    1200            0     
                                              
             Setup:-     112                  
     Required Time:=    1088                  
      Launch Clock:-       0                  
         Data Path:-     971                  
             Slack:=     116                  

#--------------------------------------------------------------------------------------------
#   Timing Point     Flags   Arc   Edge    Cell     Fanout Load Trans Delay Arrival Instance 
#                                                          (fF)  (ps)  (ps)   (ps)  Location 
#--------------------------------------------------------------------------------------------
  cnt_reg[0]/CK      -       -     R     (arrival)      55    -     0     0       0    (-,-) 
  cnt_reg[0]/Q       -       CK->Q F     DFFHQX1LVT      5 10.4   173   212     212    (-,-) 
  g1865/Y            -       A->Y  R     INVX1LVT        1  3.8    83   116     328    (-,-) 
  g1864__8246/Y      -       A->Y  R     OR2X6LVT       49 95.9   238   204     531    (-,-) 
  g1793__8246/Y      -       S0->Y F     MXI2XLLVT       1  3.3   258   260     791    (-,-) 
  g1784__4319/Y      -       B->Y  R     NOR2X1LVT       1  3.2   136   180     971    (-,-) 
  out_sr_reg[2][4]/D -       -     R     DFFHQX1LVT      1    -     -     0     971    (-,-) 
#--------------------------------------------------------------------------------------------



Path 14: MET (116 ps) Setup Check with Pin out_sr_reg[2][3]/CK->D
          Group: clock
     Startpoint: (R) cnt_reg[0]/CK
          Clock: (R) clock
       Endpoint: (R) out_sr_reg[2][3]/D
          Clock: (R) clock

                     Capture       Launch     
        Clock Edge:+    1200            0     
       Src Latency:+       0            0     
       Net Latency:+       0 (I)        0 (I) 
           Arrival:=    1200            0     
                                              
             Setup:-     112                  
     Required Time:=    1088                  
      Launch Clock:-       0                  
         Data Path:-     971                  
             Slack:=     116                  

#--------------------------------------------------------------------------------------------
#   Timing Point     Flags   Arc   Edge    Cell     Fanout Load Trans Delay Arrival Instance 
#                                                          (fF)  (ps)  (ps)   (ps)  Location 
#--------------------------------------------------------------------------------------------
  cnt_reg[0]/CK      -       -     R     (arrival)      55    -     0     0       0    (-,-) 
  cnt_reg[0]/Q       -       CK->Q F     DFFHQX1LVT      5 10.4   173   212     212    (-,-) 
  g1865/Y            -       A->Y  R     INVX1LVT        1  3.8    83   116     328    (-,-) 
  g1864__8246/Y      -       A->Y  R     OR2X6LVT       49 95.9   238   204     531    (-,-) 
  g1792__5122/Y      -       S0->Y F     MXI2XLLVT       1  3.3   258   260     791    (-,-) 
  g1781__2398/Y      -       B->Y  R     NOR2X1LVT       1  3.2   136   180     971    (-,-) 
  out_sr_reg[2][3]/D -       -     R     DFFHQX1LVT      1    -     -     0     971    (-,-) 
#--------------------------------------------------------------------------------------------



Path 15: MET (116 ps) Setup Check with Pin out_sr_reg[2][2]/CK->D
          Group: clock
     Startpoint: (R) cnt_reg[0]/CK
          Clock: (R) clock
       Endpoint: (R) out_sr_reg[2][2]/D
          Clock: (R) clock

                     Capture       Launch     
        Clock Edge:+    1200            0     
       Src Latency:+       0            0     
       Net Latency:+       0 (I)        0 (I) 
           Arrival:=    1200            0     
                                              
             Setup:-     112                  
     Required Time:=    1088                  
      Launch Clock:-       0                  
         Data Path:-     971                  
             Slack:=     116                  

#--------------------------------------------------------------------------------------------
#   Timing Point     Flags   Arc   Edge    Cell     Fanout Load Trans Delay Arrival Instance 
#                                                          (fF)  (ps)  (ps)   (ps)  Location 
#--------------------------------------------------------------------------------------------
  cnt_reg[0]/CK      -       -     R     (arrival)      55    -     0     0       0    (-,-) 
  cnt_reg[0]/Q       -       CK->Q F     DFFHQX1LVT      5 10.4   173   212     212    (-,-) 
  g1865/Y            -       A->Y  R     INVX1LVT        1  3.8    83   116     328    (-,-) 
  g1864__8246/Y      -       A->Y  R     OR2X6LVT       49 95.9   238   204     531    (-,-) 
  g1791__1705/Y      -       S0->Y F     MXI2XLLVT       1  3.3   258   260     791    (-,-) 
  g1778__7410/Y      -       B->Y  R     NOR2X1LVT       1  3.2   136   180     971    (-,-) 
  out_sr_reg[2][2]/D -       -     R     DFFHQX1LVT      1    -     -     0     971    (-,-) 
#--------------------------------------------------------------------------------------------



Path 16: MET (116 ps) Setup Check with Pin out_sr_reg[2][1]/CK->D
          Group: clock
     Startpoint: (R) cnt_reg[0]/CK
          Clock: (R) clock
       Endpoint: (R) out_sr_reg[2][1]/D
          Clock: (R) clock

                     Capture       Launch     
        Clock Edge:+    1200            0     
       Src Latency:+       0            0     
       Net Latency:+       0 (I)        0 (I) 
           Arrival:=    1200            0     
                                              
             Setup:-     112                  
     Required Time:=    1088                  
      Launch Clock:-       0                  
         Data Path:-     971                  
             Slack:=     116                  

#--------------------------------------------------------------------------------------------
#   Timing Point     Flags   Arc   Edge    Cell     Fanout Load Trans Delay Arrival Instance 
#                                                          (fF)  (ps)  (ps)   (ps)  Location 
#--------------------------------------------------------------------------------------------
  cnt_reg[0]/CK      -       -     R     (arrival)      55    -     0     0       0    (-,-) 
  cnt_reg[0]/Q       -       CK->Q F     DFFHQX1LVT      5 10.4   173   212     212    (-,-) 
  g1865/Y            -       A->Y  R     INVX1LVT        1  3.8    83   116     328    (-,-) 
  g1864__8246/Y      -       A->Y  R     OR2X6LVT       49 95.9   238   204     531    (-,-) 
  g1786__5526/Y      -       S0->Y F     MXI2XLLVT       1  3.3   258   260     791    (-,-) 
  g1779__6417/Y      -       B->Y  R     NOR2X1LVT       1  3.2   136   180     971    (-,-) 
  out_sr_reg[2][1]/D -       -     R     DFFHQX1LVT      1    -     -     0     971    (-,-) 
#--------------------------------------------------------------------------------------------



Path 17: MET (116 ps) Setup Check with Pin out_sr_reg[2][0]/CK->D
          Group: clock
     Startpoint: (R) cnt_reg[0]/CK
          Clock: (R) clock
       Endpoint: (R) out_sr_reg[2][0]/D
          Clock: (R) clock

                     Capture       Launch     
        Clock Edge:+    1200            0     
       Src Latency:+       0            0     
       Net Latency:+       0 (I)        0 (I) 
           Arrival:=    1200            0     
                                              
             Setup:-     112                  
     Required Time:=    1088                  
      Launch Clock:-       0                  
         Data Path:-     971                  
             Slack:=     116                  

#--------------------------------------------------------------------------------------------
#   Timing Point     Flags   Arc   Edge    Cell     Fanout Load Trans Delay Arrival Instance 
#                                                          (fF)  (ps)  (ps)   (ps)  Location 
#--------------------------------------------------------------------------------------------
  cnt_reg[0]/CK      -       -     R     (arrival)      55    -     0     0       0    (-,-) 
  cnt_reg[0]/Q       -       CK->Q F     DFFHQX1LVT      5 10.4   173   212     212    (-,-) 
  g1865/Y            -       A->Y  R     INVX1LVT        1  3.8    83   116     328    (-,-) 
  g1864__8246/Y      -       A->Y  R     OR2X6LVT       49 95.9   238   204     531    (-,-) 
  g1789__1617/Y      -       S0->Y F     MXI2XLLVT       1  3.3   258   260     791    (-,-) 
  g1780__5477/Y      -       B->Y  R     NOR2X1LVT       1  3.2   136   180     971    (-,-) 
  out_sr_reg[2][0]/D -       -     R     DFFHQX1LVT      1    -     -     0     971    (-,-) 
#--------------------------------------------------------------------------------------------



Path 18: MET (116 ps) Setup Check with Pin out_sr_reg[1][8]/CK->D
          Group: clock
     Startpoint: (R) cnt_reg[0]/CK
          Clock: (R) clock
       Endpoint: (R) out_sr_reg[1][8]/D
          Clock: (R) clock

                     Capture       Launch     
        Clock Edge:+    1200            0     
       Src Latency:+       0            0     
       Net Latency:+       0 (I)        0 (I) 
           Arrival:=    1200            0     
                                              
             Setup:-     112                  
     Required Time:=    1088                  
      Launch Clock:-       0                  
         Data Path:-     971                  
             Slack:=     116                  

#--------------------------------------------------------------------------------------------
#   Timing Point     Flags   Arc   Edge    Cell     Fanout Load Trans Delay Arrival Instance 
#                                                          (fF)  (ps)  (ps)   (ps)  Location 
#--------------------------------------------------------------------------------------------
  cnt_reg[0]/CK      -       -     R     (arrival)      55    -     0     0       0    (-,-) 
  cnt_reg[0]/Q       -       CK->Q F     DFFHQX1LVT      5 10.4   173   212     212    (-,-) 
  g1865/Y            -       A->Y  R     INVX1LVT        1  3.8    83   116     328    (-,-) 
  g1864__8246/Y      -       A->Y  R     OR2X6LVT       49 95.9   238   204     531    (-,-) 
  g1751__6131/Y      -       S0->Y F     MXI2XLLVT       1  3.3   258   260     791    (-,-) 
  g1742__5526/Y      -       B->Y  R     NOR2X1LVT       1  3.2   136   180     971    (-,-) 
  out_sr_reg[1][8]/D -       -     R     DFFHQX1LVT      1    -     -     0     971    (-,-) 
#--------------------------------------------------------------------------------------------



Path 19: MET (116 ps) Setup Check with Pin out_sr_reg[1][7]/CK->D
          Group: clock
     Startpoint: (R) cnt_reg[0]/CK
          Clock: (R) clock
       Endpoint: (R) out_sr_reg[1][7]/D
          Clock: (R) clock

                     Capture       Launch     
        Clock Edge:+    1200            0     
       Src Latency:+       0            0     
       Net Latency:+       0 (I)        0 (I) 
           Arrival:=    1200            0     
                                              
             Setup:-     112                  
     Required Time:=    1088                  
      Launch Clock:-       0                  
         Data Path:-     971                  
             Slack:=     116                  

#--------------------------------------------------------------------------------------------
#   Timing Point     Flags   Arc   Edge    Cell     Fanout Load Trans Delay Arrival Instance 
#                                                          (fF)  (ps)  (ps)   (ps)  Location 
#--------------------------------------------------------------------------------------------
  cnt_reg[0]/CK      -       -     R     (arrival)      55    -     0     0       0    (-,-) 
  cnt_reg[0]/Q       -       CK->Q F     DFFHQX1LVT      5 10.4   173   212     212    (-,-) 
  g1865/Y            -       A->Y  R     INVX1LVT        1  3.8    83   116     328    (-,-) 
  g1864__8246/Y      -       A->Y  R     OR2X6LVT       49 95.9   238   204     531    (-,-) 
  g1746__2802/Y      -       S0->Y F     MXI2XLLVT       1  3.3   258   260     791    (-,-) 
  g1743__6783/Y      -       B->Y  R     NOR2X1LVT       1  3.2   136   180     971    (-,-) 
  out_sr_reg[1][7]/D -       -     R     DFFHQX1LVT      1    -     -     0     971    (-,-) 
#--------------------------------------------------------------------------------------------



Path 20: MET (116 ps) Setup Check with Pin out_sr_reg[1][6]/CK->D
          Group: clock
     Startpoint: (R) cnt_reg[0]/CK
          Clock: (R) clock
       Endpoint: (R) out_sr_reg[1][6]/D
          Clock: (R) clock

                     Capture       Launch     
        Clock Edge:+    1200            0     
       Src Latency:+       0            0     
       Net Latency:+       0 (I)        0 (I) 
           Arrival:=    1200            0     
                                              
             Setup:-     112                  
     Required Time:=    1088                  
      Launch Clock:-       0                  
         Data Path:-     971                  
             Slack:=     116                  

#--------------------------------------------------------------------------------------------
#   Timing Point     Flags   Arc   Edge    Cell     Fanout Load Trans Delay Arrival Instance 
#                                                          (fF)  (ps)  (ps)   (ps)  Location 
#--------------------------------------------------------------------------------------------
  cnt_reg[0]/CK      -       -     R     (arrival)      55    -     0     0       0    (-,-) 
  cnt_reg[0]/Q       -       CK->Q F     DFFHQX1LVT      5 10.4   173   212     212    (-,-) 
  g1865/Y            -       A->Y  R     INVX1LVT        1  3.8    83   116     328    (-,-) 
  g1864__8246/Y      -       A->Y  R     OR2X6LVT       49 95.9   238   204     531    (-,-) 
  g1749__8246/Y      -       S0->Y F     MXI2XLLVT       1  3.3   258   260     791    (-,-) 
  g1740__4319/Y      -       B->Y  R     NOR2X1LVT       1  3.2   136   180     971    (-,-) 
  out_sr_reg[1][6]/D -       -     R     DFFHQX1LVT      1    -     -     0     971    (-,-) 
#--------------------------------------------------------------------------------------------



Path 21: MET (116 ps) Setup Check with Pin out_sr_reg[1][5]/CK->D
          Group: clock
     Startpoint: (R) cnt_reg[0]/CK
          Clock: (R) clock
       Endpoint: (R) out_sr_reg[1][5]/D
          Clock: (R) clock

                     Capture       Launch     
        Clock Edge:+    1200            0     
       Src Latency:+       0            0     
       Net Latency:+       0 (I)        0 (I) 
           Arrival:=    1200            0     
                                              
             Setup:-     112                  
     Required Time:=    1088                  
      Launch Clock:-       0                  
         Data Path:-     971                  
             Slack:=     116                  

#--------------------------------------------------------------------------------------------
#   Timing Point     Flags   Arc   Edge    Cell     Fanout Load Trans Delay Arrival Instance 
#                                                          (fF)  (ps)  (ps)   (ps)  Location 
#--------------------------------------------------------------------------------------------
  cnt_reg[0]/CK      -       -     R     (arrival)      55    -     0     0       0    (-,-) 
  cnt_reg[0]/Q       -       CK->Q F     DFFHQX1LVT      5 10.4   173   212     212    (-,-) 
  g1865/Y            -       A->Y  R     INVX1LVT        1  3.8    83   116     328    (-,-) 
  g1864__8246/Y      -       A->Y  R     OR2X6LVT       49 95.9   238   204     531    (-,-) 
  g1748__5122/Y      -       S0->Y F     MXI2XLLVT       1  3.3   258   260     791    (-,-) 
  g1737__2398/Y      -       B->Y  R     NOR2X1LVT       1  3.2   136   180     971    (-,-) 
  out_sr_reg[1][5]/D -       -     R     DFFHQX1LVT      1    -     -     0     971    (-,-) 
#--------------------------------------------------------------------------------------------



Path 22: MET (116 ps) Setup Check with Pin out_sr_reg[1][4]/CK->D
          Group: clock
     Startpoint: (R) cnt_reg[0]/CK
          Clock: (R) clock
       Endpoint: (R) out_sr_reg[1][4]/D
          Clock: (R) clock

                     Capture       Launch     
        Clock Edge:+    1200            0     
       Src Latency:+       0            0     
       Net Latency:+       0 (I)        0 (I) 
           Arrival:=    1200            0     
                                              
             Setup:-     112                  
     Required Time:=    1088                  
      Launch Clock:-       0                  
         Data Path:-     971                  
             Slack:=     116                  

#--------------------------------------------------------------------------------------------
#   Timing Point     Flags   Arc   Edge    Cell     Fanout Load Trans Delay Arrival Instance 
#                                                          (fF)  (ps)  (ps)   (ps)  Location 
#--------------------------------------------------------------------------------------------
  cnt_reg[0]/CK      -       -     R     (arrival)      55    -     0     0       0    (-,-) 
  cnt_reg[0]/Q       -       CK->Q F     DFFHQX1LVT      5 10.4   173   212     212    (-,-) 
  g1865/Y            -       A->Y  R     INVX1LVT        1  3.8    83   116     328    (-,-) 
  g1864__8246/Y      -       A->Y  R     OR2X6LVT       49 95.9   238   204     531    (-,-) 
  g1747__1705/Y      -       S0->Y F     MXI2XLLVT       1  3.3   258   260     791    (-,-) 
  g1738__5107/Y      -       B->Y  R     NOR2X1LVT       1  3.2   136   180     971    (-,-) 
  out_sr_reg[1][4]/D -       -     R     DFFHQX1LVT      1    -     -     0     971    (-,-) 
#--------------------------------------------------------------------------------------------



Path 23: MET (116 ps) Setup Check with Pin out_sr_reg[1][3]/CK->D
          Group: clock
     Startpoint: (R) cnt_reg[0]/CK
          Clock: (R) clock
       Endpoint: (R) out_sr_reg[1][3]/D
          Clock: (R) clock

                     Capture       Launch     
        Clock Edge:+    1200            0     
       Src Latency:+       0            0     
       Net Latency:+       0 (I)        0 (I) 
           Arrival:=    1200            0     
                                              
             Setup:-     112                  
     Required Time:=    1088                  
      Launch Clock:-       0                  
         Data Path:-     971                  
             Slack:=     116                  

#--------------------------------------------------------------------------------------------
#   Timing Point     Flags   Arc   Edge    Cell     Fanout Load Trans Delay Arrival Instance 
#                                                          (fF)  (ps)  (ps)   (ps)  Location 
#--------------------------------------------------------------------------------------------
  cnt_reg[0]/CK      -       -     R     (arrival)      55    -     0     0       0    (-,-) 
  cnt_reg[0]/Q       -       CK->Q F     DFFHQX1LVT      5 10.4   173   212     212    (-,-) 
  g1865/Y            -       A->Y  R     INVX1LVT        1  3.8    83   116     328    (-,-) 
  g1864__8246/Y      -       A->Y  R     OR2X6LVT       49 95.9   238   204     531    (-,-) 
  g1750__7098/Y      -       S0->Y F     MXI2XLLVT       1  3.3   258   260     791    (-,-) 
  g1739__6260/Y      -       B->Y  R     NOR2X1LVT       1  3.2   136   180     971    (-,-) 
  out_sr_reg[1][3]/D -       -     R     DFFHQX1LVT      1    -     -     0     971    (-,-) 
#--------------------------------------------------------------------------------------------



Path 24: MET (116 ps) Setup Check with Pin out_sr_reg[1][2]/CK->D
          Group: clock
     Startpoint: (R) cnt_reg[0]/CK
          Clock: (R) clock
       Endpoint: (R) out_sr_reg[1][2]/D
          Clock: (R) clock

                     Capture       Launch     
        Clock Edge:+    1200            0     
       Src Latency:+       0            0     
       Net Latency:+       0 (I)        0 (I) 
           Arrival:=    1200            0     
                                              
             Setup:-     112                  
     Required Time:=    1088                  
      Launch Clock:-       0                  
         Data Path:-     971                  
             Slack:=     116                  

#--------------------------------------------------------------------------------------------
#   Timing Point     Flags   Arc   Edge    Cell     Fanout Load Trans Delay Arrival Instance 
#                                                          (fF)  (ps)  (ps)   (ps)  Location 
#--------------------------------------------------------------------------------------------
  cnt_reg[0]/CK      -       -     R     (arrival)      55    -     0     0       0    (-,-) 
  cnt_reg[0]/Q       -       CK->Q F     DFFHQX1LVT      5 10.4   173   212     212    (-,-) 
  g1865/Y            -       A->Y  R     INVX1LVT        1  3.8    83   116     328    (-,-) 
  g1864__8246/Y      -       A->Y  R     OR2X6LVT       49 95.9   238   204     531    (-,-) 
  g1761__1666/Y      -       S0->Y F     MXI2XLLVT       1  3.3   258   260     791    (-,-) 
  g1745__1617/Y      -       B->Y  R     NOR2X1LVT       1  3.2   136   180     971    (-,-) 
  out_sr_reg[1][2]/D -       -     R     DFFHQX1LVT      1    -     -     0     971    (-,-) 
#--------------------------------------------------------------------------------------------



Path 25: MET (116 ps) Setup Check with Pin out_sr_reg[1][1]/CK->D
          Group: clock
     Startpoint: (R) cnt_reg[0]/CK
          Clock: (R) clock
       Endpoint: (R) out_sr_reg[1][1]/D
          Clock: (R) clock

                     Capture       Launch     
        Clock Edge:+    1200            0     
       Src Latency:+       0            0     
       Net Latency:+       0 (I)        0 (I) 
           Arrival:=    1200            0     
                                              
             Setup:-     112                  
     Required Time:=    1088                  
      Launch Clock:-       0                  
         Data Path:-     971                  
             Slack:=     116                  

#--------------------------------------------------------------------------------------------
#   Timing Point     Flags   Arc   Edge    Cell     Fanout Load Trans Delay Arrival Instance 
#                                                          (fF)  (ps)  (ps)   (ps)  Location 
#--------------------------------------------------------------------------------------------
  cnt_reg[0]/CK      -       -     R     (arrival)      55    -     0     0       0    (-,-) 
  cnt_reg[0]/Q       -       CK->Q F     DFFHQX1LVT      5 10.4   173   212     212    (-,-) 
  g1865/Y            -       A->Y  R     INVX1LVT        1  3.8    83   116     328    (-,-) 
  g1864__8246/Y      -       A->Y  R     OR2X6LVT       49 95.9   238   204     531    (-,-) 
  g1760__2346/Y      -       S0->Y F     MXI2XLLVT       1  3.3   258   260     791    (-,-) 
  g1744__3680/Y      -       B->Y  R     NOR2X1LVT       1  3.2   136   180     971    (-,-) 
  out_sr_reg[1][1]/D -       -     R     DFFHQX1LVT      1    -     -     0     971    (-,-) 
#--------------------------------------------------------------------------------------------



Path 26: MET (116 ps) Setup Check with Pin out_sr_reg[1][0]/CK->D
          Group: clock
     Startpoint: (R) cnt_reg[0]/CK
          Clock: (R) clock
       Endpoint: (R) out_sr_reg[1][0]/D
          Clock: (R) clock

                     Capture       Launch     
        Clock Edge:+    1200            0     
       Src Latency:+       0            0     
       Net Latency:+       0 (I)        0 (I) 
           Arrival:=    1200            0     
                                              
             Setup:-     112                  
     Required Time:=    1088                  
      Launch Clock:-       0                  
         Data Path:-     971                  
             Slack:=     116                  

#--------------------------------------------------------------------------------------------
#   Timing Point     Flags   Arc   Edge    Cell     Fanout Load Trans Delay Arrival Instance 
#                                                          (fF)  (ps)  (ps)   (ps)  Location 
#--------------------------------------------------------------------------------------------
  cnt_reg[0]/CK      -       -     R     (arrival)      55    -     0     0       0    (-,-) 
  cnt_reg[0]/Q       -       CK->Q F     DFFHQX1LVT      5 10.4   173   212     212    (-,-) 
  g1865/Y            -       A->Y  R     INVX1LVT        1  3.8    83   116     328    (-,-) 
  g1864__8246/Y      -       A->Y  R     OR2X6LVT       49 95.9   238   204     531    (-,-) 
  g1759__2883/Y      -       S0->Y F     MXI2XLLVT       1  3.3   258   260     791    (-,-) 
  g1741__8428/Y      -       B->Y  R     NOR2X1LVT       1  3.2   136   180     971    (-,-) 
  out_sr_reg[1][0]/D -       -     R     DFFHQX1LVT      1    -     -     0     971    (-,-) 
#--------------------------------------------------------------------------------------------



Path 27: MET (122 ps) Setup Check with Pin out_sr_reg[0][15]/CK->D
          Group: clock
     Startpoint: (R) cnt_reg[0]/CK
          Clock: (R) clock
       Endpoint: (R) out_sr_reg[0][15]/D
          Clock: (R) clock

                     Capture       Launch     
        Clock Edge:+    1200            0     
       Src Latency:+       0            0     
       Net Latency:+       0 (I)        0 (I) 
           Arrival:=    1200            0     
                                              
             Setup:-     108                  
     Required Time:=    1092                  
      Launch Clock:-       0                  
         Data Path:-     970                  
             Slack:=     122                  

#---------------------------------------------------------------------------------------------
#    Timing Point     Flags   Arc   Edge    Cell     Fanout Load Trans Delay Arrival Instance 
#                                                           (fF)  (ps)  (ps)   (ps)  Location 
#---------------------------------------------------------------------------------------------
  cnt_reg[0]/CK       -       -     R     (arrival)      55    -     0     0       0    (-,-) 
  cnt_reg[0]/Q        -       CK->Q F     DFFHQX1LVT      5 10.4   173   212     212    (-,-) 
  g1865/Y             -       A->Y  R     INVX1LVT        1  3.8    83   116     328    (-,-) 
  g1864__8246/Y       -       A->Y  R     OR2X6LVT       49 95.9   238   204     531    (-,-) 
  g6194/Y             -       S0->Y F     MXI2XLLVT       1  3.3   258   260     791    (-,-) 
  g6193/Y             -       A->Y  R     NOR2X1LVT       1  3.2   123   179     970    (-,-) 
  out_sr_reg[0][15]/D -       -     R     DFFHQX1LVT      1    -     -     0     970    (-,-) 
#---------------------------------------------------------------------------------------------



Path 28: MET (122 ps) Setup Check with Pin out_sr_reg[0][14]/CK->D
          Group: clock
     Startpoint: (R) cnt_reg[0]/CK
          Clock: (R) clock
       Endpoint: (R) out_sr_reg[0][14]/D
          Clock: (R) clock

                     Capture       Launch     
        Clock Edge:+    1200            0     
       Src Latency:+       0            0     
       Net Latency:+       0 (I)        0 (I) 
           Arrival:=    1200            0     
                                              
             Setup:-     108                  
     Required Time:=    1092                  
      Launch Clock:-       0                  
         Data Path:-     970                  
             Slack:=     122                  

#---------------------------------------------------------------------------------------------
#    Timing Point     Flags   Arc   Edge    Cell     Fanout Load Trans Delay Arrival Instance 
#                                                           (fF)  (ps)  (ps)   (ps)  Location 
#---------------------------------------------------------------------------------------------
  cnt_reg[0]/CK       -       -     R     (arrival)      55    -     0     0       0    (-,-) 
  cnt_reg[0]/Q        -       CK->Q F     DFFHQX1LVT      5 10.4   173   212     212    (-,-) 
  g1865/Y             -       A->Y  R     INVX1LVT        1  3.8    83   116     328    (-,-) 
  g1864__8246/Y       -       A->Y  R     OR2X6LVT       49 95.9   238   204     531    (-,-) 
  g6192/Y             -       S0->Y F     MXI2XLLVT       1  3.3   258   260     791    (-,-) 
  g6191/Y             -       A->Y  R     NOR2X1LVT       1  3.2   123   179     970    (-,-) 
  out_sr_reg[0][14]/D -       -     R     DFFHQX1LVT      1    -     -     0     970    (-,-) 
#---------------------------------------------------------------------------------------------



Path 29: MET (122 ps) Setup Check with Pin out_sr_reg[0][13]/CK->D
          Group: clock
     Startpoint: (R) cnt_reg[0]/CK
          Clock: (R) clock
       Endpoint: (R) out_sr_reg[0][13]/D
          Clock: (R) clock

                     Capture       Launch     
        Clock Edge:+    1200            0     
       Src Latency:+       0            0     
       Net Latency:+       0 (I)        0 (I) 
           Arrival:=    1200            0     
                                              
             Setup:-     108                  
     Required Time:=    1092                  
      Launch Clock:-       0                  
         Data Path:-     970                  
             Slack:=     122                  

#---------------------------------------------------------------------------------------------
#    Timing Point     Flags   Arc   Edge    Cell     Fanout Load Trans Delay Arrival Instance 
#                                                           (fF)  (ps)  (ps)   (ps)  Location 
#---------------------------------------------------------------------------------------------
  cnt_reg[0]/CK       -       -     R     (arrival)      55    -     0     0       0    (-,-) 
  cnt_reg[0]/Q        -       CK->Q F     DFFHQX1LVT      5 10.4   173   212     212    (-,-) 
  g1865/Y             -       A->Y  R     INVX1LVT        1  3.8    83   116     328    (-,-) 
  g1864__8246/Y       -       A->Y  R     OR2X6LVT       49 95.9   238   204     531    (-,-) 
  g6190/Y             -       S0->Y F     MXI2XLLVT       1  3.3   258   260     791    (-,-) 
  g6189/Y             -       A->Y  R     NOR2X1LVT       1  3.2   123   179     970    (-,-) 
  out_sr_reg[0][13]/D -       -     R     DFFHQX1LVT      1    -     -     0     970    (-,-) 
#---------------------------------------------------------------------------------------------



Path 30: MET (122 ps) Setup Check with Pin out_sr_reg[0][12]/CK->D
          Group: clock
     Startpoint: (R) cnt_reg[0]/CK
          Clock: (R) clock
       Endpoint: (R) out_sr_reg[0][12]/D
          Clock: (R) clock

                     Capture       Launch     
        Clock Edge:+    1200            0     
       Src Latency:+       0            0     
       Net Latency:+       0 (I)        0 (I) 
           Arrival:=    1200            0     
                                              
             Setup:-     108                  
     Required Time:=    1092                  
      Launch Clock:-       0                  
         Data Path:-     970                  
             Slack:=     122                  

#---------------------------------------------------------------------------------------------
#    Timing Point     Flags   Arc   Edge    Cell     Fanout Load Trans Delay Arrival Instance 
#                                                           (fF)  (ps)  (ps)   (ps)  Location 
#---------------------------------------------------------------------------------------------
  cnt_reg[0]/CK       -       -     R     (arrival)      55    -     0     0       0    (-,-) 
  cnt_reg[0]/Q        -       CK->Q F     DFFHQX1LVT      5 10.4   173   212     212    (-,-) 
  g1865/Y             -       A->Y  R     INVX1LVT        1  3.8    83   116     328    (-,-) 
  g1864__8246/Y       -       A->Y  R     OR2X6LVT       49 95.9   238   204     531    (-,-) 
  g6188/Y             -       S0->Y F     MXI2XLLVT       1  3.3   258   260     791    (-,-) 
  g6187/Y             -       A->Y  R     NOR2X1LVT       1  3.2   123   179     970    (-,-) 
  out_sr_reg[0][12]/D -       -     R     DFFHQX1LVT      1    -     -     0     970    (-,-) 
#---------------------------------------------------------------------------------------------



Path 31: MET (122 ps) Setup Check with Pin out_sr_reg[0][11]/CK->D
          Group: clock
     Startpoint: (R) cnt_reg[0]/CK
          Clock: (R) clock
       Endpoint: (R) out_sr_reg[0][11]/D
          Clock: (R) clock

                     Capture       Launch     
        Clock Edge:+    1200            0     
       Src Latency:+       0            0     
       Net Latency:+       0 (I)        0 (I) 
           Arrival:=    1200            0     
                                              
             Setup:-     108                  
     Required Time:=    1092                  
      Launch Clock:-       0                  
         Data Path:-     970                  
             Slack:=     122                  

#---------------------------------------------------------------------------------------------
#    Timing Point     Flags   Arc   Edge    Cell     Fanout Load Trans Delay Arrival Instance 
#                                                           (fF)  (ps)  (ps)   (ps)  Location 
#---------------------------------------------------------------------------------------------
  cnt_reg[0]/CK       -       -     R     (arrival)      55    -     0     0       0    (-,-) 
  cnt_reg[0]/Q        -       CK->Q F     DFFHQX1LVT      5 10.4   173   212     212    (-,-) 
  g1865/Y             -       A->Y  R     INVX1LVT        1  3.8    83   116     328    (-,-) 
  g1864__8246/Y       -       A->Y  R     OR2X6LVT       49 95.9   238   204     531    (-,-) 
  g6186/Y             -       S0->Y F     MXI2XLLVT       1  3.3   258   260     791    (-,-) 
  g6185/Y             -       A->Y  R     NOR2X1LVT       1  3.2   123   179     970    (-,-) 
  out_sr_reg[0][11]/D -       -     R     DFFHQX1LVT      1    -     -     0     970    (-,-) 
#---------------------------------------------------------------------------------------------



Path 32: MET (122 ps) Setup Check with Pin out_sr_reg[0][10]/CK->D
          Group: clock
     Startpoint: (R) cnt_reg[0]/CK
          Clock: (R) clock
       Endpoint: (R) out_sr_reg[0][10]/D
          Clock: (R) clock

                     Capture       Launch     
        Clock Edge:+    1200            0     
       Src Latency:+       0            0     
       Net Latency:+       0 (I)        0 (I) 
           Arrival:=    1200            0     
                                              
             Setup:-     108                  
     Required Time:=    1092                  
      Launch Clock:-       0                  
         Data Path:-     970                  
             Slack:=     122                  

#---------------------------------------------------------------------------------------------
#    Timing Point     Flags   Arc   Edge    Cell     Fanout Load Trans Delay Arrival Instance 
#                                                           (fF)  (ps)  (ps)   (ps)  Location 
#---------------------------------------------------------------------------------------------
  cnt_reg[0]/CK       -       -     R     (arrival)      55    -     0     0       0    (-,-) 
  cnt_reg[0]/Q        -       CK->Q F     DFFHQX1LVT      5 10.4   173   212     212    (-,-) 
  g1865/Y             -       A->Y  R     INVX1LVT        1  3.8    83   116     328    (-,-) 
  g1864__8246/Y       -       A->Y  R     OR2X6LVT       49 95.9   238   204     531    (-,-) 
  g3/Y                -       S0->Y F     MXI2XLLVT       1  3.3   258   260     791    (-,-) 
  g2/Y                -       A->Y  R     NOR2X1LVT       1  3.2   123   179     970    (-,-) 
  out_sr_reg[0][10]/D -       -     R     DFFHQX1LVT      1    -     -     0     970    (-,-) 
#---------------------------------------------------------------------------------------------



Path 33: MET (122 ps) Setup Check with Pin out_sr_reg[0][9]/CK->D
          Group: clock
     Startpoint: (R) cnt_reg[0]/CK
          Clock: (R) clock
       Endpoint: (R) out_sr_reg[0][9]/D
          Clock: (R) clock

                     Capture       Launch     
        Clock Edge:+    1200            0     
       Src Latency:+       0            0     
       Net Latency:+       0 (I)        0 (I) 
           Arrival:=    1200            0     
                                              
             Setup:-     108                  
     Required Time:=    1092                  
      Launch Clock:-       0                  
         Data Path:-     970                  
             Slack:=     122                  

#--------------------------------------------------------------------------------------------
#   Timing Point     Flags   Arc   Edge    Cell     Fanout Load Trans Delay Arrival Instance 
#                                                          (fF)  (ps)  (ps)   (ps)  Location 
#--------------------------------------------------------------------------------------------
  cnt_reg[0]/CK      -       -     R     (arrival)      55    -     0     0       0    (-,-) 
  cnt_reg[0]/Q       -       CK->Q F     DFFHQX1LVT      5 10.4   173   212     212    (-,-) 
  g1865/Y            -       A->Y  R     INVX1LVT        1  3.8    83   116     328    (-,-) 
  g1864__8246/Y      -       A->Y  R     OR2X6LVT       49 95.9   238   204     531    (-,-) 
  g6184/Y            -       S0->Y F     MXI2XLLVT       1  3.3   258   260     791    (-,-) 
  g6183/Y            -       A->Y  R     NOR2X1LVT       1  3.2   123   179     970    (-,-) 
  out_sr_reg[0][9]/D -       -     R     DFFHQX1LVT      1    -     -     0     970    (-,-) 
#--------------------------------------------------------------------------------------------



Path 34: MET (216 ps) Clock Gating Setup Check at cgic pin RC_CG_HIER_INST4/RC_CGIC_INST/E
          Group: cg_enable_group_clock
     Startpoint: (R) cnt_reg[0]/CK
          Clock: (R) clock
       Endpoint: (F) RC_CG_HIER_INST4/RC_CGIC_INST/E
          Clock: (R) clock

                     Capture       Launch     
        Clock Edge:+    1200            0     
       Src Latency:+       0            0     
       Net Latency:+       0 (I)        0 (I) 
           Arrival:=    1200            0     
                                              
  Gate Check Setup:-     235                  
     Required Time:=     965                  
      Launch Clock:-       0                  
         Data Path:-     748                  
             Slack:=     216                  

#-------------------------------------------------------------------------------------------------------------
#          Timing Point           Flags   Arc   Edge      Cell       Fanout Load Trans Delay Arrival Instance 
#                                                                           (fF)  (ps)  (ps)   (ps)  Location 
#-------------------------------------------------------------------------------------------------------------
  cnt_reg[0]/CK                   -       -     R     (arrival)          55    -     0     0       0    (-,-) 
  cnt_reg[0]/Q                    -       CK->Q F     DFFHQX1LVT          5 10.4   173   212     212    (-,-) 
  g1865/Y                         -       A->Y  R     INVX1LVT            1  3.8    83   116     328    (-,-) 
  g1864__8246/Y                   -       A->Y  R     OR2X6LVT           49 95.9   238   204     531    (-,-) 
  g6311/Y                         -       B->Y  F     NAND2BX1LVT         2  4.8   202   217     748    (-,-) 
  RC_CG_HIER_INST4/RC_CGIC_INST/E -       -     F     TLATNTSCAX2HVT      2    -     -     0     748    (-,-) 
#-------------------------------------------------------------------------------------------------------------



Path 35: MET (216 ps) Clock Gating Setup Check at cgic pin RC_CG_HIER_INST3/RC_CGIC_INST/E
          Group: cg_enable_group_clock
     Startpoint: (R) cnt_reg[0]/CK
          Clock: (R) clock
       Endpoint: (F) RC_CG_HIER_INST3/RC_CGIC_INST/E
          Clock: (R) clock

                     Capture       Launch     
        Clock Edge:+    1200            0     
       Src Latency:+       0            0     
       Net Latency:+       0 (I)        0 (I) 
           Arrival:=    1200            0     
                                              
  Gate Check Setup:-     235                  
     Required Time:=     965                  
      Launch Clock:-       0                  
         Data Path:-     748                  
             Slack:=     216                  

#-------------------------------------------------------------------------------------------------------------
#          Timing Point           Flags   Arc   Edge      Cell       Fanout Load Trans Delay Arrival Instance 
#                                                                           (fF)  (ps)  (ps)   (ps)  Location 
#-------------------------------------------------------------------------------------------------------------
  cnt_reg[0]/CK                   -       -     R     (arrival)          55    -     0     0       0    (-,-) 
  cnt_reg[0]/Q                    -       CK->Q F     DFFHQX1LVT          5 10.4   173   212     212    (-,-) 
  g1865/Y                         -       A->Y  R     INVX1LVT            1  3.8    83   116     328    (-,-) 
  g1864__8246/Y                   -       A->Y  R     OR2X6LVT           49 95.9   238   204     531    (-,-) 
  g6311/Y                         -       B->Y  F     NAND2BX1LVT         2  4.8   202   217     748    (-,-) 
  RC_CG_HIER_INST3/RC_CGIC_INST/E -       -     F     TLATNTSCAX2HVT      2    -     -     0     748    (-,-) 
#-------------------------------------------------------------------------------------------------------------



Path 36: MET (266 ps) Setup Check with Pin xs_reg[10][5]/CK->D
          Group: clock
     Startpoint: (F) i_reset
          Clock: (R) clock
       Endpoint: (R) xs_reg[10][5]/D
          Clock: (R) clock

                     Capture       Launch     
        Clock Edge:+    1200            0     
        Drv Adjust:+       0            0     
       Src Latency:+       0            0     
       Net Latency:+       0 (I)        0 (I) 
           Arrival:=    1200            0     
                                              
             Setup:-     297                  
     Required Time:=     903                  
      Launch Clock:-       0                  
       Input Delay:-     500                  
         Data Path:-     137                  
             Slack:=     266                  

Exceptions/Constraints:
  input_delay             500             fir_serial_parallel._line_2_8_1 

#-------------------------------------------------------------------------------------------
#  Timing Point   Flags   Arc   Edge    Cell      Fanout  Load Trans Delay Arrival Instance 
#                                                         (fF)  (ps)  (ps)   (ps)  Location 
#-------------------------------------------------------------------------------------------
  i_reset         -       -     F     (arrival)      119 220.0     0     0     500    (-,-) 
  g1583/Y         -       A->Y  R     CLKINVX4LVT     40  66.6   239   137     637    (-,-) 
  xs_reg[10][5]/D -       -     R     DFFTRXL         40     -     -     0     637    (-,-) 
#-------------------------------------------------------------------------------------------



Path 37: MET (266 ps) Setup Check with Pin xs_reg[10][4]/CK->D
          Group: clock
     Startpoint: (F) i_reset
          Clock: (R) clock
       Endpoint: (R) xs_reg[10][4]/D
          Clock: (R) clock

                     Capture       Launch     
        Clock Edge:+    1200            0     
        Drv Adjust:+       0            0     
       Src Latency:+       0            0     
       Net Latency:+       0 (I)        0 (I) 
           Arrival:=    1200            0     
                                              
             Setup:-     297                  
     Required Time:=     903                  
      Launch Clock:-       0                  
       Input Delay:-     500                  
         Data Path:-     137                  
             Slack:=     266                  

Exceptions/Constraints:
  input_delay             500             fir_serial_parallel._line_2_8_1 

#-------------------------------------------------------------------------------------------
#  Timing Point   Flags   Arc   Edge    Cell      Fanout  Load Trans Delay Arrival Instance 
#                                                         (fF)  (ps)  (ps)   (ps)  Location 
#-------------------------------------------------------------------------------------------
  i_reset         -       -     F     (arrival)      119 220.0     0     0     500    (-,-) 
  g1583/Y         -       A->Y  R     CLKINVX4LVT     40  66.6   239   137     637    (-,-) 
  xs_reg[10][4]/D -       -     R     DFFTRXL         40     -     -     0     637    (-,-) 
#-------------------------------------------------------------------------------------------



Path 38: MET (266 ps) Setup Check with Pin xs_reg[10][3]/CK->D
          Group: clock
     Startpoint: (F) i_reset
          Clock: (R) clock
       Endpoint: (R) xs_reg[10][3]/D
          Clock: (R) clock

                     Capture       Launch     
        Clock Edge:+    1200            0     
        Drv Adjust:+       0            0     
       Src Latency:+       0            0     
       Net Latency:+       0 (I)        0 (I) 
           Arrival:=    1200            0     
                                              
             Setup:-     297                  
     Required Time:=     903                  
      Launch Clock:-       0                  
       Input Delay:-     500                  
         Data Path:-     137                  
             Slack:=     266                  

Exceptions/Constraints:
  input_delay             500             fir_serial_parallel._line_2_8_1 

#-------------------------------------------------------------------------------------------
#  Timing Point   Flags   Arc   Edge    Cell      Fanout  Load Trans Delay Arrival Instance 
#                                                         (fF)  (ps)  (ps)   (ps)  Location 
#-------------------------------------------------------------------------------------------
  i_reset         -       -     F     (arrival)      119 220.0     0     0     500    (-,-) 
  g1583/Y         -       A->Y  R     CLKINVX4LVT     40  66.6   239   137     637    (-,-) 
  xs_reg[10][3]/D -       -     R     DFFTRXL         40     -     -     0     637    (-,-) 
#-------------------------------------------------------------------------------------------



Path 39: MET (266 ps) Setup Check with Pin xs_reg[10][1]/CK->D
          Group: clock
     Startpoint: (F) i_reset
          Clock: (R) clock
       Endpoint: (R) xs_reg[10][1]/D
          Clock: (R) clock

                     Capture       Launch     
        Clock Edge:+    1200            0     
        Drv Adjust:+       0            0     
       Src Latency:+       0            0     
       Net Latency:+       0 (I)        0 (I) 
           Arrival:=    1200            0     
                                              
             Setup:-     297                  
     Required Time:=     903                  
      Launch Clock:-       0                  
       Input Delay:-     500                  
         Data Path:-     137                  
             Slack:=     266                  

Exceptions/Constraints:
  input_delay             500             fir_serial_parallel._line_2_8_1 

#-------------------------------------------------------------------------------------------
#  Timing Point   Flags   Arc   Edge    Cell      Fanout  Load Trans Delay Arrival Instance 
#                                                         (fF)  (ps)  (ps)   (ps)  Location 
#-------------------------------------------------------------------------------------------
  i_reset         -       -     F     (arrival)      119 220.0     0     0     500    (-,-) 
  g1583/Y         -       A->Y  R     CLKINVX4LVT     40  66.6   239   137     637    (-,-) 
  xs_reg[10][1]/D -       -     R     DFFTRXL         40     -     -     0     637    (-,-) 
#-------------------------------------------------------------------------------------------



Path 40: MET (340 ps) Setup Check with Pin out_sr_reg[2][15]/CK->D
          Group: clock
     Startpoint: (R) cnt_reg[0]/CK
          Clock: (R) clock
       Endpoint: (R) out_sr_reg[2][15]/D
          Clock: (R) clock

                     Capture       Launch     
        Clock Edge:+    1200            0     
       Src Latency:+       0            0     
       Net Latency:+       0 (I)        0 (I) 
           Arrival:=    1200            0     
                                              
             Setup:-     121                  
     Required Time:=    1079                  
      Launch Clock:-       0                  
         Data Path:-     739                  
             Slack:=     340                  

#---------------------------------------------------------------------------------------------
#    Timing Point     Flags   Arc   Edge    Cell     Fanout Load Trans Delay Arrival Instance 
#                                                           (fF)  (ps)  (ps)   (ps)  Location 
#---------------------------------------------------------------------------------------------
  cnt_reg[0]/CK       -       -     R     (arrival)      55    -     0     0       0    (-,-) 
  cnt_reg[0]/Q        -       CK->Q R     DFFHQX1LVT      5 10.4   154   188     188    (-,-) 
  g1865/Y             -       A->Y  F     INVX1LVT        1  3.7    87   114     302    (-,-) 
  g1864__8246/Y       -       A->Y  F     OR2X6LVT       49 91.1   275   246     548    (-,-) 
  g1788__3680/Y       -       S0->Y R     MX2X1LVT        1  3.1    56   191     739    (-,-) 
  out_sr_reg[2][15]/D -       -     R     DFFTRXLLVT      1    -     -     0     739    (-,-) 
#---------------------------------------------------------------------------------------------



Path 41: MET (340 ps) Setup Check with Pin out_sr_reg[2][14]/CK->D
          Group: clock
     Startpoint: (R) cnt_reg[0]/CK
          Clock: (R) clock
       Endpoint: (R) out_sr_reg[2][14]/D
          Clock: (R) clock

                     Capture       Launch     
        Clock Edge:+    1200            0     
       Src Latency:+       0            0     
       Net Latency:+       0 (I)        0 (I) 
           Arrival:=    1200            0     
                                              
             Setup:-     121                  
     Required Time:=    1079                  
      Launch Clock:-       0                  
         Data Path:-     739                  
             Slack:=     340                  

#---------------------------------------------------------------------------------------------
#    Timing Point     Flags   Arc   Edge    Cell     Fanout Load Trans Delay Arrival Instance 
#                                                           (fF)  (ps)  (ps)   (ps)  Location 
#---------------------------------------------------------------------------------------------
  cnt_reg[0]/CK       -       -     R     (arrival)      55    -     0     0       0    (-,-) 
  cnt_reg[0]/Q        -       CK->Q R     DFFHQX1LVT      5 10.4   154   188     188    (-,-) 
  g1865/Y             -       A->Y  F     INVX1LVT        1  3.7    87   114     302    (-,-) 
  g1864__8246/Y       -       A->Y  F     OR2X6LVT       49 91.1   275   246     548    (-,-) 
  g1787__6783/Y       -       S0->Y R     MX2X1LVT        1  3.1    56   191     739    (-,-) 
  out_sr_reg[2][14]/D -       -     R     DFFTRXLLVT      1    -     -     0     739    (-,-) 
#---------------------------------------------------------------------------------------------



Path 42: MET (340 ps) Setup Check with Pin out_sr_reg[2][13]/CK->D
          Group: clock
     Startpoint: (R) cnt_reg[0]/CK
          Clock: (R) clock
       Endpoint: (R) out_sr_reg[2][13]/D
          Clock: (R) clock

                     Capture       Launch     
        Clock Edge:+    1200            0     
       Src Latency:+       0            0     
       Net Latency:+       0 (I)        0 (I) 
           Arrival:=    1200            0     
                                              
             Setup:-     121                  
     Required Time:=    1079                  
      Launch Clock:-       0                  
         Data Path:-     739                  
             Slack:=     340                  

#---------------------------------------------------------------------------------------------
#    Timing Point     Flags   Arc   Edge    Cell     Fanout Load Trans Delay Arrival Instance 
#                                                           (fF)  (ps)  (ps)   (ps)  Location 
#---------------------------------------------------------------------------------------------
  cnt_reg[0]/CK       -       -     R     (arrival)      55    -     0     0       0    (-,-) 
  cnt_reg[0]/Q        -       CK->Q R     DFFHQX1LVT      5 10.4   154   188     188    (-,-) 
  g1865/Y             -       A->Y  F     INVX1LVT        1  3.7    87   114     302    (-,-) 
  g1864__8246/Y       -       A->Y  F     OR2X6LVT       49 91.1   275   246     548    (-,-) 
  g1790__2802/Y       -       S0->Y R     MX2X1LVT        1  3.1    56   191     739    (-,-) 
  out_sr_reg[2][13]/D -       -     R     DFFTRXLLVT      1    -     -     0     739    (-,-) 
#---------------------------------------------------------------------------------------------



Path 43: MET (340 ps) Setup Check with Pin out_sr_reg[2][12]/CK->D
          Group: clock
     Startpoint: (R) cnt_reg[0]/CK
          Clock: (R) clock
       Endpoint: (R) out_sr_reg[2][12]/D
          Clock: (R) clock

                     Capture       Launch     
        Clock Edge:+    1200            0     
       Src Latency:+       0            0     
       Net Latency:+       0 (I)        0 (I) 
           Arrival:=    1200            0     
                                              
             Setup:-     121                  
     Required Time:=    1079                  
      Launch Clock:-       0                  
         Data Path:-     739                  
             Slack:=     340                  

#---------------------------------------------------------------------------------------------
#    Timing Point     Flags   Arc   Edge    Cell     Fanout Load Trans Delay Arrival Instance 
#                                                           (fF)  (ps)  (ps)   (ps)  Location 
#---------------------------------------------------------------------------------------------
  cnt_reg[0]/CK       -       -     R     (arrival)      55    -     0     0       0    (-,-) 
  cnt_reg[0]/Q        -       CK->Q R     DFFHQX1LVT      5 10.4   154   188     188    (-,-) 
  g1865/Y             -       A->Y  F     INVX1LVT        1  3.7    87   114     302    (-,-) 
  g1864__8246/Y       -       A->Y  F     OR2X6LVT       49 91.1   275   246     548    (-,-) 
  g1801__9315/Y       -       S0->Y R     MX2X1LVT        1  3.1    56   191     739    (-,-) 
  out_sr_reg[2][12]/D -       -     R     DFFTRXLLVT      1    -     -     0     739    (-,-) 
#---------------------------------------------------------------------------------------------



Path 44: MET (340 ps) Setup Check with Pin out_sr_reg[2][11]/CK->D
          Group: clock
     Startpoint: (R) cnt_reg[0]/CK
          Clock: (R) clock
       Endpoint: (R) out_sr_reg[2][11]/D
          Clock: (R) clock

                     Capture       Launch     
        Clock Edge:+    1200            0     
       Src Latency:+       0            0     
       Net Latency:+       0 (I)        0 (I) 
           Arrival:=    1200            0     
                                              
             Setup:-     121                  
     Required Time:=    1079                  
      Launch Clock:-       0                  
         Data Path:-     739                  
             Slack:=     340                  

#---------------------------------------------------------------------------------------------
#    Timing Point     Flags   Arc   Edge    Cell     Fanout Load Trans Delay Arrival Instance 
#                                                           (fF)  (ps)  (ps)   (ps)  Location 
#---------------------------------------------------------------------------------------------
  cnt_reg[0]/CK       -       -     R     (arrival)      55    -     0     0       0    (-,-) 
  cnt_reg[0]/Q        -       CK->Q R     DFFHQX1LVT      5 10.4   154   188     188    (-,-) 
  g1865/Y             -       A->Y  F     INVX1LVT        1  3.7    87   114     302    (-,-) 
  g1864__8246/Y       -       A->Y  F     OR2X6LVT       49 91.1   275   246     548    (-,-) 
  g1800__6161/Y       -       S0->Y R     MX2X1LVT        1  3.1    56   191     739    (-,-) 
  out_sr_reg[2][11]/D -       -     R     DFFTRXLLVT      1    -     -     0     739    (-,-) 
#---------------------------------------------------------------------------------------------



Path 45: MET (340 ps) Setup Check with Pin out_sr_reg[2][10]/CK->D
          Group: clock
     Startpoint: (R) cnt_reg[0]/CK
          Clock: (R) clock
       Endpoint: (R) out_sr_reg[2][10]/D
          Clock: (R) clock

                     Capture       Launch     
        Clock Edge:+    1200            0     
       Src Latency:+       0            0     
       Net Latency:+       0 (I)        0 (I) 
           Arrival:=    1200            0     
                                              
             Setup:-     121                  
     Required Time:=    1079                  
      Launch Clock:-       0                  
         Data Path:-     739                  
             Slack:=     340                  

#---------------------------------------------------------------------------------------------
#    Timing Point     Flags   Arc   Edge    Cell     Fanout Load Trans Delay Arrival Instance 
#                                                           (fF)  (ps)  (ps)   (ps)  Location 
#---------------------------------------------------------------------------------------------
  cnt_reg[0]/CK       -       -     R     (arrival)      55    -     0     0       0    (-,-) 
  cnt_reg[0]/Q        -       CK->Q R     DFFHQX1LVT      5 10.4   154   188     188    (-,-) 
  g1865/Y             -       A->Y  F     INVX1LVT        1  3.7    87   114     302    (-,-) 
  g1864__8246/Y       -       A->Y  F     OR2X6LVT       49 91.1   275   246     548    (-,-) 
  g1799__4733/Y       -       S0->Y R     MX2X1LVT        1  3.1    56   191     739    (-,-) 
  out_sr_reg[2][10]/D -       -     R     DFFTRXLLVT      1    -     -     0     739    (-,-) 
#---------------------------------------------------------------------------------------------



Path 46: MET (340 ps) Setup Check with Pin out_sr_reg[2][9]/CK->D
          Group: clock
     Startpoint: (R) cnt_reg[0]/CK
          Clock: (R) clock
       Endpoint: (R) out_sr_reg[2][9]/D
          Clock: (R) clock

                     Capture       Launch     
        Clock Edge:+    1200            0     
       Src Latency:+       0            0     
       Net Latency:+       0 (I)        0 (I) 
           Arrival:=    1200            0     
                                              
             Setup:-     121                  
     Required Time:=    1079                  
      Launch Clock:-       0                  
         Data Path:-     739                  
             Slack:=     340                  

#--------------------------------------------------------------------------------------------
#   Timing Point     Flags   Arc   Edge    Cell     Fanout Load Trans Delay Arrival Instance 
#                                                          (fF)  (ps)  (ps)   (ps)  Location 
#--------------------------------------------------------------------------------------------
  cnt_reg[0]/CK      -       -     R     (arrival)      55    -     0     0       0    (-,-) 
  cnt_reg[0]/Q       -       CK->Q R     DFFHQX1LVT      5 10.4   154   188     188    (-,-) 
  g1865/Y            -       A->Y  F     INVX1LVT        1  3.7    87   114     302    (-,-) 
  g1864__8246/Y      -       A->Y  F     OR2X6LVT       49 91.1   275   246     548    (-,-) 
  g1794__7098/Y      -       S0->Y R     MX2X1LVT        1  3.1    56   191     739    (-,-) 
  out_sr_reg[2][9]/D -       -     R     DFFTRXLLVT      1    -     -     0     739    (-,-) 
#--------------------------------------------------------------------------------------------



Path 47: MET (340 ps) Setup Check with Pin out_sr_reg[2][8]/CK->D
          Group: clock
     Startpoint: (R) cnt_reg[0]/CK
          Clock: (R) clock
       Endpoint: (R) out_sr_reg[2][8]/D
          Clock: (R) clock

                     Capture       Launch     
        Clock Edge:+    1200            0     
       Src Latency:+       0            0     
       Net Latency:+       0 (I)        0 (I) 
           Arrival:=    1200            0     
                                              
             Setup:-     121                  
     Required Time:=    1079                  
      Launch Clock:-       0                  
         Data Path:-     739                  
             Slack:=     340                  

#--------------------------------------------------------------------------------------------
#   Timing Point     Flags   Arc   Edge    Cell     Fanout Load Trans Delay Arrival Instance 
#                                                          (fF)  (ps)  (ps)   (ps)  Location 
#--------------------------------------------------------------------------------------------
  cnt_reg[0]/CK      -       -     R     (arrival)      55    -     0     0       0    (-,-) 
  cnt_reg[0]/Q       -       CK->Q R     DFFHQX1LVT      5 10.4   154   188     188    (-,-) 
  g1865/Y            -       A->Y  F     INVX1LVT        1  3.7    87   114     302    (-,-) 
  g1864__8246/Y      -       A->Y  F     OR2X6LVT       49 91.1   275   246     548    (-,-) 
  g1797__5115/Y      -       S0->Y R     MX2X1LVT        1  3.1    56   191     739    (-,-) 
  out_sr_reg[2][8]/D -       -     R     DFFTRXLLVT      1    -     -     0     739    (-,-) 
#--------------------------------------------------------------------------------------------



Path 48: MET (340 ps) Setup Check with Pin out_sr_reg[1][15]/CK->D
          Group: clock
     Startpoint: (R) cnt_reg[0]/CK
          Clock: (R) clock
       Endpoint: (R) out_sr_reg[1][15]/D
          Clock: (R) clock

                     Capture       Launch     
        Clock Edge:+    1200            0     
       Src Latency:+       0            0     
       Net Latency:+       0 (I)        0 (I) 
           Arrival:=    1200            0     
                                              
             Setup:-     121                  
     Required Time:=    1079                  
      Launch Clock:-       0                  
         Data Path:-     739                  
             Slack:=     340                  

#---------------------------------------------------------------------------------------------
#    Timing Point     Flags   Arc   Edge    Cell     Fanout Load Trans Delay Arrival Instance 
#                                                           (fF)  (ps)  (ps)   (ps)  Location 
#---------------------------------------------------------------------------------------------
  cnt_reg[0]/CK       -       -     R     (arrival)      55    -     0     0       0    (-,-) 
  cnt_reg[0]/Q        -       CK->Q R     DFFHQX1LVT      5 10.4   154   188     188    (-,-) 
  g1865/Y             -       A->Y  F     INVX1LVT        1  3.7    87   114     302    (-,-) 
  g1864__8246/Y       -       A->Y  F     OR2X6LVT       49 91.1   275   246     548    (-,-) 
  g1754__7482/Y       -       S0->Y R     MX2X1LVT        1  3.1    56   191     739    (-,-) 
  out_sr_reg[1][15]/D -       -     R     DFFTRXLLVT      1    -     -     0     739    (-,-) 
#---------------------------------------------------------------------------------------------



Path 49: MET (340 ps) Setup Check with Pin out_sr_reg[1][14]/CK->D
          Group: clock
     Startpoint: (R) cnt_reg[0]/CK
          Clock: (R) clock
       Endpoint: (R) out_sr_reg[1][14]/D
          Clock: (R) clock

                     Capture       Launch     
        Clock Edge:+    1200            0     
       Src Latency:+       0            0     
       Net Latency:+       0 (I)        0 (I) 
           Arrival:=    1200            0     
                                              
             Setup:-     121                  
     Required Time:=    1079                  
      Launch Clock:-       0                  
         Data Path:-     739                  
             Slack:=     340                  

#---------------------------------------------------------------------------------------------
#    Timing Point     Flags   Arc   Edge    Cell     Fanout Load Trans Delay Arrival Instance 
#                                                           (fF)  (ps)  (ps)   (ps)  Location 
#---------------------------------------------------------------------------------------------
  cnt_reg[0]/CK       -       -     R     (arrival)      55    -     0     0       0    (-,-) 
  cnt_reg[0]/Q        -       CK->Q R     DFFHQX1LVT      5 10.4   154   188     188    (-,-) 
  g1865/Y             -       A->Y  F     INVX1LVT        1  3.7    87   114     302    (-,-) 
  g1864__8246/Y       -       A->Y  F     OR2X6LVT       49 91.1   275   246     548    (-,-) 
  g1757__9315/Y       -       S0->Y R     MX2X1LVT        1  3.1    56   191     739    (-,-) 
  out_sr_reg[1][14]/D -       -     R     DFFTRXLLVT      1    -     -     0     739    (-,-) 
#---------------------------------------------------------------------------------------------



Path 50: MET (340 ps) Setup Check with Pin out_sr_reg[1][13]/CK->D
          Group: clock
     Startpoint: (R) cnt_reg[0]/CK
          Clock: (R) clock
       Endpoint: (R) out_sr_reg[1][13]/D
          Clock: (R) clock

                     Capture       Launch     
        Clock Edge:+    1200            0     
       Src Latency:+       0            0     
       Net Latency:+       0 (I)        0 (I) 
           Arrival:=    1200            0     
                                              
             Setup:-     121                  
     Required Time:=    1079                  
      Launch Clock:-       0                  
         Data Path:-     739                  
             Slack:=     340                  

#---------------------------------------------------------------------------------------------
#    Timing Point     Flags   Arc   Edge    Cell     Fanout Load Trans Delay Arrival Instance 
#                                                           (fF)  (ps)  (ps)   (ps)  Location 
#---------------------------------------------------------------------------------------------
  cnt_reg[0]/CK       -       -     R     (arrival)      55    -     0     0       0    (-,-) 
  cnt_reg[0]/Q        -       CK->Q R     DFFHQX1LVT      5 10.4   154   188     188    (-,-) 
  g1865/Y             -       A->Y  F     INVX1LVT        1  3.7    87   114     302    (-,-) 
  g1864__8246/Y       -       A->Y  F     OR2X6LVT       49 91.1   275   246     548    (-,-) 
  g1756__6161/Y       -       S0->Y R     MX2X1LVT        1  3.1    56   191     739    (-,-) 
  out_sr_reg[1][13]/D -       -     R     DFFTRXLLVT      1    -     -     0     739    (-,-) 
#---------------------------------------------------------------------------------------------

