============================================================
  Generated by:           Genus(TM) Synthesis Solution 23.10-p004_1
  Generated on:           Oct 08 2026  10:03:58 pm
  Module:                 fir_serial_parallel
  Technology libraries:   slow_vdd1v0 1.0
                          physical_cells 
                          slow_vdd1v0 1.0
                          physical_cells 
  Operating conditions:   PVT_0P9V_125C 
  Interconnect mode:      global
  Area mode:              physical library
============================================================

                                      Leakage  
     Gate       Instances    Area   Power (nW)     Library    
--------------------------------------------------------------
ADDFX1LVT             446  2287.980    233.954    slow_vdd1v0 
ADDHX1LVT              20    75.240     12.142    slow_vdd1v0 
AND2X1LVT               2     2.736      0.394    slow_vdd1v0 
AOI21X1LVT              8    13.680      1.737    slow_vdd1v0 
CLKINVX4LVT             1     1.710      0.525    slow_vdd1v0 
CLKINVX6LVT             1     2.394      0.846    slow_vdd1v0 
CLKXOR2X1LVT            6    16.416      2.163    slow_vdd1v0 
DFFHQX1LVT             80   437.760     52.833    slow_vdd1v0 
DFFHQX8LVT              3    27.702      5.853    slow_vdd1v0 
DFFQX4LVT              55   395.010     58.889    slow_vdd1v0 
DFFTRX2LVT             22   180.576     24.151    slow_vdd1v0 
DFFTRXLLVT             18   141.588     11.455    slow_vdd1v0 
INVX1                  17    11.628      0.340    slow_vdd1v0 
INVX1LVT              170   116.280     21.675    slow_vdd1v0 
INVX2                   1     1.026      0.041    slow_vdd1v0 
INVX2LVT                1     1.026      0.247    slow_vdd1v0 
INVX3                   1     1.368      0.066    slow_vdd1v0 
MX2X1LVT               15    35.910      4.490    slow_vdd1v0 
MXI2XLLVT              26    62.244      4.549    slow_vdd1v0 
NAND2BX1LVT             2     2.736      0.400    slow_vdd1v0 
NAND2X1LVT              1     1.026      0.191    slow_vdd1v0 
NOR2BX1                 7     9.576      0.233    slow_vdd1v0 
NOR2BX1LVT             80   109.440     23.163    slow_vdd1v0 
NOR2X1LVT              38    38.988      7.047    slow_vdd1v0 
NOR3X1LVT               1     1.710      0.175    slow_vdd1v0 
OAI21X1LVT              6    10.260      1.192    slow_vdd1v0 
OAI22X1LVT              5    10.260      1.009    slow_vdd1v0 
OAI2BB1X1LVT            7    11.970      1.486    slow_vdd1v0 
OR2X1LVT                4     5.472      0.796    slow_vdd1v0 
OR2X8LVT                1     4.446      1.429    slow_vdd1v0 
TLATNTSCAX2HVT          5    32.490      0.403    slow_vdd1v0 
XNOR2X1LVT             10    23.940      3.688    slow_vdd1v0 
--------------------------------------------------------------
total                1060  4074.588    477.563                


                                                         Leakage  Leakage 
            Type             Instances   Area   Area % Power (nW) Power % 
--------------------------------------------------------------------------
sequential                         178 1182.636   29.0    153.181    32.1 
inverter                           192  135.432    3.3     23.739     5.0 
clock_gating_integrated_cell         5   32.490    0.8      0.403     0.1 
logic                              685 2724.030   66.9    300.239    62.9 
physical_cells                       0    0.000    0.0      0.000     0.0 
--------------------------------------------------------------------------
total                             1060 4074.588  100.0    477.563   100.0 

