============================================================
  Generated by:           Genus(TM) Synthesis Solution 23.10-p004_1
  Generated on:           Oct 08 2026  10:03:58 pm
  Module:                 fir_serial_parallel
  Technology libraries:   slow_vdd1v0 1.0
                          physical_cells 
                          slow_vdd1v0 1.0
                          physical_cells 
  Operating conditions:   PVT_0P9V_125C 
  Interconnect mode:      global
  Area mode:              physical library
============================================================

Timing
--------

Clock Period 
-------------
clock 1200.0 


         Cost           Critical         Violating 
        Group          Path Slack  TNS     Paths   
---------------------------------------------------
cg_enable_group_clock       256.0   0.0          0 
clock                       113.5   0.0          0 
default                  No paths   0.0            
---------------------------------------------------
Total                               0.0          0 

Instance Count
--------------
Leaf Instance Count             1060 
Physical Instance count            0 
Sequential Instance Count        183 
Combinational Instance Count     877 
Hierarchical Instance Count        5 

Area
----
Cell Area                          4074.588
Physical Cell Area                 0.000
Total Cell Area (Cell+Physical)    4074.588
Net Area                           1420.442
Total Area (Cell+Physical+Net)     5495.030

Runtime                            0.0 seconds
Elapsed Runtime                    101 seconds
Genus peak memory usage            2058.29 
Innovus peak memory usage          no_value 
Hostname                           fiubarh01
