============================================================
  Generated by:           Genus(TM) Synthesis Solution 23.10-p004_1
  Generated on:           Oct 08 2026  10:03:58 pm
  Module:                 fir_serial_parallel
  Operating conditions:   PVT_0P9V_125C 
  Interconnect mode:      global
  Area mode:              physical library
============================================================


Path 1: MET (114 ps) Setup Check with Pin out_sr_reg[0][15]/CK->D
          Group: clock
     Startpoint: (R) cnt_reg[0]/CK
          Clock: (R) clock
       Endpoint: (R) out_sr_reg[0][15]/D
          Clock: (R) clock

                     Capture       Launch     
        Clock Edge:+    1200            0     
       Src Latency:+       0            0     
       Net Latency:+       0 (I)        0 (I) 
           Arrival:=    1200            0     
                                              
             Setup:-     108                  
     Required Time:=    1092                  
      Launch Clock:-       0                  
         Data Path:-     979                  
             Slack:=     114                  

#---------------------------------------------------------------------------------------------
#    Timing Point     Flags   Arc   Edge    Cell     Fanout Load Trans Delay Arrival Instance 
#                                                           (fF)  (ps)  (ps)   (ps)  Location 
#---------------------------------------------------------------------------------------------
  cnt_reg[0]/CK       -       -     R     (arrival)      55    -     0     0       0    (-,-) 
  cnt_reg[0]/Q        -       CK->Q R     DFFHQX1LVT      5 10.4   154   188     188    (-,-) 
  g1865/Y             -       A->Y  F     INVX1LVT        1  3.7    87   114     302    (-,-) 
  g1864__8246/Y       -       A->Y  F     OR2X8LVT       42 78.3   188   210     511    (-,-) 
  g1544__6417/Y       -       B->Y  R     NOR2BX1         1  3.3   188   205     716    (-,-) 
  g1472__7482/Y       -       B0->Y F     AOI21X1LVT      1  3.3   155   128     845    (-,-) 
  g1403__6260/Y       -       B->Y  R     NOR2X1LVT       1  3.2   124   134     979    (-,-) 
  out_sr_reg[0][15]/D -       -     R     DFFHQX1LVT      1    -     -     0     979    (-,-) 
#---------------------------------------------------------------------------------------------



Path 2: MET (114 ps) Setup Check with Pin out_sr_reg[0][14]/CK->D
          Group: clock
     Startpoint: (R) cnt_reg[0]/CK
          Clock: (R) clock
       Endpoint: (R) out_sr_reg[0][14]/D
          Clock: (R) clock

                     Capture       Launch     
        Clock Edge:+    1200            0     
       Src Latency:+       0            0     
       Net Latency:+       0 (I)        0 (I) 
           Arrival:=    1200            0     
                                              
             Setup:-     108                  
     Required Time:=    1092                  
      Launch Clock:-       0                  
         Data Path:-     979                  
             Slack:=     114                  

#---------------------------------------------------------------------------------------------
#    Timing Point     Flags   Arc   Edge    Cell     Fanout Load Trans Delay Arrival Instance 
#                                                           (fF)  (ps)  (ps)   (ps)  Location 
#---------------------------------------------------------------------------------------------
  cnt_reg[0]/CK       -       -     R     (arrival)      55    -     0     0       0    (-,-) 
  cnt_reg[0]/Q        -       CK->Q R     DFFHQX1LVT      5 10.4   154   188     188    (-,-) 
  g1865/Y             -       A->Y  F     INVX1LVT        1  3.7    87   114     302    (-,-) 
  g1864__8246/Y       -       A->Y  F     OR2X8LVT       42 78.3   188   210     511    (-,-) 
  g1579__5526/Y       -       B->Y  R     NOR2BX1         1  3.3   188   205     716    (-,-) 
  g1471__5115/Y       -       B0->Y F     AOI21X1LVT      1  3.3   155   128     845    (-,-) 
  g1402__5107/Y       -       B->Y  R     NOR2X1LVT       1  3.2   124   134     979    (-,-) 
  out_sr_reg[0][14]/D -       -     R     DFFHQX1LVT      1    -     -     0     979    (-,-) 
#---------------------------------------------------------------------------------------------



Path 3: MET (114 ps) Setup Check with Pin out_sr_reg[0][13]/CK->D
          Group: clock
     Startpoint: (R) cnt_reg[0]/CK
          Clock: (R) clock
       Endpoint: (R) out_sr_reg[0][13]/D
          Clock: (R) clock

                     Capture       Launch     
        Clock Edge:+    1200            0     
       Src Latency:+       0            0     
       Net Latency:+       0 (I)        0 (I) 
           Arrival:=    1200            0     
                                              
             Setup:-     108                  
     Required Time:=    1092                  
      Launch Clock:-       0                  
         Data Path:-     979                  
             Slack:=     114                  

#---------------------------------------------------------------------------------------------
#    Timing Point     Flags   Arc   Edge    Cell     Fanout Load Trans Delay Arrival Instance 
#                                                           (fF)  (ps)  (ps)   (ps)  Location 
#---------------------------------------------------------------------------------------------
  cnt_reg[0]/CK       -       -     R     (arrival)      55    -     0     0       0    (-,-) 
  cnt_reg[0]/Q        -       CK->Q R     DFFHQX1LVT      5 10.4   154   188     188    (-,-) 
  g1865/Y             -       A->Y  F     INVX1LVT        1  3.7    87   114     302    (-,-) 
  g1864__8246/Y       -       A->Y  F     OR2X8LVT       42 78.3   188   210     511    (-,-) 
  g1578__8428/Y       -       B->Y  R     NOR2BX1         1  3.3   188   205     716    (-,-) 
  g1470__1881/Y       -       B0->Y F     AOI21X1LVT      1  3.3   155   128     845    (-,-) 
  g1401__2398/Y       -       B->Y  R     NOR2X1LVT       1  3.2   124   134     979    (-,-) 
  out_sr_reg[0][13]/D -       -     R     DFFHQX1LVT      1    -     -     0     979    (-,-) 
#---------------------------------------------------------------------------------------------



Path 4: MET (114 ps) Setup Check with Pin out_sr_reg[0][12]/CK->D
          Group: clock
     Startpoint: (R) cnt_reg[0]/CK
          Clock: (R) clock
       Endpoint: (R) out_sr_reg[0][12]/D
          Clock: (R) clock

                     Capture       Launch     
        Clock Edge:+    1200            0     
       Src Latency:+       0            0     
       Net Latency:+       0 (I)        0 (I) 
           Arrival:=    1200            0     
                                              
             Setup:-     108                  
     Required Time:=    1092                  
      Launch Clock:-       0                  
         Data Path:-     979                  
             Slack:=     114                  

#---------------------------------------------------------------------------------------------
#    Timing Point     Flags   Arc   Edge    Cell     Fanout Load Trans Delay Arrival Instance 
#                                                           (fF)  (ps)  (ps)   (ps)  Location 
#---------------------------------------------------------------------------------------------
  cnt_reg[0]/CK       -       -     R     (arrival)      55    -     0     0       0    (-,-) 
  cnt_reg[0]/Q        -       CK->Q R     DFFHQX1LVT      5 10.4   154   188     188    (-,-) 
  g1865/Y             -       A->Y  F     INVX1LVT        1  3.7    87   114     302    (-,-) 
  g1864__8246/Y       -       A->Y  F     OR2X8LVT       42 78.3   188   210     511    (-,-) 
  g1577__4319/Y       -       B->Y  R     NOR2BX1         1  3.3   188   205     716    (-,-) 
  g1469__6131/Y       -       B0->Y F     AOI21X1LVT      1  3.3   155   128     845    (-,-) 
  g1399__6417/Y       -       B->Y  R     NOR2X1LVT       1  3.2   124   134     979    (-,-) 
  out_sr_reg[0][12]/D -       -     R     DFFHQX1LVT      1    -     -     0     979    (-,-) 
#---------------------------------------------------------------------------------------------



Path 5: MET (114 ps) Setup Check with Pin out_sr_reg[0][11]/CK->D
          Group: clock
     Startpoint: (R) cnt_reg[0]/CK
          Clock: (R) clock
       Endpoint: (R) out_sr_reg[0][11]/D
          Clock: (R) clock

                     Capture       Launch     
        Clock Edge:+    1200            0     
       Src Latency:+       0            0     
       Net Latency:+       0 (I)        0 (I) 
           Arrival:=    1200            0     
                                              
             Setup:-     108                  
     Required Time:=    1092                  
      Launch Clock:-       0                  
         Data Path:-     979                  
             Slack:=     114                  

#---------------------------------------------------------------------------------------------
#    Timing Point     Flags   Arc   Edge    Cell     Fanout Load Trans Delay Arrival Instance 
#                                                           (fF)  (ps)  (ps)   (ps)  Location 
#---------------------------------------------------------------------------------------------
  cnt_reg[0]/CK       -       -     R     (arrival)      55    -     0     0       0    (-,-) 
  cnt_reg[0]/Q        -       CK->Q R     DFFHQX1LVT      5 10.4   154   188     188    (-,-) 
  g1865/Y             -       A->Y  F     INVX1LVT        1  3.7    87   114     302    (-,-) 
  g1864__8246/Y       -       A->Y  F     OR2X8LVT       42 78.3   188   210     511    (-,-) 
  g1576__6260/Y       -       B->Y  R     NOR2BX1         1  3.3   188   205     716    (-,-) 
  g1468__7098/Y       -       B0->Y F     AOI21X1LVT      1  3.3   155   128     845    (-,-) 
  g1398__7410/Y       -       B->Y  R     NOR2X1LVT       1  3.2   124   134     979    (-,-) 
  out_sr_reg[0][11]/D -       -     R     DFFHQX1LVT      1    -     -     0     979    (-,-) 
#---------------------------------------------------------------------------------------------



Path 6: MET (114 ps) Setup Check with Pin out_sr_reg[0][10]/CK->D
          Group: clock
     Startpoint: (R) cnt_reg[0]/CK
          Clock: (R) clock
       Endpoint: (R) out_sr_reg[0][10]/D
          Clock: (R) clock

                     Capture       Launch     
        Clock Edge:+    1200            0     
       Src Latency:+       0            0     
       Net Latency:+       0 (I)        0 (I) 
           Arrival:=    1200            0     
                                              
             Setup:-     108                  
     Required Time:=    1092                  
      Launch Clock:-       0                  
         Data Path:-     979                  
             Slack:=     114                  

#---------------------------------------------------------------------------------------------
#    Timing Point     Flags   Arc   Edge    Cell     Fanout Load Trans Delay Arrival Instance 
#                                                           (fF)  (ps)  (ps)   (ps)  Location 
#---------------------------------------------------------------------------------------------
  cnt_reg[0]/CK       -       -     R     (arrival)      55    -     0     0       0    (-,-) 
  cnt_reg[0]/Q        -       CK->Q R     DFFHQX1LVT      5 10.4   154   188     188    (-,-) 
  g1865/Y             -       A->Y  F     INVX1LVT        1  3.7    87   114     302    (-,-) 
  g1864__8246/Y       -       A->Y  F     OR2X8LVT       42 78.3   188   210     511    (-,-) 
  g1575__5107/Y       -       B->Y  R     NOR2BX1         1  3.3   188   205     716    (-,-) 
  g1467__8246/Y       -       B0->Y F     AOI21X1LVT      1  3.3   155   128     845    (-,-) 
  g1396__2346/Y       -       B->Y  R     NOR2X1LVT       1  3.2   124   134     979    (-,-) 
  out_sr_reg[0][10]/D -       -     R     DFFHQX1LVT      1    -     -     0     979    (-,-) 
#---------------------------------------------------------------------------------------------



Path 7: MET (114 ps) Setup Check with Pin out_sr_reg[0][9]/CK->D
          Group: clock
     Startpoint: (R) cnt_reg[0]/CK
          Clock: (R) clock
       Endpoint: (R) out_sr_reg[0][9]/D
          Clock: (R) clock

                     Capture       Launch     
        Clock Edge:+    1200            0     
       Src Latency:+       0            0     
       Net Latency:+       0 (I)        0 (I) 
           Arrival:=    1200            0     
                                              
             Setup:-     108                  
     Required Time:=    1092                  
      Launch Clock:-       0                  
         Data Path:-     979                  
             Slack:=     114                  

#--------------------------------------------------------------------------------------------
#   Timing Point     Flags   Arc   Edge    Cell     Fanout Load Trans Delay Arrival Instance 
#                                                          (fF)  (ps)  (ps)   (ps)  Location 
#--------------------------------------------------------------------------------------------
  cnt_reg[0]/CK      -       -     R     (arrival)      55    -     0     0       0    (-,-) 
  cnt_reg[0]/Q       -       CK->Q R     DFFHQX1LVT      5 10.4   154   188     188    (-,-) 
  g1865/Y            -       A->Y  F     INVX1LVT        1  3.7    87   114     302    (-,-) 
  g1864__8246/Y      -       A->Y  F     OR2X8LVT       42 78.3   188   210     511    (-,-) 
  g1562__5115/Y      -       B->Y  R     NOR2BX1         1  3.3   188   205     716    (-,-) 
  g1466__5122/Y      -       B0->Y F     AOI21X1LVT      1  3.3   155   128     845    (-,-) 
  g1397__1666/Y      -       B->Y  R     NOR2X1LVT       1  3.2   124   134     979    (-,-) 
  out_sr_reg[0][9]/D -       -     R     DFFHQX1LVT      1    -     -     0     979    (-,-) 
#--------------------------------------------------------------------------------------------



Path 8: MET (192 ps) Setup Check with Pin out_sr_reg[0][8]/CK->D
          Group: clock
     Startpoint: (R) cnt_reg[0]/CK
          Clock: (R) clock
       Endpoint: (R) out_sr_reg[0][8]/D
          Clock: (R) clock

                     Capture       Launch     
        Clock Edge:+    1200            0     
       Src Latency:+       0            0     
       Net Latency:+       0 (I)        0 (I) 
           Arrival:=    1200            0     
                                              
             Setup:-     112                  
     Required Time:=    1088                  
      Launch Clock:-       0                  
         Data Path:-     896                  
             Slack:=     192                  

#--------------------------------------------------------------------------------------------
#   Timing Point     Flags   Arc   Edge    Cell     Fanout Load Trans Delay Arrival Instance 
#                                                          (fF)  (ps)  (ps)   (ps)  Location 
#--------------------------------------------------------------------------------------------
  cnt_reg[0]/CK      -       -     R     (arrival)      55    -     0     0       0    (-,-) 
  cnt_reg[0]/Q       -       CK->Q R     DFFHQX1LVT      5 10.4   154   188     188    (-,-) 
  g1865/Y            -       A->Y  F     INVX1LVT        1  3.7    87   114     302    (-,-) 
  g1864__8246/Y      -       A->Y  F     OR2X8LVT       42 78.3   188   210     511    (-,-) 
  g2__3680/Y         -       S0->Y F     MXI2XLLVT       1  3.3   251   208     719    (-,-) 
  g1400__5477/Y      -       B->Y  R     NOR2X1LVT       1  3.2   135   177     896    (-,-) 
  out_sr_reg[0][8]/D -       -     R     DFFHQX1LVT      1    -     -     0     896    (-,-) 
#--------------------------------------------------------------------------------------------



Path 9: MET (192 ps) Setup Check with Pin out_sr_reg[0][7]/CK->D
          Group: clock
     Startpoint: (R) cnt_reg[0]/CK
          Clock: (R) clock
       Endpoint: (R) out_sr_reg[0][7]/D
          Clock: (R) clock

                     Capture       Launch     
        Clock Edge:+    1200            0     
       Src Latency:+       0            0     
       Net Latency:+       0 (I)        0 (I) 
           Arrival:=    1200            0     
                                              
             Setup:-     112                  
     Required Time:=    1088                  
      Launch Clock:-       0                  
         Data Path:-     896                  
             Slack:=     192                  

#--------------------------------------------------------------------------------------------
#   Timing Point     Flags   Arc   Edge    Cell     Fanout Load Trans Delay Arrival Instance 
#                                                          (fF)  (ps)  (ps)   (ps)  Location 
#--------------------------------------------------------------------------------------------
  cnt_reg[0]/CK      -       -     R     (arrival)      55    -     0     0       0    (-,-) 
  cnt_reg[0]/Q       -       CK->Q R     DFFHQX1LVT      5 10.4   154   188     188    (-,-) 
  g1865/Y            -       A->Y  F     INVX1LVT        1  3.7    87   114     302    (-,-) 
  g1864__8246/Y      -       A->Y  F     OR2X8LVT       42 78.3   188   210     511    (-,-) 
  g1464__1705/Y      -       S0->Y F     MXI2XLLVT       1  3.3   251   208     719    (-,-) 
  g1395__2883/Y      -       B->Y  R     NOR2X1LVT       1  3.2   135   177     896    (-,-) 
  out_sr_reg[0][7]/D -       -     R     DFFHQX1LVT      1    -     -     0     896    (-,-) 
#--------------------------------------------------------------------------------------------



Path 10: MET (192 ps) Setup Check with Pin out_sr_reg[0][6]/CK->D
          Group: clock
     Startpoint: (R) cnt_reg[0]/CK
          Clock: (R) clock
       Endpoint: (R) out_sr_reg[0][6]/D
          Clock: (R) clock

                     Capture       Launch     
        Clock Edge:+    1200            0     
       Src Latency:+       0            0     
       Net Latency:+       0 (I)        0 (I) 
           Arrival:=    1200            0     
                                              
             Setup:-     112                  
     Required Time:=    1088                  
      Launch Clock:-       0                  
         Data Path:-     896                  
             Slack:=     192                  

#--------------------------------------------------------------------------------------------
#   Timing Point     Flags   Arc   Edge    Cell     Fanout Load Trans Delay Arrival Instance 
#                                                          (fF)  (ps)  (ps)   (ps)  Location 
#--------------------------------------------------------------------------------------------
  cnt_reg[0]/CK      -       -     R     (arrival)      55    -     0     0       0    (-,-) 
  cnt_reg[0]/Q       -       CK->Q R     DFFHQX1LVT      5 10.4   154   188     188    (-,-) 
  g1865/Y            -       A->Y  F     INVX1LVT        1  3.7    87   114     302    (-,-) 
  g1864__8246/Y      -       A->Y  F     OR2X8LVT       42 78.3   188   210     511    (-,-) 
  g1463__2802/Y      -       S0->Y F     MXI2XLLVT       1  3.3   251   208     719    (-,-) 
  g1394__9945/Y      -       B->Y  R     NOR2X1LVT       1  3.2   135   177     896    (-,-) 
  out_sr_reg[0][6]/D -       -     R     DFFHQX1LVT      1    -     -     0     896    (-,-) 
#--------------------------------------------------------------------------------------------



Path 11: MET (192 ps) Setup Check with Pin out_sr_reg[0][5]/CK->D
          Group: clock
     Startpoint: (R) cnt_reg[0]/CK
          Clock: (R) clock
       Endpoint: (R) out_sr_reg[0][5]/D
          Clock: (R) clock

                     Capture       Launch     
        Clock Edge:+    1200            0     
       Src Latency:+       0            0     
       Net Latency:+       0 (I)        0 (I) 
           Arrival:=    1200            0     
                                              
             Setup:-     112                  
     Required Time:=    1088                  
      Launch Clock:-       0                  
         Data Path:-     896                  
             Slack:=     192                  

#--------------------------------------------------------------------------------------------
#   Timing Point     Flags   Arc   Edge    Cell     Fanout Load Trans Delay Arrival Instance 
#                                                          (fF)  (ps)  (ps)   (ps)  Location 
#--------------------------------------------------------------------------------------------
  cnt_reg[0]/CK      -       -     R     (arrival)      55    -     0     0       0    (-,-) 
  cnt_reg[0]/Q       -       CK->Q R     DFFHQX1LVT      5 10.4   154   188     188    (-,-) 
  g1865/Y            -       A->Y  F     INVX1LVT        1  3.7    87   114     302    (-,-) 
  g1864__8246/Y      -       A->Y  F     OR2X8LVT       42 78.3   188   210     511    (-,-) 
  g1462__1617/Y      -       S0->Y F     MXI2XLLVT       1  3.3   251   208     719    (-,-) 
  g1388__1881/Y      -       B->Y  R     NOR2X1LVT       1  3.2   135   177     896    (-,-) 
  out_sr_reg[0][5]/D -       -     R     DFFHQX1LVT      1    -     -     0     896    (-,-) 
#--------------------------------------------------------------------------------------------



Path 12: MET (192 ps) Setup Check with Pin out_sr_reg[0][4]/CK->D
          Group: clock
     Startpoint: (R) cnt_reg[0]/CK
          Clock: (R) clock
       Endpoint: (R) out_sr_reg[0][4]/D
          Clock: (R) clock

                     Capture       Launch     
        Clock Edge:+    1200            0     
       Src Latency:+       0            0     
       Net Latency:+       0 (I)        0 (I) 
           Arrival:=    1200            0     
                                              
             Setup:-     112                  
     Required Time:=    1088                  
      Launch Clock:-       0                  
         Data Path:-     896                  
             Slack:=     192                  

#--------------------------------------------------------------------------------------------
#   Timing Point     Flags   Arc   Edge    Cell     Fanout Load Trans Delay Arrival Instance 
#                                                          (fF)  (ps)  (ps)   (ps)  Location 
#--------------------------------------------------------------------------------------------
  cnt_reg[0]/CK      -       -     R     (arrival)      55    -     0     0       0    (-,-) 
  cnt_reg[0]/Q       -       CK->Q R     DFFHQX1LVT      5 10.4   154   188     188    (-,-) 
  g1865/Y            -       A->Y  F     INVX1LVT        1  3.7    87   114     302    (-,-) 
  g1864__8246/Y      -       A->Y  F     OR2X8LVT       42 78.3   188   210     511    (-,-) 
  g1461__3680/Y      -       S0->Y F     MXI2XLLVT       1  3.3   251   208     719    (-,-) 
  g1393__9315/Y      -       B->Y  R     NOR2X1LVT       1  3.2   135   177     896    (-,-) 
  out_sr_reg[0][4]/D -       -     R     DFFHQX1LVT      1    -     -     0     896    (-,-) 
#--------------------------------------------------------------------------------------------



Path 13: MET (192 ps) Setup Check with Pin out_sr_reg[0][3]/CK->D
          Group: clock
     Startpoint: (R) cnt_reg[0]/CK
          Clock: (R) clock
       Endpoint: (R) out_sr_reg[0][3]/D
          Clock: (R) clock

                     Capture       Launch     
        Clock Edge:+    1200            0     
       Src Latency:+       0            0     
       Net Latency:+       0 (I)        0 (I) 
           Arrival:=    1200            0     
                                              
             Setup:-     112                  
     Required Time:=    1088                  
      Launch Clock:-       0                  
         Data Path:-     896                  
             Slack:=     192                  

#--------------------------------------------------------------------------------------------
#   Timing Point     Flags   Arc   Edge    Cell     Fanout Load Trans Delay Arrival Instance 
#                                                          (fF)  (ps)  (ps)   (ps)  Location 
#--------------------------------------------------------------------------------------------
  cnt_reg[0]/CK      -       -     R     (arrival)      55    -     0     0       0    (-,-) 
  cnt_reg[0]/Q       -       CK->Q R     DFFHQX1LVT      5 10.4   154   188     188    (-,-) 
  g1865/Y            -       A->Y  F     INVX1LVT        1  3.7    87   114     302    (-,-) 
  g1864__8246/Y      -       A->Y  F     OR2X8LVT       42 78.3   188   210     511    (-,-) 
  g1460__6783/Y      -       S0->Y F     MXI2XLLVT       1  3.3   251   208     719    (-,-) 
  g1391__4733/Y      -       B->Y  R     NOR2X1LVT       1  3.2   135   177     896    (-,-) 
  out_sr_reg[0][3]/D -       -     R     DFFHQX1LVT      1    -     -     0     896    (-,-) 
#--------------------------------------------------------------------------------------------



Path 14: MET (192 ps) Setup Check with Pin out_sr_reg[0][2]/CK->D
          Group: clock
     Startpoint: (R) cnt_reg[0]/CK
          Clock: (R) clock
       Endpoint: (R) out_sr_reg[0][2]/D
          Clock: (R) clock

                     Capture       Launch     
        Clock Edge:+    1200            0     
       Src Latency:+       0            0     
       Net Latency:+       0 (I)        0 (I) 
           Arrival:=    1200            0     
                                              
             Setup:-     112                  
     Required Time:=    1088                  
      Launch Clock:-       0                  
         Data Path:-     896                  
             Slack:=     192                  

#--------------------------------------------------------------------------------------------
#   Timing Point     Flags   Arc   Edge    Cell     Fanout Load Trans Delay Arrival Instance 
#                                                          (fF)  (ps)  (ps)   (ps)  Location 
#--------------------------------------------------------------------------------------------
  cnt_reg[0]/CK      -       -     R     (arrival)      55    -     0     0       0    (-,-) 
  cnt_reg[0]/Q       -       CK->Q R     DFFHQX1LVT      5 10.4   154   188     188    (-,-) 
  g1865/Y            -       A->Y  F     INVX1LVT        1  3.7    87   114     302    (-,-) 
  g1864__8246/Y      -       A->Y  F     OR2X8LVT       42 78.3   188   210     511    (-,-) 
  g1459__5526/Y      -       S0->Y F     MXI2XLLVT       1  3.3   251   208     719    (-,-) 
  g1390__7482/Y      -       B->Y  R     NOR2X1LVT       1  3.2   135   177     896    (-,-) 
  out_sr_reg[0][2]/D -       -     R     DFFHQX1LVT      1    -     -     0     896    (-,-) 
#--------------------------------------------------------------------------------------------



Path 15: MET (192 ps) Setup Check with Pin out_sr_reg[0][1]/CK->D
          Group: clock
     Startpoint: (R) cnt_reg[0]/CK
          Clock: (R) clock
       Endpoint: (R) out_sr_reg[0][1]/D
          Clock: (R) clock

                     Capture       Launch     
        Clock Edge:+    1200            0     
       Src Latency:+       0            0     
       Net Latency:+       0 (I)        0 (I) 
           Arrival:=    1200            0     
                                              
             Setup:-     112                  
     Required Time:=    1088                  
      Launch Clock:-       0                  
         Data Path:-     896                  
             Slack:=     192                  

#--------------------------------------------------------------------------------------------
#   Timing Point     Flags   Arc   Edge    Cell     Fanout Load Trans Delay Arrival Instance 
#                                                          (fF)  (ps)  (ps)   (ps)  Location 
#--------------------------------------------------------------------------------------------
  cnt_reg[0]/CK      -       -     R     (arrival)      55    -     0     0       0    (-,-) 
  cnt_reg[0]/Q       -       CK->Q R     DFFHQX1LVT      5 10.4   154   188     188    (-,-) 
  g1865/Y            -       A->Y  F     INVX1LVT        1  3.7    87   114     302    (-,-) 
  g1864__8246/Y      -       A->Y  F     OR2X8LVT       42 78.3   188   210     511    (-,-) 
  g1458__8428/Y      -       S0->Y F     MXI2XLLVT       1  3.3   251   208     719    (-,-) 
  g1389__5115/Y      -       B->Y  R     NOR2X1LVT       1  3.2   135   177     896    (-,-) 
  out_sr_reg[0][1]/D -       -     R     DFFHQX1LVT      1    -     -     0     896    (-,-) 
#--------------------------------------------------------------------------------------------



Path 16: MET (192 ps) Setup Check with Pin out_sr_reg[0][0]/CK->D
          Group: clock
     Startpoint: (R) cnt_reg[0]/CK
          Clock: (R) clock
       Endpoint: (R) out_sr_reg[0][0]/D
          Clock: (R) clock

                     Capture       Launch     
        Clock Edge:+    1200            0     
       Src Latency:+       0            0     
       Net Latency:+       0 (I)        0 (I) 
           Arrival:=    1200            0     
                                              
             Setup:-     112                  
     Required Time:=    1088                  
      Launch Clock:-       0                  
         Data Path:-     896                  
             Slack:=     192                  

#--------------------------------------------------------------------------------------------
#   Timing Point     Flags   Arc   Edge    Cell     Fanout Load Trans Delay Arrival Instance 
#                                                          (fF)  (ps)  (ps)   (ps)  Location 
#--------------------------------------------------------------------------------------------
  cnt_reg[0]/CK      -       -     R     (arrival)      55    -     0     0       0    (-,-) 
  cnt_reg[0]/Q       -       CK->Q R     DFFHQX1LVT      5 10.4   154   188     188    (-,-) 
  g1865/Y            -       A->Y  F     INVX1LVT        1  3.7    87   114     302    (-,-) 
  g1864__8246/Y      -       A->Y  F     OR2X8LVT       42 78.3   188   210     511    (-,-) 
  g1457__4319/Y      -       S0->Y F     MXI2XLLVT       1  3.3   251   208     719    (-,-) 
  g1392__6161/Y      -       B->Y  R     NOR2X1LVT       1  3.2   135   177     896    (-,-) 
  out_sr_reg[0][0]/D -       -     R     DFFHQX1LVT      1    -     -     0     896    (-,-) 
#--------------------------------------------------------------------------------------------



Path 17: MET (192 ps) Setup Check with Pin out_sr_reg[2][7]/CK->D
          Group: clock
     Startpoint: (R) cnt_reg[0]/CK
          Clock: (R) clock
       Endpoint: (R) out_sr_reg[2][7]/D
          Clock: (R) clock

                     Capture       Launch     
        Clock Edge:+    1200            0     
       Src Latency:+       0            0     
       Net Latency:+       0 (I)        0 (I) 
           Arrival:=    1200            0     
                                              
             Setup:-     112                  
     Required Time:=    1088                  
      Launch Clock:-       0                  
         Data Path:-     896                  
             Slack:=     192                  

#--------------------------------------------------------------------------------------------
#   Timing Point     Flags   Arc   Edge    Cell     Fanout Load Trans Delay Arrival Instance 
#                                                          (fF)  (ps)  (ps)   (ps)  Location 
#--------------------------------------------------------------------------------------------
  cnt_reg[0]/CK      -       -     R     (arrival)      55    -     0     0       0    (-,-) 
  cnt_reg[0]/Q       -       CK->Q R     DFFHQX1LVT      5 10.4   154   188     188    (-,-) 
  g1865/Y            -       A->Y  F     INVX1LVT        1  3.7    87   114     302    (-,-) 
  g1864__8246/Y      -       A->Y  F     OR2X8LVT       42 78.3   188   210     511    (-,-) 
  g1796__1881/Y      -       S0->Y F     MXI2XLLVT       1  3.3   251   208     719    (-,-) 
  g1785__8428/Y      -       B->Y  R     NOR2X1LVT       1  3.2   135   177     896    (-,-) 
  out_sr_reg[2][7]/D -       -     R     DFFHQX1LVT      1    -     -     0     896    (-,-) 
#--------------------------------------------------------------------------------------------



Path 18: MET (192 ps) Setup Check with Pin out_sr_reg[2][6]/CK->D
          Group: clock
     Startpoint: (R) cnt_reg[0]/CK
          Clock: (R) clock
       Endpoint: (R) out_sr_reg[2][6]/D
          Clock: (R) clock

                     Capture       Launch     
        Clock Edge:+    1200            0     
       Src Latency:+       0            0     
       Net Latency:+       0 (I)        0 (I) 
           Arrival:=    1200            0     
                                              
             Setup:-     112                  
     Required Time:=    1088                  
      Launch Clock:-       0                  
         Data Path:-     896                  
             Slack:=     192                  

#--------------------------------------------------------------------------------------------
#   Timing Point     Flags   Arc   Edge    Cell     Fanout Load Trans Delay Arrival Instance 
#                                                          (fF)  (ps)  (ps)   (ps)  Location 
#--------------------------------------------------------------------------------------------
  cnt_reg[0]/CK      -       -     R     (arrival)      55    -     0     0       0    (-,-) 
  cnt_reg[0]/Q       -       CK->Q R     DFFHQX1LVT      5 10.4   154   188     188    (-,-) 
  g1865/Y            -       A->Y  F     INVX1LVT        1  3.7    87   114     302    (-,-) 
  g1864__8246/Y      -       A->Y  F     OR2X8LVT       42 78.3   188   210     511    (-,-) 
  g1795__6131/Y      -       S0->Y F     MXI2XLLVT       1  3.3   251   208     719    (-,-) 
  g1782__5107/Y      -       B->Y  R     NOR2X1LVT       1  3.2   135   177     896    (-,-) 
  out_sr_reg[2][6]/D -       -     R     DFFHQX1LVT      1    -     -     0     896    (-,-) 
#--------------------------------------------------------------------------------------------



Path 19: MET (192 ps) Setup Check with Pin out_sr_reg[2][5]/CK->D
          Group: clock
     Startpoint: (R) cnt_reg[0]/CK
          Clock: (R) clock
       Endpoint: (R) out_sr_reg[2][5]/D
          Clock: (R) clock

                     Capture       Launch     
        Clock Edge:+    1200            0     
       Src Latency:+       0            0     
       Net Latency:+       0 (I)        0 (I) 
           Arrival:=    1200            0     
                                              
             Setup:-     112                  
     Required Time:=    1088                  
      Launch Clock:-       0                  
         Data Path:-     896                  
             Slack:=     192                  

#--------------------------------------------------------------------------------------------
#   Timing Point     Flags   Arc   Edge    Cell     Fanout Load Trans Delay Arrival Instance 
#                                                          (fF)  (ps)  (ps)   (ps)  Location 
#--------------------------------------------------------------------------------------------
  cnt_reg[0]/CK      -       -     R     (arrival)      55    -     0     0       0    (-,-) 
  cnt_reg[0]/Q       -       CK->Q R     DFFHQX1LVT      5 10.4   154   188     188    (-,-) 
  g1865/Y            -       A->Y  F     INVX1LVT        1  3.7    87   114     302    (-,-) 
  g1864__8246/Y      -       A->Y  F     OR2X8LVT       42 78.3   188   210     511    (-,-) 
  g1798__7482/Y      -       S0->Y F     MXI2XLLVT       1  3.3   251   208     719    (-,-) 
  g1783__6260/Y      -       B->Y  R     NOR2X1LVT       1  3.2   135   177     896    (-,-) 
  out_sr_reg[2][5]/D -       -     R     DFFHQX1LVT      1    -     -     0     896    (-,-) 
#--------------------------------------------------------------------------------------------



Path 20: MET (192 ps) Setup Check with Pin out_sr_reg[2][4]/CK->D
          Group: clock
     Startpoint: (R) cnt_reg[0]/CK
          Clock: (R) clock
       Endpoint: (R) out_sr_reg[2][4]/D
          Clock: (R) clock

                     Capture       Launch     
        Clock Edge:+    1200            0     
       Src Latency:+       0            0     
       Net Latency:+       0 (I)        0 (I) 
           Arrival:=    1200            0     
                                              
             Setup:-     112                  
     Required Time:=    1088                  
      Launch Clock:-       0                  
         Data Path:-     896                  
             Slack:=     192                  

#--------------------------------------------------------------------------------------------
#   Timing Point     Flags   Arc   Edge    Cell     Fanout Load Trans Delay Arrival Instance 
#                                                          (fF)  (ps)  (ps)   (ps)  Location 
#--------------------------------------------------------------------------------------------
  cnt_reg[0]/CK      -       -     R     (arrival)      55    -     0     0       0    (-,-) 
  cnt_reg[0]/Q       -       CK->Q R     DFFHQX1LVT      5 10.4   154   188     188    (-,-) 
  g1865/Y            -       A->Y  F     INVX1LVT        1  3.7    87   114     302    (-,-) 
  g1864__8246/Y      -       A->Y  F     OR2X8LVT       42 78.3   188   210     511    (-,-) 
  g1793__8246/Y      -       S0->Y F     MXI2XLLVT       1  3.3   251   208     719    (-,-) 
  g1784__4319/Y      -       B->Y  R     NOR2X1LVT       1  3.2   135   177     896    (-,-) 
  out_sr_reg[2][4]/D -       -     R     DFFHQX1LVT      1    -     -     0     896    (-,-) 
#--------------------------------------------------------------------------------------------



Path 21: MET (192 ps) Setup Check with Pin out_sr_reg[2][3]/CK->D
          Group: clock
     Startpoint: (R) cnt_reg[0]/CK
          Clock: (R) clock
       Endpoint: (R) out_sr_reg[2][3]/D
          Clock: (R) clock

                     Capture       Launch     
        Clock Edge:+    1200            0     
       Src Latency:+       0            0     
       Net Latency:+       0 (I)        0 (I) 
           Arrival:=    1200            0     
                                              
             Setup:-     112                  
     Required Time:=    1088                  
      Launch Clock:-       0                  
         Data Path:-     896                  
             Slack:=     192                  

#--------------------------------------------------------------------------------------------
#   Timing Point     Flags   Arc   Edge    Cell     Fanout Load Trans Delay Arrival Instance 
#                                                          (fF)  (ps)  (ps)   (ps)  Location 
#--------------------------------------------------------------------------------------------
  cnt_reg[0]/CK      -       -     R     (arrival)      55    -     0     0       0    (-,-) 
  cnt_reg[0]/Q       -       CK->Q R     DFFHQX1LVT      5 10.4   154   188     188    (-,-) 
  g1865/Y            -       A->Y  F     INVX1LVT        1  3.7    87   114     302    (-,-) 
  g1864__8246/Y      -       A->Y  F     OR2X8LVT       42 78.3   188   210     511    (-,-) 
  g1792__5122/Y      -       S0->Y F     MXI2XLLVT       1  3.3   251   208     719    (-,-) 
  g1781__2398/Y      -       B->Y  R     NOR2X1LVT       1  3.2   135   177     896    (-,-) 
  out_sr_reg[2][3]/D -       -     R     DFFHQX1LVT      1    -     -     0     896    (-,-) 
#--------------------------------------------------------------------------------------------



Path 22: MET (192 ps) Setup Check with Pin out_sr_reg[2][2]/CK->D
          Group: clock
     Startpoint: (R) cnt_reg[0]/CK
          Clock: (R) clock
       Endpoint: (R) out_sr_reg[2][2]/D
          Clock: (R) clock

                     Capture       Launch     
        Clock Edge:+    1200            0     
       Src Latency:+       0            0     
       Net Latency:+       0 (I)        0 (I) 
           Arrival:=    1200            0     
                                              
             Setup:-     112                  
     Required Time:=    1088                  
      Launch Clock:-       0                  
         Data Path:-     896                  
             Slack:=     192                  

#--------------------------------------------------------------------------------------------
#   Timing Point     Flags   Arc   Edge    Cell     Fanout Load Trans Delay Arrival Instance 
#                                                          (fF)  (ps)  (ps)   (ps)  Location 
#--------------------------------------------------------------------------------------------
  cnt_reg[0]/CK      -       -     R     (arrival)      55    -     0     0       0    (-,-) 
  cnt_reg[0]/Q       -       CK->Q R     DFFHQX1LVT      5 10.4   154   188     188    (-,-) 
  g1865/Y            -       A->Y  F     INVX1LVT        1  3.7    87   114     302    (-,-) 
  g1864__8246/Y      -       A->Y  F     OR2X8LVT       42 78.3   188   210     511    (-,-) 
  g1791__1705/Y      -       S0->Y F     MXI2XLLVT       1  3.3   251   208     719    (-,-) 
  g1778__7410/Y      -       B->Y  R     NOR2X1LVT       1  3.2   135   177     896    (-,-) 
  out_sr_reg[2][2]/D -       -     R     DFFHQX1LVT      1    -     -     0     896    (-,-) 
#--------------------------------------------------------------------------------------------



Path 23: MET (192 ps) Setup Check with Pin out_sr_reg[2][1]/CK->D
          Group: clock
     Startpoint: (R) cnt_reg[0]/CK
          Clock: (R) clock
       Endpoint: (R) out_sr_reg[2][1]/D
          Clock: (R) clock

                     Capture       Launch     
        Clock Edge:+    1200            0     
       Src Latency:+       0            0     
       Net Latency:+       0 (I)        0 (I) 
           Arrival:=    1200            0     
                                              
             Setup:-     112                  
     Required Time:=    1088                  
      Launch Clock:-       0                  
         Data Path:-     896                  
             Slack:=     192                  

#--------------------------------------------------------------------------------------------
#   Timing Point     Flags   Arc   Edge    Cell     Fanout Load Trans Delay Arrival Instance 
#                                                          (fF)  (ps)  (ps)   (ps)  Location 
#--------------------------------------------------------------------------------------------
  cnt_reg[0]/CK      -       -     R     (arrival)      55    -     0     0       0    (-,-) 
  cnt_reg[0]/Q       -       CK->Q R     DFFHQX1LVT      5 10.4   154   188     188    (-,-) 
  g1865/Y            -       A->Y  F     INVX1LVT        1  3.7    87   114     302    (-,-) 
  g1864__8246/Y      -       A->Y  F     OR2X8LVT       42 78.3   188   210     511    (-,-) 
  g1786__5526/Y      -       S0->Y F     MXI2XLLVT       1  3.3   251   208     719    (-,-) 
  g1779__6417/Y      -       B->Y  R     NOR2X1LVT       1  3.2   135   177     896    (-,-) 
  out_sr_reg[2][1]/D -       -     R     DFFHQX1LVT      1    -     -     0     896    (-,-) 
#--------------------------------------------------------------------------------------------



Path 24: MET (192 ps) Setup Check with Pin out_sr_reg[2][0]/CK->D
          Group: clock
     Startpoint: (R) cnt_reg[0]/CK
          Clock: (R) clock
       Endpoint: (R) out_sr_reg[2][0]/D
          Clock: (R) clock

                     Capture       Launch     
        Clock Edge:+    1200            0     
       Src Latency:+       0            0     
       Net Latency:+       0 (I)        0 (I) 
           Arrival:=    1200            0     
                                              
             Setup:-     112                  
     Required Time:=    1088                  
      Launch Clock:-       0                  
         Data Path:-     896                  
             Slack:=     192                  

#--------------------------------------------------------------------------------------------
#   Timing Point     Flags   Arc   Edge    Cell     Fanout Load Trans Delay Arrival Instance 
#                                                          (fF)  (ps)  (ps)   (ps)  Location 
#--------------------------------------------------------------------------------------------
  cnt_reg[0]/CK      -       -     R     (arrival)      55    -     0     0       0    (-,-) 
  cnt_reg[0]/Q       -       CK->Q R     DFFHQX1LVT      5 10.4   154   188     188    (-,-) 
  g1865/Y            -       A->Y  F     INVX1LVT        1  3.7    87   114     302    (-,-) 
  g1864__8246/Y      -       A->Y  F     OR2X8LVT       42 78.3   188   210     511    (-,-) 
  g1789__1617/Y      -       S0->Y F     MXI2XLLVT       1  3.3   251   208     719    (-,-) 
  g1780__5477/Y      -       B->Y  R     NOR2X1LVT       1  3.2   135   177     896    (-,-) 
  out_sr_reg[2][0]/D -       -     R     DFFHQX1LVT      1    -     -     0     896    (-,-) 
#--------------------------------------------------------------------------------------------



Path 25: MET (192 ps) Setup Check with Pin out_sr_reg[1][8]/CK->D
          Group: clock
     Startpoint: (R) cnt_reg[0]/CK
          Clock: (R) clock
       Endpoint: (R) out_sr_reg[1][8]/D
          Clock: (R) clock

                     Capture       Launch     
        Clock Edge:+    1200            0     
       Src Latency:+       0            0     
       Net Latency:+       0 (I)        0 (I) 
           Arrival:=    1200            0     
                                              
             Setup:-     112                  
     Required Time:=    1088                  
      Launch Clock:-       0                  
         Data Path:-     896                  
             Slack:=     192                  

#--------------------------------------------------------------------------------------------
#   Timing Point     Flags   Arc   Edge    Cell     Fanout Load Trans Delay Arrival Instance 
#                                                          (fF)  (ps)  (ps)   (ps)  Location 
#--------------------------------------------------------------------------------------------
  cnt_reg[0]/CK      -       -     R     (arrival)      55    -     0     0       0    (-,-) 
  cnt_reg[0]/Q       -       CK->Q R     DFFHQX1LVT      5 10.4   154   188     188    (-,-) 
  g1865/Y            -       A->Y  F     INVX1LVT        1  3.7    87   114     302    (-,-) 
  g1864__8246/Y      -       A->Y  F     OR2X8LVT       42 78.3   188   210     511    (-,-) 
  g1751__6131/Y      -       S0->Y F     MXI2XLLVT       1  3.3   251   208     719    (-,-) 
  g1742__5526/Y      -       B->Y  R     NOR2X1LVT       1  3.2   135   177     896    (-,-) 
  out_sr_reg[1][8]/D -       -     R     DFFHQX1LVT      1    -     -     0     896    (-,-) 
#--------------------------------------------------------------------------------------------



Path 26: MET (192 ps) Setup Check with Pin out_sr_reg[1][7]/CK->D
          Group: clock
     Startpoint: (R) cnt_reg[0]/CK
          Clock: (R) clock
       Endpoint: (R) out_sr_reg[1][7]/D
          Clock: (R) clock

                     Capture       Launch     
        Clock Edge:+    1200            0     
       Src Latency:+       0            0     
       Net Latency:+       0 (I)        0 (I) 
           Arrival:=    1200            0     
                                              
             Setup:-     112                  
     Required Time:=    1088                  
      Launch Clock:-       0                  
         Data Path:-     896                  
             Slack:=     192                  

#--------------------------------------------------------------------------------------------
#   Timing Point     Flags   Arc   Edge    Cell     Fanout Load Trans Delay Arrival Instance 
#                                                          (fF)  (ps)  (ps)   (ps)  Location 
#--------------------------------------------------------------------------------------------
  cnt_reg[0]/CK      -       -     R     (arrival)      55    -     0     0       0    (-,-) 
  cnt_reg[0]/Q       -       CK->Q R     DFFHQX1LVT      5 10.4   154   188     188    (-,-) 
  g1865/Y            -       A->Y  F     INVX1LVT        1  3.7    87   114     302    (-,-) 
  g1864__8246/Y      -       A->Y  F     OR2X8LVT       42 78.3   188   210     511    (-,-) 
  g1746__2802/Y      -       S0->Y F     MXI2XLLVT       1  3.3   251   208     719    (-,-) 
  g1743__6783/Y      -       B->Y  R     NOR2X1LVT       1  3.2   135   177     896    (-,-) 
  out_sr_reg[1][7]/D -       -     R     DFFHQX1LVT      1    -     -     0     896    (-,-) 
#--------------------------------------------------------------------------------------------



Path 27: MET (192 ps) Setup Check with Pin out_sr_reg[1][6]/CK->D
          Group: clock
     Startpoint: (R) cnt_reg[0]/CK
          Clock: (R) clock
       Endpoint: (R) out_sr_reg[1][6]/D
          Clock: (R) clock

                     Capture       Launch     
        Clock Edge:+    1200            0     
       Src Latency:+       0            0     
       Net Latency:+       0 (I)        0 (I) 
           Arrival:=    1200            0     
                                              
             Setup:-     112                  
     Required Time:=    1088                  
      Launch Clock:-       0                  
         Data Path:-     896                  
             Slack:=     192                  

#--------------------------------------------------------------------------------------------
#   Timing Point     Flags   Arc   Edge    Cell     Fanout Load Trans Delay Arrival Instance 
#                                                          (fF)  (ps)  (ps)   (ps)  Location 
#--------------------------------------------------------------------------------------------
  cnt_reg[0]/CK      -       -     R     (arrival)      55    -     0     0       0    (-,-) 
  cnt_reg[0]/Q       -       CK->Q R     DFFHQX1LVT      5 10.4   154   188     188    (-,-) 
  g1865/Y            -       A->Y  F     INVX1LVT        1  3.7    87   114     302    (-,-) 
  g1864__8246/Y      -       A->Y  F     OR2X8LVT       42 78.3   188   210     511    (-,-) 
  g1749__8246/Y      -       S0->Y F     MXI2XLLVT       1  3.3   251   208     719    (-,-) 
  g1740__4319/Y      -       B->Y  R     NOR2X1LVT       1  3.2   135   177     896    (-,-) 
  out_sr_reg[1][6]/D -       -     R     DFFHQX1LVT      1    -     -     0     896    (-,-) 
#--------------------------------------------------------------------------------------------



Path 28: MET (192 ps) Setup Check with Pin out_sr_reg[1][5]/CK->D
          Group: clock
     Startpoint: (R) cnt_reg[0]/CK
          Clock: (R) clock
       Endpoint: (R) out_sr_reg[1][5]/D
          Clock: (R) clock

                     Capture       Launch     
        Clock Edge:+    1200            0     
       Src Latency:+       0            0     
       Net Latency:+       0 (I)        0 (I) 
           Arrival:=    1200            0     
                                              
             Setup:-     112                  
     Required Time:=    1088                  
      Launch Clock:-       0                  
         Data Path:-     896                  
             Slack:=     192                  

#--------------------------------------------------------------------------------------------
#   Timing Point     Flags   Arc   Edge    Cell     Fanout Load Trans Delay Arrival Instance 
#                                                          (fF)  (ps)  (ps)   (ps)  Location 
#--------------------------------------------------------------------------------------------
  cnt_reg[0]/CK      -       -     R     (arrival)      55    -     0     0       0    (-,-) 
  cnt_reg[0]/Q       -       CK->Q R     DFFHQX1LVT      5 10.4   154   188     188    (-,-) 
  g1865/Y            -       A->Y  F     INVX1LVT        1  3.7    87   114     302    (-,-) 
  g1864__8246/Y      -       A->Y  F     OR2X8LVT       42 78.3   188   210     511    (-,-) 
  g1748__5122/Y      -       S0->Y F     MXI2XLLVT       1  3.3   251   208     719    (-,-) 
  g1737__2398/Y      -       B->Y  R     NOR2X1LVT       1  3.2   135   177     896    (-,-) 
  out_sr_reg[1][5]/D -       -     R     DFFHQX1LVT      1    -     -     0     896    (-,-) 
#--------------------------------------------------------------------------------------------



Path 29: MET (192 ps) Setup Check with Pin out_sr_reg[1][4]/CK->D
          Group: clock
     Startpoint: (R) cnt_reg[0]/CK
          Clock: (R) clock
       Endpoint: (R) out_sr_reg[1][4]/D
          Clock: (R) clock

                     Capture       Launch     
        Clock Edge:+    1200            0     
       Src Latency:+       0            0     
       Net Latency:+       0 (I)        0 (I) 
           Arrival:=    1200            0     
                                              
             Setup:-     112                  
     Required Time:=    1088                  
      Launch Clock:-       0                  
         Data Path:-     896                  
             Slack:=     192                  

#--------------------------------------------------------------------------------------------
#   Timing Point     Flags   Arc   Edge    Cell     Fanout Load Trans Delay Arrival Instance 
#                                                          (fF)  (ps)  (ps)   (ps)  Location 
#--------------------------------------------------------------------------------------------
  cnt_reg[0]/CK      -       -     R     (arrival)      55    -     0     0       0    (-,-) 
  cnt_reg[0]/Q       -       CK->Q R     DFFHQX1LVT      5 10.4   154   188     188    (-,-) 
  g1865/Y            -       A->Y  F     INVX1LVT        1  3.7    87   114     302    (-,-) 
  g1864__8246/Y      -       A->Y  F     OR2X8LVT       42 78.3   188   210     511    (-,-) 
  g1747__1705/Y      -       S0->Y F     MXI2XLLVT       1  3.3   251   208     719    (-,-) 
  g1738__5107/Y      -       B->Y  R     NOR2X1LVT       1  3.2   135   177     896    (-,-) 
  out_sr_reg[1][4]/D -       -     R     DFFHQX1LVT      1    -     -     0     896    (-,-) 
#--------------------------------------------------------------------------------------------



Path 30: MET (192 ps) Setup Check with Pin out_sr_reg[1][3]/CK->D
          Group: clock
     Startpoint: (R) cnt_reg[0]/CK
          Clock: (R) clock
       Endpoint: (R) out_sr_reg[1][3]/D
          Clock: (R) clock

                     Capture       Launch     
        Clock Edge:+    1200            0     
       Src Latency:+       0            0     
       Net Latency:+       0 (I)        0 (I) 
           Arrival:=    1200            0     
                                              
             Setup:-     112                  
     Required Time:=    1088                  
      Launch Clock:-       0                  
         Data Path:-     896                  
             Slack:=     192                  

#--------------------------------------------------------------------------------------------
#   Timing Point     Flags   Arc   Edge    Cell     Fanout Load Trans Delay Arrival Instance 
#                                                          (fF)  (ps)  (ps)   (ps)  Location 
#--------------------------------------------------------------------------------------------
  cnt_reg[0]/CK      -       -     R     (arrival)      55    -     0     0       0    (-,-) 
  cnt_reg[0]/Q       -       CK->Q R     DFFHQX1LVT      5 10.4   154   188     188    (-,-) 
  g1865/Y            -       A->Y  F     INVX1LVT        1  3.7    87   114     302    (-,-) 
  g1864__8246/Y      -       A->Y  F     OR2X8LVT       42 78.3   188   210     511    (-,-) 
  g1750__7098/Y      -       S0->Y F     MXI2XLLVT       1  3.3   251   208     719    (-,-) 
  g1739__6260/Y      -       B->Y  R     NOR2X1LVT       1  3.2   135   177     896    (-,-) 
  out_sr_reg[1][3]/D -       -     R     DFFHQX1LVT      1    -     -     0     896    (-,-) 
#--------------------------------------------------------------------------------------------



Path 31: MET (192 ps) Setup Check with Pin out_sr_reg[1][2]/CK->D
          Group: clock
     Startpoint: (R) cnt_reg[0]/CK
          Clock: (R) clock
       Endpoint: (R) out_sr_reg[1][2]/D
          Clock: (R) clock

                     Capture       Launch     
        Clock Edge:+    1200            0     
       Src Latency:+       0            0     
       Net Latency:+       0 (I)        0 (I) 
           Arrival:=    1200            0     
                                              
             Setup:-     112                  
     Required Time:=    1088                  
      Launch Clock:-       0                  
         Data Path:-     896                  
             Slack:=     192                  

#--------------------------------------------------------------------------------------------
#   Timing Point     Flags   Arc   Edge    Cell     Fanout Load Trans Delay Arrival Instance 
#                                                          (fF)  (ps)  (ps)   (ps)  Location 
#--------------------------------------------------------------------------------------------
  cnt_reg[0]/CK      -       -     R     (arrival)      55    -     0     0       0    (-,-) 
  cnt_reg[0]/Q       -       CK->Q R     DFFHQX1LVT      5 10.4   154   188     188    (-,-) 
  g1865/Y            -       A->Y  F     INVX1LVT        1  3.7    87   114     302    (-,-) 
  g1864__8246/Y      -       A->Y  F     OR2X8LVT       42 78.3   188   210     511    (-,-) 
  g1761__1666/Y      -       S0->Y F     MXI2XLLVT       1  3.3   251   208     719    (-,-) 
  g1745__1617/Y      -       B->Y  R     NOR2X1LVT       1  3.2   135   177     896    (-,-) 
  out_sr_reg[1][2]/D -       -     R     DFFHQX1LVT      1    -     -     0     896    (-,-) 
#--------------------------------------------------------------------------------------------



Path 32: MET (192 ps) Setup Check with Pin out_sr_reg[1][1]/CK->D
          Group: clock
     Startpoint: (R) cnt_reg[0]/CK
          Clock: (R) clock
       Endpoint: (R) out_sr_reg[1][1]/D
          Clock: (R) clock

                     Capture       Launch     
        Clock Edge:+    1200            0     
       Src Latency:+       0            0     
       Net Latency:+       0 (I)        0 (I) 
           Arrival:=    1200            0     
                                              
             Setup:-     112                  
     Required Time:=    1088                  
      Launch Clock:-       0                  
         Data Path:-     896                  
             Slack:=     192                  

#--------------------------------------------------------------------------------------------
#   Timing Point     Flags   Arc   Edge    Cell     Fanout Load Trans Delay Arrival Instance 
#                                                          (fF)  (ps)  (ps)   (ps)  Location 
#--------------------------------------------------------------------------------------------
  cnt_reg[0]/CK      -       -     R     (arrival)      55    -     0     0       0    (-,-) 
  cnt_reg[0]/Q       -       CK->Q R     DFFHQX1LVT      5 10.4   154   188     188    (-,-) 
  g1865/Y            -       A->Y  F     INVX1LVT        1  3.7    87   114     302    (-,-) 
  g1864__8246/Y      -       A->Y  F     OR2X8LVT       42 78.3   188   210     511    (-,-) 
  g1760__2346/Y      -       S0->Y F     MXI2XLLVT       1  3.3   251   208     719    (-,-) 
  g1744__3680/Y      -       B->Y  R     NOR2X1LVT       1  3.2   135   177     896    (-,-) 
  out_sr_reg[1][1]/D -       -     R     DFFHQX1LVT      1    -     -     0     896    (-,-) 
#--------------------------------------------------------------------------------------------



Path 33: MET (192 ps) Setup Check with Pin out_sr_reg[1][0]/CK->D
          Group: clock
     Startpoint: (R) cnt_reg[0]/CK
          Clock: (R) clock
       Endpoint: (R) out_sr_reg[1][0]/D
          Clock: (R) clock

                     Capture       Launch     
        Clock Edge:+    1200            0     
       Src Latency:+       0            0     
       Net Latency:+       0 (I)        0 (I) 
           Arrival:=    1200            0     
                                              
             Setup:-     112                  
     Required Time:=    1088                  
      Launch Clock:-       0                  
         Data Path:-     896                  
             Slack:=     192                  

#--------------------------------------------------------------------------------------------
#   Timing Point     Flags   Arc   Edge    Cell     Fanout Load Trans Delay Arrival Instance 
#                                                          (fF)  (ps)  (ps)   (ps)  Location 
#--------------------------------------------------------------------------------------------
  cnt_reg[0]/CK      -       -     R     (arrival)      55    -     0     0       0    (-,-) 
  cnt_reg[0]/Q       -       CK->Q R     DFFHQX1LVT      5 10.4   154   188     188    (-,-) 
  g1865/Y            -       A->Y  F     INVX1LVT        1  3.7    87   114     302    (-,-) 
  g1864__8246/Y      -       A->Y  F     OR2X8LVT       42 78.3   188   210     511    (-,-) 
  g1759__2883/Y      -       S0->Y F     MXI2XLLVT       1  3.3   251   208     719    (-,-) 
  g1741__8428/Y      -       B->Y  R     NOR2X1LVT       1  3.2   135   177     896    (-,-) 
  out_sr_reg[1][0]/D -       -     R     DFFHQX1LVT      1    -     -     0     896    (-,-) 
#--------------------------------------------------------------------------------------------



Path 34: MET (219 ps) Setup Check with Pin out_sr_reg[2][15]/CK->D
          Group: clock
     Startpoint: (R) cnt_reg[0]/CK
          Clock: (R) clock
       Endpoint: (R) out_sr_reg[2][15]/D
          Clock: (R) clock

                     Capture       Launch     
        Clock Edge:+    1200            0     
       Src Latency:+       0            0     
       Net Latency:+       0 (I)        0 (I) 
           Arrival:=    1200            0     
                                              
             Setup:-     121                  
     Required Time:=    1079                  
      Launch Clock:-       0                  
         Data Path:-     861                  
             Slack:=     219                  

#----------------------------------------------------------------------------------------------
#    Timing Point     Flags   Arc   Edge    Cell      Fanout Load Trans Delay Arrival Instance 
#                                                            (fF)  (ps)  (ps)   (ps)  Location 
#----------------------------------------------------------------------------------------------
  cnt_reg[0]/CK       -       -     R     (arrival)       55    -     0     0       0    (-,-) 
  cnt_reg[0]/Q        -       CK->Q R     DFFHQX1LVT       5 10.4   154   188     188    (-,-) 
  g1865/Y             -       A->Y  F     INVX1LVT         1  3.7    87   114     302    (-,-) 
  g1864__8246/Y       -       A->Y  F     OR2X8LVT        42 78.3   188   210     511    (-,-) 
  g1844/Y             -       A->Y  R     INVX3            2  7.3    84   127     638    (-,-) 
  g1842/Y             -       A->Y  F     CLKINVX6LVT     14 27.1    98    79     717    (-,-) 
  g1788__3680/Y       -       S0->Y R     MX2X1LVT         1  3.1    56   143     861    (-,-) 
  out_sr_reg[2][15]/D -       -     R     DFFTRXLLVT       1    -     -     0     861    (-,-) 
#----------------------------------------------------------------------------------------------



Path 35: MET (219 ps) Setup Check with Pin out_sr_reg[2][13]/CK->D
          Group: clock
     Startpoint: (R) cnt_reg[0]/CK
          Clock: (R) clock
       Endpoint: (R) out_sr_reg[2][13]/D
          Clock: (R) clock

                     Capture       Launch     
        Clock Edge:+    1200            0     
       Src Latency:+       0            0     
       Net Latency:+       0 (I)        0 (I) 
           Arrival:=    1200            0     
                                              
             Setup:-     121                  
     Required Time:=    1079                  
      Launch Clock:-       0                  
         Data Path:-     861                  
             Slack:=     219                  

#----------------------------------------------------------------------------------------------
#    Timing Point     Flags   Arc   Edge    Cell      Fanout Load Trans Delay Arrival Instance 
#                                                            (fF)  (ps)  (ps)   (ps)  Location 
#----------------------------------------------------------------------------------------------
  cnt_reg[0]/CK       -       -     R     (arrival)       55    -     0     0       0    (-,-) 
  cnt_reg[0]/Q        -       CK->Q R     DFFHQX1LVT       5 10.4   154   188     188    (-,-) 
  g1865/Y             -       A->Y  F     INVX1LVT         1  3.7    87   114     302    (-,-) 
  g1864__8246/Y       -       A->Y  F     OR2X8LVT        42 78.3   188   210     511    (-,-) 
  g1844/Y             -       A->Y  R     INVX3            2  7.3    84   127     638    (-,-) 
  g1842/Y             -       A->Y  F     CLKINVX6LVT     14 27.1    98    79     717    (-,-) 
  g1790__2802/Y       -       S0->Y R     MX2X1LVT         1  3.1    56   143     861    (-,-) 
  out_sr_reg[2][13]/D -       -     R     DFFTRXLLVT       1    -     -     0     861    (-,-) 
#----------------------------------------------------------------------------------------------



Path 36: MET (219 ps) Setup Check with Pin out_sr_reg[2][12]/CK->D
          Group: clock
     Startpoint: (R) cnt_reg[0]/CK
          Clock: (R) clock
       Endpoint: (R) out_sr_reg[2][12]/D
          Clock: (R) clock

                     Capture       Launch     
        Clock Edge:+    1200            0     
       Src Latency:+       0            0     
       Net Latency:+       0 (I)        0 (I) 
           Arrival:=    1200            0     
                                              
             Setup:-     121                  
     Required Time:=    1079                  
      Launch Clock:-       0                  
         Data Path:-     861                  
             Slack:=     219                  

#----------------------------------------------------------------------------------------------
#    Timing Point     Flags   Arc   Edge    Cell      Fanout Load Trans Delay Arrival Instance 
#                                                            (fF)  (ps)  (ps)   (ps)  Location 
#----------------------------------------------------------------------------------------------
  cnt_reg[0]/CK       -       -     R     (arrival)       55    -     0     0       0    (-,-) 
  cnt_reg[0]/Q        -       CK->Q R     DFFHQX1LVT       5 10.4   154   188     188    (-,-) 
  g1865/Y             -       A->Y  F     INVX1LVT         1  3.7    87   114     302    (-,-) 
  g1864__8246/Y       -       A->Y  F     OR2X8LVT        42 78.3   188   210     511    (-,-) 
  g1844/Y             -       A->Y  R     INVX3            2  7.3    84   127     638    (-,-) 
  g1842/Y             -       A->Y  F     CLKINVX6LVT     14 27.1    98    79     717    (-,-) 
  g1801__9315/Y       -       S0->Y R     MX2X1LVT         1  3.1    56   143     861    (-,-) 
  out_sr_reg[2][12]/D -       -     R     DFFTRXLLVT       1    -     -     0     861    (-,-) 
#----------------------------------------------------------------------------------------------



Path 37: MET (219 ps) Setup Check with Pin out_sr_reg[2][11]/CK->D
          Group: clock
     Startpoint: (R) cnt_reg[0]/CK
          Clock: (R) clock
       Endpoint: (R) out_sr_reg[2][11]/D
          Clock: (R) clock

                     Capture       Launch     
        Clock Edge:+    1200            0     
       Src Latency:+       0            0     
       Net Latency:+       0 (I)        0 (I) 
           Arrival:=    1200            0     
                                              
             Setup:-     121                  
     Required Time:=    1079                  
      Launch Clock:-       0                  
         Data Path:-     861                  
             Slack:=     219                  

#----------------------------------------------------------------------------------------------
#    Timing Point     Flags   Arc   Edge    Cell      Fanout Load Trans Delay Arrival Instance 
#                                                            (fF)  (ps)  (ps)   (ps)  Location 
#----------------------------------------------------------------------------------------------
  cnt_reg[0]/CK       -       -     R     (arrival)       55    -     0     0       0    (-,-) 
  cnt_reg[0]/Q        -       CK->Q R     DFFHQX1LVT       5 10.4   154   188     188    (-,-) 
  g1865/Y             -       A->Y  F     INVX1LVT         1  3.7    87   114     302    (-,-) 
  g1864__8246/Y       -       A->Y  F     OR2X8LVT        42 78.3   188   210     511    (-,-) 
  g1844/Y             -       A->Y  R     INVX3            2  7.3    84   127     638    (-,-) 
  g1842/Y             -       A->Y  F     CLKINVX6LVT     14 27.1    98    79     717    (-,-) 
  g1800__6161/Y       -       S0->Y R     MX2X1LVT         1  3.1    56   143     861    (-,-) 
  out_sr_reg[2][11]/D -       -     R     DFFTRXLLVT       1    -     -     0     861    (-,-) 
#----------------------------------------------------------------------------------------------



Path 38: MET (219 ps) Setup Check with Pin out_sr_reg[2][10]/CK->D
          Group: clock
     Startpoint: (R) cnt_reg[0]/CK
          Clock: (R) clock
       Endpoint: (R) out_sr_reg[2][10]/D
          Clock: (R) clock

                     Capture       Launch     
        Clock Edge:+    1200            0     
       Src Latency:+       0            0     
       Net Latency:+       0 (I)        0 (I) 
           Arrival:=    1200            0     
                                              
             Setup:-     121                  
     Required Time:=    1079                  
      Launch Clock:-       0                  
         Data Path:-     861                  
             Slack:=     219                  

#----------------------------------------------------------------------------------------------
#    Timing Point     Flags   Arc   Edge    Cell      Fanout Load Trans Delay Arrival Instance 
#                                                            (fF)  (ps)  (ps)   (ps)  Location 
#----------------------------------------------------------------------------------------------
  cnt_reg[0]/CK       -       -     R     (arrival)       55    -     0     0       0    (-,-) 
  cnt_reg[0]/Q        -       CK->Q R     DFFHQX1LVT       5 10.4   154   188     188    (-,-) 
  g1865/Y             -       A->Y  F     INVX1LVT         1  3.7    87   114     302    (-,-) 
  g1864__8246/Y       -       A->Y  F     OR2X8LVT        42 78.3   188   210     511    (-,-) 
  g1844/Y             -       A->Y  R     INVX3            2  7.3    84   127     638    (-,-) 
  g1842/Y             -       A->Y  F     CLKINVX6LVT     14 27.1    98    79     717    (-,-) 
  g1799__4733/Y       -       S0->Y R     MX2X1LVT         1  3.1    56   143     861    (-,-) 
  out_sr_reg[2][10]/D -       -     R     DFFTRXLLVT       1    -     -     0     861    (-,-) 
#----------------------------------------------------------------------------------------------



Path 39: MET (219 ps) Setup Check with Pin out_sr_reg[2][9]/CK->D
          Group: clock
     Startpoint: (R) cnt_reg[0]/CK
          Clock: (R) clock
       Endpoint: (R) out_sr_reg[2][9]/D
          Clock: (R) clock

                     Capture       Launch     
        Clock Edge:+    1200            0     
       Src Latency:+       0            0     
       Net Latency:+       0 (I)        0 (I) 
           Arrival:=    1200            0     
                                              
             Setup:-     121                  
     Required Time:=    1079                  
      Launch Clock:-       0                  
         Data Path:-     861                  
             Slack:=     219                  

#---------------------------------------------------------------------------------------------
#   Timing Point     Flags   Arc   Edge    Cell      Fanout Load Trans Delay Arrival Instance 
#                                                           (fF)  (ps)  (ps)   (ps)  Location 
#---------------------------------------------------------------------------------------------
  cnt_reg[0]/CK      -       -     R     (arrival)       55    -     0     0       0    (-,-) 
  cnt_reg[0]/Q       -       CK->Q R     DFFHQX1LVT       5 10.4   154   188     188    (-,-) 
  g1865/Y            -       A->Y  F     INVX1LVT         1  3.7    87   114     302    (-,-) 
  g1864__8246/Y      -       A->Y  F     OR2X8LVT        42 78.3   188   210     511    (-,-) 
  g1844/Y            -       A->Y  R     INVX3            2  7.3    84   127     638    (-,-) 
  g1842/Y            -       A->Y  F     CLKINVX6LVT     14 27.1    98    79     717    (-,-) 
  g1794__7098/Y      -       S0->Y R     MX2X1LVT         1  3.1    56   143     861    (-,-) 
  out_sr_reg[2][9]/D -       -     R     DFFTRXLLVT       1    -     -     0     861    (-,-) 
#---------------------------------------------------------------------------------------------



Path 40: MET (219 ps) Setup Check with Pin out_sr_reg[2][8]/CK->D
          Group: clock
     Startpoint: (R) cnt_reg[0]/CK
          Clock: (R) clock
       Endpoint: (R) out_sr_reg[2][8]/D
          Clock: (R) clock

                     Capture       Launch     
        Clock Edge:+    1200            0     
       Src Latency:+       0            0     
       Net Latency:+       0 (I)        0 (I) 
           Arrival:=    1200            0     
                                              
             Setup:-     121                  
     Required Time:=    1079                  
      Launch Clock:-       0                  
         Data Path:-     861                  
             Slack:=     219                  

#---------------------------------------------------------------------------------------------
#   Timing Point     Flags   Arc   Edge    Cell      Fanout Load Trans Delay Arrival Instance 
#                                                           (fF)  (ps)  (ps)   (ps)  Location 
#---------------------------------------------------------------------------------------------
  cnt_reg[0]/CK      -       -     R     (arrival)       55    -     0     0       0    (-,-) 
  cnt_reg[0]/Q       -       CK->Q R     DFFHQX1LVT       5 10.4   154   188     188    (-,-) 
  g1865/Y            -       A->Y  F     INVX1LVT         1  3.7    87   114     302    (-,-) 
  g1864__8246/Y      -       A->Y  F     OR2X8LVT        42 78.3   188   210     511    (-,-) 
  g1844/Y            -       A->Y  R     INVX3            2  7.3    84   127     638    (-,-) 
  g1842/Y            -       A->Y  F     CLKINVX6LVT     14 27.1    98    79     717    (-,-) 
  g1797__5115/Y      -       S0->Y R     MX2X1LVT         1  3.1    56   143     861    (-,-) 
  out_sr_reg[2][8]/D -       -     R     DFFTRXLLVT       1    -     -     0     861    (-,-) 
#---------------------------------------------------------------------------------------------



Path 41: MET (219 ps) Setup Check with Pin out_sr_reg[1][15]/CK->D
          Group: clock
     Startpoint: (R) cnt_reg[0]/CK
          Clock: (R) clock
       Endpoint: (R) out_sr_reg[1][15]/D
          Clock: (R) clock

                     Capture       Launch     
        Clock Edge:+    1200            0     
       Src Latency:+       0            0     
       Net Latency:+       0 (I)        0 (I) 
           Arrival:=    1200            0     
                                              
             Setup:-     121                  
     Required Time:=    1079                  
      Launch Clock:-       0                  
         Data Path:-     861                  
             Slack:=     219                  

#----------------------------------------------------------------------------------------------
#    Timing Point     Flags   Arc   Edge    Cell      Fanout Load Trans Delay Arrival Instance 
#                                                            (fF)  (ps)  (ps)   (ps)  Location 
#----------------------------------------------------------------------------------------------
  cnt_reg[0]/CK       -       -     R     (arrival)       55    -     0     0       0    (-,-) 
  cnt_reg[0]/Q        -       CK->Q R     DFFHQX1LVT       5 10.4   154   188     188    (-,-) 
  g1865/Y             -       A->Y  F     INVX1LVT         1  3.7    87   114     302    (-,-) 
  g1864__8246/Y       -       A->Y  F     OR2X8LVT        42 78.3   188   210     511    (-,-) 
  g1844/Y             -       A->Y  R     INVX3            2  7.3    84   127     638    (-,-) 
  g1842/Y             -       A->Y  F     CLKINVX6LVT     14 27.1    98    79     717    (-,-) 
  g1754__7482/Y       -       S0->Y R     MX2X1LVT         1  3.1    56   143     861    (-,-) 
  out_sr_reg[1][15]/D -       -     R     DFFTRXLLVT       1    -     -     0     861    (-,-) 
#----------------------------------------------------------------------------------------------



Path 42: MET (219 ps) Setup Check with Pin out_sr_reg[1][14]/CK->D
          Group: clock
     Startpoint: (R) cnt_reg[0]/CK
          Clock: (R) clock
       Endpoint: (R) out_sr_reg[1][14]/D
          Clock: (R) clock

                     Capture       Launch     
        Clock Edge:+    1200            0     
       Src Latency:+       0            0     
       Net Latency:+       0 (I)        0 (I) 
           Arrival:=    1200            0     
                                              
             Setup:-     121                  
     Required Time:=    1079                  
      Launch Clock:-       0                  
         Data Path:-     861                  
             Slack:=     219                  

#----------------------------------------------------------------------------------------------
#    Timing Point     Flags   Arc   Edge    Cell      Fanout Load Trans Delay Arrival Instance 
#                                                            (fF)  (ps)  (ps)   (ps)  Location 
#----------------------------------------------------------------------------------------------
  cnt_reg[0]/CK       -       -     R     (arrival)       55    -     0     0       0    (-,-) 
  cnt_reg[0]/Q        -       CK->Q R     DFFHQX1LVT       5 10.4   154   188     188    (-,-) 
  g1865/Y             -       A->Y  F     INVX1LVT         1  3.7    87   114     302    (-,-) 
  g1864__8246/Y       -       A->Y  F     OR2X8LVT        42 78.3   188   210     511    (-,-) 
  g1844/Y             -       A->Y  R     INVX3            2  7.3    84   127     638    (-,-) 
  g1842/Y             -       A->Y  F     CLKINVX6LVT     14 27.1    98    79     717    (-,-) 
  g1757__9315/Y       -       S0->Y R     MX2X1LVT         1  3.1    56   143     861    (-,-) 
  out_sr_reg[1][14]/D -       -     R     DFFTRXLLVT       1    -     -     0     861    (-,-) 
#----------------------------------------------------------------------------------------------



Path 43: MET (219 ps) Setup Check with Pin out_sr_reg[1][13]/CK->D
          Group: clock
     Startpoint: (R) cnt_reg[0]/CK
          Clock: (R) clock
       Endpoint: (R) out_sr_reg[1][13]/D
          Clock: (R) clock

                     Capture       Launch     
        Clock Edge:+    1200            0     
       Src Latency:+       0            0     
       Net Latency:+       0 (I)        0 (I) 
           Arrival:=    1200            0     
                                              
             Setup:-     121                  
     Required Time:=    1079                  
      Launch Clock:-       0                  
         Data Path:-     861                  
             Slack:=     219                  

#----------------------------------------------------------------------------------------------
#    Timing Point     Flags   Arc   Edge    Cell      Fanout Load Trans Delay Arrival Instance 
#                                                            (fF)  (ps)  (ps)   (ps)  Location 
#----------------------------------------------------------------------------------------------
  cnt_reg[0]/CK       -       -     R     (arrival)       55    -     0     0       0    (-,-) 
  cnt_reg[0]/Q        -       CK->Q R     DFFHQX1LVT       5 10.4   154   188     188    (-,-) 
  g1865/Y             -       A->Y  F     INVX1LVT         1  3.7    87   114     302    (-,-) 
  g1864__8246/Y       -       A->Y  F     OR2X8LVT        42 78.3   188   210     511    (-,-) 
  g1844/Y             -       A->Y  R     INVX3            2  7.3    84   127     638    (-,-) 
  g1842/Y             -       A->Y  F     CLKINVX6LVT     14 27.1    98    79     717    (-,-) 
  g1756__6161/Y       -       S0->Y R     MX2X1LVT         1  3.1    56   143     861    (-,-) 
  out_sr_reg[1][13]/D -       -     R     DFFTRXLLVT       1    -     -     0     861    (-,-) 
#----------------------------------------------------------------------------------------------



Path 44: MET (219 ps) Setup Check with Pin out_sr_reg[1][12]/CK->D
          Group: clock
     Startpoint: (R) cnt_reg[0]/CK
          Clock: (R) clock
       Endpoint: (R) out_sr_reg[1][12]/D
          Clock: (R) clock

                     Capture       Launch     
        Clock Edge:+    1200            0     
       Src Latency:+       0            0     
       Net Latency:+       0 (I)        0 (I) 
           Arrival:=    1200            0     
                                              
             Setup:-     121                  
     Required Time:=    1079                  
      Launch Clock:-       0                  
         Data Path:-     861                  
             Slack:=     219                  

#----------------------------------------------------------------------------------------------
#    Timing Point     Flags   Arc   Edge    Cell      Fanout Load Trans Delay Arrival Instance 
#                                                            (fF)  (ps)  (ps)   (ps)  Location 
#----------------------------------------------------------------------------------------------
  cnt_reg[0]/CK       -       -     R     (arrival)       55    -     0     0       0    (-,-) 
  cnt_reg[0]/Q        -       CK->Q R     DFFHQX1LVT       5 10.4   154   188     188    (-,-) 
  g1865/Y             -       A->Y  F     INVX1LVT         1  3.7    87   114     302    (-,-) 
  g1864__8246/Y       -       A->Y  F     OR2X8LVT        42 78.3   188   210     511    (-,-) 
  g1844/Y             -       A->Y  R     INVX3            2  7.3    84   127     638    (-,-) 
  g1842/Y             -       A->Y  F     CLKINVX6LVT     14 27.1    98    79     717    (-,-) 
  g1755__4733/Y       -       S0->Y R     MX2X1LVT         1  3.1    56   143     861    (-,-) 
  out_sr_reg[1][12]/D -       -     R     DFFTRXLLVT       1    -     -     0     861    (-,-) 
#----------------------------------------------------------------------------------------------



Path 45: MET (219 ps) Setup Check with Pin out_sr_reg[1][11]/CK->D
          Group: clock
     Startpoint: (R) cnt_reg[0]/CK
          Clock: (R) clock
       Endpoint: (R) out_sr_reg[1][11]/D
          Clock: (R) clock

                     Capture       Launch     
        Clock Edge:+    1200            0     
       Src Latency:+       0            0     
       Net Latency:+       0 (I)        0 (I) 
           Arrival:=    1200            0     
                                              
             Setup:-     121                  
     Required Time:=    1079                  
      Launch Clock:-       0                  
         Data Path:-     861                  
             Slack:=     219                  

#----------------------------------------------------------------------------------------------
#    Timing Point     Flags   Arc   Edge    Cell      Fanout Load Trans Delay Arrival Instance 
#                                                            (fF)  (ps)  (ps)   (ps)  Location 
#----------------------------------------------------------------------------------------------
  cnt_reg[0]/CK       -       -     R     (arrival)       55    -     0     0       0    (-,-) 
  cnt_reg[0]/Q        -       CK->Q R     DFFHQX1LVT       5 10.4   154   188     188    (-,-) 
  g1865/Y             -       A->Y  F     INVX1LVT         1  3.7    87   114     302    (-,-) 
  g1864__8246/Y       -       A->Y  F     OR2X8LVT        42 78.3   188   210     511    (-,-) 
  g1844/Y             -       A->Y  R     INVX3            2  7.3    84   127     638    (-,-) 
  g1842/Y             -       A->Y  F     CLKINVX6LVT     14 27.1    98    79     717    (-,-) 
  g1758__9945/Y       -       S0->Y R     MX2X1LVT         1  3.1    56   143     861    (-,-) 
  out_sr_reg[1][11]/D -       -     R     DFFTRXLLVT       1    -     -     0     861    (-,-) 
#----------------------------------------------------------------------------------------------



Path 46: MET (219 ps) Setup Check with Pin out_sr_reg[1][10]/CK->D
          Group: clock
     Startpoint: (R) cnt_reg[0]/CK
          Clock: (R) clock
       Endpoint: (R) out_sr_reg[1][10]/D
          Clock: (R) clock

                     Capture       Launch     
        Clock Edge:+    1200            0     
       Src Latency:+       0            0     
       Net Latency:+       0 (I)        0 (I) 
           Arrival:=    1200            0     
                                              
             Setup:-     121                  
     Required Time:=    1079                  
      Launch Clock:-       0                  
         Data Path:-     861                  
             Slack:=     219                  

#----------------------------------------------------------------------------------------------
#    Timing Point     Flags   Arc   Edge    Cell      Fanout Load Trans Delay Arrival Instance 
#                                                            (fF)  (ps)  (ps)   (ps)  Location 
#----------------------------------------------------------------------------------------------
  cnt_reg[0]/CK       -       -     R     (arrival)       55    -     0     0       0    (-,-) 
  cnt_reg[0]/Q        -       CK->Q R     DFFHQX1LVT       5 10.4   154   188     188    (-,-) 
  g1865/Y             -       A->Y  F     INVX1LVT         1  3.7    87   114     302    (-,-) 
  g1864__8246/Y       -       A->Y  F     OR2X8LVT        42 78.3   188   210     511    (-,-) 
  g1844/Y             -       A->Y  R     INVX3            2  7.3    84   127     638    (-,-) 
  g1842/Y             -       A->Y  F     CLKINVX6LVT     14 27.1    98    79     717    (-,-) 
  g1753__5115/Y       -       S0->Y R     MX2X1LVT         1  3.1    56   143     861    (-,-) 
  out_sr_reg[1][10]/D -       -     R     DFFTRXLLVT       1    -     -     0     861    (-,-) 
#----------------------------------------------------------------------------------------------



Path 47: MET (219 ps) Setup Check with Pin out_sr_reg[1][9]/CK->D
          Group: clock
     Startpoint: (R) cnt_reg[0]/CK
          Clock: (R) clock
       Endpoint: (R) out_sr_reg[1][9]/D
          Clock: (R) clock

                     Capture       Launch     
        Clock Edge:+    1200            0     
       Src Latency:+       0            0     
       Net Latency:+       0 (I)        0 (I) 
           Arrival:=    1200            0     
                                              
             Setup:-     121                  
     Required Time:=    1079                  
      Launch Clock:-       0                  
         Data Path:-     861                  
             Slack:=     219                  

#---------------------------------------------------------------------------------------------
#   Timing Point     Flags   Arc   Edge    Cell      Fanout Load Trans Delay Arrival Instance 
#                                                           (fF)  (ps)  (ps)   (ps)  Location 
#---------------------------------------------------------------------------------------------
  cnt_reg[0]/CK      -       -     R     (arrival)       55    -     0     0       0    (-,-) 
  cnt_reg[0]/Q       -       CK->Q R     DFFHQX1LVT       5 10.4   154   188     188    (-,-) 
  g1865/Y            -       A->Y  F     INVX1LVT         1  3.7    87   114     302    (-,-) 
  g1864__8246/Y      -       A->Y  F     OR2X8LVT        42 78.3   188   210     511    (-,-) 
  g1844/Y            -       A->Y  R     INVX3            2  7.3    84   127     638    (-,-) 
  g1842/Y            -       A->Y  F     CLKINVX6LVT     14 27.1    98    79     717    (-,-) 
  g1752__1881/Y      -       S0->Y R     MX2X1LVT         1  3.1    56   143     861    (-,-) 
  out_sr_reg[1][9]/D -       -     R     DFFTRXLLVT       1    -     -     0     861    (-,-) 
#---------------------------------------------------------------------------------------------



Path 48: MET (256 ps) Clock Gating Setup Check at cgic pin RC_CG_HIER_INST4/RC_CGIC_INST/E
          Group: cg_enable_group_clock
     Startpoint: (R) cnt_reg[0]/CK
          Clock: (R) clock
       Endpoint: (R) RC_CG_HIER_INST4/RC_CGIC_INST/E
          Clock: (R) clock

                     Capture       Launch     
        Clock Edge:+    1200            0     
       Src Latency:+       0            0     
       Net Latency:+       0 (I)        0 (I) 
           Arrival:=    1200            0     
                                              
  Gate Check Setup:-     196                  
     Required Time:=    1004                  
      Launch Clock:-       0                  
         Data Path:-     748                  
             Slack:=     256                  

#-------------------------------------------------------------------------------------------------------------
#          Timing Point           Flags   Arc   Edge      Cell       Fanout Load Trans Delay Arrival Instance 
#                                                                           (fF)  (ps)  (ps)   (ps)  Location 
#-------------------------------------------------------------------------------------------------------------
  cnt_reg[0]/CK                   -       -     R     (arrival)          55    -     0     0       0    (-,-) 
  cnt_reg[0]/Q                    -       CK->Q R     DFFHQX1LVT          5 10.4   154   188     188    (-,-) 
  g1865/Y                         -       A->Y  F     INVX1LVT            1  3.7    87   114     302    (-,-) 
  g1864__8246/Y                   -       A->Y  F     OR2X8LVT           42 78.3   188   210     511    (-,-) 
  g1844/Y                         -       A->Y  R     INVX3               2  7.3    84   127     638    (-,-) 
  g1820__2346/Y                   -       A->Y  R     OR2X1LVT            2  4.8    76   110     748    (-,-) 
  RC_CG_HIER_INST4/RC_CGIC_INST/E -       -     R     TLATNTSCAX2HVT      2    -     -     0     748    (-,-) 
#-------------------------------------------------------------------------------------------------------------



Path 49: MET (256 ps) Clock Gating Setup Check at cgic pin RC_CG_HIER_INST3/RC_CGIC_INST/E
          Group: cg_enable_group_clock
     Startpoint: (R) cnt_reg[0]/CK
          Clock: (R) clock
       Endpoint: (R) RC_CG_HIER_INST3/RC_CGIC_INST/E
          Clock: (R) clock

                     Capture       Launch     
        Clock Edge:+    1200            0     
       Src Latency:+       0            0     
       Net Latency:+       0 (I)        0 (I) 
           Arrival:=    1200            0     
                                              
  Gate Check Setup:-     196                  
     Required Time:=    1004                  
      Launch Clock:-       0                  
         Data Path:-     748                  
             Slack:=     256                  

#-------------------------------------------------------------------------------------------------------------
#          Timing Point           Flags   Arc   Edge      Cell       Fanout Load Trans Delay Arrival Instance 
#                                                                           (fF)  (ps)  (ps)   (ps)  Location 
#-------------------------------------------------------------------------------------------------------------
  cnt_reg[0]/CK                   -       -     R     (arrival)          55    -     0     0       0    (-,-) 
  cnt_reg[0]/Q                    -       CK->Q R     DFFHQX1LVT          5 10.4   154   188     188    (-,-) 
  g1865/Y                         -       A->Y  F     INVX1LVT            1  3.7    87   114     302    (-,-) 
  g1864__8246/Y                   -       A->Y  F     OR2X8LVT           42 78.3   188   210     511    (-,-) 
  g1844/Y                         -       A->Y  R     INVX3               2  7.3    84   127     638    (-,-) 
  g1820__2346/Y                   -       A->Y  R     OR2X1LVT            2  4.8    76   110     748    (-,-) 
  RC_CG_HIER_INST3/RC_CGIC_INST/E -       -     R     TLATNTSCAX2HVT      2    -     -     0     748    (-,-) 
#-------------------------------------------------------------------------------------------------------------



Path 50: MET (343 ps) Clock Gating Setup Check at cgic pin RC_CG_HIER_INST0/RC_CGIC_INST/E
          Group: cg_enable_group_clock
     Startpoint: (F) i_reset
          Clock: (R) clock
       Endpoint: (R) RC_CG_HIER_INST0/RC_CGIC_INST/E
          Clock: (R) clock

                     Capture       Launch     
        Clock Edge:+    1200            0     
        Drv Adjust:+       0            0     
       Src Latency:+       0            0     
       Net Latency:+       0 (I)        0 (I) 
           Arrival:=    1200            0     
                                              
  Gate Check Setup:-     258                  
     Required Time:=     942                  
      Launch Clock:-       0                  
       Input Delay:-     500                  
         Data Path:-      99                  
             Slack:=     343                  

Exceptions/Constraints:
  input_delay             500             fir_serial_parallel._line_2_8_1 

#--------------------------------------------------------------------------------------------------------------
#          Timing Point           Flags   Arc   Edge      Cell       Fanout  Load Trans Delay Arrival Instance 
#                                                                            (fF)  (ps)  (ps)   (ps)  Location 
#--------------------------------------------------------------------------------------------------------------
  i_reset                         -       -     F     (arrival)         120 222.3     0     0     500    (-,-) 
  g1821__1666/Y                   -       C->Y  R     NOR3X1LVT           1   3.1   172    99     599    (-,-) 
  RC_CG_HIER_INST0/RC_CGIC_INST/E -       -     R     TLATNTSCAX2HVT      1     -     -     0     599    (-,-) 
#--------------------------------------------------------------------------------------------------------------

