============================================================
  Generated by:           Genus(TM) Synthesis Solution 23.10-p004_1
  Generated on:           Oct 08 2026  10:04:05 pm
  Module:                 fir_serial_parallel
  Technology libraries:   slow_vdd1v0 1.0
                          physical_cells 
                          slow_vdd1v0 1.0
                          physical_cells 
  Operating conditions:   PVT_0P9V_125C 
  Interconnect mode:      global
  Area mode:              physical library
============================================================

                                      Leakage  
     Gate       Instances    Area   Power (nW)     Library    
--------------------------------------------------------------
ADDFX1LVT             446  2287.980    233.954    slow_vdd1v0 
ADDHX1LVT              20    75.240     12.142    slow_vdd1v0 
AND2X1LVT               2     2.736      0.394    slow_vdd1v0 
AOI21X1LVT              1     1.710      0.232    slow_vdd1v0 
CLKINVX4LVT             1     1.710      0.525    slow_vdd1v0 
CLKXOR2X1LVT            6    16.416      2.163    slow_vdd1v0 
DFFHQX1LVT             80   437.760     52.831    slow_vdd1v0 
DFFTRX2LVT              6    49.248      6.573    slow_vdd1v0 
DFFTRXL                 4    31.464      0.472    slow_vdd1v0 
DFFTRXLLVT             30   235.980     19.422    slow_vdd1v0 
DFFX1                   9    64.638      1.133    slow_vdd1v0 
DFFX1LVT               35   251.370     24.712    slow_vdd1v0 
DFFX2LVT               11    90.288     11.192    slow_vdd1v0 
DFFX4LVT                3    27.702      5.521    slow_vdd1v0 
INVX1LVT               26    17.784      3.275    slow_vdd1v0 
MX2X1LVT               15    35.910      4.490    slow_vdd1v0 
MXI2XLLVT              33    79.002      5.774    slow_vdd1v0 
NAND2BX1LVT             3     4.104      0.685    slow_vdd1v0 
NAND2X1LVT              1     1.026      0.191    slow_vdd1v0 
NOR2BX1LVT             80   109.440     23.163    slow_vdd1v0 
NOR2X1LVT              38    38.988      6.988    slow_vdd1v0 
NOR3X1LVT               1     1.710      0.175    slow_vdd1v0 
OAI21X1LVT              6    10.260      1.192    slow_vdd1v0 
OAI22X1LVT              5    10.260      1.009    slow_vdd1v0 
OAI2BB1X1LVT            7    11.970      1.486    slow_vdd1v0 
OR2X1LVT                3     4.104      0.569    slow_vdd1v0 
OR2X6LVT                1     3.762      1.127    slow_vdd1v0 
TLATNTSCAX2HVT          5    32.490      0.403    slow_vdd1v0 
XNOR2X1LVT             10    23.940      3.688    slow_vdd1v0 
--------------------------------------------------------------
total                 888  3958.992    425.484                


                                                         Leakage  Leakage 
            Type             Instances   Area   Area % Power (nW) Power % 
--------------------------------------------------------------------------
sequential                         178 1188.450   30.0    121.856    28.6 
inverter                            27   19.494    0.5      3.800     0.9 
clock_gating_integrated_cell         5   32.490    0.8      0.403     0.1 
logic                              678 2718.558   68.7    299.424    70.4 
physical_cells                       0    0.000    0.0      0.000     0.0 
--------------------------------------------------------------------------
total                              888 3958.992  100.0    425.484   100.0 

