============================================================
  Generated by:           Genus(TM) Synthesis Solution 23.10-p004_1
  Generated on:           Oct 08 2026  09:41:23 pm
  Module:                 fir_serial_pipe
  Technology libraries:   slow_vdd1v0 1.0
                          physical_cells 
                          slow_vdd1v0 1.0
                          physical_cells 
  Operating conditions:   PVT_0P9V_125C 
  Interconnect mode:      global
  Area mode:              physical library
============================================================

                                    Leakage  
    Gate      Instances    Area   Power (nW)     Library    
------------------------------------------------------------
ADDFHX1LVT           14   105.336      9.402    slow_vdd1v0 
ADDFHX2LVT            6    49.248      5.706    slow_vdd1v0 
ADDFX1LVT            87   446.310     45.650    slow_vdd1v0 
ADDHX1LVT             8    30.096      4.504    slow_vdd1v0 
AND2X1LVT             3     4.104      0.619    slow_vdd1v0 
AND2X6LVT             4    15.048      5.068    slow_vdd1v0 
AO21X1LVT             1     2.394      0.225    slow_vdd1v0 
AOI21X1LVT            3     5.130      0.571    slow_vdd1v0 
AOI21X4LVT            3    15.390      2.666    slow_vdd1v0 
AOI2BB1X1LVT          2     4.104      0.453    slow_vdd1v0 
AOI2BB1X4LVT          2     8.208      1.950    slow_vdd1v0 
AOI31X2LVT            1     3.420      0.411    slow_vdd1v0 
CLKAND2X3LVT          1     3.078      0.645    slow_vdd1v0 
CLKAND2X6LVT          1     4.788      1.415    slow_vdd1v0 
CLKINVX4LVT           1     1.710      0.620    slow_vdd1v0 
CLKXOR2X1LVT         11    30.096      4.066    slow_vdd1v0 
DFFHQX1LVT          126   689.472     81.817    slow_vdd1v0 
DFFQX2LVT             6    38.988      4.106    slow_vdd1v0 
DFFQX4LVT             1     7.182      1.115    slow_vdd1v0 
DFFQXLLVT             1     5.472      0.450    slow_vdd1v0 
DFFRX1LVT             1     6.840      0.755    slow_vdd1v0 
DFFX1                 2    14.364      0.250    slow_vdd1v0 
DFFX1LVT             11    79.002      7.683    slow_vdd1v0 
DFFX2LVT              1     8.208      1.011    slow_vdd1v0 
INVX1                 5     3.420      0.105    slow_vdd1v0 
INVX1LVT             32    21.888      3.979    slow_vdd1v0 
INVX2LVT              3     3.078      0.767    slow_vdd1v0 
INVX3LVT              2     2.736      0.827    slow_vdd1v0 
NAND2BX1LVT           2     2.736      0.493    slow_vdd1v0 
NAND2BX2LVT           1     2.394      0.472    slow_vdd1v0 
NAND2BX4LVT           1     3.762      0.792    slow_vdd1v0 
NAND2X1               1     1.026      0.032    slow_vdd1v0 
NAND2X1LVT            5     5.130      0.817    slow_vdd1v0 
NAND2X2LVT            6    10.260      1.717    slow_vdd1v0 
NAND2X4LVT            5    17.100      3.181    slow_vdd1v0 
NAND2X6LVT            3    14.364      3.648    slow_vdd1v0 
NAND2X8LVT            1     5.472      1.833    slow_vdd1v0 
NAND3X2LVT            1     2.736      0.475    slow_vdd1v0 
NAND3X4LVT            1     4.788      1.082    slow_vdd1v0 
NAND3X6LVT            1     7.182      0.961    slow_vdd1v0 
NOR2BX1               1     1.368      0.045    slow_vdd1v0 
NOR2BX1LVT            3     4.104      0.761    slow_vdd1v0 
NOR2BX2LVT            1     2.736      0.461    slow_vdd1v0 
NOR2X1                1     1.026      0.034    slow_vdd1v0 
NOR2X1LVT             1     1.026      0.186    slow_vdd1v0 
NOR2X2LVT            11    18.810      3.819    slow_vdd1v0 
NOR2X4LVT             7    21.546      5.078    slow_vdd1v0 
NOR2X6LVT             3    12.312      3.014    slow_vdd1v0 
OAI21X1LVT            5     8.550      1.029    slow_vdd1v0 
OAI21X2LVT            2     6.156      0.858    slow_vdd1v0 
OAI21X4LVT            8    38.304      7.024    slow_vdd1v0 
OR2X1LVT              2     2.736      0.406    slow_vdd1v0 
XNOR2X1LVT           10    23.940      3.759    slow_vdd1v0 
------------------------------------------------------------
total               422  1828.674    228.809                


                                           Leakage  Leakage 
     Type      Instances   Area   Area % Power (nW) Power % 
------------------------------------------------------------
sequential           149  849.528   46.5     97.187    42.5 
inverter              43   32.832    1.8      6.297     2.8 
logic                230  946.314   51.7    125.325    54.8 
physical_cells         0    0.000    0.0      0.000     0.0 
------------------------------------------------------------
total                422 1828.674  100.0    228.809   100.0 

