============================================================
  Generated by:           Genus(TM) Synthesis Solution 23.10-p004_1
  Generated on:           Oct 08 2026  09:41:23 pm
  Module:                 fir_serial_pipe
  Technology libraries:   slow_vdd1v0 1.0
                          physical_cells 
                          slow_vdd1v0 1.0
                          physical_cells 
  Operating conditions:   PVT_0P9V_125C 
  Interconnect mode:      global
  Area mode:              physical library
============================================================

Timing
--------

Clock Period 
-------------
clock 1600.0 


  Cost    Critical         Violating 
 Group   Path Slack  TNS     Paths   
-------------------------------------
clock           0.1   0.0          0 
default    No paths   0.0            
-------------------------------------
Total                 0.0          0 

Instance Count
--------------
Leaf Instance Count             422 
Physical Instance count           0 
Sequential Instance Count       149 
Combinational Instance Count    273 
Hierarchical Instance Count       0 

Area
----
Cell Area                          1828.674
Physical Cell Area                 0.000
Total Cell Area (Cell+Physical)    1828.674
Net Area                           503.105
Total Area (Cell+Physical+Net)     2331.779

Runtime                            0.0 seconds
Elapsed Runtime                    67 seconds
Genus peak memory usage            1956.15 
Innovus peak memory usage          no_value 
Hostname                           fiubarh01
