

Working Directory = /home/mmarando/dcid1-tps/practico_4/fir_serial_pipe/synth
QoS Summary for fir_serial_pipe
==========================================================================================
Metric                          generic         map             syn_opt         final          
==========================================================================================
Slack (ps):                        16              46               0               0
  R2R (ps):                        16              46               0               0
  I2R (ps):                     1,031           1,039           1,039           1,039
  R2O (ps):                       922             916             916             916
  I2O (ps):                  no_value        no_value        no_value        no_value
  CG  (ps):                  no_value        no_value        no_value        no_value
TNS (ps):                           0               0               0               0
  R2R (ps):                         0               0               0               0
  I2R (ps):                         0               0               0               0
  R2O (ps):                         0               0               0               0
  I2O (ps):                  no_value        no_value        no_value        no_value
  CG  (ps):                  no_value        no_value        no_value        no_value
Failing Paths:                      0               0               0               0
Cell Area:                      4,571           2,036           1,829           1,829
Total Cell Area:                4,571           2,036           1,829           1,829
Leaf Instances:                 1,334             441             422             422
Total Instances:                1,334             441             422             422
Utilization (%):                 0.00            0.00            0.00            0.00
Tot. Net Length (um):        no_value        no_value        no_value        no_value
Avg. Net Length (um):        no_value        no_value        no_value        no_value
Route Overflow H (%):        no_value        no_value        no_value        no_value
Route Overflow V (%):        no_value        no_value        no_value        no_value
MBCI(%) (bits/gate) :            0.00            0.00            0.00            0.00
Norm Cong Hotspot Area:
  Max Cong:                  no_value        no_value        no_value        no_value
  Tot Cong:                  no_value        no_value        no_value        no_value
==========================================================================================
CPU  Runtime (h:m:s):        00:00:46        00:00:29        00:00:04        00:00:00
Real Runtime (h:m:s):        00:00:40        00:00:18        00:00:05        00:00:01
CPU  Elapsed (h:m:s):        00:00:48        00:01:17        00:01:21        00:01:21
Real Elapsed (h:m:s):        00:00:40        00:00:58        00:01:03        00:01:04
Memory (MB):                  1937.95         1930.33         1948.15         1956.15
==========================================================================================
==========================================================================================
Flow Settings:
==========================================================================================
Total Runtime (h:m:s): 00:01:04
Total Memory (MB):     1956.15
Executable Version:    23.10-p004_1
==========================================================================================
Total Cell Area =  Cell Area + Physical Cell Area
Total Instances =  Leaf Instances + Physical Instances


