============================================================
  Generated by:           Genus(TM) Synthesis Solution 23.10-p004_1
  Generated on:           Oct 08 2026  09:41:17 pm
  Module:                 fir_serial_pipe
  Technology libraries:   slow_vdd1v0 1.0
                          physical_cells 
                          slow_vdd1v0 1.0
                          physical_cells 
  Operating conditions:   PVT_0P9V_125C 
  Interconnect mode:      global
  Area mode:              physical library
============================================================

                                    Leakage  
    Gate      Instances    Area   Power (nW)     Library    
------------------------------------------------------------
ADDFHX1LVT           26   195.624     17.461    slow_vdd1v0 
ADDFHX2LVT           12    98.496     11.415    slow_vdd1v0 
ADDFHX4LVT            1     9.576      1.719    slow_vdd1v0 
ADDFX1LVT            68   348.840     35.680    slow_vdd1v0 
ADDHX1LVT             5    18.810      2.770    slow_vdd1v0 
AND2X1LVT             3     4.104      0.640    slow_vdd1v0 
AND2X4LVT             2     5.472      1.512    slow_vdd1v0 
AO21X1LVT             1     2.394      0.225    slow_vdd1v0 
AOI21X1LVT            3     5.130      0.571    slow_vdd1v0 
AOI21X2LVT            1     2.736      0.375    slow_vdd1v0 
AOI21X4LVT            3    15.390      2.666    slow_vdd1v0 
AOI2BB1X1LVT          2     4.104      0.453    slow_vdd1v0 
AOI2BB1X2LVT          1     3.078      0.462    slow_vdd1v0 
AOI2BB1X4LVT          3    12.312      2.935    slow_vdd1v0 
CLKAND2X3LVT          2     6.156      1.284    slow_vdd1v0 
CLKAND2X6LVT          7    33.516      9.838    slow_vdd1v0 
CLKINVX4LVT           4     6.840      2.291    slow_vdd1v0 
CLKINVX6LVT           2     4.788      1.838    slow_vdd1v0 
CLKXOR2X1LVT         11    30.096      4.069    slow_vdd1v0 
DFFHQX1LVT           64   350.208     41.558    slow_vdd1v0 
DFFHQX8LVT            1     9.234      2.079    slow_vdd1v0 
DFFQX1LVT             2    11.628      1.022    slow_vdd1v0 
DFFQX2LVT            48   311.904     32.847    slow_vdd1v0 
DFFQX4LVT            25   179.550     27.889    slow_vdd1v0 
DFFQXLLVT             1     5.472      0.450    slow_vdd1v0 
DFFRX1LVT             1     6.840      0.755    slow_vdd1v0 
DFFX1LVT              2    14.364      1.397    slow_vdd1v0 
DFFX2LVT              5    41.040      5.057    slow_vdd1v0 
INVX1                 9     6.156      0.188    slow_vdd1v0 
INVX1LVT             32    21.888      3.978    slow_vdd1v0 
INVX2LVT              4     4.104      1.064    slow_vdd1v0 
INVX3LVT              5     6.840      2.096    slow_vdd1v0 
NAND2BX1LVT           2     2.736      0.492    slow_vdd1v0 
NAND2BX4LVT           1     3.762      0.803    slow_vdd1v0 
NAND2X1LVT            4     4.104      0.678    slow_vdd1v0 
NAND2X2LVT            5     8.550      1.573    slow_vdd1v0 
NAND2X4LVT            6    20.520      4.029    slow_vdd1v0 
NAND2X6LVT            7    33.516      7.949    slow_vdd1v0 
NAND2X8LVT            1     5.472      1.805    slow_vdd1v0 
NAND3X4LVT            1     4.788      1.073    slow_vdd1v0 
NAND3X8LVT            1     8.208      1.302    slow_vdd1v0 
NOR2BX1               1     1.368      0.045    slow_vdd1v0 
NOR2BX1LVT            3     4.104      0.761    slow_vdd1v0 
NOR2X1                1     1.026      0.034    slow_vdd1v0 
NOR2X1LVT             1     1.026      0.186    slow_vdd1v0 
NOR2X2LVT             6    10.260      1.927    slow_vdd1v0 
NOR2X4LVT             8    24.624      6.431    slow_vdd1v0 
NOR2X6LVT             7    28.728      7.795    slow_vdd1v0 
NOR2X8LVT             3    16.416      4.098    slow_vdd1v0 
OAI21X1LVT            5     8.550      1.029    slow_vdd1v0 
OAI21X2LVT            2     6.156      0.858    slow_vdd1v0 
OAI21X4LVT            8    38.304      7.027    slow_vdd1v0 
OR2X1LVT              2     2.736      0.406    slow_vdd1v0 
XNOR2X1LVT           10    23.940      3.761    slow_vdd1v0 
------------------------------------------------------------
total               441  2035.584    272.646                


                                           Leakage  Leakage 
     Type      Instances   Area   Area % Power (nW) Power % 
------------------------------------------------------------
sequential           149  930.240   45.7    113.054    41.5 
inverter              56   50.616    2.5     11.455     4.2 
logic                236 1054.728   51.8    148.137    54.3 
physical_cells         0    0.000    0.0      0.000     0.0 
------------------------------------------------------------
total                441 2035.584  100.0    272.646   100.0 

