============================================================
  Generated by:           Genus(TM) Synthesis Solution 23.10-p004_1
  Generated on:           Oct 08 2026  09:41:17 pm
  Module:                 fir_serial_pipe
  Technology libraries:   slow_vdd1v0 1.0
                          physical_cells 
                          slow_vdd1v0 1.0
                          physical_cells 
  Operating conditions:   PVT_0P9V_125C 
  Interconnect mode:      global
  Area mode:              physical library
============================================================

Timing
--------

Clock Period 
-------------
clock 1600.0 


  Cost    Critical         Violating 
 Group   Path Slack  TNS     Paths   
-------------------------------------
clock          45.6   0.0          0 
default    No paths   0.0            
-------------------------------------
Total                 0.0          0 

Instance Count
--------------
Leaf Instance Count             441 
Physical Instance count           0 
Sequential Instance Count       149 
Combinational Instance Count    292 
Hierarchical Instance Count       0 

Area
----
Cell Area                          2035.584
Physical Cell Area                 0.000
Total Cell Area (Cell+Physical)    2035.584
Net Area                           517.074
Total Area (Cell+Physical+Net)     2552.658

Runtime                            0.0 seconds
Elapsed Runtime                    61 seconds
Genus peak memory usage            1938.33 
Innovus peak memory usage          no_value 
Hostname                           fiubarh01
