============================================================
  Generated by:           Genus(TM) Synthesis Solution 23.10-p004_1
  Generated on:           Oct 08 2026  09:47:53 pm
  Module:                 fir_serial_pipe
  Technology libraries:   slow_vdd1v0 1.0
                          physical_cells 
                          slow_vdd1v0 1.0
                          physical_cells 
  Operating conditions:   PVT_0P9V_125C 
  Interconnect mode:      global
  Area mode:              physical library
============================================================

Timing
--------

Clock Period 
-------------
clock 1200.0 


  Cost    Critical             Violating 
 Group   Path Slack    TNS       Paths   
-----------------------------------------
clock        -183.0   -1533.0         11 
default    No paths       0.0            
-----------------------------------------
Total                 -1533.0         11 

Instance Count
--------------
Leaf Instance Count             804 
Physical Instance count           0 
Sequential Instance Count       149 
Combinational Instance Count    655 
Hierarchical Instance Count       0 

Area
----
Cell Area                          3555.774
Physical Cell Area                 0.000
Total Cell Area (Cell+Physical)    3555.774
Net Area                           908.215
Total Area (Cell+Physical+Net)     4463.989

Runtime                            0.0 seconds
Elapsed Runtime                    296 seconds
Genus peak memory usage            1953.17 
Innovus peak memory usage          no_value 
Hostname                           fiubarh01
