============================================================
  Generated by:           Genus(TM) Synthesis Solution 23.10-p004_1
  Generated on:           Oct 08 2026  09:43:39 pm
  Module:                 fir_serial_pipe
  Technology libraries:   slow_vdd1v0 1.0
                          physical_cells 
                          slow_vdd1v0 1.0
                          physical_cells 
  Operating conditions:   PVT_0P9V_125C 
  Interconnect mode:      global
  Area mode:              physical library
============================================================

Timing
--------

Clock Period 
-------------
clock 1200.0 


  Cost    Critical             Violating 
 Group   Path Slack    TNS       Paths   
-----------------------------------------
clock        -409.3   -2663.3         12 
default    No paths       0.0            
-----------------------------------------
Total                 -2663.3         12 

Instance Count
--------------
Leaf Instance Count             1328 
Physical Instance count            0 
Sequential Instance Count        149 
Combinational Instance Count    1179 
Hierarchical Instance Count        1 

Area
----
Cell Area                          4544.243
Physical Cell Area                 0.000
Total Cell Area (Cell+Physical)    4544.243
Net Area                           12.943
Total Area (Cell+Physical+Net)     4557.186

Runtime                            0.0 seconds
Elapsed Runtime                    42 seconds
Genus peak memory usage            1947.96 
Innovus peak memory usage          no_value 
Hostname                           fiubarh01
