============================================================
  Generated by:           Genus(TM) Synthesis Solution 23.10-p004_1
  Generated on:           Oct 08 2026  09:43:58 pm
  Module:                 fir_serial_pipe
  Technology libraries:   slow_vdd1v0 1.0
                          physical_cells 
                          slow_vdd1v0 1.0
                          physical_cells 
  Operating conditions:   PVT_0P9V_125C 
  Interconnect mode:      global
  Area mode:              physical library
============================================================

Timing
--------

Clock Period 
-------------
clock 1200.0 


  Cost    Critical             Violating 
 Group   Path Slack    TNS       Paths   
-----------------------------------------
clock        -275.7   -2508.2         12 
default    No paths       0.0            
-----------------------------------------
Total                 -2508.2         12 

Instance Count
--------------
Leaf Instance Count             529 
Physical Instance count           0 
Sequential Instance Count       149 
Combinational Instance Count    380 
Hierarchical Instance Count       0 

Area
----
Cell Area                          2640.582
Physical Cell Area                 0.000
Total Cell Area (Cell+Physical)    2640.582
Net Area                           612.787
Total Area (Cell+Physical+Net)     3253.369

Runtime                            0.0 seconds
Elapsed Runtime                    61 seconds
Genus peak memory usage            1935.35 
Innovus peak memory usage          no_value 
Hostname                           fiubarh01
