============================================================
  Generated by:           Genus(TM) Synthesis Solution 23.10-p004_1
  Generated on:           Oct 08 2026  09:43:58 pm
  Module:                 fir_serial_pipe
  Technology libraries:   slow_vdd1v0 1.0
                          physical_cells 
                          slow_vdd1v0 1.0
                          physical_cells 
  Operating conditions:   PVT_0P9V_125C 
  Interconnect mode:      global
  Area mode:              physical library
============================================================

                                    Leakage  
    Gate      Instances    Area   Power (nW)     Library    
------------------------------------------------------------
ADDFHX1LVT           29   218.196     19.477    slow_vdd1v0 
ADDFHX2LVT           29   238.032     27.571    slow_vdd1v0 
ADDFHX4LVT            1     9.576      1.702    slow_vdd1v0 
ADDFX1LVT            27   138.510     14.164    slow_vdd1v0 
ADDFX2LVT             4    31.464      3.214    slow_vdd1v0 
ADDHX1LVT             1     3.762      0.572    slow_vdd1v0 
AND2X4                1     2.736      0.118    slow_vdd1v0 
AND2X4LVT             1     2.736      0.755    slow_vdd1v0 
AND2X6LVT             2     7.524      2.547    slow_vdd1v0 
AOI21X1HVT            1     1.710      0.033    slow_vdd1v0 
AOI21X1LVT            1     1.710      0.213    slow_vdd1v0 
AOI21X2LVT            1     2.736      0.371    slow_vdd1v0 
AOI21X4LVT            9    46.170      8.174    slow_vdd1v0 
AOI21XLLVT            2     3.420      0.205    slow_vdd1v0 
AOI2BB1X1LVT          2     4.104      0.513    slow_vdd1v0 
AOI2BB1X2LVT          1     3.078      0.449    slow_vdd1v0 
AOI2BB1X4LVT          3    12.312      2.886    slow_vdd1v0 
BUFX12LVT             2    10.260      4.728    slow_vdd1v0 
BUFX2LVT              2     3.420      0.653    slow_vdd1v0 
BUFX3LVT              4     8.208      2.163    slow_vdd1v0 
BUFX4LVT              1     2.394      0.739    slow_vdd1v0 
BUFX6LVT              3     9.234      3.697    slow_vdd1v0 
CLKAND2X2LVT          3     6.156      1.142    slow_vdd1v0 
CLKAND2X3LVT          3     9.234      1.917    slow_vdd1v0 
CLKAND2X6LVT          7    33.516      9.805    slow_vdd1v0 
CLKINVX12LVT          2     8.208      3.798    slow_vdd1v0 
CLKINVX1HVT           1     1.026      0.017    slow_vdd1v0 
CLKINVX3              3     5.130      0.204    slow_vdd1v0 
CLKINVX4LVT          12    20.520      6.989    slow_vdd1v0 
CLKINVX6LVT          13    31.122     11.873    slow_vdd1v0 
CLKXOR2X1LVT         11    30.096      4.088    slow_vdd1v0 
DFFHQX1LVT           38   207.936     24.677    slow_vdd1v0 
DFFHQX4LVT           64   525.312     78.050    slow_vdd1v0 
DFFHQX8LVT            9    83.106     18.716    slow_vdd1v0 
DFFQX2LVT             9    58.482      6.162    slow_vdd1v0 
DFFQX4LVT            10    71.820     11.150    slow_vdd1v0 
DFFX1LVT              9    64.638      6.285    slow_vdd1v0 
DFFX2LVT              2    16.416      2.023    slow_vdd1v0 
DFFX4LVT              8    73.872     14.622    slow_vdd1v0 
INVX1                 5     3.420      0.104    slow_vdd1v0 
INVX1LVT              9     6.156      1.120    slow_vdd1v0 
INVX2                 2     2.052      0.086    slow_vdd1v0 
INVX2LVT              2     2.052      0.510    slow_vdd1v0 
INVX3HVT              1     1.368      0.046    slow_vdd1v0 
INVX3LVT              2     2.736      0.860    slow_vdd1v0 
NAND2BX1LVT          15    20.520      3.763    slow_vdd1v0 
NAND2BX2LVT           1     2.394      0.472    slow_vdd1v0 
NAND2BX4LVT           1     3.762      1.081    slow_vdd1v0 
NAND2X1LVT            2     2.052      0.276    slow_vdd1v0 
NAND2X2LVT            5     8.550      1.518    slow_vdd1v0 
NAND2X4LVT            9    30.780      6.347    slow_vdd1v0 
NAND2X6LVT            8    38.304      7.836    slow_vdd1v0 
NAND2X8LVT            8    43.776     12.515    slow_vdd1v0 
NOR2BX1LVT            4     5.472      0.962    slow_vdd1v0 
NOR2BX2LVT            2     5.472      0.825    slow_vdd1v0 
NOR2BX4LVT            1     3.762      0.854    slow_vdd1v0 
NOR2X1LVT             3     3.078      0.509    slow_vdd1v0 
NOR2X2                2     3.420      0.107    slow_vdd1v0 
NOR2X2LVT            12    20.520      3.700    slow_vdd1v0 
NOR2X4LVT            10    30.780      7.556    slow_vdd1v0 
NOR2X6                2     8.208      0.352    slow_vdd1v0 
NOR2X6LVT             8    32.832      7.968    slow_vdd1v0 
NOR2X8LVT            16    87.552     23.957    slow_vdd1v0 
NOR3BX4LVT            2    11.628      1.911    slow_vdd1v0 
NOR3X4LVT             2    10.260      1.631    slow_vdd1v0 
NOR3X6LVT             2    14.364      2.761    slow_vdd1v0 
NOR3X8LVT             2    17.784      3.158    slow_vdd1v0 
OA21X1LVT             1     2.052      0.230    slow_vdd1v0 
OAI21X1LVT            3     5.130      0.610    slow_vdd1v0 
OAI21X2LVT            1     3.078      0.445    slow_vdd1v0 
OAI21X4LVT           14    67.032     13.256    slow_vdd1v0 
OAI21XLLVT            1     1.710      0.106    slow_vdd1v0 
OAI2BB1X4LVT          2     8.892      2.071    slow_vdd1v0 
OAI2BB2X4LVT          3    25.650      3.749    slow_vdd1v0 
OAI31X4LVT            1     6.840      1.088    slow_vdd1v0 
OAI32X4LVT            2    16.416      2.194    slow_vdd1v0 
OR2X1LVT              6     8.208      1.221    slow_vdd1v0 
OR2X2LVT              3     5.130      0.978    slow_vdd1v0 
OR2X6LVT              1     3.762      1.145    slow_vdd1v0 
XNOR2X1HVT            2     4.788      0.083    slow_vdd1v0 
XNOR2X1LVT           11    26.334      4.122    slow_vdd1v0 
XNOR2XLHVT            3     8.208      0.105    slow_vdd1v0 
XOR2XLHVT             6    16.416      0.205    slow_vdd1v0 
------------------------------------------------------------
total               529  2640.582    420.854                


                                           Leakage  Leakage 
     Type      Instances   Area   Area % Power (nW) Power % 
------------------------------------------------------------
sequential           149 1101.582   41.7    161.686    38.4 
inverter              52   83.790    3.2     25.607     6.1 
buffer                12   33.516    1.3     11.980     2.8 
logic                316 1421.694   53.8    221.581    52.7 
physical_cells         0    0.000    0.0      0.000     0.0 
------------------------------------------------------------
total                529 2640.582  100.0    420.854   100.0 

