============================================================
  Generated by:           Genus(TM) Synthesis Solution 23.10-p004_1
  Generated on:           Oct 08 2026  09:47:53 pm
  Module:                 fir_serial_pipe
  Technology libraries:   slow_vdd1v0 1.0
                          physical_cells 
                          slow_vdd1v0 1.0
                          physical_cells 
  Operating conditions:   PVT_0P9V_125C 
  Interconnect mode:      global
  Area mode:              physical library
============================================================

                                    Leakage  
    Gate      Instances    Area   Power (nW)     Library    
------------------------------------------------------------
ADDFHX1LVT           28   210.672     18.802    slow_vdd1v0 
ADDFHX2LVT           16   131.328     15.208    slow_vdd1v0 
ADDFHXLLVT            1     7.524      0.616    slow_vdd1v0 
ADDFX1LVT            14    71.820      7.343    slow_vdd1v0 
ADDFX2LVT             2    15.732      1.607    slow_vdd1v0 
ADDHX1LVT             1     3.762      0.572    slow_vdd1v0 
ADDHX2LVT             3    15.390      2.626    slow_vdd1v0 
AND2X2LVT             1     1.710      0.342    slow_vdd1v0 
AND2X4LVT             2     5.472      1.527    slow_vdd1v0 
AND2X6LVT             2     7.524      2.538    slow_vdd1v0 
AO21X4LVT             3    10.260      2.367    slow_vdd1v0 
AO22X4LVT             2     7.524      1.606    slow_vdd1v0 
AOI211X2LVT           1     3.420      0.393    slow_vdd1v0 
AOI21X1LVT            1     1.710      0.213    slow_vdd1v0 
AOI21X2LVT            2     5.472      0.792    slow_vdd1v0 
AOI21X4LVT           12    61.560     10.787    slow_vdd1v0 
AOI21XLLVT            3     5.130      0.303    slow_vdd1v0 
AOI2BB1X1LVT          1     2.052      0.257    slow_vdd1v0 
AOI2BB1X2LVT          1     3.078      0.462    slow_vdd1v0 
AOI2BB1X4LVT          6    24.624      5.901    slow_vdd1v0 
AOI2BB2X4LVT          2    15.048      2.529    slow_vdd1v0 
AOI31X1LVT            1     2.052      0.228    slow_vdd1v0 
BUFX12LVT             3    15.390      7.172    slow_vdd1v0 
BUFX2                 1     1.710      0.054    slow_vdd1v0 
BUFX2LVT             10    17.100      3.280    slow_vdd1v0 
BUFX3LVT              4     8.208      2.216    slow_vdd1v0 
BUFX6LVT             14    43.092     16.711    slow_vdd1v0 
CLKAND2X2LVT          4     8.208      1.527    slow_vdd1v0 
CLKAND2X3LVT          6    18.468      3.841    slow_vdd1v0 
CLKAND2X6LVT         13    62.244     18.263    slow_vdd1v0 
CLKBUFX2LVT           1     1.710      0.325    slow_vdd1v0 
CLKBUFX3LVT           1     2.052      0.546    slow_vdd1v0 
CLKBUFX6LVT           1     3.078      1.180    slow_vdd1v0 
CLKINVX12LVT          3    12.312      5.562    slow_vdd1v0 
CLKINVX16LVT          1     5.472      2.562    slow_vdd1v0 
CLKINVX1LVT           1     1.026      0.124    slow_vdd1v0 
CLKINVX4LVT          12    20.520      7.044    slow_vdd1v0 
CLKINVX6LVT          22    52.668     19.917    slow_vdd1v0 
CLKINVX8LVT          10    30.780     12.485    slow_vdd1v0 
CLKMX2X3LVT           3    12.312      2.082    slow_vdd1v0 
CLKXOR2X1             6    16.416      0.373    slow_vdd1v0 
CLKXOR2X1LVT         12    32.832      4.480    slow_vdd1v0 
DFFHQX1               1     5.472      0.120    slow_vdd1v0 
DFFHQX1LVT           39   213.408     25.328    slow_vdd1v0 
DFFHQX4LVT           42   344.736     51.215    slow_vdd1v0 
DFFHQX8LVT            3    27.702      6.238    slow_vdd1v0 
DFFQX1                1     5.814      0.093    slow_vdd1v0 
DFFQX1LVT             2    11.628      1.022    slow_vdd1v0 
DFFQX2LVT            10    64.980      6.846    slow_vdd1v0 
DFFQX4LVT             6    43.092      6.690    slow_vdd1v0 
DFFX1                 1     7.182      0.125    slow_vdd1v0 
DFFX1LVT             10    71.820      6.983    slow_vdd1v0 
DFFX2LVT              2    16.416      2.023    slow_vdd1v0 
DFFX4LVT             32   295.488     58.488    slow_vdd1v0 
INVX1                 4     2.736      0.084    slow_vdd1v0 
INVX1HVT              1     0.684      0.010    slow_vdd1v0 
INVX1LVT             12     8.208      1.486    slow_vdd1v0 
INVX2                 1     1.026      0.044    slow_vdd1v0 
INVX2LVT             19    19.494      5.024    slow_vdd1v0 
INVX3                 1     1.368      0.068    slow_vdd1v0 
INVX3LVT             16    21.888      6.750    slow_vdd1v0 
INVX8LVT              1     3.078      1.145    slow_vdd1v0 
INVXLLVT              2     1.368      0.122    slow_vdd1v0 
MXI2X2LVT             1     4.446      0.497    slow_vdd1v0 
MXI2X4LVT             1     5.130      0.883    slow_vdd1v0 
NAND2BX1LVT          13    17.784      3.280    slow_vdd1v0 
NAND2BX2LVT           3     7.182      1.267    slow_vdd1v0 
NAND2BX4LVT           5    18.810      4.297    slow_vdd1v0 
NAND2X1LVT            9     9.234      1.223    slow_vdd1v0 
NAND2X2LVT           14    23.940      4.026    slow_vdd1v0 
NAND2X4LVT           19    64.980     13.537    slow_vdd1v0 
NAND2X6LVT           13    62.244     14.228    slow_vdd1v0 
NAND2X8LVT           20   109.440     31.963    slow_vdd1v0 
NAND3X4LVT            3    14.364      1.673    slow_vdd1v0 
NAND3X8LVT            1     8.208      1.748    slow_vdd1v0 
NOR2BX1LVT            4     5.472      0.962    slow_vdd1v0 
NOR2BX2LVT            3     8.208      1.238    slow_vdd1v0 
NOR2BX4LVT            4    15.048      2.821    slow_vdd1v0 
NOR2X1LVT             9     9.234      1.296    slow_vdd1v0 
NOR2X2                1     1.710      0.053    slow_vdd1v0 
NOR2X2LVT            12    20.520      3.625    slow_vdd1v0 
NOR2X4                1     3.078      0.118    slow_vdd1v0 
NOR2X4LVT            33   101.574     23.349    slow_vdd1v0 
NOR2X6LVT            30   123.120     34.058    slow_vdd1v0 
NOR2X8LVT            34   186.048     52.206    slow_vdd1v0 
NOR3BX4LVT            2    11.628      1.699    slow_vdd1v0 
NOR3X1LVT             1     1.710      0.097    slow_vdd1v0 
NOR3X4LVT             3    15.390      2.555    slow_vdd1v0 
NOR3X6LVT             3    21.546      3.515    slow_vdd1v0 
NOR3X8LVT             4    35.568      6.321    slow_vdd1v0 
OA21X1LVT             1     2.052      0.230    slow_vdd1v0 
OAI21X1               2     3.420      0.076    slow_vdd1v0 
OAI21X1LVT            2     3.420      0.351    slow_vdd1v0 
OAI21X2LVT            4    12.312      1.600    slow_vdd1v0 
OAI21X4LVT           34   162.792     31.688    slow_vdd1v0 
OAI21XLLVT            2     3.420      0.212    slow_vdd1v0 
OAI221X1LVT           1     2.394      0.253    slow_vdd1v0 
OAI22X2LVT            1     3.420      0.454    slow_vdd1v0 
OAI22X4LVT            7    45.486      7.077    slow_vdd1v0 
OAI2BB1X2LVT          1     3.078      0.410    slow_vdd1v0 
OAI2BB1X4LVT          5    22.230      5.020    slow_vdd1v0 
OAI2BB2X4LVT          2    17.100      2.508    slow_vdd1v0 
OAI32X4LVT            1     8.208      1.095    slow_vdd1v0 
OR2X1LVT              7     9.576      1.382    slow_vdd1v0 
OR2X2LVT              5     8.550      1.719    slow_vdd1v0 
OR2X4LVT              4    10.944      2.869    slow_vdd1v0 
OR2X6LVT              5    18.810      6.117    slow_vdd1v0 
XNOR2X1               1     2.394      0.064    slow_vdd1v0 
XNOR2X1HVT            5    11.970      0.208    slow_vdd1v0 
XNOR2X1LVT           12    28.728      4.504    slow_vdd1v0 
XNOR3X1LVT           10    75.240     10.829    slow_vdd1v0 
XOR2X2LVT             1     3.420      0.513    slow_vdd1v0 
XOR3X1LVT             6    45.144      6.469    slow_vdd1v0 
------------------------------------------------------------
total               804  3555.774    664.852                


                                           Leakage  Leakage 
     Type      Instances   Area   Area % Power (nW) Power % 
------------------------------------------------------------
sequential           149 1107.738   31.2    165.171    24.8 
inverter             106  182.628    5.1     62.426     9.4 
buffer                35   92.340    2.6     31.485     4.7 
logic                514 2173.068   61.1    405.769    61.0 
physical_cells         0    0.000    0.0      0.000     0.0 
------------------------------------------------------------
total                804 3555.774  100.0    664.852   100.0 

